Internal resolution : 960 x 540
536
         0 - entry: 1          | exit: 1820       | 4294967295 - [-15.5, -10.469999, -15.5, 0.0] [14.5, 9.7699995, 0.011999965, 0.0]
         1 - entry: 2          | exit: 888        | 4294967295 - [-15.5, -10.4, -15.5, 0.0] [-0.029999971, 9.7699995, 0.011999965, 0.0]
         2 - entry: 3          | exit: 793        | 4294967295 - [-15.5, -10.4, -15.5, 0.0] [-0.029999971, -0.19, 0.011999965, 0.0]
         3 - entry: 4          | exit: 368        | 4294967295 - [-15.5, -3.5, -15.5, 0.0] [-0.5, -0.29999995, -7.2360005, 0.0]
         4 - entry: 5          | exit: 195        | 4294967295 - [-15.5, -3.5, -15.5, 0.0] [-7.5, -2.5, -7.5, 0.0]
         5 - entry: 6          | exit: 100        | 4294967295 - [-15.5, -3.5, -15.5, 0.0] [-7.5, -2.5, -11.5, 0.0]
         6 - entry: 7          | exit: 53         | 4294967295 - [-15.5, -3.5, -15.5, 0.0] [-11.5, -2.5, -11.5, 0.0]
         7 - entry: 8          | exit: 30         | 4294967295 - [-15.5, -3.5, -15.5, 0.0] [-11.5, -2.5, -13.5, 0.0]
         8 - entry: 9          | exit: 19         | 4294967295 - [-15.5, -3.5, -15.5, 0.0] [-13.5, -2.5, -13.5, 0.0]
         9 - entry: 10         | exit: 14         | 4294967295 - [-15.5, -3.5, -15.5, 0.0] [-13.5, -2.5, -14.5, 0.0]
        10 - entry: 11         | exit: 12         | 4294967295 - [-15.5, -3.5, -15.5, 0.0] [-14.5, -2.5, -14.5, 0.0]
        11 - entry: 4294967295 | exit: 12         | 300        - [inf, inf, inf, 0.0] [-inf, -inf, -inf, 0.0]
        12 - entry: 13         | exit: 14         | 4294967295 - [-14.5, -3.5, -15.5, 0.0] [-13.5, -2.5, -14.5, 0.0]
        13 - entry: 4294967295 | exit: 14         | 330        - [inf, inf, inf, 0.0] [-inf, -inf, -inf, 0.0]
        14 - entry: 15         | exit: 19         | 4294967295 - [-15.5, -3.5, -14.5, 0.0] [-13.5, -2.5, -13.5, 0.0]
        15 - entry: 16         | exit: 17         | 4294967295 - [-15.5, -3.5, -14.5, 0.0] [-14.5, -2.5, -13.5, 0.0]
        16 - entry: 4294967295 | exit: 17         | 301        - [inf, inf, inf, 0.0] [-inf, -inf, -inf, 0.0]
        17 - entry: 18         | exit: 19         | 4294967295 - [-14.5, -3.5, -14.5, 0.0] [-13.5, -2.5, -13.5, 0.0]
        18 - entry: 4294967295 | exit: 19         | 331        - [inf, inf, inf, 0.0] [-inf, -inf, -inf, 0.0]
        19 - entry: 20         | exit: 30         | 4294967295 - [-13.5, -3.5, -15.5, 0.0] [-11.5, -2.5, -13.5, 0.0]
        20 - entry: 21         | exit: 25         | 4294967295 - [-13.5, -3.5, -15.5, 0.0] [-11.5, -2.5, -14.5, 0.0]
        21 - entry: 22         | exit: 23         | 4294967295 - [-13.5, -3.5, -15.5, 0.0] [-12.5, -2.5, -14.5, 0.0]
        22 - entry: 4294967295 | exit: 23         | 360        - [inf, inf, inf, 0.0] [-inf, -inf, -inf, 0.0]
        23 - entry: 24         | exit: 25         | 4294967295 - [-12.5, -3.5, -15.5, 0.0] [-11.5, -2.5, -14.5, 0.0]
        24 - entry: 4294967295 | exit: 25         | 390        - [inf, inf, inf, 0.0] [-inf, -inf, -inf, 0.0]
        25 - entry: 26         | exit: 30         | 4294967295 - [-13.5, -3.5, -14.5, 0.0] [-11.5, -2.5, -13.5, 0.0]
        26 - entry: 27         | exit: 28         | 4294967295 - [-13.5, -3.5, -14.5, 0.0] [-12.5, -2.5, -13.5, 0.0]
        27 - entry: 4294967295 | exit: 28         | 361        - [inf, inf, inf, 0.0] [-inf, -inf, -inf, 0.0]
        28 - entry: 29         | exit: 30         | 4294967295 - [-12.5, -3.5, -14.5, 0.0] [-11.5, -2.5, -13.5, 0.0]
        29 - entry: 4294967295 | exit: 30         | 391        - [inf, inf, inf, 0.0] [-inf, -inf, -inf, 0.0]
        30 - entry: 31         | exit: 53         | 4294967295 - [-15.5, -3.5, -13.5, 0.0] [-11.5, -2.5, -11.5, 0.0]
        31 - entry: 32         | exit: 42         | 4294967295 - [-15.5, -3.5, -13.5, 0.0] [-13.5, -2.5, -11.5, 0.0]
        32 - entry: 33         | exit: 37         | 4294967295 - [-15.5, -3.5, -13.5, 0.0] [-13.5, -2.5, -12.5, 0.0]
        33 - entry: 34         | exit: 35         | 4294967295 - [-15.5, -3.5, -13.5, 0.0] [-14.5, -2.5, -12.5, 0.0]
        34 - entry: 4294967295 | exit: 35         | 302        - [inf, inf, inf, 0.0] [-inf, -inf, -inf, 0.0]
        35 - entry: 36         | exit: 37         | 4294967295 - [-14.5, -3.5, -13.5, 0.0] [-13.5, -2.5, -12.5, 0.0]
        36 - entry: 4294967295 | exit: 37         | 332        - [inf, inf, inf, 0.0] [-inf, -inf, -inf, 0.0]
        37 - entry: 38         | exit: 42         | 4294967295 - [-15.5, -3.5, -12.5, 0.0] [-13.5, -2.5, -11.5, 0.0]
        38 - entry: 39         | exit: 40         | 4294967295 - [-15.5, -3.5, -12.5, 0.0] [-14.5, -2.5, -11.5, 0.0]
        39 - entry: 4294967295 | exit: 40         | 303        - [inf, inf, inf, 0.0] [-inf, -inf, -inf, 0.0]
        40 - entry: 41         | exit: 42         | 4294967295 - [-14.5, -3.5, -12.5, 0.0] [-13.5, -2.5, -11.5, 0.0]
        41 - entry: 4294967295 | exit: 42         | 333        - [inf, inf, inf, 0.0] [-inf, -inf, -inf, 0.0]
        42 - entry: 43         | exit: 53         | 4294967295 - [-13.5, -3.5, -13.5, 0.0] [-11.5, -2.5, -11.5, 0.0]
        43 - entry: 44         | exit: 48         | 4294967295 - [-13.5, -3.5, -13.5, 0.0] [-11.5, -2.5, -12.5, 0.0]
        44 - entry: 45         | exit: 46         | 4294967295 - [-13.5, -3.5, -13.5, 0.0] [-12.5, -2.5, -12.5, 0.0]
        45 - entry: 4294967295 | exit: 46         | 362        - [inf, inf, inf, 0.0] [-inf, -inf, -inf, 0.0]
        46 - entry: 47         | exit: 48         | 4294967295 - [-12.5, -3.5, -13.5, 0.0] [-11.5, -2.5, -12.5, 0.0]
        47 - entry: 4294967295 | exit: 48         | 392        - [inf, inf, inf, 0.0] [-inf, -inf, -inf, 0.0]
        48 - entry: 49         | exit: 53         | 4294967295 - [-13.5, -3.5, -12.5, 0.0] [-11.5, -2.5, -11.5, 0.0]
        49 - entry: 50         | exit: 51         | 4294967295 - [-13.5, -3.5, -12.5, 0.0] [-12.5, -2.5, -11.5, 0.0]
        50 - entry: 4294967295 | exit: 51         | 363        - [inf, inf, inf, 0.0] [-inf, -inf, -inf, 0.0]
        51 - entry: 52         | exit: 53         | 4294967295 - [-12.5, -3.5, -12.5, 0.0] [-11.5, -2.5, -11.5, 0.0]
        52 - entry: 4294967295 | exit: 53         | 393        - [inf, inf, inf, 0.0] [-inf, -inf, -inf, 0.0]
        53 - entry: 54         | exit: 100        | 4294967295 - [-11.5, -3.5, -15.5, 0.0] [-7.5, -2.5, -11.5, 0.0]
        54 - entry: 55         | exit: 77         | 4294967295 - [-11.5, -3.5, -15.5, 0.0] [-7.5, -2.5, -13.5, 0.0]
        55 - entry: 56         | exit: 66         | 4294967295 - [-11.5, -3.5, -15.5, 0.0] [-9.5, -2.5, -13.5, 0.0]
        56 - entry: 57         | exit: 61         | 4294967295 - [-11.5, -3.5, -15.5, 0.0] [-9.5, -2.5, -14.5, 0.0]
        57 - entry: 58         | exit: 59         | 4294967295 - [-11.5, -3.5, -15.5, 0.0] [-10.5, -2.5, -14.5, 0.0]
        58 - entry: 4294967295 | exit: 59         | 420        - [inf, inf, inf, 0.0] [-inf, -inf, -inf, 0.0]
        59 - entry: 60         | exit: 61         | 4294967295 - [-10.5, -3.5, -15.5, 0.0] [-9.5, -2.5, -14.5, 0.0]
        60 - entry: 4294967295 | exit: 61         | 450        - [inf, inf, inf, 0.0] [-inf, -inf, -inf, 0.0]
        61 - entry: 62         | exit: 66         | 4294967295 - [-11.5, -3.5, -14.5, 0.0] [-9.5, -2.5, -13.5, 0.0]
        62 - entry: 63         | exit: 64         | 4294967295 - [-11.5, -3.5, -14.5, 0.0] [-10.5, -2.5, -13.5, 0.0]
        63 - entry: 4294967295 | exit: 64         | 421        - [inf, inf, inf, 0.0] [-inf, -inf, -inf, 0.0]
        64 - entry: 65         | exit: 66         | 4294967295 - [-10.5, -3.5, -14.5, 0.0] [-9.5, -2.5, -13.5, 0.0]
        65 - entry: 4294967295 | exit: 66         | 451        - [inf, inf, inf, 0.0] [-inf, -inf, -inf, 0.0]
        66 - entry: 67         | exit: 77         | 4294967295 - [-9.5, -3.5, -15.5, 0.0] [-7.5, -2.5, -13.5, 0.0]
        67 - entry: 68         | exit: 72         | 4294967295 - [-9.5, -3.5, -15.5, 0.0] [-7.5, -2.5, -14.5, 0.0]
        68 - entry: 69         | exit: 70         | 4294967295 - [-9.5, -3.5, -15.5, 0.0] [-8.5, -2.5, -14.5, 0.0]
        69 - entry: 4294967295 | exit: 70         | 480        - [inf, inf, inf, 0.0] [-inf, -inf, -inf, 0.0]
        70 - entry: 71         | exit: 72         | 4294967295 - [-8.5, -3.5, -15.5, 0.0] [-7.5, -2.5, -14.5, 0.0]
        71 - entry: 4294967295 | exit: 72         | 510        - [inf, inf, inf, 0.0] [-inf, -inf, -inf, 0.0]
        72 - entry: 73         | exit: 77         | 4294967295 - [-9.5, -3.5, -14.5, 0.0] [-7.5, -2.5, -13.5, 0.0]
        73 - entry: 74         | exit: 75         | 4294967295 - [-9.5, -3.5, -14.5, 0.0] [-8.5, -2.5, -13.5, 0.0]
        74 - entry: 4294967295 | exit: 75         | 481        - [inf, inf, inf, 0.0] [-inf, -inf, -inf, 0.0]
        75 - entry: 76         | exit: 77         | 4294967295 - [-8.5, -3.5, -14.5, 0.0] [-7.5, -2.5, -13.5, 0.0]
        76 - entry: 4294967295 | exit: 77         | 511        - [inf, inf, inf, 0.0] [-inf, -inf, -inf, 0.0]
        77 - entry: 78         | exit: 100        | 4294967295 - [-11.5, -3.5, -13.5, 0.0] [-7.5, -2.5, -11.5, 0.0]
        78 - entry: 79         | exit: 89         | 4294967295 - [-11.5, -3.5, -13.5, 0.0] [-9.5, -2.5, -11.5, 0.0]
        79 - entry: 80         | exit: 84         | 4294967295 - [-11.5, -3.5, -13.5, 0.0] [-9.5, -2.5, -12.5, 0.0]
        80 - entry: 81         | exit: 82         | 4294967295 - [-11.5, -3.5, -13.5, 0.0] [-10.5, -2.5, -12.5, 0.0]
        81 - entry: 4294967295 | exit: 82         | 422        - [inf, inf, inf, 0.0] [-inf, -inf, -inf, 0.0]
        82 - entry: 83         | exit: 84         | 4294967295 - [-10.5, -3.5, -13.5, 0.0] [-9.5, -2.5, -12.5, 0.0]
        83 - entry: 4294967295 | exit: 84         | 452        - [inf, inf, inf, 0.0] [-inf, -inf, -inf, 0.0]
        84 - entry: 85         | exit: 89         | 4294967295 - [-11.5, -3.5, -12.5, 0.0] [-9.5, -2.5, -11.5, 0.0]
        85 - entry: 86         | exit: 87         | 4294967295 - [-11.5, -3.5, -12.5, 0.0] [-10.5, -2.5, -11.5, 0.0]
        86 - entry: 4294967295 | exit: 87         | 423        - [inf, inf, inf, 0.0] [-inf, -inf, -inf, 0.0]
        87 - entry: 88         | exit: 89         | 4294967295 - [-10.5, -3.5, -12.5, 0.0] [-9.5, -2.5, -11.5, 0.0]
        88 - entry: 4294967295 | exit: 89         | 453        - [inf, inf, inf, 0.0] [-inf, -inf, -inf, 0.0]
        89 - entry: 90         | exit: 100        | 4294967295 - [-9.5, -3.5, -13.5, 0.0] [-7.5, -2.5, -11.5, 0.0]
        90 - entry: 91         | exit: 95         | 4294967295 - [-9.5, -3.5, -13.5, 0.0] [-7.5, -2.5, -12.5, 0.0]
        91 - entry: 92         | exit: 93         | 4294967295 - [-9.5, -3.5, -13.5, 0.0] [-8.5, -2.5, -12.5, 0.0]
        92 - entry: 4294967295 | exit: 93         | 482        - [inf, inf, inf, 0.0] [-inf, -inf, -inf, 0.0]
        93 - entry: 94         | exit: 95         | 4294967295 - [-8.5, -3.5, -13.5, 0.0] [-7.5, -2.5, -12.5, 0.0]
        94 - entry: 4294967295 | exit: 95         | 512        - [inf, inf, inf, 0.0] [-inf, -inf, -inf, 0.0]
        95 - entry: 96         | exit: 100        | 4294967295 - [-9.5, -3.5, -12.5, 0.0] [-7.5, -2.5, -11.5, 0.0]
        96 - entry: 97         | exit: 98         | 4294967295 - [-9.5, -3.5, -12.5, 0.0] [-8.5, -2.5, -11.5, 0.0]
        97 - entry: 4294967295 | exit: 98         | 483        - [inf, inf, inf, 0.0] [-inf, -inf, -inf, 0.0]
        98 - entry: 99         | exit: 100        | 4294967295 - [-8.5, -3.5, -12.5, 0.0] [-7.5, -2.5, -11.5, 0.0]
        99 - entry: 4294967295 | exit: 100        | 513        - [inf, inf, inf, 0.0] [-inf, -inf, -inf, 0.0]
       100 - entry: 101        | exit: 195        | 4294967295 - [-15.5, -3.5, -11.5, 0.0] [-7.5, -2.5, -7.5, 0.0]
       101 - entry: 102        | exit: 148        | 4294967295 - [-15.5, -3.5, -11.5, 0.0] [-11.5, -2.5, -7.5, 0.0]
       102 - entry: 103        | exit: 125        | 4294967295 - [-15.5, -3.5, -11.5, 0.0] [-11.5, -2.5, -9.5, 0.0]
       103 - entry: 104        | exit: 114        | 4294967295 - [-15.5, -3.5, -11.5, 0.0] [-13.5, -2.5, -9.5, 0.0]
       104 - entry: 105        | exit: 109        | 4294967295 - [-15.5, -3.5, -11.5, 0.0] [-13.5, -2.5, -10.5, 0.0]
       105 - entry: 106        | exit: 107        | 4294967295 - [-15.5, -3.5, -11.5, 0.0] [-14.5, -2.5, -10.5, 0.0]
       106 - entry: 4294967295 | exit: 107        | 304        - [inf, inf, inf, 0.0] [-inf, -inf, -inf, 0.0]
       107 - entry: 108        | exit: 109        | 4294967295 - [-14.5, -3.5, -11.5, 0.0] [-13.5, -2.5, -10.5, 0.0]
       108 - entry: 4294967295 | exit: 109        | 334        - [inf, inf, inf, 0.0] [-inf, -inf, -inf, 0.0]
       109 - entry: 110        | exit: 114        | 4294967295 - [-15.5, -3.5, -10.5, 0.0] [-13.5, -2.5, -9.5, 0.0]
       110 - entry: 111        | exit: 112        | 4294967295 - [-15.5, -3.5, -10.5, 0.0] [-14.5, -2.5, -9.5, 0.0]
       111 - entry: 4294967295 | exit: 112        | 305        - [inf, inf, inf, 0.0] [-inf, -inf, -inf, 0.0]
       112 - entry: 113        | exit: 114        | 4294967295 - [-14.5, -3.5, -10.5, 0.0] [-13.5, -2.5, -9.5, 0.0]
       113 - entry: 4294967295 | exit: 114        | 335        - [inf, inf, inf, 0.0] [-inf, -inf, -inf, 0.0]
       114 - entry: 115        | exit: 125        | 4294967295 - [-13.5, -3.5, -11.5, 0.0] [-11.5, -2.5, -9.5, 0.0]
       115 - entry: 116        | exit: 120        | 4294967295 - [-13.5, -3.5, -11.5, 0.0] [-11.5, -2.5, -10.5, 0.0]
       116 - entry: 117        | exit: 118        | 4294967295 - [-13.5, -3.5, -11.5, 0.0] [-12.5, -2.5, -10.5, 0.0]
       117 - entry: 4294967295 | exit: 118        | 364        - [inf, inf, inf, 0.0] [-inf, -inf, -inf, 0.0]
       118 - entry: 119        | exit: 120        | 4294967295 - [-12.5, -3.5, -11.5, 0.0] [-11.5, -2.5, -10.5, 0.0]
       119 - entry: 4294967295 | exit: 120        | 394        - [inf, inf, inf, 0.0] [-inf, -inf, -inf, 0.0]
       120 - entry: 121        | exit: 125        | 4294967295 - [-13.5, -3.5, -10.5, 0.0] [-11.5, -2.5, -9.5, 0.0]
       121 - entry: 122        | exit: 123        | 4294967295 - [-13.5, -3.5, -10.5, 0.0] [-12.5, -2.5, -9.5, 0.0]
       122 - entry: 4294967295 | exit: 123        | 365        - [inf, inf, inf, 0.0] [-inf, -inf, -inf, 0.0]
       123 - entry: 124        | exit: 125        | 4294967295 - [-12.5, -3.5, -10.5, 0.0] [-11.5, -2.5, -9.5, 0.0]
       124 - entry: 4294967295 | exit: 125        | 395        - [inf, inf, inf, 0.0] [-inf, -inf, -inf, 0.0]
       125 - entry: 126        | exit: 148        | 4294967295 - [-15.5, -3.5, -9.5, 0.0] [-11.5, -2.5, -7.5, 0.0]
       126 - entry: 127        | exit: 137        | 4294967295 - [-15.5, -3.5, -9.5, 0.0] [-13.5, -2.5, -7.5, 0.0]
       127 - entry: 128        | exit: 132        | 4294967295 - [-15.5, -3.5, -9.5, 0.0] [-13.5, -2.5, -8.5, 0.0]
       128 - entry: 129        | exit: 130        | 4294967295 - [-15.5, -3.5, -9.5, 0.0] [-14.5, -2.5, -8.5, 0.0]
       129 - entry: 4294967295 | exit: 130        | 306        - [inf, inf, inf, 0.0] [-inf, -inf, -inf, 0.0]
       130 - entry: 131        | exit: 132        | 4294967295 - [-14.5, -3.5, -9.5, 0.0] [-13.5, -2.5, -8.5, 0.0]
       131 - entry: 4294967295 | exit: 132        | 336        - [inf, inf, inf, 0.0] [-inf, -inf, -inf, 0.0]
       132 - entry: 133        | exit: 137        | 4294967295 - [-15.5, -3.5, -8.5, 0.0] [-13.5, -2.5, -7.5, 0.0]
       133 - entry: 134        | exit: 135        | 4294967295 - [-15.5, -3.5, -8.5, 0.0] [-14.5, -2.5, -7.5, 0.0]
       134 - entry: 4294967295 | exit: 135        | 307        - [inf, inf, inf, 0.0] [-inf, -inf, -inf, 0.0]
       135 - entry: 136        | exit: 137        | 4294967295 - [-14.5, -3.5, -8.5, 0.0] [-13.5, -2.5, -7.5, 0.0]
       136 - entry: 4294967295 | exit: 137        | 337        - [inf, inf, inf, 0.0] [-inf, -inf, -inf, 0.0]
       137 - entry: 138        | exit: 148        | 4294967295 - [-13.5, -3.5, -9.5, 0.0] [-11.5, -2.5, -7.5, 0.0]
       138 - entry: 139        | exit: 143        | 4294967295 - [-13.5, -3.5, -9.5, 0.0] [-11.5, -2.5, -8.5, 0.0]
       139 - entry: 140        | exit: 141        | 4294967295 - [-13.5, -3.5, -9.5, 0.0] [-12.5, -2.5, -8.5, 0.0]
       140 - entry: 4294967295 | exit: 141        | 366        - [inf, inf, inf, 0.0] [-inf, -inf, -inf, 0.0]
       141 - entry: 142        | exit: 143        | 4294967295 - [-12.5, -3.5, -9.5, 0.0] [-11.5, -2.5, -8.5, 0.0]
       142 - entry: 4294967295 | exit: 143        | 396        - [inf, inf, inf, 0.0] [-inf, -inf, -inf, 0.0]
       143 - entry: 144        | exit: 148        | 4294967295 - [-13.5, -3.5, -8.5, 0.0] [-11.5, -2.5, -7.5, 0.0]
       144 - entry: 145        | exit: 146        | 4294967295 - [-13.5, -3.5, -8.5, 0.0] [-12.5, -2.5, -7.5, 0.0]
       145 - entry: 4294967295 | exit: 146        | 367        - [inf, inf, inf, 0.0] [-inf, -inf, -inf, 0.0]
       146 - entry: 147        | exit: 148        | 4294967295 - [-12.5, -3.5, -8.5, 0.0] [-11.5, -2.5, -7.5, 0.0]
       147 - entry: 4294967295 | exit: 148        | 397        - [inf, inf, inf, 0.0] [-inf, -inf, -inf, 0.0]
       148 - entry: 149        | exit: 195        | 4294967295 - [-11.5, -3.5, -11.5, 0.0] [-7.5, -2.5, -7.5, 0.0]
       149 - entry: 150        | exit: 172        | 4294967295 - [-11.5, -3.5, -11.5, 0.0] [-7.5, -2.5, -9.5, 0.0]
       150 - entry: 151        | exit: 161        | 4294967295 - [-11.5, -3.5, -11.5, 0.0] [-9.5, -2.5, -9.5, 0.0]
       151 - entry: 152        | exit: 156        | 4294967295 - [-11.5, -3.5, -11.5, 0.0] [-9.5, -2.5, -10.5, 0.0]
       152 - entry: 153        | exit: 154        | 4294967295 - [-11.5, -3.5, -11.5, 0.0] [-10.5, -2.5, -10.5, 0.0]
       153 - entry: 4294967295 | exit: 154        | 424        - [inf, inf, inf, 0.0] [-inf, -inf, -inf, 0.0]
       154 - entry: 155        | exit: 156        | 4294967295 - [-10.5, -3.5, -11.5, 0.0] [-9.5, -2.5, -10.5, 0.0]
       155 - entry: 4294967295 | exit: 156        | 454        - [inf, inf, inf, 0.0] [-inf, -inf, -inf, 0.0]
       156 - entry: 157        | exit: 161        | 4294967295 - [-11.5, -3.5, -10.5, 0.0] [-9.5, -2.5, -9.5, 0.0]
       157 - entry: 158        | exit: 159        | 4294967295 - [-11.5, -3.5, -10.5, 0.0] [-10.5, -2.5, -9.5, 0.0]
       158 - entry: 4294967295 | exit: 159        | 425        - [inf, inf, inf, 0.0] [-inf, -inf, -inf, 0.0]
       159 - entry: 160        | exit: 161        | 4294967295 - [-10.5, -3.5, -10.5, 0.0] [-9.5, -2.5, -9.5, 0.0]
       160 - entry: 4294967295 | exit: 161        | 455        - [inf, inf, inf, 0.0] [-inf, -inf, -inf, 0.0]
       161 - entry: 162        | exit: 172        | 4294967295 - [-9.5, -3.5, -11.5, 0.0] [-7.5, -2.5, -9.5, 0.0]
       162 - entry: 163        | exit: 167        | 4294967295 - [-9.5, -3.5, -11.5, 0.0] [-7.5, -2.5, -10.5, 0.0]
       163 - entry: 164        | exit: 165        | 4294967295 - [-9.5, -3.5, -11.5, 0.0] [-8.5, -2.5, -10.5, 0.0]
       164 - entry: 4294967295 | exit: 165        | 484        - [inf, inf, inf, 0.0] [-inf, -inf, -inf, 0.0]
       165 - entry: 166        | exit: 167        | 4294967295 - [-8.5, -3.5, -11.5, 0.0] [-7.5, -2.5, -10.5, 0.0]
       166 - entry: 4294967295 | exit: 167        | 514        - [inf, inf, inf, 0.0] [-inf, -inf, -inf, 0.0]
       167 - entry: 168        | exit: 172        | 4294967295 - [-9.5, -3.5, -10.5, 0.0] [-7.5, -2.5, -9.5, 0.0]
       168 - entry: 169        | exit: 170        | 4294967295 - [-9.5, -3.5, -10.5, 0.0] [-8.5, -2.5, -9.5, 0.0]
       169 - entry: 4294967295 | exit: 170        | 485        - [inf, inf, inf, 0.0] [-inf, -inf, -inf, 0.0]
       170 - entry: 171        | exit: 172        | 4294967295 - [-8.5, -3.5, -10.5, 0.0] [-7.5, -2.5, -9.5, 0.0]
       171 - entry: 4294967295 | exit: 172        | 515        - [inf, inf, inf, 0.0] [-inf, -inf, -inf, 0.0]
       172 - entry: 173        | exit: 195        | 4294967295 - [-11.5, -3.5, -9.5, 0.0] [-7.5, -2.5, -7.5, 0.0]
       173 - entry: 174        | exit: 184        | 4294967295 - [-11.5, -3.5, -9.5, 0.0] [-9.5, -2.5, -7.5, 0.0]
       174 - entry: 175        | exit: 179        | 4294967295 - [-11.5, -3.5, -9.5, 0.0] [-9.5, -2.5, -8.5, 0.0]
       175 - entry: 176        | exit: 177        | 4294967295 - [-11.5, -3.5, -9.5, 0.0] [-10.5, -2.5, -8.5, 0.0]
       176 - entry: 4294967295 | exit: 177        | 426        - [inf, inf, inf, 0.0] [-inf, -inf, -inf, 0.0]
       177 - entry: 178        | exit: 179        | 4294967295 - [-10.5, -3.5, -9.5, 0.0] [-9.5, -2.5, -8.5, 0.0]
       178 - entry: 4294967295 | exit: 179        | 456        - [inf, inf, inf, 0.0] [-inf, -inf, -inf, 0.0]
       179 - entry: 180        | exit: 184        | 4294967295 - [-11.5, -3.5, -8.5, 0.0] [-9.5, -2.5, -7.5, 0.0]
       180 - entry: 181        | exit: 182        | 4294967295 - [-11.5, -3.5, -8.5, 0.0] [-10.5, -2.5, -7.5, 0.0]
       181 - entry: 4294967295 | exit: 182        | 427        - [inf, inf, inf, 0.0] [-inf, -inf, -inf, 0.0]
       182 - entry: 183        | exit: 184        | 4294967295 - [-10.5, -3.5, -8.5, 0.0] [-9.5, -2.5, -7.5, 0.0]
       183 - entry: 4294967295 | exit: 184        | 457        - [inf, inf, inf, 0.0] [-inf, -inf, -inf, 0.0]
       184 - entry: 185        | exit: 195        | 4294967295 - [-9.5, -3.5, -9.5, 0.0] [-7.5, -2.5, -7.5, 0.0]
       185 - entry: 186        | exit: 190        | 4294967295 - [-9.5, -3.5, -9.5, 0.0] [-7.5, -2.5, -8.5, 0.0]
       186 - entry: 187        | exit: 188        | 4294967295 - [-9.5, -3.5, -9.5, 0.0] [-8.5, -2.5, -8.5, 0.0]
       187 - entry: 4294967295 | exit: 188        | 486        - [inf, inf, inf, 0.0] [-inf, -inf, -inf, 0.0]
       188 - entry: 189        | exit: 190        | 4294967295 - [-8.5, -3.5, -9.5, 0.0] [-7.5, -2.5, -8.5, 0.0]
       189 - entry: 4294967295 | exit: 190        | 516        - [inf, inf, inf, 0.0] [-inf, -inf, -inf, 0.0]
       190 - entry: 191        | exit: 195        | 4294967295 - [-9.5, -3.5, -8.5, 0.0] [-7.5, -2.5, -7.5, 0.0]
       191 - entry: 192        | exit: 193        | 4294967295 - [-9.5, -3.5, -8.5, 0.0] [-8.5, -2.5, -7.5, 0.0]
       192 - entry: 4294967295 | exit: 193        | 487        - [inf, inf, inf, 0.0] [-inf, -inf, -inf, 0.0]
       193 - entry: 194        | exit: 195        | 4294967295 - [-8.5, -3.5, -8.5, 0.0] [-7.5, -2.5, -7.5, 0.0]
       194 - entry: 4294967295 | exit: 195        | 517        - [inf, inf, inf, 0.0] [-inf, -inf, -inf, 0.0]
       195 - entry: 196        | exit: 368        | 4294967295 - [-7.5, -3.5, -15.5, 0.0] [-0.5, -0.29999995, -7.2360005, 0.0]
       196 - entry: 197        | exit: 300        | 4294967295 - [-7.5, -3.5, -15.5, 0.0] [-0.5, -2.5, -10.5, 0.0]
       197 - entry: 198        | exit: 241        | 4294967295 - [-7.5, -3.5, -15.5, 0.0] [-4.5, -2.5, -10.5, 0.0]
       198 - entry: 199        | exit: 215        | 4294967295 - [-7.5, -3.5, -15.5, 0.0] [-4.5, -2.5, -13.5, 0.0]
       199 - entry: 200        | exit: 204        | 4294967295 - [-7.5, -3.5, -15.5, 0.0] [-6.5, -2.5, -13.5, 0.0]
       200 - entry: 201        | exit: 202        | 4294967295 - [-7.5, -3.5, -15.5, 0.0] [-6.5, -2.5, -14.5, 0.0]
       201 - entry: 4294967295 | exit: 202        | 540        - [inf, inf, inf, 0.0] [-inf, -inf, -inf, 0.0]
       202 - entry: 203        | exit: 204        | 4294967295 - [-7.5, -3.5, -14.5, 0.0] [-6.5, -2.5, -13.5, 0.0]
       203 - entry: 4294967295 | exit: 204        | 541        - [inf, inf, inf, 0.0] [-inf, -inf, -inf, 0.0]
       204 - entry: 205        | exit: 215        | 4294967295 - [-6.5, -3.5, -15.5, 0.0] [-4.5, -2.5, -13.5, 0.0]
       205 - entry: 206        | exit: 210        | 4294967295 - [-6.5, -3.5, -15.5, 0.0] [-4.5, -2.5, -14.5, 0.0]
       206 - entry: 207        | exit: 208        | 4294967295 - [-6.5, -3.5, -15.5, 0.0] [-5.5, -2.5, -14.5, 0.0]
       207 - entry: 4294967295 | exit: 208        | 570        - [inf, inf, inf, 0.0] [-inf, -inf, -inf, 0.0]
       208 - entry: 209        | exit: 210        | 4294967295 - [-5.5, -3.5, -15.5, 0.0] [-4.5, -2.5, -14.5, 0.0]
       209 - entry: 4294967295 | exit: 210        | 600        - [inf, inf, inf, 0.0] [-inf, -inf, -inf, 0.0]
       210 - entry: 211        | exit: 215        | 4294967295 - [-6.5, -3.5, -14.5, 0.0] [-4.5, -2.5, -13.5, 0.0]
       211 - entry: 212        | exit: 213        | 4294967295 - [-6.5, -3.5, -14.5, 0.0] [-5.5, -2.5, -13.5, 0.0]
       212 - entry: 4294967295 | exit: 213        | 571        - [inf, inf, inf, 0.0] [-inf, -inf, -inf, 0.0]
       213 - entry: 214        | exit: 215        | 4294967295 - [-5.5, -3.5, -14.5, 0.0] [-4.5, -2.5, -13.5, 0.0]
       214 - entry: 4294967295 | exit: 215        | 601        - [inf, inf, inf, 0.0] [-inf, -inf, -inf, 0.0]
       215 - entry: 216        | exit: 241        | 4294967295 - [-7.5, -3.5, -13.5, 0.0] [-4.5, -2.5, -10.5, 0.0]
       216 - entry: 217        | exit: 224        | 4294967295 - [-7.5, -3.5, -13.5, 0.0] [-4.5, -2.5, -12.5, 0.0]
       217 - entry: 218        | exit: 219        | 4294967295 - [-7.5, -3.5, -13.5, 0.0] [-6.5, -2.5, -12.5, 0.0]
       218 - entry: 4294967295 | exit: 219        | 542        - [inf, inf, inf, 0.0] [-inf, -inf, -inf, 0.0]
       219 - entry: 220        | exit: 224        | 4294967295 - [-6.5, -3.5, -13.5, 0.0] [-4.5, -2.5, -12.5, 0.0]
       220 - entry: 221        | exit: 222        | 4294967295 - [-6.5, -3.5, -13.5, 0.0] [-5.5, -2.5, -12.5, 0.0]
       221 - entry: 4294967295 | exit: 222        | 572        - [inf, inf, inf, 0.0] [-inf, -inf, -inf, 0.0]
       222 - entry: 223        | exit: 224        | 4294967295 - [-5.5, -3.5, -13.5, 0.0] [-4.5, -2.5, -12.5, 0.0]
       223 - entry: 4294967295 | exit: 224        | 602        - [inf, inf, inf, 0.0] [-inf, -inf, -inf, 0.0]
       224 - entry: 225        | exit: 241        | 4294967295 - [-7.5, -3.5, -12.5, 0.0] [-4.5, -2.5, -10.5, 0.0]
       225 - entry: 226        | exit: 230        | 4294967295 - [-7.5, -3.5, -12.5, 0.0] [-6.5, -2.5, -10.5, 0.0]
       226 - entry: 227        | exit: 228        | 4294967295 - [-7.5, -3.5, -12.5, 0.0] [-6.5, -2.5, -11.5, 0.0]
       227 - entry: 4294967295 | exit: 228        | 543        - [inf, inf, inf, 0.0] [-inf, -inf, -inf, 0.0]
       228 - entry: 229        | exit: 230        | 4294967295 - [-7.5, -3.5, -11.5, 0.0] [-6.5, -2.5, -10.5, 0.0]
       229 - entry: 4294967295 | exit: 230        | 544        - [inf, inf, inf, 0.0] [-inf, -inf, -inf, 0.0]
       230 - entry: 231        | exit: 241        | 4294967295 - [-6.5, -3.5, -12.5, 0.0] [-4.5, -2.5, -10.5, 0.0]
       231 - entry: 232        | exit: 236        | 4294967295 - [-6.5, -3.5, -12.5, 0.0] [-4.5, -2.5, -11.5, 0.0]
       232 - entry: 233        | exit: 234        | 4294967295 - [-6.5, -3.5, -12.5, 0.0] [-5.5, -2.5, -11.5, 0.0]
       233 - entry: 4294967295 | exit: 234        | 573        - [inf, inf, inf, 0.0] [-inf, -inf, -inf, 0.0]
       234 - entry: 235        | exit: 236        | 4294967295 - [-5.5, -3.5, -12.5, 0.0] [-4.5, -2.5, -11.5, 0.0]
       235 - entry: 4294967295 | exit: 236        | 603        - [inf, inf, inf, 0.0] [-inf, -inf, -inf, 0.0]
       236 - entry: 237        | exit: 241        | 4294967295 - [-6.5, -3.5, -11.5, 0.0] [-4.5, -2.5, -10.5, 0.0]
       237 - entry: 238        | exit: 239        | 4294967295 - [-6.5, -3.5, -11.5, 0.0] [-5.5, -2.5, -10.5, 0.0]
       238 - entry: 4294967295 | exit: 239        | 574        - [inf, inf, inf, 0.0] [-inf, -inf, -inf, 0.0]
       239 - entry: 240        | exit: 241        | 4294967295 - [-5.5, -3.5, -11.5, 0.0] [-4.5, -2.5, -10.5, 0.0]
       240 - entry: 4294967295 | exit: 241        | 604        - [inf, inf, inf, 0.0] [-inf, -inf, -inf, 0.0]
       241 - entry: 242        | exit: 300        | 4294967295 - [-4.5, -3.5, -15.5, 0.0] [-0.5, -2.5, -10.5, 0.0]
       242 - entry: 243        | exit: 265        | 4294967295 - [-4.5, -3.5, -15.5, 0.0] [-0.5, -2.5, -13.5, 0.0]
       243 - entry: 244        | exit: 254        | 4294967295 - [-4.5, -3.5, -15.5, 0.0] [-2.5, -2.5, -13.5, 0.0]
       244 - entry: 245        | exit: 249        | 4294967295 - [-4.5, -3.5, -15.5, 0.0] [-2.5, -2.5, -14.5, 0.0]
       245 - entry: 246        | exit: 247        | 4294967295 - [-4.5, -3.5, -15.5, 0.0] [-3.5, -2.5, -14.5, 0.0]
       246 - entry: 4294967295 | exit: 247        | 630        - [inf, inf, inf, 0.0] [-inf, -inf, -inf, 0.0]
       247 - entry: 248        | exit: 249        | 4294967295 - [-3.5, -3.5, -15.5, 0.0] [-2.5, -2.5, -14.5, 0.0]
       248 - entry: 4294967295 | exit: 249        | 660        - [inf, inf, inf, 0.0] [-inf, -inf, -inf, 0.0]
       249 - entry: 250        | exit: 254        | 4294967295 - [-4.5, -3.5, -14.5, 0.0] [-2.5, -2.5, -13.5, 0.0]
       250 - entry: 251        | exit: 252        | 4294967295 - [-4.5, -3.5, -14.5, 0.0] [-3.5, -2.5, -13.5, 0.0]
       251 - entry: 4294967295 | exit: 252        | 631        - [inf, inf, inf, 0.0] [-inf, -inf, -inf, 0.0]
       252 - entry: 253        | exit: 254        | 4294967295 - [-3.5, -3.5, -14.5, 0.0] [-2.5, -2.5, -13.5, 0.0]
       253 - entry: 4294967295 | exit: 254        | 661        - [inf, inf, inf, 0.0] [-inf, -inf, -inf, 0.0]
       254 - entry: 255        | exit: 265        | 4294967295 - [-2.5, -3.5, -15.5, 0.0] [-0.5, -2.5, -13.5, 0.0]
       255 - entry: 256        | exit: 260        | 4294967295 - [-2.5, -3.5, -15.5, 0.0] [-0.5, -2.5, -14.5, 0.0]
       256 - entry: 257        | exit: 258        | 4294967295 - [-2.5, -3.5, -15.5, 0.0] [-1.5, -2.5, -14.5, 0.0]
       257 - entry: 4294967295 | exit: 258        | 690        - [inf, inf, inf, 0.0] [-inf, -inf, -inf, 0.0]
       258 - entry: 259        | exit: 260        | 4294967295 - [-1.5, -3.5, -15.5, 0.0] [-0.5, -2.5, -14.5, 0.0]
       259 - entry: 4294967295 | exit: 260        | 720        - [inf, inf, inf, 0.0] [-inf, -inf, -inf, 0.0]
       260 - entry: 261        | exit: 265        | 4294967295 - [-2.5, -3.5, -14.5, 0.0] [-0.5, -2.5, -13.5, 0.0]
       261 - entry: 262        | exit: 263        | 4294967295 - [-2.5, -3.5, -14.5, 0.0] [-1.5, -2.5, -13.5, 0.0]
       262 - entry: 4294967295 | exit: 263        | 691        - [inf, inf, inf, 0.0] [-inf, -inf, -inf, 0.0]
       263 - entry: 264        | exit: 265        | 4294967295 - [-1.5, -3.5, -14.5, 0.0] [-0.5, -2.5, -13.5, 0.0]
       264 - entry: 4294967295 | exit: 265        | 721        - [inf, inf, inf, 0.0] [-inf, -inf, -inf, 0.0]
       265 - entry: 266        | exit: 300        | 4294967295 - [-4.5, -3.5, -13.5, 0.0] [-0.5, -2.5, -10.5, 0.0]
       266 - entry: 267        | exit: 283        | 4294967295 - [-4.5, -3.5, -13.5, 0.0] [-2.5, -2.5, -10.5, 0.0]
       267 - entry: 268        | exit: 272        | 4294967295 - [-4.5, -3.5, -13.5, 0.0] [-2.5, -2.5, -12.5, 0.0]
       268 - entry: 269        | exit: 270        | 4294967295 - [-4.5, -3.5, -13.5, 0.0] [-3.5, -2.5, -12.5, 0.0]
       269 - entry: 4294967295 | exit: 270        | 632        - [inf, inf, inf, 0.0] [-inf, -inf, -inf, 0.0]
       270 - entry: 271        | exit: 272        | 4294967295 - [-3.5, -3.5, -13.5, 0.0] [-2.5, -2.5, -12.5, 0.0]
       271 - entry: 4294967295 | exit: 272        | 662        - [inf, inf, inf, 0.0] [-inf, -inf, -inf, 0.0]
       272 - entry: 273        | exit: 283        | 4294967295 - [-4.5, -3.5, -12.5, 0.0] [-2.5, -2.5, -10.5, 0.0]
       273 - entry: 274        | exit: 278        | 4294967295 - [-4.5, -3.5, -12.5, 0.0] [-2.5, -2.5, -11.5, 0.0]
       274 - entry: 275        | exit: 276        | 4294967295 - [-4.5, -3.5, -12.5, 0.0] [-3.5, -2.5, -11.5, 0.0]
       275 - entry: 4294967295 | exit: 276        | 633        - [inf, inf, inf, 0.0] [-inf, -inf, -inf, 0.0]
       276 - entry: 277        | exit: 278        | 4294967295 - [-3.5, -3.5, -12.5, 0.0] [-2.5, -2.5, -11.5, 0.0]
       277 - entry: 4294967295 | exit: 278        | 663        - [inf, inf, inf, 0.0] [-inf, -inf, -inf, 0.0]
       278 - entry: 279        | exit: 283        | 4294967295 - [-4.5, -3.5, -11.5, 0.0] [-2.5, -2.5, -10.5, 0.0]
       279 - entry: 280        | exit: 281        | 4294967295 - [-4.5, -3.5, -11.5, 0.0] [-3.5, -2.5, -10.5, 0.0]
       280 - entry: 4294967295 | exit: 281        | 634        - [inf, inf, inf, 0.0] [-inf, -inf, -inf, 0.0]
       281 - entry: 282        | exit: 283        | 4294967295 - [-3.5, -3.5, -11.5, 0.0] [-2.5, -2.5, -10.5, 0.0]
       282 - entry: 4294967295 | exit: 283        | 664        - [inf, inf, inf, 0.0] [-inf, -inf, -inf, 0.0]
       283 - entry: 284        | exit: 300        | 4294967295 - [-2.5, -3.5, -13.5, 0.0] [-0.5, -2.5, -10.5, 0.0]
       284 - entry: 285        | exit: 289        | 4294967295 - [-2.5, -3.5, -13.5, 0.0] [-0.5, -2.5, -12.5, 0.0]
       285 - entry: 286        | exit: 287        | 4294967295 - [-2.5, -3.5, -13.5, 0.0] [-1.5, -2.5, -12.5, 0.0]
       286 - entry: 4294967295 | exit: 287        | 692        - [inf, inf, inf, 0.0] [-inf, -inf, -inf, 0.0]
       287 - entry: 288        | exit: 289        | 4294967295 - [-1.5, -3.5, -13.5, 0.0] [-0.5, -2.5, -12.5, 0.0]
       288 - entry: 4294967295 | exit: 289        | 722        - [inf, inf, inf, 0.0] [-inf, -inf, -inf, 0.0]
       289 - entry: 290        | exit: 300        | 4294967295 - [-2.5, -3.5, -12.5, 0.0] [-0.5, -2.5, -10.5, 0.0]
       290 - entry: 291        | exit: 295        | 4294967295 - [-2.5, -3.5, -12.5, 0.0] [-0.5, -2.5, -11.5, 0.0]
       291 - entry: 292        | exit: 293        | 4294967295 - [-2.5, -3.5, -12.5, 0.0] [-1.5, -2.5, -11.5, 0.0]
       292 - entry: 4294967295 | exit: 293        | 693        - [inf, inf, inf, 0.0] [-inf, -inf, -inf, 0.0]
       293 - entry: 294        | exit: 295        | 4294967295 - [-1.5, -3.5, -12.5, 0.0] [-0.5, -2.5, -11.5, 0.0]
       294 - entry: 4294967295 | exit: 295        | 723        - [inf, inf, inf, 0.0] [-inf, -inf, -inf, 0.0]
       295 - entry: 296        | exit: 300        | 4294967295 - [-2.5, -3.5, -11.5, 0.0] [-0.5, -2.5, -10.5, 0.0]
       296 - entry: 297        | exit: 298        | 4294967295 - [-2.5, -3.5, -11.5, 0.0] [-1.5, -2.5, -10.5, 0.0]
       297 - entry: 4294967295 | exit: 298        | 694        - [inf, inf, inf, 0.0] [-inf, -inf, -inf, 0.0]
       298 - entry: 299        | exit: 300        | 4294967295 - [-1.5, -3.5, -11.5, 0.0] [-0.5, -2.5, -10.5, 0.0]
       299 - entry: 4294967295 | exit: 300        | 724        - [inf, inf, inf, 0.0] [-inf, -inf, -inf, 0.0]
       300 - entry: 301        | exit: 368        | 4294967295 - [-7.5, -3.5, -10.5, 0.0] [-0.5, -0.29999995, -7.2360005, 0.0]
       301 - entry: 302        | exit: 339        | 4294967295 - [-7.5, -3.5, -10.5, 0.0] [-3.5, -1.8, -7.2360005, 0.0]
       302 - entry: 303        | exit: 319        | 4294967295 - [-7.5, -3.5, -10.5, 0.0] [-5.5, -2.5, -7.5, 0.0]
       303 - entry: 304        | exit: 308        | 4294967295 - [-7.5, -3.5, -10.5, 0.0] [-5.5, -2.5, -9.5, 0.0]
       304 - entry: 305        | exit: 306        | 4294967295 - [-7.5, -3.5, -10.5, 0.0] [-6.5, -2.5, -9.5, 0.0]
       305 - entry: 4294967295 | exit: 306        | 545        - [inf, inf, inf, 0.0] [-inf, -inf, -inf, 0.0]
       306 - entry: 307        | exit: 308        | 4294967295 - [-6.5, -3.5, -10.5, 0.0] [-5.5, -2.5, -9.5, 0.0]
       307 - entry: 4294967295 | exit: 308        | 575        - [inf, inf, inf, 0.0] [-inf, -inf, -inf, 0.0]
       308 - entry: 309        | exit: 319        | 4294967295 - [-7.5, -3.5, -9.5, 0.0] [-5.5, -2.5, -7.5, 0.0]
       309 - entry: 310        | exit: 314        | 4294967295 - [-7.5, -3.5, -9.5, 0.0] [-5.5, -2.5, -8.5, 0.0]
       310 - entry: 311        | exit: 312        | 4294967295 - [-7.5, -3.5, -9.5, 0.0] [-6.5, -2.5, -8.5, 0.0]
       311 - entry: 4294967295 | exit: 312        | 546        - [inf, inf, inf, 0.0] [-inf, -inf, -inf, 0.0]
       312 - entry: 313        | exit: 314        | 4294967295 - [-6.5, -3.5, -9.5, 0.0] [-5.5, -2.5, -8.5, 0.0]
       313 - entry: 4294967295 | exit: 314        | 576        - [inf, inf, inf, 0.0] [-inf, -inf, -inf, 0.0]
       314 - entry: 315        | exit: 319        | 4294967295 - [-7.5, -3.5, -8.5, 0.0] [-5.5, -2.5, -7.5, 0.0]
       315 - entry: 316        | exit: 317        | 4294967295 - [-7.5, -3.5, -8.5, 0.0] [-6.5, -2.5, -7.5, 0.0]
       316 - entry: 4294967295 | exit: 317        | 547        - [inf, inf, inf, 0.0] [-inf, -inf, -inf, 0.0]
       317 - entry: 318        | exit: 319        | 4294967295 - [-6.5, -3.5, -8.5, 0.0] [-5.5, -2.5, -7.5, 0.0]
       318 - entry: 4294967295 | exit: 319        | 577        - [inf, inf, inf, 0.0] [-inf, -inf, -inf, 0.0]
       319 - entry: 320        | exit: 339        | 4294967295 - [-5.6099997, -3.5, -10.5, 0.0] [-3.5, -1.8, -7.2360005, 0.0]
       320 - entry: 321        | exit: 331        | 4294967295 - [-5.5, -3.5, -10.5, 0.0] [-3.5, -2.5, -8.5, 0.0]
       321 - entry: 322        | exit: 326        | 4294967295 - [-5.5, -3.5, -10.5, 0.0] [-3.5, -2.5, -9.5, 0.0]
       322 - entry: 323        | exit: 324        | 4294967295 - [-5.5, -3.5, -10.5, 0.0] [-4.5, -2.5, -9.5, 0.0]
       323 - entry: 4294967295 | exit: 324        | 605        - [inf, inf, inf, 0.0] [-inf, -inf, -inf, 0.0]
       324 - entry: 325        | exit: 326        | 4294967295 - [-4.5, -3.5, -10.5, 0.0] [-3.5, -2.5, -9.5, 0.0]
       325 - entry: 4294967295 | exit: 326        | 635        - [inf, inf, inf, 0.0] [-inf, -inf, -inf, 0.0]
       326 - entry: 327        | exit: 331        | 4294967295 - [-5.5, -3.5, -9.5, 0.0] [-3.5, -2.5, -8.5, 0.0]
       327 - entry: 328        | exit: 329        | 4294967295 - [-5.5, -3.5, -9.5, 0.0] [-4.5, -2.5, -8.5, 0.0]
       328 - entry: 4294967295 | exit: 329        | 606        - [inf, inf, inf, 0.0] [-inf, -inf, -inf, 0.0]
       329 - entry: 330        | exit: 331        | 4294967295 - [-4.5, -3.5, -9.5, 0.0] [-3.5, -2.5, -8.5, 0.0]
       330 - entry: 4294967295 | exit: 331        | 636        - [inf, inf, inf, 0.0] [-inf, -inf, -inf, 0.0]
       331 - entry: 332        | exit: 339        | 4294967295 - [-5.6099997, -3.5, -8.5, 0.0] [-3.5, -1.8, -7.2360005, 0.0]
       332 - entry: 333        | exit: 337        | 4294967295 - [-5.6099997, -3.5, -8.5, 0.0] [-4.5, -1.8, -7.2360005, 0.0]
       333 - entry: 334        | exit: 335        | 4294967295 - [-5.5, -3.5, -8.5, 0.0] [-4.5, -2.5, -7.5, 0.0]
       334 - entry: 4294967295 | exit: 335        | 607        - [inf, inf, inf, 0.0] [-inf, -inf, -inf, 0.0]
       335 - entry: 336        | exit: 337        | 4294967295 - [-5.6099997, -2.8, -8.236, 0.0] [-4.6099997, -1.8, -7.2360005, 0.0]
       336 - entry: 4294967295 | exit: 337        | 153        - [inf, inf, inf, 0.0] [-inf, -inf, -inf, 0.0]
       337 - entry: 338        | exit: 339        | 4294967295 - [-4.5, -3.5, -8.5, 0.0] [-3.5, -2.5, -7.5, 0.0]
       338 - entry: 4294967295 | exit: 339        | 637        - [inf, inf, inf, 0.0] [-inf, -inf, -inf, 0.0]
       339 - entry: 340        | exit: 368        | 4294967295 - [-3.5, -3.5, -10.5, 0.0] [-0.5, -0.29999995, -7.4680004, 0.0]
       340 - entry: 341        | exit: 366        | 4294967295 - [-3.5, -3.5, -10.5, 0.0] [-0.5, -2.5, -7.5, 0.0]
       341 - entry: 342        | exit: 349        | 4294967295 - [-3.5, -3.5, -10.5, 0.0] [-0.5, -2.5, -9.5, 0.0]
       342 - entry: 343        | exit: 344        | 4294967295 - [-3.5, -3.5, -10.5, 0.0] [-2.5, -2.5, -9.5, 0.0]
       343 - entry: 4294967295 | exit: 344        | 665        - [inf, inf, inf, 0.0] [-inf, -inf, -inf, 0.0]
       344 - entry: 345        | exit: 349        | 4294967295 - [-2.5, -3.5, -10.5, 0.0] [-0.5, -2.5, -9.5, 0.0]
       345 - entry: 346        | exit: 347        | 4294967295 - [-2.5, -3.5, -10.5, 0.0] [-1.5, -2.5, -9.5, 0.0]
       346 - entry: 4294967295 | exit: 347        | 695        - [inf, inf, inf, 0.0] [-inf, -inf, -inf, 0.0]
       347 - entry: 348        | exit: 349        | 4294967295 - [-1.5, -3.5, -10.5, 0.0] [-0.5, -2.5, -9.5, 0.0]
       348 - entry: 4294967295 | exit: 349        | 725        - [inf, inf, inf, 0.0] [-inf, -inf, -inf, 0.0]
       349 - entry: 350        | exit: 366        | 4294967295 - [-3.5, -3.5, -9.5, 0.0] [-0.5, -2.5, -7.5, 0.0]
       350 - entry: 351        | exit: 355        | 4294967295 - [-3.5, -3.5, -9.5, 0.0] [-2.5, -2.5, -7.5, 0.0]
       351 - entry: 352        | exit: 353        | 4294967295 - [-3.5, -3.5, -9.5, 0.0] [-2.5, -2.5, -8.5, 0.0]
       352 - entry: 4294967295 | exit: 353        | 666        - [inf, inf, inf, 0.0] [-inf, -inf, -inf, 0.0]
       353 - entry: 354        | exit: 355        | 4294967295 - [-3.5, -3.5, -8.5, 0.0] [-2.5, -2.5, -7.5, 0.0]
       354 - entry: 4294967295 | exit: 355        | 667        - [inf, inf, inf, 0.0] [-inf, -inf, -inf, 0.0]
       355 - entry: 356        | exit: 366        | 4294967295 - [-2.5, -3.5, -9.5, 0.0] [-0.5, -2.5, -7.5, 0.0]
       356 - entry: 357        | exit: 361        | 4294967295 - [-2.5, -3.5, -9.5, 0.0] [-0.5, -2.5, -8.5, 0.0]
       357 - entry: 358        | exit: 359        | 4294967295 - [-2.5, -3.5, -9.5, 0.0] [-1.5, -2.5, -8.5, 0.0]
       358 - entry: 4294967295 | exit: 359        | 696        - [inf, inf, inf, 0.0] [-inf, -inf, -inf, 0.0]
       359 - entry: 360        | exit: 361        | 4294967295 - [-1.5, -3.5, -9.5, 0.0] [-0.5, -2.5, -8.5, 0.0]
       360 - entry: 4294967295 | exit: 361        | 726        - [inf, inf, inf, 0.0] [-inf, -inf, -inf, 0.0]
       361 - entry: 362        | exit: 366        | 4294967295 - [-2.5, -3.5, -8.5, 0.0] [-0.5, -2.5, -7.5, 0.0]
       362 - entry: 363        | exit: 364        | 4294967295 - [-2.5, -3.5, -8.5, 0.0] [-1.5, -2.5, -7.5, 0.0]
       363 - entry: 4294967295 | exit: 364        | 697        - [inf, inf, inf, 0.0] [-inf, -inf, -inf, 0.0]
       364 - entry: 365        | exit: 366        | 4294967295 - [-1.5, -3.5, -8.5, 0.0] [-0.5, -2.5, -7.5, 0.0]
       365 - entry: 4294967295 | exit: 366        | 727        - [inf, inf, inf, 0.0] [-inf, -inf, -inf, 0.0]
       366 - entry: 367        | exit: 368        | 4294967295 - [-1.78, -1.3, -8.468, 0.0] [-0.78, -0.29999995, -7.4680004, 0.0]
       367 - entry: 4294967295 | exit: 368        | 173        - [inf, inf, inf, 0.0] [-inf, -inf, -inf, 0.0]
       368 - entry: 369        | exit: 793        | 4294967295 - [-15.5, -10.4, -8.228001, 0.0] [-0.029999971, -0.19, 0.011999965, 0.0]
       369 - entry: 370        | exit: 578        | 4294967295 - [-15.5, -10.4, -8.228001, 0.0] [-7.5, -1.0, -0.18, 0.0]
       370 - entry: 371        | exit: 390        | 4294967295 - [-10.44, -10.4, -6.644, 0.0] [-7.7699995, -4.3399997, -0.18, 0.0]
       371 - entry: 372        | exit: 382        | 4294967295 - [-10.44, -10.4, -6.644, 0.0] [-7.8899994, -4.3399997, -4.156, 0.0]
       372 - entry: 373        | exit: 377        | 4294967295 - [-10.44, -10.4, -6.644, 0.0] [-8.809999, -8.5, -5.1320004, 0.0]
       373 - entry: 374        | exit: 375        | 4294967295 - [-9.809999, -10.4, -6.1320004, 0.0] [-8.809999, -9.4, -5.1320004, 0.0]
       374 - entry: 4294967295 | exit: 375        | 52         - [inf, inf, inf, 0.0] [-inf, -inf, -inf, 0.0]
       375 - entry: 376        | exit: 377        | 4294967295 - [-10.44, -9.5, -6.644, 0.0] [-9.44, -8.5, -5.644, 0.0]
       376 - entry: 4294967295 | exit: 377        | 60         - [inf, inf, inf, 0.0] [-inf, -inf, -inf, 0.0]
       377 - entry: 378        | exit: 382        | 4294967295 - [-9.889999, -7.8399997, -5.9960003, 0.0] [-7.8899994, -4.3399997, -4.156, 0.0]
       378 - entry: 379        | exit: 380        | 4294967295 - [-9.889999, -7.8399997, -5.156, 0.0] [-8.889999, -6.8399997, -4.156, 0.0]
       379 - entry: 4294967295 | exit: 380        | 10         - [inf, inf, inf, 0.0] [-inf, -inf, -inf, 0.0]
       380 - entry: 381        | exit: 382        | 4294967295 - [-8.889999, -5.3399997, -5.9960003, 0.0] [-7.8899994, -4.3399997, -4.9960003, 0.0]
       381 - entry: 4294967295 | exit: 382        | 157        - [inf, inf, inf, 0.0] [-inf, -inf, -inf, 0.0]
       382 - entry: 383        | exit: 390        | 4294967295 - [-9.179999, -9.7, -2.8920002, 0.0] [-7.7699995, -7.3799996, -0.18, 0.0]
       383 - entry: 384        | exit: 385        | 4294967295 - [-8.7699995, -8.75, -2.8920002, 0.0] [-7.7699995, -7.75, -1.8920002, 0.0]
       384 - entry: 4294967295 | exit: 385        | 112        - [inf, inf, inf, 0.0] [-inf, -inf, -inf, 0.0]
       385 - entry: 386        | exit: 390        | 4294967295 - [-9.179999, -9.7, -1.3, 0.0] [-7.95, -7.3799996, -0.18, 0.0]
       386 - entry: 387        | exit: 388        | 4294967295 - [-8.95, -9.7, -1.1800001, 0.0] [-7.95, -8.7, -0.18, 0.0]
       387 - entry: 4294967295 | exit: 388        | 291        - [inf, inf, inf, 0.0] [-inf, -inf, -inf, 0.0]
       388 - entry: 389        | exit: 390        | 4294967295 - [-9.179999, -8.379999, -1.3, 0.0] [-8.179999, -7.3799996, -0.3, 0.0]
       389 - entry: 4294967295 | exit: 390        | 63         - [inf, inf, inf, 0.0] [-inf, -inf, -inf, 0.0]
       390 - entry: 391        | exit: 578        | 4294967295 - [-15.5, -4.68, -8.228001, 0.0] [-7.5, -1.0, -0.29200006, 0.0]
       391 - entry: 392        | exit: 495        | 4294967295 - [-15.5, -3.5, -7.5, 0.0] [-10.5, -2.5, -0.5, 0.0]
       392 - entry: 393        | exit: 436        | 4294967295 - [-15.5, -3.5, -7.5, 0.0] [-10.5, -2.5, -4.5, 0.0]
       393 - entry: 394        | exit: 410        | 4294967295 - [-15.5, -3.5, -7.5, 0.0] [-13.5, -2.5, -4.5, 0.0]
       394 - entry: 395        | exit: 399        | 4294967295 - [-15.5, -3.5, -7.5, 0.0] [-13.5, -2.5, -6.5, 0.0]
       395 - entry: 396        | exit: 397        | 4294967295 - [-15.5, -3.5, -7.5, 0.0] [-14.5, -2.5, -6.5, 0.0]
       396 - entry: 4294967295 | exit: 397        | 308        - [inf, inf, inf, 0.0] [-inf, -inf, -inf, 0.0]
       397 - entry: 398        | exit: 399        | 4294967295 - [-14.5, -3.5, -7.5, 0.0] [-13.5, -2.5, -6.5, 0.0]
       398 - entry: 4294967295 | exit: 399        | 338        - [inf, inf, inf, 0.0] [-inf, -inf, -inf, 0.0]
       399 - entry: 400        | exit: 410        | 4294967295 - [-15.5, -3.5, -6.5, 0.0] [-13.5, -2.5, -4.5, 0.0]
       400 - entry: 401        | exit: 405        | 4294967295 - [-15.5, -3.5, -6.5, 0.0] [-13.5, -2.5, -5.5, 0.0]
       401 - entry: 402        | exit: 403        | 4294967295 - [-15.5, -3.5, -6.5, 0.0] [-14.5, -2.5, -5.5, 0.0]
       402 - entry: 4294967295 | exit: 403        | 309        - [inf, inf, inf, 0.0] [-inf, -inf, -inf, 0.0]
       403 - entry: 404        | exit: 405        | 4294967295 - [-14.5, -3.5, -6.5, 0.0] [-13.5, -2.5, -5.5, 0.0]
       404 - entry: 4294967295 | exit: 405        | 339        - [inf, inf, inf, 0.0] [-inf, -inf, -inf, 0.0]
       405 - entry: 406        | exit: 410        | 4294967295 - [-15.5, -3.5, -5.5, 0.0] [-13.5, -2.5, -4.5, 0.0]
       406 - entry: 407        | exit: 408        | 4294967295 - [-15.5, -3.5, -5.5, 0.0] [-14.5, -2.5, -4.5, 0.0]
       407 - entry: 4294967295 | exit: 408        | 310        - [inf, inf, inf, 0.0] [-inf, -inf, -inf, 0.0]
       408 - entry: 409        | exit: 410        | 4294967295 - [-14.5, -3.5, -5.5, 0.0] [-13.5, -2.5, -4.5, 0.0]
       409 - entry: 4294967295 | exit: 410        | 340        - [inf, inf, inf, 0.0] [-inf, -inf, -inf, 0.0]
       410 - entry: 411        | exit: 436        | 4294967295 - [-13.5, -3.5, -7.5, 0.0] [-10.5, -2.5, -4.5, 0.0]
       411 - entry: 412        | exit: 419        | 4294967295 - [-13.5, -3.5, -7.5, 0.0] [-10.5, -2.5, -6.5, 0.0]
       412 - entry: 413        | exit: 414        | 4294967295 - [-13.5, -3.5, -7.5, 0.0] [-12.5, -2.5, -6.5, 0.0]
       413 - entry: 4294967295 | exit: 414        | 368        - [inf, inf, inf, 0.0] [-inf, -inf, -inf, 0.0]
       414 - entry: 415        | exit: 419        | 4294967295 - [-12.5, -3.5, -7.5, 0.0] [-10.5, -2.5, -6.5, 0.0]
       415 - entry: 416        | exit: 417        | 4294967295 - [-12.5, -3.5, -7.5, 0.0] [-11.5, -2.5, -6.5, 0.0]
       416 - entry: 4294967295 | exit: 417        | 398        - [inf, inf, inf, 0.0] [-inf, -inf, -inf, 0.0]
       417 - entry: 418        | exit: 419        | 4294967295 - [-11.5, -3.5, -7.5, 0.0] [-10.5, -2.5, -6.5, 0.0]
       418 - entry: 4294967295 | exit: 419        | 428        - [inf, inf, inf, 0.0] [-inf, -inf, -inf, 0.0]
       419 - entry: 420        | exit: 436        | 4294967295 - [-13.5, -3.5, -6.5, 0.0] [-10.5, -2.5, -4.5, 0.0]
       420 - entry: 421        | exit: 425        | 4294967295 - [-13.5, -3.5, -6.5, 0.0] [-12.5, -2.5, -4.5, 0.0]
       421 - entry: 422        | exit: 423        | 4294967295 - [-13.5, -3.5, -6.5, 0.0] [-12.5, -2.5, -5.5, 0.0]
       422 - entry: 4294967295 | exit: 423        | 369        - [inf, inf, inf, 0.0] [-inf, -inf, -inf, 0.0]
       423 - entry: 424        | exit: 425        | 4294967295 - [-13.5, -3.5, -5.5, 0.0] [-12.5, -2.5, -4.5, 0.0]
       424 - entry: 4294967295 | exit: 425        | 370        - [inf, inf, inf, 0.0] [-inf, -inf, -inf, 0.0]
       425 - entry: 426        | exit: 436        | 4294967295 - [-12.5, -3.5, -6.5, 0.0] [-10.5, -2.5, -4.5, 0.0]
       426 - entry: 427        | exit: 431        | 4294967295 - [-12.5, -3.5, -6.5, 0.0] [-10.5, -2.5, -5.5, 0.0]
       427 - entry: 428        | exit: 429        | 4294967295 - [-12.5, -3.5, -6.5, 0.0] [-11.5, -2.5, -5.5, 0.0]
       428 - entry: 4294967295 | exit: 429        | 399        - [inf, inf, inf, 0.0] [-inf, -inf, -inf, 0.0]
       429 - entry: 430        | exit: 431        | 4294967295 - [-11.5, -3.5, -6.5, 0.0] [-10.5, -2.5, -5.5, 0.0]
       430 - entry: 4294967295 | exit: 431        | 429        - [inf, inf, inf, 0.0] [-inf, -inf, -inf, 0.0]
       431 - entry: 432        | exit: 436        | 4294967295 - [-12.5, -3.5, -5.5, 0.0] [-10.5, -2.5, -4.5, 0.0]
       432 - entry: 433        | exit: 434        | 4294967295 - [-12.5, -3.5, -5.5, 0.0] [-11.5, -2.5, -4.5, 0.0]
       433 - entry: 4294967295 | exit: 434        | 400        - [inf, inf, inf, 0.0] [-inf, -inf, -inf, 0.0]
       434 - entry: 435        | exit: 436        | 4294967295 - [-11.5, -3.5, -5.5, 0.0] [-10.5, -2.5, -4.5, 0.0]
       435 - entry: 4294967295 | exit: 436        | 430        - [inf, inf, inf, 0.0] [-inf, -inf, -inf, 0.0]
       436 - entry: 437        | exit: 495        | 4294967295 - [-15.5, -3.5, -4.5, 0.0] [-10.5, -2.5, -0.5, 0.0]
       437 - entry: 438        | exit: 460        | 4294967295 - [-15.5, -3.5, -4.5, 0.0] [-13.5, -2.5, -0.5, 0.0]
       438 - entry: 439        | exit: 449        | 4294967295 - [-15.5, -3.5, -4.5, 0.0] [-13.5, -2.5, -2.5, 0.0]
       439 - entry: 440        | exit: 444        | 4294967295 - [-15.5, -3.5, -4.5, 0.0] [-13.5, -2.5, -3.5, 0.0]
       440 - entry: 441        | exit: 442        | 4294967295 - [-15.5, -3.5, -4.5, 0.0] [-14.5, -2.5, -3.5, 0.0]
       441 - entry: 4294967295 | exit: 442        | 311        - [inf, inf, inf, 0.0] [-inf, -inf, -inf, 0.0]
       442 - entry: 443        | exit: 444        | 4294967295 - [-14.5, -3.5, -4.5, 0.0] [-13.5, -2.5, -3.5, 0.0]
       443 - entry: 4294967295 | exit: 444        | 341        - [inf, inf, inf, 0.0] [-inf, -inf, -inf, 0.0]
       444 - entry: 445        | exit: 449        | 4294967295 - [-15.5, -3.5, -3.5, 0.0] [-13.5, -2.5, -2.5, 0.0]
       445 - entry: 446        | exit: 447        | 4294967295 - [-15.5, -3.5, -3.5, 0.0] [-14.5, -2.5, -2.5, 0.0]
       446 - entry: 4294967295 | exit: 447        | 312        - [inf, inf, inf, 0.0] [-inf, -inf, -inf, 0.0]
       447 - entry: 448        | exit: 449        | 4294967295 - [-14.5, -3.5, -3.5, 0.0] [-13.5, -2.5, -2.5, 0.0]
       448 - entry: 4294967295 | exit: 449        | 342        - [inf, inf, inf, 0.0] [-inf, -inf, -inf, 0.0]
       449 - entry: 450        | exit: 460        | 4294967295 - [-15.5, -3.5, -2.5, 0.0] [-13.5, -2.5, -0.5, 0.0]
       450 - entry: 451        | exit: 455        | 4294967295 - [-15.5, -3.5, -2.5, 0.0] [-13.5, -2.5, -1.5, 0.0]
       451 - entry: 452        | exit: 453        | 4294967295 - [-15.5, -3.5, -2.5, 0.0] [-14.5, -2.5, -1.5, 0.0]
       452 - entry: 4294967295 | exit: 453        | 313        - [inf, inf, inf, 0.0] [-inf, -inf, -inf, 0.0]
       453 - entry: 454        | exit: 455        | 4294967295 - [-14.5, -3.5, -2.5, 0.0] [-13.5, -2.5, -1.5, 0.0]
       454 - entry: 4294967295 | exit: 455        | 343        - [inf, inf, inf, 0.0] [-inf, -inf, -inf, 0.0]
       455 - entry: 456        | exit: 460        | 4294967295 - [-15.5, -3.5, -1.5, 0.0] [-13.5, -2.5, -0.5, 0.0]
       456 - entry: 457        | exit: 458        | 4294967295 - [-15.5, -3.5, -1.5, 0.0] [-14.5, -2.5, -0.5, 0.0]
       457 - entry: 4294967295 | exit: 458        | 314        - [inf, inf, inf, 0.0] [-inf, -inf, -inf, 0.0]
       458 - entry: 459        | exit: 460        | 4294967295 - [-14.5, -3.5, -1.5, 0.0] [-13.5, -2.5, -0.5, 0.0]
       459 - entry: 4294967295 | exit: 460        | 344        - [inf, inf, inf, 0.0] [-inf, -inf, -inf, 0.0]
       460 - entry: 461        | exit: 495        | 4294967295 - [-13.5, -3.5, -4.5, 0.0] [-10.5, -2.5, -0.5, 0.0]
       461 - entry: 462        | exit: 478        | 4294967295 - [-13.5, -3.5, -4.5, 0.0] [-10.5, -2.5, -2.5, 0.0]
       462 - entry: 463        | exit: 467        | 4294967295 - [-13.5, -3.5, -4.5, 0.0] [-12.5, -2.5, -2.5, 0.0]
       463 - entry: 464        | exit: 465        | 4294967295 - [-13.5, -3.5, -4.5, 0.0] [-12.5, -2.5, -3.5, 0.0]
       464 - entry: 4294967295 | exit: 465        | 371        - [inf, inf, inf, 0.0] [-inf, -inf, -inf, 0.0]
       465 - entry: 466        | exit: 467        | 4294967295 - [-13.5, -3.5, -3.5, 0.0] [-12.5, -2.5, -2.5, 0.0]
       466 - entry: 4294967295 | exit: 467        | 372        - [inf, inf, inf, 0.0] [-inf, -inf, -inf, 0.0]
       467 - entry: 468        | exit: 478        | 4294967295 - [-12.5, -3.5, -4.5, 0.0] [-10.5, -2.5, -2.5, 0.0]
       468 - entry: 469        | exit: 473        | 4294967295 - [-12.5, -3.5, -4.5, 0.0] [-10.5, -2.5, -3.5, 0.0]
       469 - entry: 470        | exit: 471        | 4294967295 - [-12.5, -3.5, -4.5, 0.0] [-11.5, -2.5, -3.5, 0.0]
       470 - entry: 4294967295 | exit: 471        | 401        - [inf, inf, inf, 0.0] [-inf, -inf, -inf, 0.0]
       471 - entry: 472        | exit: 473        | 4294967295 - [-11.5, -3.5, -4.5, 0.0] [-10.5, -2.5, -3.5, 0.0]
       472 - entry: 4294967295 | exit: 473        | 431        - [inf, inf, inf, 0.0] [-inf, -inf, -inf, 0.0]
       473 - entry: 474        | exit: 478        | 4294967295 - [-12.5, -3.5, -3.5, 0.0] [-10.5, -2.5, -2.5, 0.0]
       474 - entry: 475        | exit: 476        | 4294967295 - [-12.5, -3.5, -3.5, 0.0] [-11.5, -2.5, -2.5, 0.0]
       475 - entry: 4294967295 | exit: 476        | 402        - [inf, inf, inf, 0.0] [-inf, -inf, -inf, 0.0]
       476 - entry: 477        | exit: 478        | 4294967295 - [-11.5, -3.5, -3.5, 0.0] [-10.5, -2.5, -2.5, 0.0]
       477 - entry: 4294967295 | exit: 478        | 432        - [inf, inf, inf, 0.0] [-inf, -inf, -inf, 0.0]
       478 - entry: 479        | exit: 495        | 4294967295 - [-13.5, -3.5, -2.5, 0.0] [-10.5, -2.5, -0.5, 0.0]
       479 - entry: 480        | exit: 484        | 4294967295 - [-13.5, -3.5, -2.5, 0.0] [-12.5, -2.5, -0.5, 0.0]
       480 - entry: 481        | exit: 482        | 4294967295 - [-13.5, -3.5, -2.5, 0.0] [-12.5, -2.5, -1.5, 0.0]
       481 - entry: 4294967295 | exit: 482        | 373        - [inf, inf, inf, 0.0] [-inf, -inf, -inf, 0.0]
       482 - entry: 483        | exit: 484        | 4294967295 - [-13.5, -3.5, -1.5, 0.0] [-12.5, -2.5, -0.5, 0.0]
       483 - entry: 4294967295 | exit: 484        | 374        - [inf, inf, inf, 0.0] [-inf, -inf, -inf, 0.0]
       484 - entry: 485        | exit: 495        | 4294967295 - [-12.5, -3.5, -2.5, 0.0] [-10.5, -2.5, -0.5, 0.0]
       485 - entry: 486        | exit: 490        | 4294967295 - [-12.5, -3.5, -2.5, 0.0] [-10.5, -2.5, -1.5, 0.0]
       486 - entry: 487        | exit: 488        | 4294967295 - [-12.5, -3.5, -2.5, 0.0] [-11.5, -2.5, -1.5, 0.0]
       487 - entry: 4294967295 | exit: 488        | 403        - [inf, inf, inf, 0.0] [-inf, -inf, -inf, 0.0]
       488 - entry: 489        | exit: 490        | 4294967295 - [-11.5, -3.5, -2.5, 0.0] [-10.5, -2.5, -1.5, 0.0]
       489 - entry: 4294967295 | exit: 490        | 433        - [inf, inf, inf, 0.0] [-inf, -inf, -inf, 0.0]
       490 - entry: 491        | exit: 495        | 4294967295 - [-12.5, -3.5, -1.5, 0.0] [-10.5, -2.5, -0.5, 0.0]
       491 - entry: 492        | exit: 493        | 4294967295 - [-12.5, -3.5, -1.5, 0.0] [-11.5, -2.5, -0.5, 0.0]
       492 - entry: 4294967295 | exit: 493        | 404        - [inf, inf, inf, 0.0] [-inf, -inf, -inf, 0.0]
       493 - entry: 494        | exit: 495        | 4294967295 - [-11.5, -3.5, -1.5, 0.0] [-10.5, -2.5, -0.5, 0.0]
       494 - entry: 4294967295 | exit: 495        | 434        - [inf, inf, inf, 0.0] [-inf, -inf, -inf, 0.0]
       495 - entry: 496        | exit: 578        | 4294967295 - [-10.5, -4.68, -8.228001, 0.0] [-7.5, -1.0, -0.29200006, 0.0]
       496 - entry: 497        | exit: 534        | 4294967295 - [-10.5, -4.68, -8.228001, 0.0] [-7.5, -1.55, -4.452, 0.0]
       497 - entry: 498        | exit: 511        | 4294967295 - [-10.5, -4.68, -8.228001, 0.0] [-7.5, -1.55, -6.5, 0.0]
       498 - entry: 499        | exit: 500        | 4294967295 - [-10.42, -4.68, -8.228001, 0.0] [-9.42, -3.6799998, -7.228, 0.0]
       499 - entry: 4294967295 | exit: 500        | 296        - [inf, inf, inf, 0.0] [-inf, -inf, -inf, 0.0]
       500 - entry: 501        | exit: 511        | 4294967295 - [-10.5, -3.5, -7.964, 0.0] [-7.5, -1.55, -6.5, 0.0]
       501 - entry: 502        | exit: 509        | 4294967295 - [-10.5, -3.5, -7.964, 0.0] [-8.5, -1.55, -6.5, 0.0]
       502 - entry: 503        | exit: 504        | 4294967295 - [-10.5, -3.5, -7.5, 0.0] [-9.5, -2.5, -6.5, 0.0]
       503 - entry: 4294967295 | exit: 504        | 458        - [inf, inf, inf, 0.0] [-inf, -inf, -inf, 0.0]
       504 - entry: 505        | exit: 509        | 4294967295 - [-9.71, -3.5, -7.964, 0.0] [-8.5, -1.55, -6.5, 0.0]
       505 - entry: 506        | exit: 507        | 4294967295 - [-9.5, -3.5, -7.5, 0.0] [-8.5, -2.5, -6.5, 0.0]
       506 - entry: 4294967295 | exit: 507        | 488        - [inf, inf, inf, 0.0] [-inf, -inf, -inf, 0.0]
       507 - entry: 508        | exit: 509        | 4294967295 - [-9.71, -2.55, -7.964, 0.0] [-8.71, -1.55, -6.964, 0.0]
       508 - entry: 4294967295 | exit: 509        | 6          - [inf, inf, inf, 0.0] [-inf, -inf, -inf, 0.0]
       509 - entry: 510        | exit: 511        | 4294967295 - [-8.5, -3.5, -7.5, 0.0] [-7.5, -2.5, -6.5, 0.0]
       510 - entry: 4294967295 | exit: 511        | 518        - [inf, inf, inf, 0.0] [-inf, -inf, -inf, 0.0]
       511 - entry: 512        | exit: 534        | 4294967295 - [-10.5, -3.76, -6.676, 0.0] [-7.5, -2.02, -4.452, 0.0]
       512 - entry: 513        | exit: 523        | 4294967295 - [-10.5, -3.5, -6.5, 0.0] [-8.5, -2.5, -4.5, 0.0]
       513 - entry: 514        | exit: 518        | 4294967295 - [-10.5, -3.5, -6.5, 0.0] [-8.5, -2.5, -5.5, 0.0]
       514 - entry: 515        | exit: 516        | 4294967295 - [-10.5, -3.5, -6.5, 0.0] [-9.5, -2.5, -5.5, 0.0]
       515 - entry: 4294967295 | exit: 516        | 459        - [inf, inf, inf, 0.0] [-inf, -inf, -inf, 0.0]
       516 - entry: 517        | exit: 518        | 4294967295 - [-9.5, -3.5, -6.5, 0.0] [-8.5, -2.5, -5.5, 0.0]
       517 - entry: 4294967295 | exit: 518        | 489        - [inf, inf, inf, 0.0] [-inf, -inf, -inf, 0.0]
       518 - entry: 519        | exit: 523        | 4294967295 - [-10.5, -3.5, -5.5, 0.0] [-8.5, -2.5, -4.5, 0.0]
       519 - entry: 520        | exit: 521        | 4294967295 - [-10.5, -3.5, -5.5, 0.0] [-9.5, -2.5, -4.5, 0.0]
       520 - entry: 4294967295 | exit: 521        | 460        - [inf, inf, inf, 0.0] [-inf, -inf, -inf, 0.0]
       521 - entry: 522        | exit: 523        | 4294967295 - [-9.5, -3.5, -5.5, 0.0] [-8.5, -2.5, -4.5, 0.0]
       522 - entry: 4294967295 | exit: 523        | 490        - [inf, inf, inf, 0.0] [-inf, -inf, -inf, 0.0]
       523 - entry: 524        | exit: 534        | 4294967295 - [-8.72, -3.76, -6.676, 0.0] [-7.5, -2.02, -4.452, 0.0]
       524 - entry: 525        | exit: 529        | 4294967295 - [-8.72, -3.5, -6.676, 0.0] [-7.5, -2.02, -5.5, 0.0]
       525 - entry: 526        | exit: 527        | 4294967295 - [-8.5, -3.5, -6.5, 0.0] [-7.5, -2.5, -5.5, 0.0]
       526 - entry: 4294967295 | exit: 527        | 519        - [inf, inf, inf, 0.0] [-inf, -inf, -inf, 0.0]
       527 - entry: 528        | exit: 529        | 4294967295 - [-8.72, -3.02, -6.676, 0.0] [-7.7200003, -2.02, -5.676, 0.0]
       528 - entry: 4294967295 | exit: 529        | 249        - [inf, inf, inf, 0.0] [-inf, -inf, -inf, 0.0]
       529 - entry: 530        | exit: 534        | 4294967295 - [-8.639999, -3.76, -5.5, 0.0] [-7.5, -2.5, -4.452, 0.0]
       530 - entry: 531        | exit: 532        | 4294967295 - [-8.639999, -3.76, -5.452, 0.0] [-7.6399994, -2.76, -4.452, 0.0]
       531 - entry: 4294967295 | exit: 532        | 268        - [inf, inf, inf, 0.0] [-inf, -inf, -inf, 0.0]
       532 - entry: 533        | exit: 534        | 4294967295 - [-8.5, -3.5, -5.5, 0.0] [-7.5, -2.5, -4.5, 0.0]
       533 - entry: 4294967295 | exit: 534        | 520        - [inf, inf, inf, 0.0] [-inf, -inf, -inf, 0.0]
       534 - entry: 535        | exit: 578        | 4294967295 - [-10.5, -4.14, -4.5, 0.0] [-7.5, -1.0, -0.29200006, 0.0]
       535 - entry: 536        | exit: 552        | 4294967295 - [-10.5, -3.5, -4.5, 0.0] [-7.5, -2.5, -2.5, 0.0]
       536 - entry: 537        | exit: 541        | 4294967295 - [-10.5, -3.5, -4.5, 0.0] [-9.5, -2.5, -2.5, 0.0]
       537 - entry: 538        | exit: 539        | 4294967295 - [-10.5, -3.5, -4.5, 0.0] [-9.5, -2.5, -3.5, 0.0]
       538 - entry: 4294967295 | exit: 539        | 461        - [inf, inf, inf, 0.0] [-inf, -inf, -inf, 0.0]
       539 - entry: 540        | exit: 541        | 4294967295 - [-10.5, -3.5, -3.5, 0.0] [-9.5, -2.5, -2.5, 0.0]
       540 - entry: 4294967295 | exit: 541        | 462        - [inf, inf, inf, 0.0] [-inf, -inf, -inf, 0.0]
       541 - entry: 542        | exit: 552        | 4294967295 - [-9.5, -3.5, -4.5, 0.0] [-7.5, -2.5, -2.5, 0.0]
       542 - entry: 543        | exit: 547        | 4294967295 - [-9.5, -3.5, -4.5, 0.0] [-7.5, -2.5, -3.5, 0.0]
       543 - entry: 544        | exit: 545        | 4294967295 - [-9.5, -3.5, -4.5, 0.0] [-8.5, -2.5, -3.5, 0.0]
       544 - entry: 4294967295 | exit: 545        | 491        - [inf, inf, inf, 0.0] [-inf, -inf, -inf, 0.0]
       545 - entry: 546        | exit: 547        | 4294967295 - [-8.5, -3.5, -4.5, 0.0] [-7.5, -2.5, -3.5, 0.0]
       546 - entry: 4294967295 | exit: 547        | 521        - [inf, inf, inf, 0.0] [-inf, -inf, -inf, 0.0]
       547 - entry: 548        | exit: 552        | 4294967295 - [-9.5, -3.5, -3.5, 0.0] [-7.5, -2.5, -2.5, 0.0]
       548 - entry: 549        | exit: 550        | 4294967295 - [-9.5, -3.5, -3.5, 0.0] [-8.5, -2.5, -2.5, 0.0]
       549 - entry: 4294967295 | exit: 550        | 492        - [inf, inf, inf, 0.0] [-inf, -inf, -inf, 0.0]
       550 - entry: 551        | exit: 552        | 4294967295 - [-8.5, -3.5, -3.5, 0.0] [-7.5, -2.5, -2.5, 0.0]
       551 - entry: 4294967295 | exit: 552        | 522        - [inf, inf, inf, 0.0] [-inf, -inf, -inf, 0.0]
       552 - entry: 553        | exit: 578        | 4294967295 - [-10.5, -4.14, -2.628, 0.0] [-7.5, -1.0, -0.29200006, 0.0]
       553 - entry: 554        | exit: 576        | 4294967295 - [-10.5, -4.14, -2.5, 0.0] [-7.5, -2.5, -0.29200006, 0.0]
       554 - entry: 555        | exit: 562        | 4294967295 - [-10.5, -4.14, -2.5, 0.0] [-9.15, -2.5, -0.5, 0.0]
       555 - entry: 556        | exit: 560        | 4294967295 - [-10.5, -4.14, -2.5, 0.0] [-9.15, -2.5, -1.0760001, 0.0]
       556 - entry: 557        | exit: 558        | 4294967295 - [-10.15, -4.14, -2.0760002, 0.0] [-9.15, -3.1399999, -1.0760001, 0.0]
       557 - entry: 4294967295 | exit: 558        | 226        - [inf, inf, inf, 0.0] [-inf, -inf, -inf, 0.0]
       558 - entry: 559        | exit: 560        | 4294967295 - [-10.5, -3.5, -2.5, 0.0] [-9.5, -2.5, -1.5, 0.0]
       559 - entry: 4294967295 | exit: 560        | 463        - [inf, inf, inf, 0.0] [-inf, -inf, -inf, 0.0]
       560 - entry: 561        | exit: 562        | 4294967295 - [-10.5, -3.5, -1.5, 0.0] [-9.5, -2.5, -0.5, 0.0]
       561 - entry: 4294967295 | exit: 562        | 464        - [inf, inf, inf, 0.0] [-inf, -inf, -inf, 0.0]
       562 - entry: 563        | exit: 576        | 4294967295 - [-9.5, -3.6799998, -2.5, 0.0] [-7.5, -2.5, -0.29200006, 0.0]
       563 - entry: 564        | exit: 568        | 4294967295 - [-9.5, -3.5, -2.5, 0.0] [-7.5, -2.5, -1.5, 0.0]
       564 - entry: 565        | exit: 566        | 4294967295 - [-9.5, -3.5, -2.5, 0.0] [-8.5, -2.5, -1.5, 0.0]
       565 - entry: 4294967295 | exit: 566        | 493        - [inf, inf, inf, 0.0] [-inf, -inf, -inf, 0.0]
       566 - entry: 567        | exit: 568        | 4294967295 - [-8.5, -3.5, -2.5, 0.0] [-7.5, -2.5, -1.5, 0.0]
       567 - entry: 4294967295 | exit: 568        | 523        - [inf, inf, inf, 0.0] [-inf, -inf, -inf, 0.0]
       568 - entry: 569        | exit: 576        | 4294967295 - [-9.5, -3.6799998, -1.5, 0.0] [-7.5, -2.5, -0.29200006, 0.0]
       569 - entry: 570        | exit: 571        | 4294967295 - [-9.5, -3.5, -1.5, 0.0] [-8.5, -2.5, -0.5, 0.0]
       570 - entry: 4294967295 | exit: 571        | 494        - [inf, inf, inf, 0.0] [-inf, -inf, -inf, 0.0]
       571 - entry: 572        | exit: 576        | 4294967295 - [-8.7, -3.6799998, -1.5, 0.0] [-7.5, -2.5, -0.29200006, 0.0]
       572 - entry: 573        | exit: 574        | 4294967295 - [-8.5, -3.5, -1.5, 0.0] [-7.5, -2.5, -0.5, 0.0]
       573 - entry: 4294967295 | exit: 574        | 524        - [inf, inf, inf, 0.0] [-inf, -inf, -inf, 0.0]
       574 - entry: 575        | exit: 576        | 4294967295 - [-8.7, -3.6799998, -1.292, 0.0] [-7.7, -2.6799998, -0.29200006, 0.0]
       575 - entry: 4294967295 | exit: 576        | 232        - [inf, inf, inf, 0.0] [-inf, -inf, -inf, 0.0]
       576 - entry: 577        | exit: 578        | 4294967295 - [-10.04, -2.0, -2.628, 0.0] [-9.04, -1.0, -1.628, 0.0]
       577 - entry: 4294967295 | exit: 578        | 110        - [inf, inf, inf, 0.0] [-inf, -inf, -inf, 0.0]
       578 - entry: 579        | exit: 793        | 4294967295 - [-7.91, -10.12, -7.852, 0.0] [-0.029999971, -0.19, 0.011999965, 0.0]
       579 - entry: 580        | exit: 617        | 4294967295 - [-7.64, -10.12, -7.852, 0.0] [-0.029999971, -3.23, -0.16400003, 0.0]
       580 - entry: 581        | exit: 603        | 4294967295 - [-7.64, -10.12, -7.852, 0.0] [-1.18, -3.23, -3.4600003, 0.0]
       581 - entry: 582        | exit: 592        | 4294967295 - [-5.46, -10.12, -7.852, 0.0] [-1.75, -5.7999997, -3.7000003, 0.0]
       582 - entry: 583        | exit: 587        | 4294967295 - [-5.46, -10.12, -5.9080005, 0.0] [-3.33, -8.429999, -3.7000003, 0.0]
       583 - entry: 584        | exit: 585        | 4294967295 - [-4.33, -10.12, -5.9080005, 0.0] [-3.33, -9.12, -4.9080005, 0.0]
       584 - entry: 4294967295 | exit: 585        | 141        - [inf, inf, inf, 0.0] [-inf, -inf, -inf, 0.0]
       585 - entry: 586        | exit: 587        | 4294967295 - [-5.46, -9.429999, -4.7000003, 0.0] [-4.46, -8.429999, -3.7000003, 0.0]
       586 - entry: 4294967295 | exit: 587        | 184        - [inf, inf, inf, 0.0] [-inf, -inf, -inf, 0.0]
       587 - entry: 588        | exit: 592        | 4294967295 - [-5.35, -7.69, -7.852, 0.0] [-1.75, -5.7999997, -5.7640004, 0.0]
       588 - entry: 589        | exit: 590        | 4294967295 - [-5.35, -7.69, -6.7640004, 0.0] [-4.35, -6.69, -5.7640004, 0.0]
       589 - entry: 4294967295 | exit: 590        | 197        - [inf, inf, inf, 0.0] [-inf, -inf, -inf, 0.0]
       590 - entry: 591        | exit: 592        | 4294967295 - [-2.75, -6.7999997, -7.852, 0.0] [-1.75, -5.7999997, -6.852, 0.0]
       591 - entry: 4294967295 | exit: 592        | 134        - [inf, inf, inf, 0.0] [-inf, -inf, -inf, 0.0]
       592 - entry: 593        | exit: 603        | 4294967295 - [-7.64, -5.44, -7.1400003, 0.0] [-1.18, -3.23, -3.4600003, 0.0]
       593 - entry: 594        | exit: 598        | 4294967295 - [-7.64, -5.44, -5.4360003, 0.0] [-6.21, -4.19, -3.4600003, 0.0]
       594 - entry: 595        | exit: 596        | 4294967295 - [-7.21, -5.19, -5.4360003, 0.0] [-6.21, -4.19, -4.4360003, 0.0]
       595 - entry: 4294967295 | exit: 596        | 206        - [inf, inf, inf, 0.0] [-inf, -inf, -inf, 0.0]
       596 - entry: 597        | exit: 598        | 4294967295 - [-7.64, -5.44, -4.46, 0.0] [-6.64, -4.44, -3.4600003, 0.0]
       597 - entry: 4294967295 | exit: 598        | 209        - [inf, inf, inf, 0.0] [-inf, -inf, -inf, 0.0]
       598 - entry: 599        | exit: 603        | 4294967295 - [-3.96, -4.2799997, -7.1400003, 0.0] [-1.18, -3.23, -4.044, 0.0]
       599 - entry: 600        | exit: 601        | 4294967295 - [-3.96, -4.2799997, -7.1400003, 0.0] [-2.96, -3.28, -6.1400003, 0.0]
       600 - entry: 4294967295 | exit: 601        | 28         - [inf, inf, inf, 0.0] [-inf, -inf, -inf, 0.0]
       601 - entry: 602        | exit: 603        | 4294967295 - [-2.1799998, -4.23, -5.044, 0.0] [-1.18, -3.23, -4.044, 0.0]
       602 - entry: 4294967295 | exit: 603        | 54         - [inf, inf, inf, 0.0] [-inf, -inf, -inf, 0.0]
       603 - entry: 604        | exit: 617        | 4294967295 - [-6.94, -9.889999, -2.9880002, 0.0] [-0.029999971, -3.79, -0.16400003, 0.0]
       604 - entry: 605        | exit: 609        | 4294967295 - [-6.94, -7.43, -1.916, 0.0] [-3.31, -3.79, -0.16400003, 0.0]
       605 - entry: 606        | exit: 607        | 4294967295 - [-4.31, -7.43, -1.164, 0.0] [-3.31, -6.43, -0.16400003, 0.0]
       606 - entry: 4294967295 | exit: 607        | 164        - [inf, inf, inf, 0.0] [-inf, -inf, -inf, 0.0]
       607 - entry: 608        | exit: 609        | 4294967295 - [-6.94, -4.79, -1.916, 0.0] [-5.94, -3.79, -0.916, 0.0]
       608 - entry: 4294967295 | exit: 609        | 0          - [inf, inf, inf, 0.0] [-inf, -inf, -inf, 0.0]
       609 - entry: 610        | exit: 617        | 4294967295 - [-1.8299999, -9.889999, -2.9880002, 0.0] [-0.029999971, -7.8, -0.82000005, 0.0]
       610 - entry: 611        | exit: 615        | 4294967295 - [-1.8299999, -9.889999, -2.9880002, 0.0] [-0.65, -8.45, -1.4760001, 0.0]
       611 - entry: 612        | exit: 613        | 4294967295 - [-1.65, -9.889999, -2.9880002, 0.0] [-0.65, -8.889999, -1.9880002, 0.0]
       612 - entry: 4294967295 | exit: 613        | 107        - [inf, inf, inf, 0.0] [-inf, -inf, -inf, 0.0]
       613 - entry: 614        | exit: 615        | 4294967295 - [-1.8299999, -9.45, -2.476, 0.0] [-0.8299999, -8.45, -1.4760001, 0.0]
       614 - entry: 4294967295 | exit: 615        | 165        - [inf, inf, inf, 0.0] [-inf, -inf, -inf, 0.0]
       615 - entry: 616        | exit: 617        | 4294967295 - [-1.03, -8.8, -1.82, 0.0] [-0.029999971, -7.8, -0.82000005, 0.0]
       616 - entry: 4294967295 | exit: 617        | 2          - [inf, inf, inf, 0.0] [-inf, -inf, -inf, 0.0]
       617 - entry: 618        | exit: 793        | 4294967295 - [-7.91, -3.71, -7.5, 0.0] [-0.5, -0.19, 0.011999965, 0.0]
       618 - entry: 619        | exit: 716        | 4294967295 - [-7.91, -3.5, -7.5, 0.0] [-0.5, -0.25, -3.5, 0.0]
       619 - entry: 620        | exit: 660        | 4294967295 - [-7.91, -3.5, -7.5, 0.0] [-4.5, -1.6399999, -3.5, 0.0]
       620 - entry: 621        | exit: 637        | 4294967295 - [-7.5, -3.5, -7.5, 0.0] [-4.5, -2.5, -5.5, 0.0]
       621 - entry: 622        | exit: 626        | 4294967295 - [-7.5, -3.5, -7.5, 0.0] [-6.5, -2.5, -5.5, 0.0]
       622 - entry: 623        | exit: 624        | 4294967295 - [-7.5, -3.5, -7.5, 0.0] [-6.5, -2.5, -6.5, 0.0]
       623 - entry: 4294967295 | exit: 624        | 548        - [inf, inf, inf, 0.0] [-inf, -inf, -inf, 0.0]
       624 - entry: 625        | exit: 626        | 4294967295 - [-7.5, -3.5, -6.5, 0.0] [-6.5, -2.5, -5.5, 0.0]
       625 - entry: 4294967295 | exit: 626        | 549        - [inf, inf, inf, 0.0] [-inf, -inf, -inf, 0.0]
       626 - entry: 627        | exit: 637        | 4294967295 - [-6.5, -3.5, -7.5, 0.0] [-4.5, -2.5, -5.5, 0.0]
       627 - entry: 628        | exit: 632        | 4294967295 - [-6.5, -3.5, -7.5, 0.0] [-4.5, -2.5, -6.5, 0.0]
       628 - entry: 629        | exit: 630        | 4294967295 - [-6.5, -3.5, -7.5, 0.0] [-5.5, -2.5, -6.5, 0.0]
       629 - entry: 4294967295 | exit: 630        | 578        - [inf, inf, inf, 0.0] [-inf, -inf, -inf, 0.0]
       630 - entry: 631        | exit: 632        | 4294967295 - [-5.5, -3.5, -7.5, 0.0] [-4.5, -2.5, -6.5, 0.0]
       631 - entry: 4294967295 | exit: 632        | 608        - [inf, inf, inf, 0.0] [-inf, -inf, -inf, 0.0]
       632 - entry: 633        | exit: 637        | 4294967295 - [-6.5, -3.5, -6.5, 0.0] [-4.5, -2.5, -5.5, 0.0]
       633 - entry: 634        | exit: 635        | 4294967295 - [-6.5, -3.5, -6.5, 0.0] [-5.5, -2.5, -5.5, 0.0]
       634 - entry: 4294967295 | exit: 635        | 579        - [inf, inf, inf, 0.0] [-inf, -inf, -inf, 0.0]
       635 - entry: 636        | exit: 637        | 4294967295 - [-5.5, -3.5, -6.5, 0.0] [-4.5, -2.5, -5.5, 0.0]
       636 - entry: 4294967295 | exit: 637        | 609        - [inf, inf, inf, 0.0] [-inf, -inf, -inf, 0.0]
       637 - entry: 638        | exit: 660        | 4294967295 - [-7.91, -3.5, -5.6120005, 0.0] [-4.5, -1.6399999, -3.5, 0.0]
       638 - entry: 639        | exit: 649        | 4294967295 - [-7.91, -3.5, -5.6120005, 0.0] [-5.97, -1.6399999, -3.5, 0.0]
       639 - entry: 640        | exit: 644        | 4294967295 - [-7.5, -3.5, -5.6120005, 0.0] [-5.97, -1.6399999, -4.5, 0.0]
       640 - entry: 641        | exit: 642        | 4294967295 - [-7.5, -3.5, -5.5, 0.0] [-6.5, -2.5, -4.5, 0.0]
       641 - entry: 4294967295 | exit: 642        | 550        - [inf, inf, inf, 0.0] [-inf, -inf, -inf, 0.0]
       642 - entry: 643        | exit: 644        | 4294967295 - [-6.97, -2.6399999, -5.6120005, 0.0] [-5.97, -1.6399999, -4.6120005, 0.0]
       643 - entry: 4294967295 | exit: 644        | 285        - [inf, inf, inf, 0.0] [-inf, -inf, -inf, 0.0]
       644 - entry: 645        | exit: 649        | 4294967295 - [-7.91, -3.5, -5.2200003, 0.0] [-6.5, -2.1399999, -3.5, 0.0]
       645 - entry: 646        | exit: 647        | 4294967295 - [-7.91, -3.1399999, -5.2200003, 0.0] [-6.91, -2.1399999, -4.2200003, 0.0]
       646 - entry: 4294967295 | exit: 647        | 241        - [inf, inf, inf, 0.0] [-inf, -inf, -inf, 0.0]
       647 - entry: 648        | exit: 649        | 4294967295 - [-7.5, -3.5, -4.5, 0.0] [-6.5, -2.5, -3.5, 0.0]
       648 - entry: 4294967295 | exit: 649        | 551        - [inf, inf, inf, 0.0] [-inf, -inf, -inf, 0.0]
       649 - entry: 650        | exit: 660        | 4294967295 - [-6.5, -3.5, -5.5, 0.0] [-4.5, -2.5, -3.5, 0.0]
       650 - entry: 651        | exit: 655        | 4294967295 - [-6.5, -3.5, -5.5, 0.0] [-4.5, -2.5, -4.5, 0.0]
       651 - entry: 652        | exit: 653        | 4294967295 - [-6.5, -3.5, -5.5, 0.0] [-5.5, -2.5, -4.5, 0.0]
       652 - entry: 4294967295 | exit: 653        | 580        - [inf, inf, inf, 0.0] [-inf, -inf, -inf, 0.0]
       653 - entry: 654        | exit: 655        | 4294967295 - [-5.5, -3.5, -5.5, 0.0] [-4.5, -2.5, -4.5, 0.0]
       654 - entry: 4294967295 | exit: 655        | 610        - [inf, inf, inf, 0.0] [-inf, -inf, -inf, 0.0]
       655 - entry: 656        | exit: 660        | 4294967295 - [-6.5, -3.5, -4.5, 0.0] [-4.5, -2.5, -3.5, 0.0]
       656 - entry: 657        | exit: 658        | 4294967295 - [-6.5, -3.5, -4.5, 0.0] [-5.5, -2.5, -3.5, 0.0]
       657 - entry: 4294967295 | exit: 658        | 581        - [inf, inf, inf, 0.0] [-inf, -inf, -inf, 0.0]
       658 - entry: 659        | exit: 660        | 4294967295 - [-5.5, -3.5, -4.5, 0.0] [-4.5, -2.5, -3.5, 0.0]
       659 - entry: 4294967295 | exit: 660        | 611        - [inf, inf, inf, 0.0] [-inf, -inf, -inf, 0.0]
       660 - entry: 661        | exit: 716        | 4294967295 - [-4.5, -3.5, -7.5, 0.0] [-0.5, -0.25, -3.5, 0.0]
       661 - entry: 662        | exit: 684        | 4294967295 - [-4.5, -3.5, -7.5, 0.0] [-0.5, -2.5, -5.5, 0.0]
       662 - entry: 663        | exit: 673        | 4294967295 - [-4.5, -3.5, -7.5, 0.0] [-2.5, -2.5, -5.5, 0.0]
       663 - entry: 664        | exit: 668        | 4294967295 - [-4.5, -3.5, -7.5, 0.0] [-2.5, -2.5, -6.5, 0.0]
       664 - entry: 665        | exit: 666        | 4294967295 - [-4.5, -3.5, -7.5, 0.0] [-3.5, -2.5, -6.5, 0.0]
       665 - entry: 4294967295 | exit: 666        | 638        - [inf, inf, inf, 0.0] [-inf, -inf, -inf, 0.0]
       666 - entry: 667        | exit: 668        | 4294967295 - [-3.5, -3.5, -7.5, 0.0] [-2.5, -2.5, -6.5, 0.0]
       667 - entry: 4294967295 | exit: 668        | 668        - [inf, inf, inf, 0.0] [-inf, -inf, -inf, 0.0]
       668 - entry: 669        | exit: 673        | 4294967295 - [-4.5, -3.5, -6.5, 0.0] [-2.5, -2.5, -5.5, 0.0]
       669 - entry: 670        | exit: 671        | 4294967295 - [-4.5, -3.5, -6.5, 0.0] [-3.5, -2.5, -5.5, 0.0]
       670 - entry: 4294967295 | exit: 671        | 639        - [inf, inf, inf, 0.0] [-inf, -inf, -inf, 0.0]
       671 - entry: 672        | exit: 673        | 4294967295 - [-3.5, -3.5, -6.5, 0.0] [-2.5, -2.5, -5.5, 0.0]
       672 - entry: 4294967295 | exit: 673        | 669        - [inf, inf, inf, 0.0] [-inf, -inf, -inf, 0.0]
       673 - entry: 674        | exit: 684        | 4294967295 - [-2.5, -3.5, -7.5, 0.0] [-0.5, -2.5, -5.5, 0.0]
       674 - entry: 675        | exit: 679        | 4294967295 - [-2.5, -3.5, -7.5, 0.0] [-0.5, -2.5, -6.5, 0.0]
       675 - entry: 676        | exit: 677        | 4294967295 - [-2.5, -3.5, -7.5, 0.0] [-1.5, -2.5, -6.5, 0.0]
       676 - entry: 4294967295 | exit: 677        | 698        - [inf, inf, inf, 0.0] [-inf, -inf, -inf, 0.0]
       677 - entry: 678        | exit: 679        | 4294967295 - [-1.5, -3.5, -7.5, 0.0] [-0.5, -2.5, -6.5, 0.0]
       678 - entry: 4294967295 | exit: 679        | 728        - [inf, inf, inf, 0.0] [-inf, -inf, -inf, 0.0]
       679 - entry: 680        | exit: 684        | 4294967295 - [-2.5, -3.5, -6.5, 0.0] [-0.5, -2.5, -5.5, 0.0]
       680 - entry: 681        | exit: 682        | 4294967295 - [-2.5, -3.5, -6.5, 0.0] [-1.5, -2.5, -5.5, 0.0]
       681 - entry: 4294967295 | exit: 682        | 699        - [inf, inf, inf, 0.0] [-inf, -inf, -inf, 0.0]
       682 - entry: 683        | exit: 684        | 4294967295 - [-1.5, -3.5, -6.5, 0.0] [-0.5, -2.5, -5.5, 0.0]
       683 - entry: 4294967295 | exit: 684        | 729        - [inf, inf, inf, 0.0] [-inf, -inf, -inf, 0.0]
       684 - entry: 685        | exit: 716        | 4294967295 - [-4.5, -3.5, -6.268, 0.0] [-0.5, -0.25, -3.5, 0.0]
       685 - entry: 686        | exit: 702        | 4294967295 - [-4.5, -3.5, -6.268, 0.0] [-2.5, -0.26, -3.5, 0.0]
       686 - entry: 687        | exit: 697        | 4294967295 - [-4.5, -3.5, -5.5, 0.0] [-2.5, -2.5, -3.5, 0.0]
       687 - entry: 688        | exit: 692        | 4294967295 - [-4.5, -3.5, -5.5, 0.0] [-2.5, -2.5, -4.5, 0.0]
       688 - entry: 689        | exit: 690        | 4294967295 - [-4.5, -3.5, -5.5, 0.0] [-3.5, -2.5, -4.5, 0.0]
       689 - entry: 4294967295 | exit: 690        | 640        - [inf, inf, inf, 0.0] [-inf, -inf, -inf, 0.0]
       690 - entry: 691        | exit: 692        | 4294967295 - [-3.5, -3.5, -5.5, 0.0] [-2.5, -2.5, -4.5, 0.0]
       691 - entry: 4294967295 | exit: 692        | 670        - [inf, inf, inf, 0.0] [-inf, -inf, -inf, 0.0]
       692 - entry: 693        | exit: 697        | 4294967295 - [-4.5, -3.5, -4.5, 0.0] [-2.5, -2.5, -3.5, 0.0]
       693 - entry: 694        | exit: 695        | 4294967295 - [-4.5, -3.5, -4.5, 0.0] [-3.5, -2.5, -3.5, 0.0]
       694 - entry: 4294967295 | exit: 695        | 641        - [inf, inf, inf, 0.0] [-inf, -inf, -inf, 0.0]
       695 - entry: 696        | exit: 697        | 4294967295 - [-3.5, -3.5, -4.5, 0.0] [-2.5, -2.5, -3.5, 0.0]
       696 - entry: 4294967295 | exit: 697        | 671        - [inf, inf, inf, 0.0] [-inf, -inf, -inf, 0.0]
       697 - entry: 698        | exit: 702        | 4294967295 - [-3.74, -1.46, -6.268, 0.0] [-2.51, -0.26, -4.4360003, 0.0]
       698 - entry: 699        | exit: 700        | 4294967295 - [-3.51, -1.26, -6.268, 0.0] [-2.51, -0.26, -5.268, 0.0]
       699 - entry: 4294967295 | exit: 700        | 14         - [inf, inf, inf, 0.0] [-inf, -inf, -inf, 0.0]
       700 - entry: 701        | exit: 702        | 4294967295 - [-3.74, -1.46, -5.4360003, 0.0] [-2.74, -0.45999998, -4.4360003, 0.0]
       701 - entry: 4294967295 | exit: 702        | 281        - [inf, inf, inf, 0.0] [-inf, -inf, -inf, 0.0]
       702 - entry: 703        | exit: 716        | 4294967295 - [-2.77, -3.5, -5.5, 0.0] [-0.5, -0.25, -3.5, 0.0]
       703 - entry: 704        | exit: 714        | 4294967295 - [-2.5, -3.5, -5.5, 0.0] [-0.5, -2.5, -3.5, 0.0]
       704 - entry: 705        | exit: 709        | 4294967295 - [-2.5, -3.5, -5.5, 0.0] [-0.5, -2.5, -4.5, 0.0]
       705 - entry: 706        | exit: 707        | 4294967295 - [-2.5, -3.5, -5.5, 0.0] [-1.5, -2.5, -4.5, 0.0]
       706 - entry: 4294967295 | exit: 707        | 700        - [inf, inf, inf, 0.0] [-inf, -inf, -inf, 0.0]
       707 - entry: 708        | exit: 709        | 4294967295 - [-1.5, -3.5, -5.5, 0.0] [-0.5, -2.5, -4.5, 0.0]
       708 - entry: 4294967295 | exit: 709        | 730        - [inf, inf, inf, 0.0] [-inf, -inf, -inf, 0.0]
       709 - entry: 710        | exit: 714        | 4294967295 - [-2.5, -3.5, -4.5, 0.0] [-0.5, -2.5, -3.5, 0.0]
       710 - entry: 711        | exit: 712        | 4294967295 - [-2.5, -3.5, -4.5, 0.0] [-1.5, -2.5, -3.5, 0.0]
       711 - entry: 4294967295 | exit: 712        | 701        - [inf, inf, inf, 0.0] [-inf, -inf, -inf, 0.0]
       712 - entry: 713        | exit: 714        | 4294967295 - [-1.5, -3.5, -4.5, 0.0] [-0.5, -2.5, -3.5, 0.0]
       713 - entry: 4294967295 | exit: 714        | 731        - [inf, inf, inf, 0.0] [-inf, -inf, -inf, 0.0]
       714 - entry: 715        | exit: 716        | 4294967295 - [-2.77, -1.25, -4.5080004, 0.0] [-1.77, -0.25, -3.5080004, 0.0]
       715 - entry: 4294967295 | exit: 716        | 123        - [inf, inf, inf, 0.0] [-inf, -inf, -inf, 0.0]
       716 - entry: 717        | exit: 793        | 4294967295 - [-7.5, -3.71, -3.844, 0.0] [-0.5, -0.19, 0.011999965, 0.0]
       717 - entry: 718        | exit: 755        | 4294967295 - [-7.5, -3.5, -3.844, 0.0] [-3.5, -0.92999995, -0.5, 0.0]
       718 - entry: 719        | exit: 744        | 4294967295 - [-7.5, -3.5, -3.5, 0.0] [-4.5, -2.5, -0.5, 0.0]
       719 - entry: 720        | exit: 727        | 4294967295 - [-7.5, -3.5, -3.5, 0.0] [-4.5, -2.5, -2.5, 0.0]
       720 - entry: 721        | exit: 722        | 4294967295 - [-7.5, -3.5, -3.5, 0.0] [-6.5, -2.5, -2.5, 0.0]
       721 - entry: 4294967295 | exit: 722        | 552        - [inf, inf, inf, 0.0] [-inf, -inf, -inf, 0.0]
       722 - entry: 723        | exit: 727        | 4294967295 - [-6.5, -3.5, -3.5, 0.0] [-4.5, -2.5, -2.5, 0.0]
       723 - entry: 724        | exit: 725        | 4294967295 - [-6.5, -3.5, -3.5, 0.0] [-5.5, -2.5, -2.5, 0.0]
       724 - entry: 4294967295 | exit: 725        | 582        - [inf, inf, inf, 0.0] [-inf, -inf, -inf, 0.0]
       725 - entry: 726        | exit: 727        | 4294967295 - [-5.5, -3.5, -3.5, 0.0] [-4.5, -2.5, -2.5, 0.0]
       726 - entry: 4294967295 | exit: 727        | 612        - [inf, inf, inf, 0.0] [-inf, -inf, -inf, 0.0]
       727 - entry: 728        | exit: 744        | 4294967295 - [-7.5, -3.5, -2.5, 0.0] [-4.5, -2.5, -0.5, 0.0]
       728 - entry: 729        | exit: 733        | 4294967295 - [-7.5, -3.5, -2.5, 0.0] [-6.5, -2.5, -0.5, 0.0]
       729 - entry: 730        | exit: 731        | 4294967295 - [-7.5, -3.5, -2.5, 0.0] [-6.5, -2.5, -1.5, 0.0]
       730 - entry: 4294967295 | exit: 731        | 553        - [inf, inf, inf, 0.0] [-inf, -inf, -inf, 0.0]
       731 - entry: 732        | exit: 733        | 4294967295 - [-7.5, -3.5, -1.5, 0.0] [-6.5, -2.5, -0.5, 0.0]
       732 - entry: 4294967295 | exit: 733        | 554        - [inf, inf, inf, 0.0] [-inf, -inf, -inf, 0.0]
       733 - entry: 734        | exit: 744        | 4294967295 - [-6.5, -3.5, -2.5, 0.0] [-4.5, -2.5, -0.5, 0.0]
       734 - entry: 735        | exit: 739        | 4294967295 - [-6.5, -3.5, -2.5, 0.0] [-4.5, -2.5, -1.5, 0.0]
       735 - entry: 736        | exit: 737        | 4294967295 - [-6.5, -3.5, -2.5, 0.0] [-5.5, -2.5, -1.5, 0.0]
       736 - entry: 4294967295 | exit: 737        | 583        - [inf, inf, inf, 0.0] [-inf, -inf, -inf, 0.0]
       737 - entry: 738        | exit: 739        | 4294967295 - [-5.5, -3.5, -2.5, 0.0] [-4.5, -2.5, -1.5, 0.0]
       738 - entry: 4294967295 | exit: 739        | 613        - [inf, inf, inf, 0.0] [-inf, -inf, -inf, 0.0]
       739 - entry: 740        | exit: 744        | 4294967295 - [-6.5, -3.5, -1.5, 0.0] [-4.5, -2.5, -0.5, 0.0]
       740 - entry: 741        | exit: 742        | 4294967295 - [-6.5, -3.5, -1.5, 0.0] [-5.5, -2.5, -0.5, 0.0]
       741 - entry: 4294967295 | exit: 742        | 584        - [inf, inf, inf, 0.0] [-inf, -inf, -inf, 0.0]
       742 - entry: 743        | exit: 744        | 4294967295 - [-5.5, -3.5, -1.5, 0.0] [-4.5, -2.5, -0.5, 0.0]
       743 - entry: 4294967295 | exit: 744        | 614        - [inf, inf, inf, 0.0] [-inf, -inf, -inf, 0.0]
       744 - entry: 745        | exit: 755        | 4294967295 - [-4.77, -3.5, -3.844, 0.0] [-3.5, -0.92999995, -0.5, 0.0]
       745 - entry: 746        | exit: 750        | 4294967295 - [-4.77, -3.5, -3.844, 0.0] [-3.5, -0.92999995, -2.5, 0.0]
       746 - entry: 747        | exit: 748        | 4294967295 - [-4.5, -3.5, -3.5, 0.0] [-3.5, -2.5, -2.5, 0.0]
       747 - entry: 4294967295 | exit: 748        | 642        - [inf, inf, inf, 0.0] [-inf, -inf, -inf, 0.0]
       748 - entry: 749        | exit: 750        | 4294967295 - [-4.77, -1.93, -3.844, 0.0] [-3.77, -0.92999995, -2.844, 0.0]
       749 - entry: 4294967295 | exit: 750        | 78         - [inf, inf, inf, 0.0] [-inf, -inf, -inf, 0.0]
       750 - entry: 751        | exit: 755        | 4294967295 - [-4.5, -3.5, -2.5, 0.0] [-3.5, -2.5, -0.5, 0.0]
       751 - entry: 752        | exit: 753        | 4294967295 - [-4.5, -3.5, -2.5, 0.0] [-3.5, -2.5, -1.5, 0.0]
       752 - entry: 4294967295 | exit: 753        | 643        - [inf, inf, inf, 0.0] [-inf, -inf, -inf, 0.0]
       753 - entry: 754        | exit: 755        | 4294967295 - [-4.5, -3.5, -1.5, 0.0] [-3.5, -2.5, -0.5, 0.0]
       754 - entry: 4294967295 | exit: 755        | 644        - [inf, inf, inf, 0.0] [-inf, -inf, -inf, 0.0]
       755 - entry: 756        | exit: 793        | 4294967295 - [-3.62, -3.71, -3.5, 0.0] [-0.5, -0.19, 0.011999965, 0.0]
       756 - entry: 757        | exit: 785        | 4294967295 - [-3.5, -3.71, -3.5, 0.0] [-0.5, -2.5, -0.5, 0.0]
       757 - entry: 758        | exit: 768        | 4294967295 - [-3.5, -3.71, -3.5, 0.0] [-0.5, -2.5, -2.2680001, 0.0]
       758 - entry: 759        | exit: 763        | 4294967295 - [-3.5, -3.71, -3.5, 0.0] [-2.25, -2.5, -2.2680001, 0.0]
       759 - entry: 760        | exit: 761        | 4294967295 - [-3.5, -3.5, -3.5, 0.0] [-2.5, -2.5, -2.5, 0.0]
       760 - entry: 4294967295 | exit: 761        | 672        - [inf, inf, inf, 0.0] [-inf, -inf, -inf, 0.0]
       761 - entry: 762        | exit: 763        | 4294967295 - [-3.25, -3.71, -3.2680001, 0.0] [-2.25, -2.71, -2.2680001, 0.0]
       762 - entry: 4294967295 | exit: 763        | 121        - [inf, inf, inf, 0.0] [-inf, -inf, -inf, 0.0]
       763 - entry: 764        | exit: 768        | 4294967295 - [-2.5, -3.5, -3.5, 0.0] [-0.5, -2.5, -2.5, 0.0]
       764 - entry: 765        | exit: 766        | 4294967295 - [-2.5, -3.5, -3.5, 0.0] [-1.5, -2.5, -2.5, 0.0]
       765 - entry: 4294967295 | exit: 766        | 702        - [inf, inf, inf, 0.0] [-inf, -inf, -inf, 0.0]
       766 - entry: 767        | exit: 768        | 4294967295 - [-1.5, -3.5, -3.5, 0.0] [-0.5, -2.5, -2.5, 0.0]
       767 - entry: 4294967295 | exit: 768        | 732        - [inf, inf, inf, 0.0] [-inf, -inf, -inf, 0.0]
       768 - entry: 769        | exit: 785        | 4294967295 - [-3.5, -3.5, -2.5, 0.0] [-0.5, -2.5, -0.5, 0.0]
       769 - entry: 770        | exit: 774        | 4294967295 - [-3.5, -3.5, -2.5, 0.0] [-2.5, -2.5, -0.5, 0.0]
       770 - entry: 771        | exit: 772        | 4294967295 - [-3.5, -3.5, -2.5, 0.0] [-2.5, -2.5, -1.5, 0.0]
       771 - entry: 4294967295 | exit: 772        | 673        - [inf, inf, inf, 0.0] [-inf, -inf, -inf, 0.0]
       772 - entry: 773        | exit: 774        | 4294967295 - [-3.5, -3.5, -1.5, 0.0] [-2.5, -2.5, -0.5, 0.0]
       773 - entry: 4294967295 | exit: 774        | 674        - [inf, inf, inf, 0.0] [-inf, -inf, -inf, 0.0]
       774 - entry: 775        | exit: 785        | 4294967295 - [-2.5, -3.5, -2.5, 0.0] [-0.5, -2.5, -0.5, 0.0]
       775 - entry: 776        | exit: 780        | 4294967295 - [-2.5, -3.5, -2.5, 0.0] [-0.5, -2.5, -1.5, 0.0]
       776 - entry: 777        | exit: 778        | 4294967295 - [-2.5, -3.5, -2.5, 0.0] [-1.5, -2.5, -1.5, 0.0]
       777 - entry: 4294967295 | exit: 778        | 703        - [inf, inf, inf, 0.0] [-inf, -inf, -inf, 0.0]
       778 - entry: 779        | exit: 780        | 4294967295 - [-1.5, -3.5, -2.5, 0.0] [-0.5, -2.5, -1.5, 0.0]
       779 - entry: 4294967295 | exit: 780        | 733        - [inf, inf, inf, 0.0] [-inf, -inf, -inf, 0.0]
       780 - entry: 781        | exit: 785        | 4294967295 - [-2.5, -3.5, -1.5, 0.0] [-0.5, -2.5, -0.5, 0.0]
       781 - entry: 782        | exit: 783        | 4294967295 - [-2.5, -3.5, -1.5, 0.0] [-1.5, -2.5, -0.5, 0.0]
       782 - entry: 4294967295 | exit: 783        | 704        - [inf, inf, inf, 0.0] [-inf, -inf, -inf, 0.0]
       783 - entry: 784        | exit: 785        | 4294967295 - [-1.5, -3.5, -1.5, 0.0] [-0.5, -2.5, -0.5, 0.0]
       784 - entry: 4294967295 | exit: 785        | 734        - [inf, inf, inf, 0.0] [-inf, -inf, -inf, 0.0]
       785 - entry: 786        | exit: 793        | 4294967295 - [-3.62, -2.96, -2.4520001, 0.0] [-1.15, -0.19, 0.011999965, 0.0]
       786 - entry: 787        | exit: 788        | 4294967295 - [-3.62, -2.96, -2.1880002, 0.0] [-2.62, -1.96, -1.1880001, 0.0]
       787 - entry: 4294967295 | exit: 788        | 271        - [inf, inf, inf, 0.0] [-inf, -inf, -inf, 0.0]
       788 - entry: 789        | exit: 793        | 4294967295 - [-2.54, -1.86, -2.4520001, 0.0] [-1.15, -0.19, 0.011999965, 0.0]
       789 - entry: 790        | exit: 791        | 4294967295 - [-2.15, -1.86, -2.4520001, 0.0] [-1.15, -0.86, -1.4520001, 0.0]
       790 - entry: 4294967295 | exit: 791        | 146        - [inf, inf, inf, 0.0] [-inf, -inf, -inf, 0.0]
       791 - entry: 792        | exit: 793        | 4294967295 - [-2.54, -1.19, -0.98800004, 0.0] [-1.54, -0.19, 0.011999965, 0.0]
       792 - entry: 4294967295 | exit: 793        | 41         - [inf, inf, inf, 0.0] [-inf, -inf, -inf, 0.0]
       793 - entry: 794        | exit: 888        | 4294967295 - [-10.42, -0.28, -8.396, 0.0] [-0.18, 9.7699995, -0.25200003, 0.0]
       794 - entry: 795        | exit: 826        | 4294967295 - [-10.42, 1.12, -8.396, 0.0] [-6.44, 8.91, -0.31600004, 0.0]
       795 - entry: 796        | exit: 812        | 4294967295 - [-10.42, 1.23, -8.396, 0.0] [-6.44, 8.91, -5.524, 0.0]
       796 - entry: 797        | exit: 807        | 4294967295 - [-10.42, 1.23, -8.396, 0.0] [-6.44, 5.6, -6.2440004, 0.0]
       797 - entry: 798        | exit: 802        | 4294967295 - [-10.25, 1.23, -8.396, 0.0] [-6.44, 3.6599998, -6.2920003, 0.0]
       798 - entry: 799        | exit: 800        | 4294967295 - [-10.25, 2.6599998, -7.2920003, 0.0] [-9.25, 3.6599998, -6.2920003, 0.0]
       799 - entry: 4294967295 | exit: 800        | 152        - [inf, inf, inf, 0.0] [-inf, -inf, -inf, 0.0]
       800 - entry: 801        | exit: 802        | 4294967295 - [-7.44, 1.23, -8.396, 0.0] [-6.44, 2.23, -7.3960004, 0.0]
       801 - entry: 4294967295 | exit: 802        | 4          - [inf, inf, inf, 0.0] [-inf, -inf, -inf, 0.0]
       802 - entry: 803        | exit: 807        | 4294967295 - [-10.42, 4.3199997, -8.276001, 0.0] [-6.5899997, 5.6, -6.2440004, 0.0]
       803 - entry: 804        | exit: 805        | 4294967295 - [-10.42, 4.3199997, -8.276001, 0.0] [-9.42, 5.3199997, -7.2760005, 0.0]
       804 - entry: 4294967295 | exit: 805        | 222        - [inf, inf, inf, 0.0] [-inf, -inf, -inf, 0.0]
       805 - entry: 806        | exit: 807        | 4294967295 - [-7.5899997, 4.6, -7.2440004, 0.0] [-6.5899997, 5.6, -6.2440004, 0.0]
       806 - entry: 4294967295 | exit: 807        | 276        - [inf, inf, inf, 0.0] [-inf, -inf, -inf, 0.0]
       807 - entry: 808        | exit: 812        | 4294967295 - [-9.91, 7.3599997, -7.084, 0.0] [-7.9299994, 8.91, -5.524, 0.0]
       808 - entry: 809        | exit: 810        | 4294967295 - [-9.91, 7.3599997, -7.084, 0.0] [-8.91, 8.36, -6.084, 0.0]
       809 - entry: 4294967295 | exit: 810        | 242        - [inf, inf, inf, 0.0] [-inf, -inf, -inf, 0.0]
       810 - entry: 811        | exit: 812        | 4294967295 - [-8.929999, 7.91, -6.524, 0.0] [-7.9299994, 8.91, -5.524, 0.0]
       811 - entry: 4294967295 | exit: 812        | 240        - [inf, inf, inf, 0.0] [-inf, -inf, -inf, 0.0]
       812 - entry: 813        | exit: 826        | 4294967295 - [-9.82, 1.12, -5.42, 0.0] [-7.39, 8.72, -0.31600004, 0.0]
       813 - entry: 814        | exit: 821        | 4294967295 - [-9.44, 1.12, -5.42, 0.0] [-7.39, 3.96, -0.31600004, 0.0]
       814 - entry: 815        | exit: 816        | 4294967295 - [-9.0199995, 1.12, -5.42, 0.0] [-8.0199995, 2.12, -4.42, 0.0]
       815 - entry: 4294967295 | exit: 816        | 212        - [inf, inf, inf, 0.0] [-inf, -inf, -inf, 0.0]
       816 - entry: 817        | exit: 821        | 4294967295 - [-9.44, 2.77, -3.028, 0.0] [-7.39, 3.96, -0.31600004, 0.0]
       817 - entry: 818        | exit: 819        | 4294967295 - [-9.44, 2.96, -3.028, 0.0] [-8.44, 3.96, -2.028, 0.0]
       818 - entry: 4294967295 | exit: 819        | 73         - [inf, inf, inf, 0.0] [-inf, -inf, -inf, 0.0]
       819 - entry: 820        | exit: 821        | 4294967295 - [-8.389999, 2.77, -1.316, 0.0] [-7.39, 3.77, -0.31600004, 0.0]
       820 - entry: 4294967295 | exit: 821        | 176        - [inf, inf, inf, 0.0] [-inf, -inf, -inf, 0.0]
       821 - entry: 822        | exit: 826        | 4294967295 - [-9.82, 4.81, -4.716, 0.0] [-8.46, 8.72, -2.7960002, 0.0]
       822 - entry: 823        | exit: 824        | 4294967295 - [-9.46, 4.81, -4.716, 0.0] [-8.46, 5.81, -3.716, 0.0]
       823 - entry: 4294967295 | exit: 824        | 65         - [inf, inf, inf, 0.0] [-inf, -inf, -inf, 0.0]
       824 - entry: 825        | exit: 826        | 4294967295 - [-9.82, 7.7200003, -3.7960002, 0.0] [-8.82, 8.72, -2.7960002, 0.0]
       825 - entry: 4294967295 | exit: 826        | 282        - [inf, inf, inf, 0.0] [-inf, -inf, -inf, 0.0]
       826 - entry: 827        | exit: 888        | 4294967295 - [-6.65, -0.28, -8.332001, 0.0] [-0.18, 9.7699995, -0.25200003, 0.0]
       827 - entry: 828        | exit: 847        | 4294967295 - [-6.65, -0.28, -8.332001, 0.0] [-0.18, 2.8899999, -0.25200003, 0.0]
       828 - entry: 829        | exit: 833        | 4294967295 - [-5.9, -0.28, -8.332001, 0.0] [-4.77, 2.8899999, -6.484, 0.0]
       829 - entry: 830        | exit: 831        | 4294967295 - [-5.9, -0.28, -8.332001, 0.0] [-4.9, 0.72, -7.3320003, 0.0]
       830 - entry: 4294967295 | exit: 831        | 124        - [inf, inf, inf, 0.0] [-inf, -inf, -inf, 0.0]
       831 - entry: 832        | exit: 833        | 4294967295 - [-5.77, 1.8899999, -7.484, 0.0] [-4.77, 2.8899999, -6.484, 0.0]
       832 - entry: 4294967295 | exit: 833        | 218        - [inf, inf, inf, 0.0] [-inf, -inf, -inf, 0.0]
       833 - entry: 834        | exit: 847        | 4294967295 - [-6.65, -0.09, -4.748, 0.0] [-0.18, 2.69, -0.25200003, 0.0]
       834 - entry: 835        | exit: 839        | 4294967295 - [-6.65, -0.09, -4.5480003, 0.0] [-3.8199997, 1.47, -1.5480001, 0.0]
       835 - entry: 836        | exit: 837        | 4294967295 - [-6.65, -0.09, -4.5480003, 0.0] [-5.65, 0.90999997, -3.5480003, 0.0]
       836 - entry: 4294967295 | exit: 837        | 117        - [inf, inf, inf, 0.0] [-inf, -inf, -inf, 0.0]
       837 - entry: 838        | exit: 839        | 4294967295 - [-4.8199997, 0.46999997, -2.548, 0.0] [-3.8199997, 1.47, -1.5480001, 0.0]
       838 - entry: 4294967295 | exit: 839        | 145        - [inf, inf, inf, 0.0] [-inf, -inf, -inf, 0.0]
       839 - entry: 840        | exit: 847        | 4294967295 - [-2.23, -0.050000012, -4.748, 0.0] [-0.18, 2.69, -0.25200003, 0.0]
       840 - entry: 841        | exit: 845        | 4294967295 - [-1.99, 0.55999994, -4.748, 0.0] [-0.18, 2.69, -3.2040002, 0.0]
       841 - entry: 842        | exit: 843        | 4294967295 - [-1.1800001, 0.55999994, -4.748, 0.0] [-0.18, 1.56, -3.7480001, 0.0]
       842 - entry: 4294967295 | exit: 843        | 133        - [inf, inf, inf, 0.0] [-inf, -inf, -inf, 0.0]
       843 - entry: 844        | exit: 845        | 4294967295 - [-1.99, 1.69, -4.2040005, 0.0] [-0.99, 2.69, -3.2040002, 0.0]
       844 - entry: 4294967295 | exit: 845        | 185        - [inf, inf, inf, 0.0] [-inf, -inf, -inf, 0.0]
       845 - entry: 846        | exit: 847        | 4294967295 - [-2.23, -0.050000012, -1.2520001, 0.0] [-1.23, 0.95, -0.25200003, 0.0]
       846 - entry: 4294967295 | exit: 847        | 144        - [inf, inf, inf, 0.0] [-inf, -inf, -inf, 0.0]
       847 - entry: 848        | exit: 888        | 4294967295 - [-6.6, 3.04, -8.316, 0.0] [-0.41999996, 9.7699995, -1.292, 0.0]
       848 - entry: 849        | exit: 862        | 4294967295 - [-6.6, 4.39, -8.316, 0.0] [-1.0, 9.55, -5.748, 0.0]
       849 - entry: 850        | exit: 854        | 4294967295 - [-6.6, 4.39, -8.316, 0.0] [-4.64, 9.55, -5.748, 0.0]
       850 - entry: 851        | exit: 852        | 4294967295 - [-5.64, 4.39, -6.748, 0.0] [-4.64, 5.39, -5.748, 0.0]
       851 - entry: 4294967295 | exit: 852        | 243        - [inf, inf, inf, 0.0] [-inf, -inf, -inf, 0.0]
       852 - entry: 853        | exit: 854        | 4294967295 - [-6.6, 8.55, -8.316, 0.0] [-5.6, 9.55, -7.3160005, 0.0]
       853 - entry: 4294967295 | exit: 854        | 3          - [inf, inf, inf, 0.0] [-inf, -inf, -inf, 0.0]
       854 - entry: 855        | exit: 862        | 4294967295 - [-4.6, 5.21, -7.7880006, 0.0] [-1.0, 8.7699995, -6.1240005, 0.0]
       855 - entry: 856        | exit: 860        | 4294967295 - [-4.6, 6.8799996, -7.7880006, 0.0] [-1.97, 8.7699995, -6.1240005, 0.0]
       856 - entry: 857        | exit: 858        | 4294967295 - [-4.6, 6.8799996, -7.1240005, 0.0] [-3.6, 7.8799996, -6.1240005, 0.0]
       857 - entry: 4294967295 | exit: 858        | 277        - [inf, inf, inf, 0.0] [-inf, -inf, -inf, 0.0]
       858 - entry: 859        | exit: 860        | 4294967295 - [-2.97, 7.7699995, -7.7880006, 0.0] [-1.97, 8.7699995, -6.7880006, 0.0]
       859 - entry: 4294967295 | exit: 860        | 137        - [inf, inf, inf, 0.0] [-inf, -inf, -inf, 0.0]
       860 - entry: 861        | exit: 862        | 4294967295 - [-2.0, 5.21, -7.2760005, 0.0] [-1.0, 6.21, -6.2760005, 0.0]
       861 - entry: 4294967295 | exit: 862        | 186        - [inf, inf, inf, 0.0] [-inf, -inf, -inf, 0.0]
       862 - entry: 863        | exit: 888        | 4294967295 - [-6.3799996, 3.04, -5.156, 0.0] [-0.41999996, 9.7699995, -1.292, 0.0]
       863 - entry: 864        | exit: 868        | 4294967295 - [-3.29, 3.04, -4.6920004, 0.0] [-1.9299998, 5.12, -3.068, 0.0]
       864 - entry: 865        | exit: 866        | 4294967295 - [-2.9299998, 3.04, -4.6920004, 0.0] [-1.9299998, 4.04, -3.6920004, 0.0]
       865 - entry: 4294967295 | exit: 866        | 66         - [inf, inf, inf, 0.0] [-inf, -inf, -inf, 0.0]
       866 - entry: 867        | exit: 868        | 4294967295 - [-3.29, 4.12, -4.068, 0.0] [-2.29, 5.12, -3.068, 0.0]
       867 - entry: 4294967295 | exit: 868        | 111        - [inf, inf, inf, 0.0] [-inf, -inf, -inf, 0.0]
       868 - entry: 869        | exit: 888        | 4294967295 - [-6.3799996, 5.8799996, -5.156, 0.0] [-0.41999996, 9.7699995, -1.292, 0.0]
       869 - entry: 870        | exit: 874        | 4294967295 - [-6.3799996, 5.98, -4.82, 0.0] [-4.6099997, 9.29, -1.34, 0.0]
       870 - entry: 871        | exit: 872        | 4294967295 - [-5.6099997, 8.29, -4.82, 0.0] [-4.6099997, 9.29, -3.8200002, 0.0]
       871 - entry: 4294967295 | exit: 872        | 100        - [inf, inf, inf, 0.0] [-inf, -inf, -inf, 0.0]
       872 - entry: 873        | exit: 874        | 4294967295 - [-6.3799996, 5.98, -2.3400002, 0.0] [-5.3799996, 6.98, -1.34, 0.0]
       873 - entry: 4294967295 | exit: 874        | 160        - [inf, inf, inf, 0.0] [-inf, -inf, -inf, 0.0]
       874 - entry: 875        | exit: 888        | 4294967295 - [-3.5, 5.8799996, -5.156, 0.0] [-0.41999996, 9.7699995, -1.292, 0.0]
       875 - entry: 876        | exit: 880        | 4294967295 - [-1.5, 5.8799996, -4.8760004, 0.0] [-0.41999996, 7.8599997, -1.4920001, 0.0]
       876 - entry: 877        | exit: 878        | 4294967295 - [-1.42, 6.8599997, -4.8760004, 0.0] [-0.41999996, 7.8599997, -3.8760004, 0.0]
       877 - entry: 4294967295 | exit: 878        | 130        - [inf, inf, inf, 0.0] [-inf, -inf, -inf, 0.0]
       878 - entry: 879        | exit: 880        | 4294967295 - [-1.5, 5.8799996, -2.492, 0.0] [-0.5, 6.8799996, -1.4920001, 0.0]
       879 - entry: 4294967295 | exit: 880        | 244        - [inf, inf, inf, 0.0] [-inf, -inf, -inf, 0.0]
       880 - entry: 881        | exit: 888        | 4294967295 - [-3.5, 8.12, -5.156, 0.0] [-0.75, 9.7699995, -1.292, 0.0]
       881 - entry: 882        | exit: 886        | 4294967295 - [-3.5, 8.47, -5.156, 0.0] [-0.75, 9.7699995, -3.908, 0.0]
       882 - entry: 883        | exit: 884        | 4294967295 - [-3.5, 8.7699995, -4.908, 0.0] [-2.5, 9.7699995, -3.908, 0.0]
       883 - entry: 4294967295 | exit: 884        | 92         - [inf, inf, inf, 0.0] [-inf, -inf, -inf, 0.0]
       884 - entry: 885        | exit: 886        | 4294967295 - [-1.75, 8.47, -5.156, 0.0] [-0.75, 9.47, -4.156, 0.0]
       885 - entry: 4294967295 | exit: 886        | 109        - [inf, inf, inf, 0.0] [-inf, -inf, -inf, 0.0]
       886 - entry: 887        | exit: 888        | 4294967295 - [-3.3, 8.12, -2.292, 0.0] [-2.3, 9.12, -1.292, 0.0]
       887 - entry: 4294967295 | exit: 888        | 278        - [inf, inf, inf, 0.0] [-inf, -inf, -inf, 0.0]
       888 - entry: 889        | exit: 1820       | 4294967295 - [-0.94, -10.469999, -15.5, 0.0] [14.5, 9.2699995, -0.17200005, 0.0]
       889 - entry: 890        | exit: 1674       | 4294967295 - [-0.77, -10.469999, -15.5, 0.0] [14.5, -0.22999996, -0.46000004, 0.0]
       890 - entry: 891        | exit: 1447       | 4294967295 - [-0.77, -10.469999, -15.5, 0.0] [9.5, -0.22999996, -0.46000004, 0.0]
       891 - entry: 892        | exit: 1130       | 4294967295 - [-0.5, -3.5, -15.5, 0.0] [9.5, -2.5, -7.5, 0.0]
       892 - entry: 893        | exit: 1011       | 4294967295 - [-0.5, -3.5, -15.5, 0.0] [4.5, -2.5, -7.5, 0.0]
       893 - entry: 894        | exit: 952        | 4294967295 - [-0.5, -3.5, -15.5, 0.0] [4.5, -2.5, -11.5, 0.0]
       894 - entry: 895        | exit: 917        | 4294967295 - [-0.5, -3.5, -15.5, 0.0] [1.5, -2.5, -11.5, 0.0]
       895 - entry: 896        | exit: 906        | 4294967295 - [-0.5, -3.5, -15.5, 0.0] [1.5, -2.5, -13.5, 0.0]
       896 - entry: 897        | exit: 901        | 4294967295 - [-0.5, -3.5, -15.5, 0.0] [1.5, -2.5, -14.5, 0.0]
       897 - entry: 898        | exit: 899        | 4294967295 - [-0.5, -3.5, -15.5, 0.0] [0.5, -2.5, -14.5, 0.0]
       898 - entry: 4294967295 | exit: 899        | 750        - [inf, inf, inf, 0.0] [-inf, -inf, -inf, 0.0]
       899 - entry: 900        | exit: 901        | 4294967295 - [0.5, -3.5, -15.5, 0.0] [1.5, -2.5, -14.5, 0.0]
       900 - entry: 4294967295 | exit: 901        | 780        - [inf, inf, inf, 0.0] [-inf, -inf, -inf, 0.0]
       901 - entry: 902        | exit: 906        | 4294967295 - [-0.5, -3.5, -14.5, 0.0] [1.5, -2.5, -13.5, 0.0]
       902 - entry: 903        | exit: 904        | 4294967295 - [-0.5, -3.5, -14.5, 0.0] [0.5, -2.5, -13.5, 0.0]
       903 - entry: 4294967295 | exit: 904        | 751        - [inf, inf, inf, 0.0] [-inf, -inf, -inf, 0.0]
       904 - entry: 905        | exit: 906        | 4294967295 - [0.5, -3.5, -14.5, 0.0] [1.5, -2.5, -13.5, 0.0]
       905 - entry: 4294967295 | exit: 906        | 781        - [inf, inf, inf, 0.0] [-inf, -inf, -inf, 0.0]
       906 - entry: 907        | exit: 917        | 4294967295 - [-0.5, -3.5, -13.5, 0.0] [1.5, -2.5, -11.5, 0.0]
       907 - entry: 908        | exit: 912        | 4294967295 - [-0.5, -3.5, -13.5, 0.0] [1.5, -2.5, -12.5, 0.0]
       908 - entry: 909        | exit: 910        | 4294967295 - [-0.5, -3.5, -13.5, 0.0] [0.5, -2.5, -12.5, 0.0]
       909 - entry: 4294967295 | exit: 910        | 752        - [inf, inf, inf, 0.0] [-inf, -inf, -inf, 0.0]
       910 - entry: 911        | exit: 912        | 4294967295 - [0.5, -3.5, -13.5, 0.0] [1.5, -2.5, -12.5, 0.0]
       911 - entry: 4294967295 | exit: 912        | 782        - [inf, inf, inf, 0.0] [-inf, -inf, -inf, 0.0]
       912 - entry: 913        | exit: 917        | 4294967295 - [-0.5, -3.5, -12.5, 0.0] [1.5, -2.5, -11.5, 0.0]
       913 - entry: 914        | exit: 915        | 4294967295 - [-0.5, -3.5, -12.5, 0.0] [0.5, -2.5, -11.5, 0.0]
       914 - entry: 4294967295 | exit: 915        | 753        - [inf, inf, inf, 0.0] [-inf, -inf, -inf, 0.0]
       915 - entry: 916        | exit: 917        | 4294967295 - [0.5, -3.5, -12.5, 0.0] [1.5, -2.5, -11.5, 0.0]
       916 - entry: 4294967295 | exit: 917        | 783        - [inf, inf, inf, 0.0] [-inf, -inf, -inf, 0.0]
       917 - entry: 918        | exit: 952        | 4294967295 - [1.5, -3.5, -15.5, 0.0] [4.5, -2.5, -11.5, 0.0]
       918 - entry: 919        | exit: 935        | 4294967295 - [1.5, -3.5, -15.5, 0.0] [4.5, -2.5, -13.5, 0.0]
       919 - entry: 920        | exit: 924        | 4294967295 - [1.5, -3.5, -15.5, 0.0] [2.5, -2.5, -13.5, 0.0]
       920 - entry: 921        | exit: 922        | 4294967295 - [1.5, -3.5, -15.5, 0.0] [2.5, -2.5, -14.5, 0.0]
       921 - entry: 4294967295 | exit: 922        | 810        - [inf, inf, inf, 0.0] [-inf, -inf, -inf, 0.0]
       922 - entry: 923        | exit: 924        | 4294967295 - [1.5, -3.5, -14.5, 0.0] [2.5, -2.5, -13.5, 0.0]
       923 - entry: 4294967295 | exit: 924        | 811        - [inf, inf, inf, 0.0] [-inf, -inf, -inf, 0.0]
       924 - entry: 925        | exit: 935        | 4294967295 - [2.5, -3.5, -15.5, 0.0] [4.5, -2.5, -13.5, 0.0]
       925 - entry: 926        | exit: 930        | 4294967295 - [2.5, -3.5, -15.5, 0.0] [4.5, -2.5, -14.5, 0.0]
       926 - entry: 927        | exit: 928        | 4294967295 - [2.5, -3.5, -15.5, 0.0] [3.5, -2.5, -14.5, 0.0]
       927 - entry: 4294967295 | exit: 928        | 840        - [inf, inf, inf, 0.0] [-inf, -inf, -inf, 0.0]
       928 - entry: 929        | exit: 930        | 4294967295 - [3.5, -3.5, -15.5, 0.0] [4.5, -2.5, -14.5, 0.0]
       929 - entry: 4294967295 | exit: 930        | 870        - [inf, inf, inf, 0.0] [-inf, -inf, -inf, 0.0]
       930 - entry: 931        | exit: 935        | 4294967295 - [2.5, -3.5, -14.5, 0.0] [4.5, -2.5, -13.5, 0.0]
       931 - entry: 932        | exit: 933        | 4294967295 - [2.5, -3.5, -14.5, 0.0] [3.5, -2.5, -13.5, 0.0]
       932 - entry: 4294967295 | exit: 933        | 841        - [inf, inf, inf, 0.0] [-inf, -inf, -inf, 0.0]
       933 - entry: 934        | exit: 935        | 4294967295 - [3.5, -3.5, -14.5, 0.0] [4.5, -2.5, -13.5, 0.0]
       934 - entry: 4294967295 | exit: 935        | 871        - [inf, inf, inf, 0.0] [-inf, -inf, -inf, 0.0]
       935 - entry: 936        | exit: 952        | 4294967295 - [1.5, -3.5, -13.5, 0.0] [4.5, -2.5, -11.5, 0.0]
       936 - entry: 937        | exit: 941        | 4294967295 - [1.5, -3.5, -13.5, 0.0] [2.5, -2.5, -11.5, 0.0]
       937 - entry: 938        | exit: 939        | 4294967295 - [1.5, -3.5, -13.5, 0.0] [2.5, -2.5, -12.5, 0.0]
       938 - entry: 4294967295 | exit: 939        | 812        - [inf, inf, inf, 0.0] [-inf, -inf, -inf, 0.0]
       939 - entry: 940        | exit: 941        | 4294967295 - [1.5, -3.5, -12.5, 0.0] [2.5, -2.5, -11.5, 0.0]
       940 - entry: 4294967295 | exit: 941        | 813        - [inf, inf, inf, 0.0] [-inf, -inf, -inf, 0.0]
       941 - entry: 942        | exit: 952        | 4294967295 - [2.5, -3.5, -13.5, 0.0] [4.5, -2.5, -11.5, 0.0]
       942 - entry: 943        | exit: 947        | 4294967295 - [2.5, -3.5, -13.5, 0.0] [4.5, -2.5, -12.5, 0.0]
       943 - entry: 944        | exit: 945        | 4294967295 - [2.5, -3.5, -13.5, 0.0] [3.5, -2.5, -12.5, 0.0]
       944 - entry: 4294967295 | exit: 945        | 842        - [inf, inf, inf, 0.0] [-inf, -inf, -inf, 0.0]
       945 - entry: 946        | exit: 947        | 4294967295 - [3.5, -3.5, -13.5, 0.0] [4.5, -2.5, -12.5, 0.0]
       946 - entry: 4294967295 | exit: 947        | 872        - [inf, inf, inf, 0.0] [-inf, -inf, -inf, 0.0]
       947 - entry: 948        | exit: 952        | 4294967295 - [2.5, -3.5, -12.5, 0.0] [4.5, -2.5, -11.5, 0.0]
       948 - entry: 949        | exit: 950        | 4294967295 - [2.5, -3.5, -12.5, 0.0] [3.5, -2.5, -11.5, 0.0]
       949 - entry: 4294967295 | exit: 950        | 843        - [inf, inf, inf, 0.0] [-inf, -inf, -inf, 0.0]
       950 - entry: 951        | exit: 952        | 4294967295 - [3.5, -3.5, -12.5, 0.0] [4.5, -2.5, -11.5, 0.0]
       951 - entry: 4294967295 | exit: 952        | 873        - [inf, inf, inf, 0.0] [-inf, -inf, -inf, 0.0]
       952 - entry: 953        | exit: 1011       | 4294967295 - [-0.5, -3.5, -11.5, 0.0] [4.5, -2.5, -7.5, 0.0]
       953 - entry: 954        | exit: 976        | 4294967295 - [-0.5, -3.5, -11.5, 0.0] [1.5, -2.5, -7.5, 0.0]
       954 - entry: 955        | exit: 965        | 4294967295 - [-0.5, -3.5, -11.5, 0.0] [1.5, -2.5, -9.5, 0.0]
       955 - entry: 956        | exit: 960        | 4294967295 - [-0.5, -3.5, -11.5, 0.0] [1.5, -2.5, -10.5, 0.0]
       956 - entry: 957        | exit: 958        | 4294967295 - [-0.5, -3.5, -11.5, 0.0] [0.5, -2.5, -10.5, 0.0]
       957 - entry: 4294967295 | exit: 958        | 754        - [inf, inf, inf, 0.0] [-inf, -inf, -inf, 0.0]
       958 - entry: 959        | exit: 960        | 4294967295 - [0.5, -3.5, -11.5, 0.0] [1.5, -2.5, -10.5, 0.0]
       959 - entry: 4294967295 | exit: 960        | 784        - [inf, inf, inf, 0.0] [-inf, -inf, -inf, 0.0]
       960 - entry: 961        | exit: 965        | 4294967295 - [-0.5, -3.5, -10.5, 0.0] [1.5, -2.5, -9.5, 0.0]
       961 - entry: 962        | exit: 963        | 4294967295 - [-0.5, -3.5, -10.5, 0.0] [0.5, -2.5, -9.5, 0.0]
       962 - entry: 4294967295 | exit: 963        | 755        - [inf, inf, inf, 0.0] [-inf, -inf, -inf, 0.0]
       963 - entry: 964        | exit: 965        | 4294967295 - [0.5, -3.5, -10.5, 0.0] [1.5, -2.5, -9.5, 0.0]
       964 - entry: 4294967295 | exit: 965        | 785        - [inf, inf, inf, 0.0] [-inf, -inf, -inf, 0.0]
       965 - entry: 966        | exit: 976        | 4294967295 - [-0.5, -3.5, -9.5, 0.0] [1.5, -2.5, -7.5, 0.0]
       966 - entry: 967        | exit: 971        | 4294967295 - [-0.5, -3.5, -9.5, 0.0] [1.5, -2.5, -8.5, 0.0]
       967 - entry: 968        | exit: 969        | 4294967295 - [-0.5, -3.5, -9.5, 0.0] [0.5, -2.5, -8.5, 0.0]
       968 - entry: 4294967295 | exit: 969        | 756        - [inf, inf, inf, 0.0] [-inf, -inf, -inf, 0.0]
       969 - entry: 970        | exit: 971        | 4294967295 - [0.5, -3.5, -9.5, 0.0] [1.5, -2.5, -8.5, 0.0]
       970 - entry: 4294967295 | exit: 971        | 786        - [inf, inf, inf, 0.0] [-inf, -inf, -inf, 0.0]
       971 - entry: 972        | exit: 976        | 4294967295 - [-0.5, -3.5, -8.5, 0.0] [1.5, -2.5, -7.5, 0.0]
       972 - entry: 973        | exit: 974        | 4294967295 - [-0.5, -3.5, -8.5, 0.0] [0.5, -2.5, -7.5, 0.0]
       973 - entry: 4294967295 | exit: 974        | 757        - [inf, inf, inf, 0.0] [-inf, -inf, -inf, 0.0]
       974 - entry: 975        | exit: 976        | 4294967295 - [0.5, -3.5, -8.5, 0.0] [1.5, -2.5, -7.5, 0.0]
       975 - entry: 4294967295 | exit: 976        | 787        - [inf, inf, inf, 0.0] [-inf, -inf, -inf, 0.0]
       976 - entry: 977        | exit: 1011       | 4294967295 - [1.5, -3.5, -11.5, 0.0] [4.5, -2.5, -7.5, 0.0]
       977 - entry: 978        | exit: 994        | 4294967295 - [1.5, -3.5, -11.5, 0.0] [4.5, -2.5, -9.5, 0.0]
       978 - entry: 979        | exit: 983        | 4294967295 - [1.5, -3.5, -11.5, 0.0] [2.5, -2.5, -9.5, 0.0]
       979 - entry: 980        | exit: 981        | 4294967295 - [1.5, -3.5, -11.5, 0.0] [2.5, -2.5, -10.5, 0.0]
       980 - entry: 4294967295 | exit: 981        | 814        - [inf, inf, inf, 0.0] [-inf, -inf, -inf, 0.0]
       981 - entry: 982        | exit: 983        | 4294967295 - [1.5, -3.5, -10.5, 0.0] [2.5, -2.5, -9.5, 0.0]
       982 - entry: 4294967295 | exit: 983        | 815        - [inf, inf, inf, 0.0] [-inf, -inf, -inf, 0.0]
       983 - entry: 984        | exit: 994        | 4294967295 - [2.5, -3.5, -11.5, 0.0] [4.5, -2.5, -9.5, 0.0]
       984 - entry: 985        | exit: 989        | 4294967295 - [2.5, -3.5, -11.5, 0.0] [4.5, -2.5, -10.5, 0.0]
       985 - entry: 986        | exit: 987        | 4294967295 - [2.5, -3.5, -11.5, 0.0] [3.5, -2.5, -10.5, 0.0]
       986 - entry: 4294967295 | exit: 987        | 844        - [inf, inf, inf, 0.0] [-inf, -inf, -inf, 0.0]
       987 - entry: 988        | exit: 989        | 4294967295 - [3.5, -3.5, -11.5, 0.0] [4.5, -2.5, -10.5, 0.0]
       988 - entry: 4294967295 | exit: 989        | 874        - [inf, inf, inf, 0.0] [-inf, -inf, -inf, 0.0]
       989 - entry: 990        | exit: 994        | 4294967295 - [2.5, -3.5, -10.5, 0.0] [4.5, -2.5, -9.5, 0.0]
       990 - entry: 991        | exit: 992        | 4294967295 - [2.5, -3.5, -10.5, 0.0] [3.5, -2.5, -9.5, 0.0]
       991 - entry: 4294967295 | exit: 992        | 845        - [inf, inf, inf, 0.0] [-inf, -inf, -inf, 0.0]
       992 - entry: 993        | exit: 994        | 4294967295 - [3.5, -3.5, -10.5, 0.0] [4.5, -2.5, -9.5, 0.0]
       993 - entry: 4294967295 | exit: 994        | 875        - [inf, inf, inf, 0.0] [-inf, -inf, -inf, 0.0]
       994 - entry: 995        | exit: 1011       | 4294967295 - [1.5, -3.5, -9.5, 0.0] [4.5, -2.5, -7.5, 0.0]
       995 - entry: 996        | exit: 1000       | 4294967295 - [1.5, -3.5, -9.5, 0.0] [2.5, -2.5, -7.5, 0.0]
       996 - entry: 997        | exit: 998        | 4294967295 - [1.5, -3.5, -9.5, 0.0] [2.5, -2.5, -8.5, 0.0]
       997 - entry: 4294967295 | exit: 998        | 816        - [inf, inf, inf, 0.0] [-inf, -inf, -inf, 0.0]
       998 - entry: 999        | exit: 1000       | 4294967295 - [1.5, -3.5, -8.5, 0.0] [2.5, -2.5, -7.5, 0.0]
       999 - entry: 4294967295 | exit: 1000       | 817        - [inf, inf, inf, 0.0] [-inf, -inf, -inf, 0.0]
      1000 - entry: 1001       | exit: 1011       | 4294967295 - [2.5, -3.5, -9.5, 0.0] [4.5, -2.5, -7.5, 0.0]
      1001 - entry: 1002       | exit: 1006       | 4294967295 - [2.5, -3.5, -9.5, 0.0] [4.5, -2.5, -8.5, 0.0]
      1002 - entry: 1003       | exit: 1004       | 4294967295 - [2.5, -3.5, -9.5, 0.0] [3.5, -2.5, -8.5, 0.0]
      1003 - entry: 4294967295 | exit: 1004       | 846        - [inf, inf, inf, 0.0] [-inf, -inf, -inf, 0.0]
      1004 - entry: 1005       | exit: 1006       | 4294967295 - [3.5, -3.5, -9.5, 0.0] [4.5, -2.5, -8.5, 0.0]
      1005 - entry: 4294967295 | exit: 1006       | 876        - [inf, inf, inf, 0.0] [-inf, -inf, -inf, 0.0]
      1006 - entry: 1007       | exit: 1011       | 4294967295 - [2.5, -3.5, -8.5, 0.0] [4.5, -2.5, -7.5, 0.0]
      1007 - entry: 1008       | exit: 1009       | 4294967295 - [2.5, -3.5, -8.5, 0.0] [3.5, -2.5, -7.5, 0.0]
      1008 - entry: 4294967295 | exit: 1009       | 847        - [inf, inf, inf, 0.0] [-inf, -inf, -inf, 0.0]
      1009 - entry: 1010       | exit: 1011       | 4294967295 - [3.5, -3.5, -8.5, 0.0] [4.5, -2.5, -7.5, 0.0]
      1010 - entry: 4294967295 | exit: 1011       | 877        - [inf, inf, inf, 0.0] [-inf, -inf, -inf, 0.0]
      1011 - entry: 1012       | exit: 1130       | 4294967295 - [4.5, -3.5, -15.5, 0.0] [9.5, -2.5, -7.5, 0.0]
      1012 - entry: 1013       | exit: 1071       | 4294967295 - [4.5, -3.5, -15.5, 0.0] [9.5, -2.5, -11.5, 0.0]
      1013 - entry: 1014       | exit: 1036       | 4294967295 - [4.5, -3.5, -15.5, 0.0] [6.5, -2.5, -11.5, 0.0]
      1014 - entry: 1015       | exit: 1025       | 4294967295 - [4.5, -3.5, -15.5, 0.0] [6.5, -2.5, -13.5, 0.0]
      1015 - entry: 1016       | exit: 1020       | 4294967295 - [4.5, -3.5, -15.5, 0.0] [6.5, -2.5, -14.5, 0.0]
      1016 - entry: 1017       | exit: 1018       | 4294967295 - [4.5, -3.5, -15.5, 0.0] [5.5, -2.5, -14.5, 0.0]
      1017 - entry: 4294967295 | exit: 1018       | 900        - [inf, inf, inf, 0.0] [-inf, -inf, -inf, 0.0]
      1018 - entry: 1019       | exit: 1020       | 4294967295 - [5.5, -3.5, -15.5, 0.0] [6.5, -2.5, -14.5, 0.0]
      1019 - entry: 4294967295 | exit: 1020       | 930        - [inf, inf, inf, 0.0] [-inf, -inf, -inf, 0.0]
      1020 - entry: 1021       | exit: 1025       | 4294967295 - [4.5, -3.5, -14.5, 0.0] [6.5, -2.5, -13.5, 0.0]
      1021 - entry: 1022       | exit: 1023       | 4294967295 - [4.5, -3.5, -14.5, 0.0] [5.5, -2.5, -13.5, 0.0]
      1022 - entry: 4294967295 | exit: 1023       | 901        - [inf, inf, inf, 0.0] [-inf, -inf, -inf, 0.0]
      1023 - entry: 1024       | exit: 1025       | 4294967295 - [5.5, -3.5, -14.5, 0.0] [6.5, -2.5, -13.5, 0.0]
      1024 - entry: 4294967295 | exit: 1025       | 931        - [inf, inf, inf, 0.0] [-inf, -inf, -inf, 0.0]
      1025 - entry: 1026       | exit: 1036       | 4294967295 - [4.5, -3.5, -13.5, 0.0] [6.5, -2.5, -11.5, 0.0]
      1026 - entry: 1027       | exit: 1031       | 4294967295 - [4.5, -3.5, -13.5, 0.0] [6.5, -2.5, -12.5, 0.0]
      1027 - entry: 1028       | exit: 1029       | 4294967295 - [4.5, -3.5, -13.5, 0.0] [5.5, -2.5, -12.5, 0.0]
      1028 - entry: 4294967295 | exit: 1029       | 902        - [inf, inf, inf, 0.0] [-inf, -inf, -inf, 0.0]
      1029 - entry: 1030       | exit: 1031       | 4294967295 - [5.5, -3.5, -13.5, 0.0] [6.5, -2.5, -12.5, 0.0]
      1030 - entry: 4294967295 | exit: 1031       | 932        - [inf, inf, inf, 0.0] [-inf, -inf, -inf, 0.0]
      1031 - entry: 1032       | exit: 1036       | 4294967295 - [4.5, -3.5, -12.5, 0.0] [6.5, -2.5, -11.5, 0.0]
      1032 - entry: 1033       | exit: 1034       | 4294967295 - [4.5, -3.5, -12.5, 0.0] [5.5, -2.5, -11.5, 0.0]
      1033 - entry: 4294967295 | exit: 1034       | 903        - [inf, inf, inf, 0.0] [-inf, -inf, -inf, 0.0]
      1034 - entry: 1035       | exit: 1036       | 4294967295 - [5.5, -3.5, -12.5, 0.0] [6.5, -2.5, -11.5, 0.0]
      1035 - entry: 4294967295 | exit: 1036       | 933        - [inf, inf, inf, 0.0] [-inf, -inf, -inf, 0.0]
      1036 - entry: 1037       | exit: 1071       | 4294967295 - [6.5, -3.5, -15.5, 0.0] [9.5, -2.5, -11.5, 0.0]
      1037 - entry: 1038       | exit: 1054       | 4294967295 - [6.5, -3.5, -15.5, 0.0] [9.5, -2.5, -13.5, 0.0]
      1038 - entry: 1039       | exit: 1043       | 4294967295 - [6.5, -3.5, -15.5, 0.0] [7.5, -2.5, -13.5, 0.0]
      1039 - entry: 1040       | exit: 1041       | 4294967295 - [6.5, -3.5, -15.5, 0.0] [7.5, -2.5, -14.5, 0.0]
      1040 - entry: 4294967295 | exit: 1041       | 960        - [inf, inf, inf, 0.0] [-inf, -inf, -inf, 0.0]
      1041 - entry: 1042       | exit: 1043       | 4294967295 - [6.5, -3.5, -14.5, 0.0] [7.5, -2.5, -13.5, 0.0]
      1042 - entry: 4294967295 | exit: 1043       | 961        - [inf, inf, inf, 0.0] [-inf, -inf, -inf, 0.0]
      1043 - entry: 1044       | exit: 1054       | 4294967295 - [7.5, -3.5, -15.5, 0.0] [9.5, -2.5, -13.5, 0.0]
      1044 - entry: 1045       | exit: 1049       | 4294967295 - [7.5, -3.5, -15.5, 0.0] [9.5, -2.5, -14.5, 0.0]
      1045 - entry: 1046       | exit: 1047       | 4294967295 - [7.5, -3.5, -15.5, 0.0] [8.5, -2.5, -14.5, 0.0]
      1046 - entry: 4294967295 | exit: 1047       | 990        - [inf, inf, inf, 0.0] [-inf, -inf, -inf, 0.0]
      1047 - entry: 1048       | exit: 1049       | 4294967295 - [8.5, -3.5, -15.5, 0.0] [9.5, -2.5, -14.5, 0.0]
      1048 - entry: 4294967295 | exit: 1049       | 1020       - [inf, inf, inf, 0.0] [-inf, -inf, -inf, 0.0]
      1049 - entry: 1050       | exit: 1054       | 4294967295 - [7.5, -3.5, -14.5, 0.0] [9.5, -2.5, -13.5, 0.0]
      1050 - entry: 1051       | exit: 1052       | 4294967295 - [7.5, -3.5, -14.5, 0.0] [8.5, -2.5, -13.5, 0.0]
      1051 - entry: 4294967295 | exit: 1052       | 991        - [inf, inf, inf, 0.0] [-inf, -inf, -inf, 0.0]
      1052 - entry: 1053       | exit: 1054       | 4294967295 - [8.5, -3.5, -14.5, 0.0] [9.5, -2.5, -13.5, 0.0]
      1053 - entry: 4294967295 | exit: 1054       | 1021       - [inf, inf, inf, 0.0] [-inf, -inf, -inf, 0.0]
      1054 - entry: 1055       | exit: 1071       | 4294967295 - [6.5, -3.5, -13.5, 0.0] [9.5, -2.5, -11.5, 0.0]
      1055 - entry: 1056       | exit: 1060       | 4294967295 - [6.5, -3.5, -13.5, 0.0] [7.5, -2.5, -11.5, 0.0]
      1056 - entry: 1057       | exit: 1058       | 4294967295 - [6.5, -3.5, -13.5, 0.0] [7.5, -2.5, -12.5, 0.0]
      1057 - entry: 4294967295 | exit: 1058       | 962        - [inf, inf, inf, 0.0] [-inf, -inf, -inf, 0.0]
      1058 - entry: 1059       | exit: 1060       | 4294967295 - [6.5, -3.5, -12.5, 0.0] [7.5, -2.5, -11.5, 0.0]
      1059 - entry: 4294967295 | exit: 1060       | 963        - [inf, inf, inf, 0.0] [-inf, -inf, -inf, 0.0]
      1060 - entry: 1061       | exit: 1071       | 4294967295 - [7.5, -3.5, -13.5, 0.0] [9.5, -2.5, -11.5, 0.0]
      1061 - entry: 1062       | exit: 1066       | 4294967295 - [7.5, -3.5, -13.5, 0.0] [9.5, -2.5, -12.5, 0.0]
      1062 - entry: 1063       | exit: 1064       | 4294967295 - [7.5, -3.5, -13.5, 0.0] [8.5, -2.5, -12.5, 0.0]
      1063 - entry: 4294967295 | exit: 1064       | 992        - [inf, inf, inf, 0.0] [-inf, -inf, -inf, 0.0]
      1064 - entry: 1065       | exit: 1066       | 4294967295 - [8.5, -3.5, -13.5, 0.0] [9.5, -2.5, -12.5, 0.0]
      1065 - entry: 4294967295 | exit: 1066       | 1022       - [inf, inf, inf, 0.0] [-inf, -inf, -inf, 0.0]
      1066 - entry: 1067       | exit: 1071       | 4294967295 - [7.5, -3.5, -12.5, 0.0] [9.5, -2.5, -11.5, 0.0]
      1067 - entry: 1068       | exit: 1069       | 4294967295 - [7.5, -3.5, -12.5, 0.0] [8.5, -2.5, -11.5, 0.0]
      1068 - entry: 4294967295 | exit: 1069       | 993        - [inf, inf, inf, 0.0] [-inf, -inf, -inf, 0.0]
      1069 - entry: 1070       | exit: 1071       | 4294967295 - [8.5, -3.5, -12.5, 0.0] [9.5, -2.5, -11.5, 0.0]
      1070 - entry: 4294967295 | exit: 1071       | 1023       - [inf, inf, inf, 0.0] [-inf, -inf, -inf, 0.0]
      1071 - entry: 1072       | exit: 1130       | 4294967295 - [4.5, -3.5, -11.5, 0.0] [9.5, -2.5, -7.5, 0.0]
      1072 - entry: 1073       | exit: 1095       | 4294967295 - [4.5, -3.5, -11.5, 0.0] [6.5, -2.5, -7.5, 0.0]
      1073 - entry: 1074       | exit: 1084       | 4294967295 - [4.5, -3.5, -11.5, 0.0] [6.5, -2.5, -9.5, 0.0]
      1074 - entry: 1075       | exit: 1079       | 4294967295 - [4.5, -3.5, -11.5, 0.0] [6.5, -2.5, -10.5, 0.0]
      1075 - entry: 1076       | exit: 1077       | 4294967295 - [4.5, -3.5, -11.5, 0.0] [5.5, -2.5, -10.5, 0.0]
      1076 - entry: 4294967295 | exit: 1077       | 904        - [inf, inf, inf, 0.0] [-inf, -inf, -inf, 0.0]
      1077 - entry: 1078       | exit: 1079       | 4294967295 - [5.5, -3.5, -11.5, 0.0] [6.5, -2.5, -10.5, 0.0]
      1078 - entry: 4294967295 | exit: 1079       | 934        - [inf, inf, inf, 0.0] [-inf, -inf, -inf, 0.0]
      1079 - entry: 1080       | exit: 1084       | 4294967295 - [4.5, -3.5, -10.5, 0.0] [6.5, -2.5, -9.5, 0.0]
      1080 - entry: 1081       | exit: 1082       | 4294967295 - [4.5, -3.5, -10.5, 0.0] [5.5, -2.5, -9.5, 0.0]
      1081 - entry: 4294967295 | exit: 1082       | 905        - [inf, inf, inf, 0.0] [-inf, -inf, -inf, 0.0]
      1082 - entry: 1083       | exit: 1084       | 4294967295 - [5.5, -3.5, -10.5, 0.0] [6.5, -2.5, -9.5, 0.0]
      1083 - entry: 4294967295 | exit: 1084       | 935        - [inf, inf, inf, 0.0] [-inf, -inf, -inf, 0.0]
      1084 - entry: 1085       | exit: 1095       | 4294967295 - [4.5, -3.5, -9.5, 0.0] [6.5, -2.5, -7.5, 0.0]
      1085 - entry: 1086       | exit: 1090       | 4294967295 - [4.5, -3.5, -9.5, 0.0] [6.5, -2.5, -8.5, 0.0]
      1086 - entry: 1087       | exit: 1088       | 4294967295 - [4.5, -3.5, -9.5, 0.0] [5.5, -2.5, -8.5, 0.0]
      1087 - entry: 4294967295 | exit: 1088       | 906        - [inf, inf, inf, 0.0] [-inf, -inf, -inf, 0.0]
      1088 - entry: 1089       | exit: 1090       | 4294967295 - [5.5, -3.5, -9.5, 0.0] [6.5, -2.5, -8.5, 0.0]
      1089 - entry: 4294967295 | exit: 1090       | 936        - [inf, inf, inf, 0.0] [-inf, -inf, -inf, 0.0]
      1090 - entry: 1091       | exit: 1095       | 4294967295 - [4.5, -3.5, -8.5, 0.0] [6.5, -2.5, -7.5, 0.0]
      1091 - entry: 1092       | exit: 1093       | 4294967295 - [4.5, -3.5, -8.5, 0.0] [5.5, -2.5, -7.5, 0.0]
      1092 - entry: 4294967295 | exit: 1093       | 907        - [inf, inf, inf, 0.0] [-inf, -inf, -inf, 0.0]
      1093 - entry: 1094       | exit: 1095       | 4294967295 - [5.5, -3.5, -8.5, 0.0] [6.5, -2.5, -7.5, 0.0]
      1094 - entry: 4294967295 | exit: 1095       | 937        - [inf, inf, inf, 0.0] [-inf, -inf, -inf, 0.0]
      1095 - entry: 1096       | exit: 1130       | 4294967295 - [6.5, -3.5, -11.5, 0.0] [9.5, -2.5, -7.5, 0.0]
      1096 - entry: 1097       | exit: 1113       | 4294967295 - [6.5, -3.5, -11.5, 0.0] [9.5, -2.5, -9.5, 0.0]
      1097 - entry: 1098       | exit: 1102       | 4294967295 - [6.5, -3.5, -11.5, 0.0] [7.5, -2.5, -9.5, 0.0]
      1098 - entry: 1099       | exit: 1100       | 4294967295 - [6.5, -3.5, -11.5, 0.0] [7.5, -2.5, -10.5, 0.0]
      1099 - entry: 4294967295 | exit: 1100       | 964        - [inf, inf, inf, 0.0] [-inf, -inf, -inf, 0.0]
      1100 - entry: 1101       | exit: 1102       | 4294967295 - [6.5, -3.5, -10.5, 0.0] [7.5, -2.5, -9.5, 0.0]
      1101 - entry: 4294967295 | exit: 1102       | 965        - [inf, inf, inf, 0.0] [-inf, -inf, -inf, 0.0]
      1102 - entry: 1103       | exit: 1113       | 4294967295 - [7.5, -3.5, -11.5, 0.0] [9.5, -2.5, -9.5, 0.0]
      1103 - entry: 1104       | exit: 1108       | 4294967295 - [7.5, -3.5, -11.5, 0.0] [9.5, -2.5, -10.5, 0.0]
      1104 - entry: 1105       | exit: 1106       | 4294967295 - [7.5, -3.5, -11.5, 0.0] [8.5, -2.5, -10.5, 0.0]
      1105 - entry: 4294967295 | exit: 1106       | 994        - [inf, inf, inf, 0.0] [-inf, -inf, -inf, 0.0]
      1106 - entry: 1107       | exit: 1108       | 4294967295 - [8.5, -3.5, -11.5, 0.0] [9.5, -2.5, -10.5, 0.0]
      1107 - entry: 4294967295 | exit: 1108       | 1024       - [inf, inf, inf, 0.0] [-inf, -inf, -inf, 0.0]
      1108 - entry: 1109       | exit: 1113       | 4294967295 - [7.5, -3.5, -10.5, 0.0] [9.5, -2.5, -9.5, 0.0]
      1109 - entry: 1110       | exit: 1111       | 4294967295 - [7.5, -3.5, -10.5, 0.0] [8.5, -2.5, -9.5, 0.0]
      1110 - entry: 4294967295 | exit: 1111       | 995        - [inf, inf, inf, 0.0] [-inf, -inf, -inf, 0.0]
      1111 - entry: 1112       | exit: 1113       | 4294967295 - [8.5, -3.5, -10.5, 0.0] [9.5, -2.5, -9.5, 0.0]
      1112 - entry: 4294967295 | exit: 1113       | 1025       - [inf, inf, inf, 0.0] [-inf, -inf, -inf, 0.0]
      1113 - entry: 1114       | exit: 1130       | 4294967295 - [6.5, -3.5, -9.5, 0.0] [9.5, -2.5, -7.5, 0.0]
      1114 - entry: 1115       | exit: 1119       | 4294967295 - [6.5, -3.5, -9.5, 0.0] [7.5, -2.5, -7.5, 0.0]
      1115 - entry: 1116       | exit: 1117       | 4294967295 - [6.5, -3.5, -9.5, 0.0] [7.5, -2.5, -8.5, 0.0]
      1116 - entry: 4294967295 | exit: 1117       | 966        - [inf, inf, inf, 0.0] [-inf, -inf, -inf, 0.0]
      1117 - entry: 1118       | exit: 1119       | 4294967295 - [6.5, -3.5, -8.5, 0.0] [7.5, -2.5, -7.5, 0.0]
      1118 - entry: 4294967295 | exit: 1119       | 967        - [inf, inf, inf, 0.0] [-inf, -inf, -inf, 0.0]
      1119 - entry: 1120       | exit: 1130       | 4294967295 - [7.5, -3.5, -9.5, 0.0] [9.5, -2.5, -7.5, 0.0]
      1120 - entry: 1121       | exit: 1125       | 4294967295 - [7.5, -3.5, -9.5, 0.0] [9.5, -2.5, -8.5, 0.0]
      1121 - entry: 1122       | exit: 1123       | 4294967295 - [7.5, -3.5, -9.5, 0.0] [8.5, -2.5, -8.5, 0.0]
      1122 - entry: 4294967295 | exit: 1123       | 996        - [inf, inf, inf, 0.0] [-inf, -inf, -inf, 0.0]
      1123 - entry: 1124       | exit: 1125       | 4294967295 - [8.5, -3.5, -9.5, 0.0] [9.5, -2.5, -8.5, 0.0]
      1124 - entry: 4294967295 | exit: 1125       | 1026       - [inf, inf, inf, 0.0] [-inf, -inf, -inf, 0.0]
      1125 - entry: 1126       | exit: 1130       | 4294967295 - [7.5, -3.5, -8.5, 0.0] [9.5, -2.5, -7.5, 0.0]
      1126 - entry: 1127       | exit: 1128       | 4294967295 - [7.5, -3.5, -8.5, 0.0] [8.5, -2.5, -7.5, 0.0]
      1127 - entry: 4294967295 | exit: 1128       | 997        - [inf, inf, inf, 0.0] [-inf, -inf, -inf, 0.0]
      1128 - entry: 1129       | exit: 1130       | 4294967295 - [8.5, -3.5, -8.5, 0.0] [9.5, -2.5, -7.5, 0.0]
      1129 - entry: 4294967295 | exit: 1130       | 1027       - [inf, inf, inf, 0.0] [-inf, -inf, -inf, 0.0]
      1130 - entry: 1131       | exit: 1447       | 4294967295 - [-0.77, -10.469999, -7.8280005, 0.0] [9.5, -0.22999996, -0.46000004, 0.0]
      1131 - entry: 1132       | exit: 1286       | 4294967295 - [-0.77, -10.33, -7.596, 0.0] [4.7999997, -0.24000001, -0.5, 0.0]
      1132 - entry: 1133       | exit: 1167       | 4294967295 - [-0.77, -10.33, -7.596, 0.0] [4.7999997, -3.4399998, -0.98, 0.0]
      1133 - entry: 1134       | exit: 1147       | 4294967295 - [-0.77, -10.33, -6.6600003, 0.0] [4.7999997, -7.33, -1.8600001, 0.0]
      1134 - entry: 1135       | exit: 1142       | 4294967295 - [-0.77, -10.33, -6.6600003, 0.0] [3.37, -7.46, -4.1000004, 0.0]
      1135 - entry: 1136       | exit: 1137       | 4294967295 - [-0.77, -8.46, -5.1000004, 0.0] [0.23000002, -7.46, -4.1000004, 0.0]
      1136 - entry: 4294967295 | exit: 1137       | 15         - [inf, inf, inf, 0.0] [-inf, -inf, -inf, 0.0]
      1137 - entry: 1138       | exit: 1142       | 4294967295 - [1.17, -10.33, -6.6600003, 0.0] [3.37, -9.099999, -5.1720004, 0.0]
      1138 - entry: 1139       | exit: 1140       | 4294967295 - [1.17, -10.33, -6.1720004, 0.0] [2.17, -9.33, -5.1720004, 0.0]
      1139 - entry: 4294967295 | exit: 1140       | 199        - [inf, inf, inf, 0.0] [-inf, -inf, -inf, 0.0]
      1140 - entry: 1141       | exit: 1142       | 4294967295 - [2.37, -10.099999, -6.6600003, 0.0] [3.37, -9.099999, -5.6600003, 0.0]
      1141 - entry: 4294967295 | exit: 1142       | 231        - [inf, inf, inf, 0.0] [-inf, -inf, -inf, 0.0]
      1142 - entry: 1143       | exit: 1147       | 4294967295 - [3.5699997, -10.12, -5.6520004, 0.0] [4.7999997, -7.33, -1.8600001, 0.0]
      1143 - entry: 1144       | exit: 1145       | 4294967295 - [3.7999997, -8.33, -5.6520004, 0.0] [4.7999997, -7.33, -4.6520004, 0.0]
      1144 - entry: 4294967295 | exit: 1145       | 180        - [inf, inf, inf, 0.0] [-inf, -inf, -inf, 0.0]
      1145 - entry: 1146       | exit: 1147       | 4294967295 - [3.5699997, -10.12, -2.8600001, 0.0] [4.5699997, -9.12, -1.8600001, 0.0]
      1146 - entry: 4294967295 | exit: 1147       | 238        - [inf, inf, inf, 0.0] [-inf, -inf, -inf, 0.0]
      1147 - entry: 1148       | exit: 1167       | 4294967295 - [-0.61, -7.2999997, -7.596, 0.0] [2.48, -3.4399998, -0.98, 0.0]
      1148 - entry: 1149       | exit: 1159       | 4294967295 - [0.03999996, -6.33, -7.596, 0.0] [2.4699998, -3.79, -3.3400002, 0.0]
      1149 - entry: 1150       | exit: 1154       | 4294967295 - [0.03999996, -6.33, -7.596, 0.0] [1.78, -3.79, -4.972, 0.0]
      1150 - entry: 1151       | exit: 1152       | 4294967295 - [0.78, -4.79, -7.596, 0.0] [1.78, -3.79, -6.596, 0.0]
      1151 - entry: 4294967295 | exit: 1152       | 128        - [inf, inf, inf, 0.0] [-inf, -inf, -inf, 0.0]
      1152 - entry: 1153       | exit: 1154       | 4294967295 - [0.03999996, -6.33, -5.972, 0.0] [1.04, -5.33, -4.972, 0.0]
      1153 - entry: 4294967295 | exit: 1154       | 189        - [inf, inf, inf, 0.0] [-inf, -inf, -inf, 0.0]
      1154 - entry: 1155       | exit: 1159       | 4294967295 - [0.28999996, -5.13, -5.124, 0.0] [2.4699998, -3.98, -3.3400002, 0.0]
      1155 - entry: 1156       | exit: 1157       | 4294967295 - [0.28999996, -4.98, -5.124, 0.0] [1.29, -3.98, -4.124, 0.0]
      1156 - entry: 4294967295 | exit: 1157       | 251        - [inf, inf, inf, 0.0] [-inf, -inf, -inf, 0.0]
      1157 - entry: 1158       | exit: 1159       | 4294967295 - [1.4699999, -5.13, -4.34, 0.0] [2.4699998, -4.13, -3.3400002, 0.0]
      1158 - entry: 4294967295 | exit: 1159       | 12         - [inf, inf, inf, 0.0] [-inf, -inf, -inf, 0.0]
      1159 - entry: 1160       | exit: 1167       | 4294967295 - [-0.61, -7.2999997, -3.292, 0.0] [2.48, -3.4399998, -0.98, 0.0]
      1160 - entry: 1161       | exit: 1165       | 4294967295 - [-0.100000024, -7.2999997, -2.38, 0.0] [2.48, -6.02, -0.98, 0.0]
      1161 - entry: 1162       | exit: 1163       | 4294967295 - [-0.100000024, -7.2999997, -1.98, 0.0] [0.9, -6.2999997, -0.98, 0.0]
      1162 - entry: 4294967295 | exit: 1163       | 248        - [inf, inf, inf, 0.0] [-inf, -inf, -inf, 0.0]
      1163 - entry: 1164       | exit: 1165       | 4294967295 - [1.4799999, -7.02, -2.38, 0.0] [2.48, -6.02, -1.3800001, 0.0]
      1164 - entry: 4294967295 | exit: 1165       | 125        - [inf, inf, inf, 0.0] [-inf, -inf, -inf, 0.0]
      1165 - entry: 1166       | exit: 1167       | 4294967295 - [-0.61, -4.4399996, -3.292, 0.0] [0.39, -3.4399998, -2.292, 0.0]
      1166 - entry: 4294967295 | exit: 1167       | 76         - [inf, inf, inf, 0.0] [-inf, -inf, -inf, 0.0]
      1167 - entry: 1168       | exit: 1286       | 4294967295 - [-0.5, -3.87, -7.5, 0.0] [4.5099998, -0.24000001, -0.5, 0.0]
      1168 - entry: 1169       | exit: 1233       | 4294967295 - [-0.5, -3.5, -7.5, 0.0] [4.5, -2.11, -3.5, 0.0]
      1169 - entry: 1170       | exit: 1207       | 4294967295 - [-0.5, -3.5, -7.5, 0.0] [2.5, -2.3799999, -3.5, 0.0]
      1170 - entry: 1171       | exit: 1190       | 4294967295 - [-0.5, -3.5, -7.5, 0.0] [2.5, -2.3799999, -5.2040005, 0.0]
      1171 - entry: 1172       | exit: 1182       | 4294967295 - [-0.5, -3.5, -7.5, 0.0] [1.5, -2.5, -5.5, 0.0]
      1172 - entry: 1173       | exit: 1177       | 4294967295 - [-0.5, -3.5, -7.5, 0.0] [1.5, -2.5, -6.5, 0.0]
      1173 - entry: 1174       | exit: 1175       | 4294967295 - [-0.5, -3.5, -7.5, 0.0] [0.5, -2.5, -6.5, 0.0]
      1174 - entry: 4294967295 | exit: 1175       | 758        - [inf, inf, inf, 0.0] [-inf, -inf, -inf, 0.0]
      1175 - entry: 1176       | exit: 1177       | 4294967295 - [0.5, -3.5, -7.5, 0.0] [1.5, -2.5, -6.5, 0.0]
      1176 - entry: 4294967295 | exit: 1177       | 788        - [inf, inf, inf, 0.0] [-inf, -inf, -inf, 0.0]
      1177 - entry: 1178       | exit: 1182       | 4294967295 - [-0.5, -3.5, -6.5, 0.0] [1.5, -2.5, -5.5, 0.0]
      1178 - entry: 1179       | exit: 1180       | 4294967295 - [-0.5, -3.5, -6.5, 0.0] [0.5, -2.5, -5.5, 0.0]
      1179 - entry: 4294967295 | exit: 1180       | 759        - [inf, inf, inf, 0.0] [-inf, -inf, -inf, 0.0]
      1180 - entry: 1181       | exit: 1182       | 4294967295 - [0.5, -3.5, -6.5, 0.0] [1.5, -2.5, -5.5, 0.0]
      1181 - entry: 4294967295 | exit: 1182       | 789        - [inf, inf, inf, 0.0] [-inf, -inf, -inf, 0.0]
      1182 - entry: 1183       | exit: 1190       | 4294967295 - [0.85, -3.5, -7.5, 0.0] [2.5, -2.3799999, -5.2040005, 0.0]
      1183 - entry: 1184       | exit: 1188       | 4294967295 - [1.5, -3.5, -7.5, 0.0] [2.5, -2.5, -5.5, 0.0]
      1184 - entry: 1185       | exit: 1186       | 4294967295 - [1.5, -3.5, -7.5, 0.0] [2.5, -2.5, -6.5, 0.0]
      1185 - entry: 4294967295 | exit: 1186       | 818        - [inf, inf, inf, 0.0] [-inf, -inf, -inf, 0.0]
      1186 - entry: 1187       | exit: 1188       | 4294967295 - [1.5, -3.5, -6.5, 0.0] [2.5, -2.5, -5.5, 0.0]
      1187 - entry: 4294967295 | exit: 1188       | 819        - [inf, inf, inf, 0.0] [-inf, -inf, -inf, 0.0]
      1188 - entry: 1189       | exit: 1190       | 4294967295 - [0.85, -3.3799999, -6.2040005, 0.0] [1.85, -2.3799999, -5.2040005, 0.0]
      1189 - entry: 4294967295 | exit: 1190       | 103        - [inf, inf, inf, 0.0] [-inf, -inf, -inf, 0.0]
      1190 - entry: 1191       | exit: 1207       | 4294967295 - [-0.5, -3.5, -5.5, 0.0] [2.5, -2.5, -3.5, 0.0]
      1191 - entry: 1192       | exit: 1196       | 4294967295 - [-0.5, -3.5, -5.5, 0.0] [0.5, -2.5, -3.5, 0.0]
      1192 - entry: 1193       | exit: 1194       | 4294967295 - [-0.5, -3.5, -5.5, 0.0] [0.5, -2.5, -4.5, 0.0]
      1193 - entry: 4294967295 | exit: 1194       | 760        - [inf, inf, inf, 0.0] [-inf, -inf, -inf, 0.0]
      1194 - entry: 1195       | exit: 1196       | 4294967295 - [-0.5, -3.5, -4.5, 0.0] [0.5, -2.5, -3.5, 0.0]
      1195 - entry: 4294967295 | exit: 1196       | 761        - [inf, inf, inf, 0.0] [-inf, -inf, -inf, 0.0]
      1196 - entry: 1197       | exit: 1207       | 4294967295 - [0.5, -3.5, -5.5, 0.0] [2.5, -2.5, -3.5, 0.0]
      1197 - entry: 1198       | exit: 1202       | 4294967295 - [0.5, -3.5, -5.5, 0.0] [2.5, -2.5, -4.5, 0.0]
      1198 - entry: 1199       | exit: 1200       | 4294967295 - [0.5, -3.5, -5.5, 0.0] [1.5, -2.5, -4.5, 0.0]
      1199 - entry: 4294967295 | exit: 1200       | 790        - [inf, inf, inf, 0.0] [-inf, -inf, -inf, 0.0]
      1200 - entry: 1201       | exit: 1202       | 4294967295 - [1.5, -3.5, -5.5, 0.0] [2.5, -2.5, -4.5, 0.0]
      1201 - entry: 4294967295 | exit: 1202       | 820        - [inf, inf, inf, 0.0] [-inf, -inf, -inf, 0.0]
      1202 - entry: 1203       | exit: 1207       | 4294967295 - [0.5, -3.5, -4.5, 0.0] [2.5, -2.5, -3.5, 0.0]
      1203 - entry: 1204       | exit: 1205       | 4294967295 - [0.5, -3.5, -4.5, 0.0] [1.5, -2.5, -3.5, 0.0]
      1204 - entry: 4294967295 | exit: 1205       | 791        - [inf, inf, inf, 0.0] [-inf, -inf, -inf, 0.0]
      1205 - entry: 1206       | exit: 1207       | 4294967295 - [1.5, -3.5, -4.5, 0.0] [2.5, -2.5, -3.5, 0.0]
      1206 - entry: 4294967295 | exit: 1207       | 821        - [inf, inf, inf, 0.0] [-inf, -inf, -inf, 0.0]
      1207 - entry: 1208       | exit: 1233       | 4294967295 - [2.5, -3.5, -7.5, 0.0] [4.5, -2.11, -3.5, 0.0]
      1208 - entry: 1209       | exit: 1222       | 4294967295 - [2.5, -3.5, -7.5, 0.0] [4.5, -2.11, -5.5, 0.0]
      1209 - entry: 1210       | exit: 1214       | 4294967295 - [2.5, -3.5, -7.5, 0.0] [4.5, -2.5, -6.5, 0.0]
      1210 - entry: 1211       | exit: 1212       | 4294967295 - [2.5, -3.5, -7.5, 0.0] [3.5, -2.5, -6.5, 0.0]
      1211 - entry: 4294967295 | exit: 1212       | 848        - [inf, inf, inf, 0.0] [-inf, -inf, -inf, 0.0]
      1212 - entry: 1213       | exit: 1214       | 4294967295 - [3.5, -3.5, -7.5, 0.0] [4.5, -2.5, -6.5, 0.0]
      1213 - entry: 4294967295 | exit: 1214       | 878        - [inf, inf, inf, 0.0] [-inf, -inf, -inf, 0.0]
      1214 - entry: 1215       | exit: 1222       | 4294967295 - [2.5, -3.5, -6.524, 0.0] [4.5, -2.11, -5.5, 0.0]
      1215 - entry: 1216       | exit: 1217       | 4294967295 - [2.5, -3.5, -6.5, 0.0] [3.5, -2.5, -5.5, 0.0]
      1216 - entry: 4294967295 | exit: 1217       | 849        - [inf, inf, inf, 0.0] [-inf, -inf, -inf, 0.0]
      1217 - entry: 1218       | exit: 1222       | 4294967295 - [3.37, -3.5, -6.524, 0.0] [4.5, -2.11, -5.5, 0.0]
      1218 - entry: 1219       | exit: 1220       | 4294967295 - [3.5, -3.5, -6.5, 0.0] [4.5, -2.5, -5.5, 0.0]
      1219 - entry: 4294967295 | exit: 1220       | 879        - [inf, inf, inf, 0.0] [-inf, -inf, -inf, 0.0]
      1220 - entry: 1221       | exit: 1222       | 4294967295 - [3.37, -3.11, -6.524, 0.0] [4.37, -2.11, -5.524, 0.0]
      1221 - entry: 4294967295 | exit: 1222       | 292        - [inf, inf, inf, 0.0] [-inf, -inf, -inf, 0.0]
      1222 - entry: 1223       | exit: 1233       | 4294967295 - [2.5, -3.5, -5.5, 0.0] [4.5, -2.5, -3.5, 0.0]
      1223 - entry: 1224       | exit: 1228       | 4294967295 - [2.5, -3.5, -5.5, 0.0] [4.5, -2.5, -4.5, 0.0]
      1224 - entry: 1225       | exit: 1226       | 4294967295 - [2.5, -3.5, -5.5, 0.0] [3.5, -2.5, -4.5, 0.0]
      1225 - entry: 4294967295 | exit: 1226       | 850        - [inf, inf, inf, 0.0] [-inf, -inf, -inf, 0.0]
      1226 - entry: 1227       | exit: 1228       | 4294967295 - [3.5, -3.5, -5.5, 0.0] [4.5, -2.5, -4.5, 0.0]
      1227 - entry: 4294967295 | exit: 1228       | 880        - [inf, inf, inf, 0.0] [-inf, -inf, -inf, 0.0]
      1228 - entry: 1229       | exit: 1233       | 4294967295 - [2.5, -3.5, -4.5, 0.0] [4.5, -2.5, -3.5, 0.0]
      1229 - entry: 1230       | exit: 1231       | 4294967295 - [2.5, -3.5, -4.5, 0.0] [3.5, -2.5, -3.5, 0.0]
      1230 - entry: 4294967295 | exit: 1231       | 851        - [inf, inf, inf, 0.0] [-inf, -inf, -inf, 0.0]
      1231 - entry: 1232       | exit: 1233       | 4294967295 - [3.5, -3.5, -4.5, 0.0] [4.5, -2.5, -3.5, 0.0]
      1232 - entry: 4294967295 | exit: 1233       | 881        - [inf, inf, inf, 0.0] [-inf, -inf, -inf, 0.0]
      1233 - entry: 1234       | exit: 1286       | 4294967295 - [-0.5, -3.87, -3.732, 0.0] [4.5099998, -0.24000001, -0.5, 0.0]
      1234 - entry: 1235       | exit: 1263       | 4294967295 - [-0.5, -3.5, -3.732, 0.0] [2.5, -0.24000001, -0.5, 0.0]
      1235 - entry: 1236       | exit: 1261       | 4294967295 - [-0.5, -3.5, -3.5, 0.0] [2.5, -2.5, -0.5, 0.0]
      1236 - entry: 1237       | exit: 1244       | 4294967295 - [-0.5, -3.5, -3.5, 0.0] [2.5, -2.5, -2.5, 0.0]
      1237 - entry: 1238       | exit: 1239       | 4294967295 - [-0.5, -3.5, -3.5, 0.0] [0.5, -2.5, -2.5, 0.0]
      1238 - entry: 4294967295 | exit: 1239       | 762        - [inf, inf, inf, 0.0] [-inf, -inf, -inf, 0.0]
      1239 - entry: 1240       | exit: 1244       | 4294967295 - [0.5, -3.5, -3.5, 0.0] [2.5, -2.5, -2.5, 0.0]
      1240 - entry: 1241       | exit: 1242       | 4294967295 - [0.5, -3.5, -3.5, 0.0] [1.5, -2.5, -2.5, 0.0]
      1241 - entry: 4294967295 | exit: 1242       | 792        - [inf, inf, inf, 0.0] [-inf, -inf, -inf, 0.0]
      1242 - entry: 1243       | exit: 1244       | 4294967295 - [1.5, -3.5, -3.5, 0.0] [2.5, -2.5, -2.5, 0.0]
      1243 - entry: 4294967295 | exit: 1244       | 822        - [inf, inf, inf, 0.0] [-inf, -inf, -inf, 0.0]
      1244 - entry: 1245       | exit: 1261       | 4294967295 - [-0.5, -3.5, -2.5, 0.0] [2.5, -2.5, -0.5, 0.0]
      1245 - entry: 1246       | exit: 1250       | 4294967295 - [-0.5, -3.5, -2.5, 0.0] [0.5, -2.5, -0.5, 0.0]
      1246 - entry: 1247       | exit: 1248       | 4294967295 - [-0.5, -3.5, -2.5, 0.0] [0.5, -2.5, -1.5, 0.0]
      1247 - entry: 4294967295 | exit: 1248       | 763        - [inf, inf, inf, 0.0] [-inf, -inf, -inf, 0.0]
      1248 - entry: 1249       | exit: 1250       | 4294967295 - [-0.5, -3.5, -1.5, 0.0] [0.5, -2.5, -0.5, 0.0]
      1249 - entry: 4294967295 | exit: 1250       | 764        - [inf, inf, inf, 0.0] [-inf, -inf, -inf, 0.0]
      1250 - entry: 1251       | exit: 1261       | 4294967295 - [0.5, -3.5, -2.5, 0.0] [2.5, -2.5, -0.5, 0.0]
      1251 - entry: 1252       | exit: 1256       | 4294967295 - [0.5, -3.5, -2.5, 0.0] [2.5, -2.5, -1.5, 0.0]
      1252 - entry: 1253       | exit: 1254       | 4294967295 - [0.5, -3.5, -2.5, 0.0] [1.5, -2.5, -1.5, 0.0]
      1253 - entry: 4294967295 | exit: 1254       | 793        - [inf, inf, inf, 0.0] [-inf, -inf, -inf, 0.0]
      1254 - entry: 1255       | exit: 1256       | 4294967295 - [1.5, -3.5, -2.5, 0.0] [2.5, -2.5, -1.5, 0.0]
      1255 - entry: 4294967295 | exit: 1256       | 823        - [inf, inf, inf, 0.0] [-inf, -inf, -inf, 0.0]
      1256 - entry: 1257       | exit: 1261       | 4294967295 - [0.5, -3.5, -1.5, 0.0] [2.5, -2.5, -0.5, 0.0]
      1257 - entry: 1258       | exit: 1259       | 4294967295 - [0.5, -3.5, -1.5, 0.0] [1.5, -2.5, -0.5, 0.0]
      1258 - entry: 4294967295 | exit: 1259       | 794        - [inf, inf, inf, 0.0] [-inf, -inf, -inf, 0.0]
      1259 - entry: 1260       | exit: 1261       | 4294967295 - [1.5, -3.5, -1.5, 0.0] [2.5, -2.5, -0.5, 0.0]
      1260 - entry: 4294967295 | exit: 1261       | 824        - [inf, inf, inf, 0.0] [-inf, -inf, -inf, 0.0]
      1261 - entry: 1262       | exit: 1263       | 4294967295 - [1.14, -1.24, -3.732, 0.0] [2.1399999, -0.24000001, -2.732, 0.0]
      1262 - entry: 4294967295 | exit: 1263       | 46         - [inf, inf, inf, 0.0] [-inf, -inf, -inf, 0.0]
      1263 - entry: 1264       | exit: 1286       | 4294967295 - [2.5, -3.87, -3.6120002, 0.0] [4.5099998, -2.29, -0.5, 0.0]
      1264 - entry: 1265       | exit: 1272       | 4294967295 - [2.5, -3.87, -3.6120002, 0.0] [4.5, -2.5, -2.5, 0.0]
      1265 - entry: 1266       | exit: 1270       | 4294967295 - [2.5, -3.87, -3.6120002, 0.0] [3.72, -2.5, -2.5, 0.0]
      1266 - entry: 1267       | exit: 1268       | 4294967295 - [2.72, -3.87, -3.6120002, 0.0] [3.72, -2.87, -2.6120002, 0.0]
      1267 - entry: 4294967295 | exit: 1268       | 192        - [inf, inf, inf, 0.0] [-inf, -inf, -inf, 0.0]
      1268 - entry: 1269       | exit: 1270       | 4294967295 - [2.5, -3.5, -3.5, 0.0] [3.5, -2.5, -2.5, 0.0]
      1269 - entry: 4294967295 | exit: 1270       | 852        - [inf, inf, inf, 0.0] [-inf, -inf, -inf, 0.0]
      1270 - entry: 1271       | exit: 1272       | 4294967295 - [3.5, -3.5, -3.5, 0.0] [4.5, -2.5, -2.5, 0.0]
      1271 - entry: 4294967295 | exit: 1272       | 882        - [inf, inf, inf, 0.0] [-inf, -inf, -inf, 0.0]
      1272 - entry: 1273       | exit: 1286       | 4294967295 - [2.5, -3.5, -2.5, 0.0] [4.5099998, -2.29, -0.5, 0.0]
      1273 - entry: 1274       | exit: 1278       | 4294967295 - [2.5, -3.5, -2.5, 0.0] [3.5, -2.5, -0.5, 0.0]
      1274 - entry: 1275       | exit: 1276       | 4294967295 - [2.5, -3.5, -2.5, 0.0] [3.5, -2.5, -1.5, 0.0]
      1275 - entry: 4294967295 | exit: 1276       | 853        - [inf, inf, inf, 0.0] [-inf, -inf, -inf, 0.0]
      1276 - entry: 1277       | exit: 1278       | 4294967295 - [2.5, -3.5, -1.5, 0.0] [3.5, -2.5, -0.5, 0.0]
      1277 - entry: 4294967295 | exit: 1278       | 854        - [inf, inf, inf, 0.0] [-inf, -inf, -inf, 0.0]
      1278 - entry: 1279       | exit: 1286       | 4294967295 - [3.5, -3.5, -2.5, 0.0] [4.5099998, -2.29, -0.5, 0.0]
      1279 - entry: 1280       | exit: 1281       | 4294967295 - [3.5, -3.5, -2.5, 0.0] [4.5, -2.5, -1.5, 0.0]
      1280 - entry: 4294967295 | exit: 1281       | 883        - [inf, inf, inf, 0.0] [-inf, -inf, -inf, 0.0]
      1281 - entry: 1282       | exit: 1286       | 4294967295 - [3.5, -3.5, -1.74, 0.0] [4.5099998, -2.29, -0.5, 0.0]
      1282 - entry: 1283       | exit: 1284       | 4294967295 - [3.5099998, -3.29, -1.74, 0.0] [4.5099998, -2.29, -0.74, 0.0]
      1283 - entry: 4294967295 | exit: 1284       | 1          - [inf, inf, inf, 0.0] [-inf, -inf, -inf, 0.0]
      1284 - entry: 1285       | exit: 1286       | 4294967295 - [3.5, -3.5, -1.5, 0.0] [4.5, -2.5, -0.5, 0.0]
      1285 - entry: 4294967295 | exit: 1286       | 884        - [inf, inf, inf, 0.0] [-inf, -inf, -inf, 0.0]
      1286 - entry: 1287       | exit: 1447       | 4294967295 - [3.92, -10.469999, -7.8280005, 0.0] [9.5, -0.22999996, -0.46000004, 0.0]
      1287 - entry: 1288       | exit: 1316       | 4294967295 - [4.3599997, -10.469999, -7.8280005, 0.0] [7.67, -4.77, -1.3880001, 0.0]
      1288 - entry: 1289       | exit: 1299       | 4294967295 - [4.6099997, -10.469999, -7.8280005, 0.0] [7.5, -4.8599997, -6.2200003, 0.0]
      1289 - entry: 1290       | exit: 1297       | 4294967295 - [4.6099997, -10.469999, -7.4200006, 0.0] [7.5, -7.84, -6.2200003, 0.0]
      1290 - entry: 1291       | exit: 1295       | 4294967295 - [4.6099997, -9.42, -7.3880005, 0.0] [6.67, -7.84, -6.2200003, 0.0]
      1291 - entry: 1292       | exit: 1293       | 4294967295 - [4.6099997, -9.42, -7.2200003, 0.0] [5.6099997, -8.42, -6.2200003, 0.0]
      1292 - entry: 4294967295 | exit: 1293       | 55         - [inf, inf, inf, 0.0] [-inf, -inf, -inf, 0.0]
      1293 - entry: 1294       | exit: 1295       | 4294967295 - [5.67, -8.84, -7.3880005, 0.0] [6.67, -7.84, -6.3880005, 0.0]
      1294 - entry: 4294967295 | exit: 1295       | 188        - [inf, inf, inf, 0.0] [-inf, -inf, -inf, 0.0]
      1295 - entry: 1296       | exit: 1297       | 4294967295 - [6.5, -10.469999, -7.4200006, 0.0] [7.5, -9.469999, -6.4200006, 0.0]
      1296 - entry: 4294967295 | exit: 1297       | 19         - [inf, inf, inf, 0.0] [-inf, -inf, -inf, 0.0]
      1297 - entry: 1298       | exit: 1299       | 4294967295 - [5.14, -5.8599997, -7.8280005, 0.0] [6.14, -4.8599997, -6.8280005, 0.0]
      1298 - entry: 4294967295 | exit: 1299       | 108        - [inf, inf, inf, 0.0] [-inf, -inf, -inf, 0.0]
      1299 - entry: 1300       | exit: 1316       | 4294967295 - [4.3599997, -10.08, -4.0600004, 0.0] [7.67, -4.77, -1.3880001, 0.0]
      1300 - entry: 1301       | exit: 1308       | 4294967295 - [4.3599997, -10.08, -3.3560002, 0.0] [6.54, -8.87, -1.468, 0.0]
      1301 - entry: 1302       | exit: 1306       | 4294967295 - [4.3599997, -10.08, -3.3560002, 0.0] [6.19, -9.0, -2.3240001, 0.0]
      1302 - entry: 1303       | exit: 1304       | 4294967295 - [4.3599997, -10.08, -3.3240001, 0.0] [5.3599997, -9.08, -2.3240001, 0.0]
      1303 - entry: 4294967295 | exit: 1304       | 11         - [inf, inf, inf, 0.0] [-inf, -inf, -inf, 0.0]
      1304 - entry: 1305       | exit: 1306       | 4294967295 - [5.19, -10.0, -3.3560002, 0.0] [6.19, -9.0, -2.3560002, 0.0]
      1305 - entry: 4294967295 | exit: 1306       | 220        - [inf, inf, inf, 0.0] [-inf, -inf, -inf, 0.0]
      1306 - entry: 1307       | exit: 1308       | 4294967295 - [5.54, -9.87, -2.468, 0.0] [6.54, -8.87, -1.468, 0.0]
      1307 - entry: 4294967295 | exit: 1308       | 42         - [inf, inf, inf, 0.0] [-inf, -inf, -inf, 0.0]
      1308 - entry: 1309       | exit: 1316       | 4294967295 - [4.63, -7.39, -4.0600004, 0.0] [7.67, -4.77, -1.3880001, 0.0]
      1309 - entry: 1310       | exit: 1314       | 4294967295 - [4.63, -5.7799997, -4.0600004, 0.0] [6.8599997, -4.77, -1.3880001, 0.0]
      1310 - entry: 1311       | exit: 1312       | 4294967295 - [5.8599997, -5.7799997, -4.0600004, 0.0] [6.8599997, -4.7799997, -3.0600002, 0.0]
      1311 - entry: 4294967295 | exit: 1312       | 162        - [inf, inf, inf, 0.0] [-inf, -inf, -inf, 0.0]
      1312 - entry: 1313       | exit: 1314       | 4294967295 - [4.63, -5.77, -2.388, 0.0] [5.63, -4.77, -1.3880001, 0.0]
      1313 - entry: 4294967295 | exit: 1314       | 202        - [inf, inf, inf, 0.0] [-inf, -inf, -inf, 0.0]
      1314 - entry: 1315       | exit: 1316       | 4294967295 - [6.67, -7.39, -2.3960001, 0.0] [7.67, -6.39, -1.3960001, 0.0]
      1315 - entry: 4294967295 | exit: 1316       | 293        - [inf, inf, inf, 0.0] [-inf, -inf, -inf, 0.0]
      1316 - entry: 1317       | exit: 1447       | 4294967295 - [3.92, -4.27, -7.556, 0.0] [9.5, -0.22999996, -0.46000004, 0.0]
      1317 - entry: 1318       | exit: 1373       | 4294967295 - [4.5, -3.5, -7.556, 0.0] [9.5, -0.22999996, -4.5, 0.0]
      1318 - entry: 1319       | exit: 1338       | 4294967295 - [4.5, -3.5, -7.5, 0.0] [6.5, -0.22999996, -4.5, 0.0]
      1319 - entry: 1320       | exit: 1336       | 4294967295 - [4.5, -3.5, -7.5, 0.0] [6.5, -2.5, -4.5, 0.0]
      1320 - entry: 1321       | exit: 1325       | 4294967295 - [4.5, -3.5, -7.5, 0.0] [6.5, -2.5, -6.5, 0.0]
      1321 - entry: 1322       | exit: 1323       | 4294967295 - [4.5, -3.5, -7.5, 0.0] [5.5, -2.5, -6.5, 0.0]
      1322 - entry: 4294967295 | exit: 1323       | 908        - [inf, inf, inf, 0.0] [-inf, -inf, -inf, 0.0]
      1323 - entry: 1324       | exit: 1325       | 4294967295 - [5.5, -3.5, -7.5, 0.0] [6.5, -2.5, -6.5, 0.0]
      1324 - entry: 4294967295 | exit: 1325       | 938        - [inf, inf, inf, 0.0] [-inf, -inf, -inf, 0.0]
      1325 - entry: 1326       | exit: 1336       | 4294967295 - [4.5, -3.5, -6.5, 0.0] [6.5, -2.5, -4.5, 0.0]
      1326 - entry: 1327       | exit: 1331       | 4294967295 - [4.5, -3.5, -6.5, 0.0] [6.5, -2.5, -5.5, 0.0]
      1327 - entry: 1328       | exit: 1329       | 4294967295 - [4.5, -3.5, -6.5, 0.0] [5.5, -2.5, -5.5, 0.0]
      1328 - entry: 4294967295 | exit: 1329       | 909        - [inf, inf, inf, 0.0] [-inf, -inf, -inf, 0.0]
      1329 - entry: 1330       | exit: 1331       | 4294967295 - [5.5, -3.5, -6.5, 0.0] [6.5, -2.5, -5.5, 0.0]
      1330 - entry: 4294967295 | exit: 1331       | 939        - [inf, inf, inf, 0.0] [-inf, -inf, -inf, 0.0]
      1331 - entry: 1332       | exit: 1336       | 4294967295 - [4.5, -3.5, -5.5, 0.0] [6.5, -2.5, -4.5, 0.0]
      1332 - entry: 1333       | exit: 1334       | 4294967295 - [4.5, -3.5, -5.5, 0.0] [5.5, -2.5, -4.5, 0.0]
      1333 - entry: 4294967295 | exit: 1334       | 910        - [inf, inf, inf, 0.0] [-inf, -inf, -inf, 0.0]
      1334 - entry: 1335       | exit: 1336       | 4294967295 - [5.5, -3.5, -5.5, 0.0] [6.5, -2.5, -4.5, 0.0]
      1335 - entry: 4294967295 | exit: 1336       | 940        - [inf, inf, inf, 0.0] [-inf, -inf, -inf, 0.0]
      1336 - entry: 1337       | exit: 1338       | 4294967295 - [4.98, -1.23, -5.8360004, 0.0] [5.98, -0.22999996, -4.8360004, 0.0]
      1337 - entry: 4294967295 | exit: 1338       | 288        - [inf, inf, inf, 0.0] [-inf, -inf, -inf, 0.0]
      1338 - entry: 1339       | exit: 1373       | 4294967295 - [6.0299997, -3.5, -7.556, 0.0] [9.5, -1.02, -4.5, 0.0]
      1339 - entry: 1340       | exit: 1356       | 4294967295 - [6.0299997, -3.5, -7.556, 0.0] [7.95, -1.02, -4.5, 0.0]
      1340 - entry: 1341       | exit: 1345       | 4294967295 - [6.5, -3.5, -7.556, 0.0] [7.95, -1.02, -6.5, 0.0]
      1341 - entry: 1342       | exit: 1343       | 4294967295 - [6.5, -3.5, -7.5, 0.0] [7.5, -2.5, -6.5, 0.0]
      1342 - entry: 4294967295 | exit: 1343       | 968        - [inf, inf, inf, 0.0] [-inf, -inf, -inf, 0.0]
      1343 - entry: 1344       | exit: 1345       | 4294967295 - [6.95, -2.02, -7.556, 0.0] [7.95, -1.02, -6.556, 0.0]
      1344 - entry: 4294967295 | exit: 1345       | 84         - [inf, inf, inf, 0.0] [-inf, -inf, -inf, 0.0]
      1345 - entry: 1346       | exit: 1356       | 4294967295 - [6.0299997, -3.5, -6.5, 0.0] [7.5, -1.75, -4.5, 0.0]
      1346 - entry: 1347       | exit: 1354       | 4294967295 - [6.0299997, -3.5, -6.5, 0.0] [7.5, -1.75, -5.156, 0.0]
      1347 - entry: 1348       | exit: 1349       | 4294967295 - [6.5, -3.5, -6.5, 0.0] [7.5, -2.5, -5.5, 0.0]
      1348 - entry: 4294967295 | exit: 1349       | 969        - [inf, inf, inf, 0.0] [-inf, -inf, -inf, 0.0]
      1349 - entry: 1350       | exit: 1354       | 4294967295 - [6.0299997, -3.1599998, -6.2840004, 0.0] [7.1, -1.75, -5.156, 0.0]
      1350 - entry: 1351       | exit: 1352       | 4294967295 - [6.0299997, -3.1599998, -6.156, 0.0] [7.0299997, -2.1599998, -5.156, 0.0]
      1351 - entry: 4294967295 | exit: 1352       | 142        - [inf, inf, inf, 0.0] [-inf, -inf, -inf, 0.0]
      1352 - entry: 1353       | exit: 1354       | 4294967295 - [6.1, -2.75, -6.2840004, 0.0] [7.1, -1.75, -5.2840004, 0.0]
      1353 - entry: 4294967295 | exit: 1354       | 24         - [inf, inf, inf, 0.0] [-inf, -inf, -inf, 0.0]
      1354 - entry: 1355       | exit: 1356       | 4294967295 - [6.5, -3.5, -5.5, 0.0] [7.5, -2.5, -4.5, 0.0]
      1355 - entry: 4294967295 | exit: 1356       | 970        - [inf, inf, inf, 0.0] [-inf, -inf, -inf, 0.0]
      1356 - entry: 1357       | exit: 1373       | 4294967295 - [7.5, -3.5, -7.5, 0.0] [9.5, -2.5, -4.5, 0.0]
      1357 - entry: 1358       | exit: 1362       | 4294967295 - [7.5, -3.5, -7.5, 0.0] [9.5, -2.5, -6.5, 0.0]
      1358 - entry: 1359       | exit: 1360       | 4294967295 - [7.5, -3.5, -7.5, 0.0] [8.5, -2.5, -6.5, 0.0]
      1359 - entry: 4294967295 | exit: 1360       | 998        - [inf, inf, inf, 0.0] [-inf, -inf, -inf, 0.0]
      1360 - entry: 1361       | exit: 1362       | 4294967295 - [8.5, -3.5, -7.5, 0.0] [9.5, -2.5, -6.5, 0.0]
      1361 - entry: 4294967295 | exit: 1362       | 1028       - [inf, inf, inf, 0.0] [-inf, -inf, -inf, 0.0]
      1362 - entry: 1363       | exit: 1373       | 4294967295 - [7.5, -3.5, -6.5, 0.0] [9.5, -2.5, -4.5, 0.0]
      1363 - entry: 1364       | exit: 1368       | 4294967295 - [7.5, -3.5, -6.5, 0.0] [9.5, -2.5, -5.5, 0.0]
      1364 - entry: 1365       | exit: 1366       | 4294967295 - [7.5, -3.5, -6.5, 0.0] [8.5, -2.5, -5.5, 0.0]
      1365 - entry: 4294967295 | exit: 1366       | 999        - [inf, inf, inf, 0.0] [-inf, -inf, -inf, 0.0]
      1366 - entry: 1367       | exit: 1368       | 4294967295 - [8.5, -3.5, -6.5, 0.0] [9.5, -2.5, -5.5, 0.0]
      1367 - entry: 4294967295 | exit: 1368       | 1029       - [inf, inf, inf, 0.0] [-inf, -inf, -inf, 0.0]
      1368 - entry: 1369       | exit: 1373       | 4294967295 - [7.5, -3.5, -5.5, 0.0] [9.5, -2.5, -4.5, 0.0]
      1369 - entry: 1370       | exit: 1371       | 4294967295 - [7.5, -3.5, -5.5, 0.0] [8.5, -2.5, -4.5, 0.0]
      1370 - entry: 4294967295 | exit: 1371       | 1000       - [inf, inf, inf, 0.0] [-inf, -inf, -inf, 0.0]
      1371 - entry: 1372       | exit: 1373       | 4294967295 - [8.5, -3.5, -5.5, 0.0] [9.5, -2.5, -4.5, 0.0]
      1372 - entry: 4294967295 | exit: 1373       | 1030       - [inf, inf, inf, 0.0] [-inf, -inf, -inf, 0.0]
      1373 - entry: 1374       | exit: 1447       | 4294967295 - [3.92, -4.27, -4.5, 0.0] [9.5, -0.51, -0.46000004, 0.0]
      1374 - entry: 1375       | exit: 1406       | 4294967295 - [3.92, -3.5, -4.5, 0.0] [6.5, -0.51, -0.5, 0.0]
      1375 - entry: 1376       | exit: 1389       | 4294967295 - [3.92, -3.5, -4.5, 0.0] [6.5, -1.18, -2.5, 0.0]
      1376 - entry: 1377       | exit: 1378       | 4294967295 - [3.92, -2.1799998, -4.484, 0.0] [4.92, -1.18, -3.4840002, 0.0]
      1377 - entry: 4294967295 | exit: 1378       | 187        - [inf, inf, inf, 0.0] [-inf, -inf, -inf, 0.0]
      1378 - entry: 1379       | exit: 1389       | 4294967295 - [4.5, -3.5, -4.5, 0.0] [6.5, -2.5, -2.5, 0.0]
      1379 - entry: 1380       | exit: 1384       | 4294967295 - [4.5, -3.5, -4.5, 0.0] [6.5, -2.5, -3.5, 0.0]
      1380 - entry: 1381       | exit: 1382       | 4294967295 - [4.5, -3.5, -4.5, 0.0] [5.5, -2.5, -3.5, 0.0]
      1381 - entry: 4294967295 | exit: 1382       | 911        - [inf, inf, inf, 0.0] [-inf, -inf, -inf, 0.0]
      1382 - entry: 1383       | exit: 1384       | 4294967295 - [5.5, -3.5, -4.5, 0.0] [6.5, -2.5, -3.5, 0.0]
      1383 - entry: 4294967295 | exit: 1384       | 941        - [inf, inf, inf, 0.0] [-inf, -inf, -inf, 0.0]
      1384 - entry: 1385       | exit: 1389       | 4294967295 - [4.5, -3.5, -3.5, 0.0] [6.5, -2.5, -2.5, 0.0]
      1385 - entry: 1386       | exit: 1387       | 4294967295 - [4.5, -3.5, -3.5, 0.0] [5.5, -2.5, -2.5, 0.0]
      1386 - entry: 4294967295 | exit: 1387       | 912        - [inf, inf, inf, 0.0] [-inf, -inf, -inf, 0.0]
      1387 - entry: 1388       | exit: 1389       | 4294967295 - [5.5, -3.5, -3.5, 0.0] [6.5, -2.5, -2.5, 0.0]
      1388 - entry: 4294967295 | exit: 1389       | 942        - [inf, inf, inf, 0.0] [-inf, -inf, -inf, 0.0]
      1389 - entry: 1390       | exit: 1406       | 4294967295 - [4.3399997, -3.5, -3.0440001, 0.0] [6.5, -0.51, -0.5, 0.0]
      1390 - entry: 1391       | exit: 1404       | 4294967295 - [4.3399997, -3.5, -3.0440001, 0.0] [6.5, -2.3899999, -0.5, 0.0]
      1391 - entry: 1392       | exit: 1399       | 4294967295 - [4.3399997, -3.5, -3.0440001, 0.0] [6.5, -2.3899999, -1.5, 0.0]
      1392 - entry: 1393       | exit: 1397       | 4294967295 - [4.3399997, -3.5, -3.0440001, 0.0] [5.5, -2.3899999, -1.5, 0.0]
      1393 - entry: 1394       | exit: 1395       | 4294967295 - [4.3399997, -3.3899999, -3.0440001, 0.0] [5.3399997, -2.3899999, -2.0440001, 0.0]
      1394 - entry: 4294967295 | exit: 1395       | 174        - [inf, inf, inf, 0.0] [-inf, -inf, -inf, 0.0]
      1395 - entry: 1396       | exit: 1397       | 4294967295 - [4.5, -3.5, -2.5, 0.0] [5.5, -2.5, -1.5, 0.0]
      1396 - entry: 4294967295 | exit: 1397       | 913        - [inf, inf, inf, 0.0] [-inf, -inf, -inf, 0.0]
      1397 - entry: 1398       | exit: 1399       | 4294967295 - [5.5, -3.5, -2.5, 0.0] [6.5, -2.5, -1.5, 0.0]
      1398 - entry: 4294967295 | exit: 1399       | 943        - [inf, inf, inf, 0.0] [-inf, -inf, -inf, 0.0]
      1399 - entry: 1400       | exit: 1404       | 4294967295 - [4.5, -3.5, -1.5, 0.0] [6.5, -2.5, -0.5, 0.0]
      1400 - entry: 1401       | exit: 1402       | 4294967295 - [4.5, -3.5, -1.5, 0.0] [5.5, -2.5, -0.5, 0.0]
      1401 - entry: 4294967295 | exit: 1402       | 914        - [inf, inf, inf, 0.0] [-inf, -inf, -inf, 0.0]
      1402 - entry: 1403       | exit: 1404       | 4294967295 - [5.5, -3.5, -1.5, 0.0] [6.5, -2.5, -0.5, 0.0]
      1403 - entry: 4294967295 | exit: 1404       | 944        - [inf, inf, inf, 0.0] [-inf, -inf, -inf, 0.0]
      1404 - entry: 1405       | exit: 1406       | 4294967295 - [4.94, -1.51, -2.8920002, 0.0] [5.94, -0.51, -1.8920002, 0.0]
      1405 - entry: 4294967295 | exit: 1406       | 59         - [inf, inf, inf, 0.0] [-inf, -inf, -inf, 0.0]
      1406 - entry: 1407       | exit: 1447       | 4294967295 - [6.5, -4.27, -4.5, 0.0] [9.5, -2.5, -0.46000004, 0.0]
      1407 - entry: 1408       | exit: 1427       | 4294967295 - [6.5, -3.6299999, -4.5, 0.0] [9.5, -2.5, -2.5, 0.0]
      1408 - entry: 1409       | exit: 1419       | 4294967295 - [6.5, -3.5, -4.5, 0.0] [8.5, -2.5, -2.5, 0.0]
      1409 - entry: 1410       | exit: 1414       | 4294967295 - [6.5, -3.5, -4.5, 0.0] [8.5, -2.5, -3.5, 0.0]
      1410 - entry: 1411       | exit: 1412       | 4294967295 - [6.5, -3.5, -4.5, 0.0] [7.5, -2.5, -3.5, 0.0]
      1411 - entry: 4294967295 | exit: 1412       | 971        - [inf, inf, inf, 0.0] [-inf, -inf, -inf, 0.0]
      1412 - entry: 1413       | exit: 1414       | 4294967295 - [7.5, -3.5, -4.5, 0.0] [8.5, -2.5, -3.5, 0.0]
      1413 - entry: 4294967295 | exit: 1414       | 1001       - [inf, inf, inf, 0.0] [-inf, -inf, -inf, 0.0]
      1414 - entry: 1415       | exit: 1419       | 4294967295 - [6.5, -3.5, -3.5, 0.0] [8.5, -2.5, -2.5, 0.0]
      1415 - entry: 1416       | exit: 1417       | 4294967295 - [6.5, -3.5, -3.5, 0.0] [7.5, -2.5, -2.5, 0.0]
      1416 - entry: 4294967295 | exit: 1417       | 972        - [inf, inf, inf, 0.0] [-inf, -inf, -inf, 0.0]
      1417 - entry: 1418       | exit: 1419       | 4294967295 - [7.5, -3.5, -3.5, 0.0] [8.5, -2.5, -2.5, 0.0]
      1418 - entry: 4294967295 | exit: 1419       | 1002       - [inf, inf, inf, 0.0] [-inf, -inf, -inf, 0.0]
      1419 - entry: 1420       | exit: 1427       | 4294967295 - [8.32, -3.6299999, -4.5, 0.0] [9.5, -2.5, -2.5, 0.0]
      1420 - entry: 1421       | exit: 1425       | 4294967295 - [8.32, -3.6299999, -4.5, 0.0] [9.5, -2.5, -3.4040003, 0.0]
      1421 - entry: 1422       | exit: 1423       | 4294967295 - [8.32, -3.6299999, -4.4040003, 0.0] [9.32, -2.6299999, -3.4040003, 0.0]
      1422 - entry: 4294967295 | exit: 1423       | 284        - [inf, inf, inf, 0.0] [-inf, -inf, -inf, 0.0]
      1423 - entry: 1424       | exit: 1425       | 4294967295 - [8.5, -3.5, -4.5, 0.0] [9.5, -2.5, -3.5, 0.0]
      1424 - entry: 4294967295 | exit: 1425       | 1031       - [inf, inf, inf, 0.0] [-inf, -inf, -inf, 0.0]
      1425 - entry: 1426       | exit: 1427       | 4294967295 - [8.5, -3.5, -3.5, 0.0] [9.5, -2.5, -2.5, 0.0]
      1426 - entry: 4294967295 | exit: 1427       | 1032       - [inf, inf, inf, 0.0] [-inf, -inf, -inf, 0.0]
      1427 - entry: 1428       | exit: 1447       | 4294967295 - [6.5, -4.27, -2.5, 0.0] [9.5, -2.5, -0.46000004, 0.0]
      1428 - entry: 1429       | exit: 1439       | 4294967295 - [6.5, -3.5, -2.5, 0.0] [8.5, -2.5, -0.5, 0.0]
      1429 - entry: 1430       | exit: 1434       | 4294967295 - [6.5, -3.5, -2.5, 0.0] [8.5, -2.5, -1.5, 0.0]
      1430 - entry: 1431       | exit: 1432       | 4294967295 - [6.5, -3.5, -2.5, 0.0] [7.5, -2.5, -1.5, 0.0]
      1431 - entry: 4294967295 | exit: 1432       | 973        - [inf, inf, inf, 0.0] [-inf, -inf, -inf, 0.0]
      1432 - entry: 1433       | exit: 1434       | 4294967295 - [7.5, -3.5, -2.5, 0.0] [8.5, -2.5, -1.5, 0.0]
      1433 - entry: 4294967295 | exit: 1434       | 1003       - [inf, inf, inf, 0.0] [-inf, -inf, -inf, 0.0]
      1434 - entry: 1435       | exit: 1439       | 4294967295 - [6.5, -3.5, -1.5, 0.0] [8.5, -2.5, -0.5, 0.0]
      1435 - entry: 1436       | exit: 1437       | 4294967295 - [6.5, -3.5, -1.5, 0.0] [7.5, -2.5, -0.5, 0.0]
      1436 - entry: 4294967295 | exit: 1437       | 974        - [inf, inf, inf, 0.0] [-inf, -inf, -inf, 0.0]
      1437 - entry: 1438       | exit: 1439       | 4294967295 - [7.5, -3.5, -1.5, 0.0] [8.5, -2.5, -0.5, 0.0]
      1438 - entry: 4294967295 | exit: 1439       | 1004       - [inf, inf, inf, 0.0] [-inf, -inf, -inf, 0.0]
      1439 - entry: 1440       | exit: 1447       | 4294967295 - [8.5, -4.27, -2.5, 0.0] [9.5, -2.5, -0.46000004, 0.0]
      1440 - entry: 1441       | exit: 1442       | 4294967295 - [8.5, -3.5, -2.5, 0.0] [9.5, -2.5, -1.5, 0.0]
      1441 - entry: 4294967295 | exit: 1442       | 1033       - [inf, inf, inf, 0.0] [-inf, -inf, -inf, 0.0]
      1442 - entry: 1443       | exit: 1447       | 4294967295 - [8.5, -4.27, -1.5, 0.0] [9.5, -2.5, -0.46000004, 0.0]
      1443 - entry: 1444       | exit: 1445       | 4294967295 - [8.5, -4.27, -1.46, 0.0] [9.5, -3.27, -0.46000004, 0.0]
      1444 - entry: 4294967295 | exit: 1445       | 250        - [inf, inf, inf, 0.0] [-inf, -inf, -inf, 0.0]
      1445 - entry: 1446       | exit: 1447       | 4294967295 - [8.5, -3.5, -1.5, 0.0] [9.5, -2.5, -0.5, 0.0]
      1446 - entry: 4294967295 | exit: 1447       | 1034       - [inf, inf, inf, 0.0] [-inf, -inf, -inf, 0.0]
      1447 - entry: 1448       | exit: 1674       | 4294967295 - [9.44, -3.5, -15.5, 0.0] [14.5, -1.3399999, -0.5, 0.0]
      1448 - entry: 1449       | exit: 1567       | 4294967295 - [9.5, -3.5, -15.5, 0.0] [14.5, -2.5, -7.5, 0.0]
      1449 - entry: 1450       | exit: 1508       | 4294967295 - [9.5, -3.5, -15.5, 0.0] [14.5, -2.5, -11.5, 0.0]
      1450 - entry: 1451       | exit: 1473       | 4294967295 - [9.5, -3.5, -15.5, 0.0] [11.5, -2.5, -11.5, 0.0]
      1451 - entry: 1452       | exit: 1462       | 4294967295 - [9.5, -3.5, -15.5, 0.0] [11.5, -2.5, -13.5, 0.0]
      1452 - entry: 1453       | exit: 1457       | 4294967295 - [9.5, -3.5, -15.5, 0.0] [11.5, -2.5, -14.5, 0.0]
      1453 - entry: 1454       | exit: 1455       | 4294967295 - [9.5, -3.5, -15.5, 0.0] [10.5, -2.5, -14.5, 0.0]
      1454 - entry: 4294967295 | exit: 1455       | 1050       - [inf, inf, inf, 0.0] [-inf, -inf, -inf, 0.0]
      1455 - entry: 1456       | exit: 1457       | 4294967295 - [10.5, -3.5, -15.5, 0.0] [11.5, -2.5, -14.5, 0.0]
      1456 - entry: 4294967295 | exit: 1457       | 1080       - [inf, inf, inf, 0.0] [-inf, -inf, -inf, 0.0]
      1457 - entry: 1458       | exit: 1462       | 4294967295 - [9.5, -3.5, -14.5, 0.0] [11.5, -2.5, -13.5, 0.0]
      1458 - entry: 1459       | exit: 1460       | 4294967295 - [9.5, -3.5, -14.5, 0.0] [10.5, -2.5, -13.5, 0.0]
      1459 - entry: 4294967295 | exit: 1460       | 1051       - [inf, inf, inf, 0.0] [-inf, -inf, -inf, 0.0]
      1460 - entry: 1461       | exit: 1462       | 4294967295 - [10.5, -3.5, -14.5, 0.0] [11.5, -2.5, -13.5, 0.0]
      1461 - entry: 4294967295 | exit: 1462       | 1081       - [inf, inf, inf, 0.0] [-inf, -inf, -inf, 0.0]
      1462 - entry: 1463       | exit: 1473       | 4294967295 - [9.5, -3.5, -13.5, 0.0] [11.5, -2.5, -11.5, 0.0]
      1463 - entry: 1464       | exit: 1468       | 4294967295 - [9.5, -3.5, -13.5, 0.0] [11.5, -2.5, -12.5, 0.0]
      1464 - entry: 1465       | exit: 1466       | 4294967295 - [9.5, -3.5, -13.5, 0.0] [10.5, -2.5, -12.5, 0.0]
      1465 - entry: 4294967295 | exit: 1466       | 1052       - [inf, inf, inf, 0.0] [-inf, -inf, -inf, 0.0]
      1466 - entry: 1467       | exit: 1468       | 4294967295 - [10.5, -3.5, -13.5, 0.0] [11.5, -2.5, -12.5, 0.0]
      1467 - entry: 4294967295 | exit: 1468       | 1082       - [inf, inf, inf, 0.0] [-inf, -inf, -inf, 0.0]
      1468 - entry: 1469       | exit: 1473       | 4294967295 - [9.5, -3.5, -12.5, 0.0] [11.5, -2.5, -11.5, 0.0]
      1469 - entry: 1470       | exit: 1471       | 4294967295 - [9.5, -3.5, -12.5, 0.0] [10.5, -2.5, -11.5, 0.0]
      1470 - entry: 4294967295 | exit: 1471       | 1053       - [inf, inf, inf, 0.0] [-inf, -inf, -inf, 0.0]
      1471 - entry: 1472       | exit: 1473       | 4294967295 - [10.5, -3.5, -12.5, 0.0] [11.5, -2.5, -11.5, 0.0]
      1472 - entry: 4294967295 | exit: 1473       | 1083       - [inf, inf, inf, 0.0] [-inf, -inf, -inf, 0.0]
      1473 - entry: 1474       | exit: 1508       | 4294967295 - [11.5, -3.5, -15.5, 0.0] [14.5, -2.5, -11.5, 0.0]
      1474 - entry: 1475       | exit: 1491       | 4294967295 - [11.5, -3.5, -15.5, 0.0] [14.5, -2.5, -13.5, 0.0]
      1475 - entry: 1476       | exit: 1480       | 4294967295 - [11.5, -3.5, -15.5, 0.0] [12.5, -2.5, -13.5, 0.0]
      1476 - entry: 1477       | exit: 1478       | 4294967295 - [11.5, -3.5, -15.5, 0.0] [12.5, -2.5, -14.5, 0.0]
      1477 - entry: 4294967295 | exit: 1478       | 1110       - [inf, inf, inf, 0.0] [-inf, -inf, -inf, 0.0]
      1478 - entry: 1479       | exit: 1480       | 4294967295 - [11.5, -3.5, -14.5, 0.0] [12.5, -2.5, -13.5, 0.0]
      1479 - entry: 4294967295 | exit: 1480       | 1111       - [inf, inf, inf, 0.0] [-inf, -inf, -inf, 0.0]
      1480 - entry: 1481       | exit: 1491       | 4294967295 - [12.5, -3.5, -15.5, 0.0] [14.5, -2.5, -13.5, 0.0]
      1481 - entry: 1482       | exit: 1486       | 4294967295 - [12.5, -3.5, -15.5, 0.0] [14.5, -2.5, -14.5, 0.0]
      1482 - entry: 1483       | exit: 1484       | 4294967295 - [12.5, -3.5, -15.5, 0.0] [13.5, -2.5, -14.5, 0.0]
      1483 - entry: 4294967295 | exit: 1484       | 1140       - [inf, inf, inf, 0.0] [-inf, -inf, -inf, 0.0]
      1484 - entry: 1485       | exit: 1486       | 4294967295 - [13.5, -3.5, -15.5, 0.0] [14.5, -2.5, -14.5, 0.0]
      1485 - entry: 4294967295 | exit: 1486       | 1170       - [inf, inf, inf, 0.0] [-inf, -inf, -inf, 0.0]
      1486 - entry: 1487       | exit: 1491       | 4294967295 - [12.5, -3.5, -14.5, 0.0] [14.5, -2.5, -13.5, 0.0]
      1487 - entry: 1488       | exit: 1489       | 4294967295 - [12.5, -3.5, -14.5, 0.0] [13.5, -2.5, -13.5, 0.0]
      1488 - entry: 4294967295 | exit: 1489       | 1141       - [inf, inf, inf, 0.0] [-inf, -inf, -inf, 0.0]
      1489 - entry: 1490       | exit: 1491       | 4294967295 - [13.5, -3.5, -14.5, 0.0] [14.5, -2.5, -13.5, 0.0]
      1490 - entry: 4294967295 | exit: 1491       | 1171       - [inf, inf, inf, 0.0] [-inf, -inf, -inf, 0.0]
      1491 - entry: 1492       | exit: 1508       | 4294967295 - [11.5, -3.5, -13.5, 0.0] [14.5, -2.5, -11.5, 0.0]
      1492 - entry: 1493       | exit: 1497       | 4294967295 - [11.5, -3.5, -13.5, 0.0] [12.5, -2.5, -11.5, 0.0]
      1493 - entry: 1494       | exit: 1495       | 4294967295 - [11.5, -3.5, -13.5, 0.0] [12.5, -2.5, -12.5, 0.0]
      1494 - entry: 4294967295 | exit: 1495       | 1112       - [inf, inf, inf, 0.0] [-inf, -inf, -inf, 0.0]
      1495 - entry: 1496       | exit: 1497       | 4294967295 - [11.5, -3.5, -12.5, 0.0] [12.5, -2.5, -11.5, 0.0]
      1496 - entry: 4294967295 | exit: 1497       | 1113       - [inf, inf, inf, 0.0] [-inf, -inf, -inf, 0.0]
      1497 - entry: 1498       | exit: 1508       | 4294967295 - [12.5, -3.5, -13.5, 0.0] [14.5, -2.5, -11.5, 0.0]
      1498 - entry: 1499       | exit: 1503       | 4294967295 - [12.5, -3.5, -13.5, 0.0] [14.5, -2.5, -12.5, 0.0]
      1499 - entry: 1500       | exit: 1501       | 4294967295 - [12.5, -3.5, -13.5, 0.0] [13.5, -2.5, -12.5, 0.0]
      1500 - entry: 4294967295 | exit: 1501       | 1142       - [inf, inf, inf, 0.0] [-inf, -inf, -inf, 0.0]
      1501 - entry: 1502       | exit: 1503       | 4294967295 - [13.5, -3.5, -13.5, 0.0] [14.5, -2.5, -12.5, 0.0]
      1502 - entry: 4294967295 | exit: 1503       | 1172       - [inf, inf, inf, 0.0] [-inf, -inf, -inf, 0.0]
      1503 - entry: 1504       | exit: 1508       | 4294967295 - [12.5, -3.5, -12.5, 0.0] [14.5, -2.5, -11.5, 0.0]
      1504 - entry: 1505       | exit: 1506       | 4294967295 - [12.5, -3.5, -12.5, 0.0] [13.5, -2.5, -11.5, 0.0]
      1505 - entry: 4294967295 | exit: 1506       | 1143       - [inf, inf, inf, 0.0] [-inf, -inf, -inf, 0.0]
      1506 - entry: 1507       | exit: 1508       | 4294967295 - [13.5, -3.5, -12.5, 0.0] [14.5, -2.5, -11.5, 0.0]
      1507 - entry: 4294967295 | exit: 1508       | 1173       - [inf, inf, inf, 0.0] [-inf, -inf, -inf, 0.0]
      1508 - entry: 1509       | exit: 1567       | 4294967295 - [9.5, -3.5, -11.5, 0.0] [14.5, -2.5, -7.5, 0.0]
      1509 - entry: 1510       | exit: 1532       | 4294967295 - [9.5, -3.5, -11.5, 0.0] [11.5, -2.5, -7.5, 0.0]
      1510 - entry: 1511       | exit: 1521       | 4294967295 - [9.5, -3.5, -11.5, 0.0] [11.5, -2.5, -9.5, 0.0]
      1511 - entry: 1512       | exit: 1516       | 4294967295 - [9.5, -3.5, -11.5, 0.0] [11.5, -2.5, -10.5, 0.0]
      1512 - entry: 1513       | exit: 1514       | 4294967295 - [9.5, -3.5, -11.5, 0.0] [10.5, -2.5, -10.5, 0.0]
      1513 - entry: 4294967295 | exit: 1514       | 1054       - [inf, inf, inf, 0.0] [-inf, -inf, -inf, 0.0]
      1514 - entry: 1515       | exit: 1516       | 4294967295 - [10.5, -3.5, -11.5, 0.0] [11.5, -2.5, -10.5, 0.0]
      1515 - entry: 4294967295 | exit: 1516       | 1084       - [inf, inf, inf, 0.0] [-inf, -inf, -inf, 0.0]
      1516 - entry: 1517       | exit: 1521       | 4294967295 - [9.5, -3.5, -10.5, 0.0] [11.5, -2.5, -9.5, 0.0]
      1517 - entry: 1518       | exit: 1519       | 4294967295 - [9.5, -3.5, -10.5, 0.0] [10.5, -2.5, -9.5, 0.0]
      1518 - entry: 4294967295 | exit: 1519       | 1055       - [inf, inf, inf, 0.0] [-inf, -inf, -inf, 0.0]
      1519 - entry: 1520       | exit: 1521       | 4294967295 - [10.5, -3.5, -10.5, 0.0] [11.5, -2.5, -9.5, 0.0]
      1520 - entry: 4294967295 | exit: 1521       | 1085       - [inf, inf, inf, 0.0] [-inf, -inf, -inf, 0.0]
      1521 - entry: 1522       | exit: 1532       | 4294967295 - [9.5, -3.5, -9.5, 0.0] [11.5, -2.5, -7.5, 0.0]
      1522 - entry: 1523       | exit: 1527       | 4294967295 - [9.5, -3.5, -9.5, 0.0] [11.5, -2.5, -8.5, 0.0]
      1523 - entry: 1524       | exit: 1525       | 4294967295 - [9.5, -3.5, -9.5, 0.0] [10.5, -2.5, -8.5, 0.0]
      1524 - entry: 4294967295 | exit: 1525       | 1056       - [inf, inf, inf, 0.0] [-inf, -inf, -inf, 0.0]
      1525 - entry: 1526       | exit: 1527       | 4294967295 - [10.5, -3.5, -9.5, 0.0] [11.5, -2.5, -8.5, 0.0]
      1526 - entry: 4294967295 | exit: 1527       | 1086       - [inf, inf, inf, 0.0] [-inf, -inf, -inf, 0.0]
      1527 - entry: 1528       | exit: 1532       | 4294967295 - [9.5, -3.5, -8.5, 0.0] [11.5, -2.5, -7.5, 0.0]
      1528 - entry: 1529       | exit: 1530       | 4294967295 - [9.5, -3.5, -8.5, 0.0] [10.5, -2.5, -7.5, 0.0]
      1529 - entry: 4294967295 | exit: 1530       | 1057       - [inf, inf, inf, 0.0] [-inf, -inf, -inf, 0.0]
      1530 - entry: 1531       | exit: 1532       | 4294967295 - [10.5, -3.5, -8.5, 0.0] [11.5, -2.5, -7.5, 0.0]
      1531 - entry: 4294967295 | exit: 1532       | 1087       - [inf, inf, inf, 0.0] [-inf, -inf, -inf, 0.0]
      1532 - entry: 1533       | exit: 1567       | 4294967295 - [11.5, -3.5, -11.5, 0.0] [14.5, -2.5, -7.5, 0.0]
      1533 - entry: 1534       | exit: 1550       | 4294967295 - [11.5, -3.5, -11.5, 0.0] [14.5, -2.5, -9.5, 0.0]
      1534 - entry: 1535       | exit: 1539       | 4294967295 - [11.5, -3.5, -11.5, 0.0] [12.5, -2.5, -9.5, 0.0]
      1535 - entry: 1536       | exit: 1537       | 4294967295 - [11.5, -3.5, -11.5, 0.0] [12.5, -2.5, -10.5, 0.0]
      1536 - entry: 4294967295 | exit: 1537       | 1114       - [inf, inf, inf, 0.0] [-inf, -inf, -inf, 0.0]
      1537 - entry: 1538       | exit: 1539       | 4294967295 - [11.5, -3.5, -10.5, 0.0] [12.5, -2.5, -9.5, 0.0]
      1538 - entry: 4294967295 | exit: 1539       | 1115       - [inf, inf, inf, 0.0] [-inf, -inf, -inf, 0.0]
      1539 - entry: 1540       | exit: 1550       | 4294967295 - [12.5, -3.5, -11.5, 0.0] [14.5, -2.5, -9.5, 0.0]
      1540 - entry: 1541       | exit: 1545       | 4294967295 - [12.5, -3.5, -11.5, 0.0] [14.5, -2.5, -10.5, 0.0]
      1541 - entry: 1542       | exit: 1543       | 4294967295 - [12.5, -3.5, -11.5, 0.0] [13.5, -2.5, -10.5, 0.0]
      1542 - entry: 4294967295 | exit: 1543       | 1144       - [inf, inf, inf, 0.0] [-inf, -inf, -inf, 0.0]
      1543 - entry: 1544       | exit: 1545       | 4294967295 - [13.5, -3.5, -11.5, 0.0] [14.5, -2.5, -10.5, 0.0]
      1544 - entry: 4294967295 | exit: 1545       | 1174       - [inf, inf, inf, 0.0] [-inf, -inf, -inf, 0.0]
      1545 - entry: 1546       | exit: 1550       | 4294967295 - [12.5, -3.5, -10.5, 0.0] [14.5, -2.5, -9.5, 0.0]
      1546 - entry: 1547       | exit: 1548       | 4294967295 - [12.5, -3.5, -10.5, 0.0] [13.5, -2.5, -9.5, 0.0]
      1547 - entry: 4294967295 | exit: 1548       | 1145       - [inf, inf, inf, 0.0] [-inf, -inf, -inf, 0.0]
      1548 - entry: 1549       | exit: 1550       | 4294967295 - [13.5, -3.5, -10.5, 0.0] [14.5, -2.5, -9.5, 0.0]
      1549 - entry: 4294967295 | exit: 1550       | 1175       - [inf, inf, inf, 0.0] [-inf, -inf, -inf, 0.0]
      1550 - entry: 1551       | exit: 1567       | 4294967295 - [11.5, -3.5, -9.5, 0.0] [14.5, -2.5, -7.5, 0.0]
      1551 - entry: 1552       | exit: 1556       | 4294967295 - [11.5, -3.5, -9.5, 0.0] [12.5, -2.5, -7.5, 0.0]
      1552 - entry: 1553       | exit: 1554       | 4294967295 - [11.5, -3.5, -9.5, 0.0] [12.5, -2.5, -8.5, 0.0]
      1553 - entry: 4294967295 | exit: 1554       | 1116       - [inf, inf, inf, 0.0] [-inf, -inf, -inf, 0.0]
      1554 - entry: 1555       | exit: 1556       | 4294967295 - [11.5, -3.5, -8.5, 0.0] [12.5, -2.5, -7.5, 0.0]
      1555 - entry: 4294967295 | exit: 1556       | 1117       - [inf, inf, inf, 0.0] [-inf, -inf, -inf, 0.0]
      1556 - entry: 1557       | exit: 1567       | 4294967295 - [12.5, -3.5, -9.5, 0.0] [14.5, -2.5, -7.5, 0.0]
      1557 - entry: 1558       | exit: 1562       | 4294967295 - [12.5, -3.5, -9.5, 0.0] [14.5, -2.5, -8.5, 0.0]
      1558 - entry: 1559       | exit: 1560       | 4294967295 - [12.5, -3.5, -9.5, 0.0] [13.5, -2.5, -8.5, 0.0]
      1559 - entry: 4294967295 | exit: 1560       | 1146       - [inf, inf, inf, 0.0] [-inf, -inf, -inf, 0.0]
      1560 - entry: 1561       | exit: 1562       | 4294967295 - [13.5, -3.5, -9.5, 0.0] [14.5, -2.5, -8.5, 0.0]
      1561 - entry: 4294967295 | exit: 1562       | 1176       - [inf, inf, inf, 0.0] [-inf, -inf, -inf, 0.0]
      1562 - entry: 1563       | exit: 1567       | 4294967295 - [12.5, -3.5, -8.5, 0.0] [14.5, -2.5, -7.5, 0.0]
      1563 - entry: 1564       | exit: 1565       | 4294967295 - [12.5, -3.5, -8.5, 0.0] [13.5, -2.5, -7.5, 0.0]
      1564 - entry: 4294967295 | exit: 1565       | 1147       - [inf, inf, inf, 0.0] [-inf, -inf, -inf, 0.0]
      1565 - entry: 1566       | exit: 1567       | 4294967295 - [13.5, -3.5, -8.5, 0.0] [14.5, -2.5, -7.5, 0.0]
      1566 - entry: 4294967295 | exit: 1567       | 1177       - [inf, inf, inf, 0.0] [-inf, -inf, -inf, 0.0]
      1567 - entry: 1568       | exit: 1674       | 4294967295 - [9.44, -3.5, -7.5, 0.0] [14.5, -1.3399999, -0.5, 0.0]
      1568 - entry: 1569       | exit: 1627       | 4294967295 - [9.5, -3.5, -7.5, 0.0] [14.5, -2.5, -3.5, 0.0]
      1569 - entry: 1570       | exit: 1592       | 4294967295 - [9.5, -3.5, -7.5, 0.0] [11.5, -2.5, -3.5, 0.0]
      1570 - entry: 1571       | exit: 1581       | 4294967295 - [9.5, -3.5, -7.5, 0.0] [11.5, -2.5, -5.5, 0.0]
      1571 - entry: 1572       | exit: 1576       | 4294967295 - [9.5, -3.5, -7.5, 0.0] [11.5, -2.5, -6.5, 0.0]
      1572 - entry: 1573       | exit: 1574       | 4294967295 - [9.5, -3.5, -7.5, 0.0] [10.5, -2.5, -6.5, 0.0]
      1573 - entry: 4294967295 | exit: 1574       | 1058       - [inf, inf, inf, 0.0] [-inf, -inf, -inf, 0.0]
      1574 - entry: 1575       | exit: 1576       | 4294967295 - [10.5, -3.5, -7.5, 0.0] [11.5, -2.5, -6.5, 0.0]
      1575 - entry: 4294967295 | exit: 1576       | 1088       - [inf, inf, inf, 0.0] [-inf, -inf, -inf, 0.0]
      1576 - entry: 1577       | exit: 1581       | 4294967295 - [9.5, -3.5, -6.5, 0.0] [11.5, -2.5, -5.5, 0.0]
      1577 - entry: 1578       | exit: 1579       | 4294967295 - [9.5, -3.5, -6.5, 0.0] [10.5, -2.5, -5.5, 0.0]
      1578 - entry: 4294967295 | exit: 1579       | 1059       - [inf, inf, inf, 0.0] [-inf, -inf, -inf, 0.0]
      1579 - entry: 1580       | exit: 1581       | 4294967295 - [10.5, -3.5, -6.5, 0.0] [11.5, -2.5, -5.5, 0.0]
      1580 - entry: 4294967295 | exit: 1581       | 1089       - [inf, inf, inf, 0.0] [-inf, -inf, -inf, 0.0]
      1581 - entry: 1582       | exit: 1592       | 4294967295 - [9.5, -3.5, -5.5, 0.0] [11.5, -2.5, -3.5, 0.0]
      1582 - entry: 1583       | exit: 1587       | 4294967295 - [9.5, -3.5, -5.5, 0.0] [11.5, -2.5, -4.5, 0.0]
      1583 - entry: 1584       | exit: 1585       | 4294967295 - [9.5, -3.5, -5.5, 0.0] [10.5, -2.5, -4.5, 0.0]
      1584 - entry: 4294967295 | exit: 1585       | 1060       - [inf, inf, inf, 0.0] [-inf, -inf, -inf, 0.0]
      1585 - entry: 1586       | exit: 1587       | 4294967295 - [10.5, -3.5, -5.5, 0.0] [11.5, -2.5, -4.5, 0.0]
      1586 - entry: 4294967295 | exit: 1587       | 1090       - [inf, inf, inf, 0.0] [-inf, -inf, -inf, 0.0]
      1587 - entry: 1588       | exit: 1592       | 4294967295 - [9.5, -3.5, -4.5, 0.0] [11.5, -2.5, -3.5, 0.0]
      1588 - entry: 1589       | exit: 1590       | 4294967295 - [9.5, -3.5, -4.5, 0.0] [10.5, -2.5, -3.5, 0.0]
      1589 - entry: 4294967295 | exit: 1590       | 1061       - [inf, inf, inf, 0.0] [-inf, -inf, -inf, 0.0]
      1590 - entry: 1591       | exit: 1592       | 4294967295 - [10.5, -3.5, -4.5, 0.0] [11.5, -2.5, -3.5, 0.0]
      1591 - entry: 4294967295 | exit: 1592       | 1091       - [inf, inf, inf, 0.0] [-inf, -inf, -inf, 0.0]
      1592 - entry: 1593       | exit: 1627       | 4294967295 - [11.5, -3.5, -7.5, 0.0] [14.5, -2.5, -3.5, 0.0]
      1593 - entry: 1594       | exit: 1610       | 4294967295 - [11.5, -3.5, -7.5, 0.0] [14.5, -2.5, -5.5, 0.0]
      1594 - entry: 1595       | exit: 1599       | 4294967295 - [11.5, -3.5, -7.5, 0.0] [12.5, -2.5, -5.5, 0.0]
      1595 - entry: 1596       | exit: 1597       | 4294967295 - [11.5, -3.5, -7.5, 0.0] [12.5, -2.5, -6.5, 0.0]
      1596 - entry: 4294967295 | exit: 1597       | 1118       - [inf, inf, inf, 0.0] [-inf, -inf, -inf, 0.0]
      1597 - entry: 1598       | exit: 1599       | 4294967295 - [11.5, -3.5, -6.5, 0.0] [12.5, -2.5, -5.5, 0.0]
      1598 - entry: 4294967295 | exit: 1599       | 1119       - [inf, inf, inf, 0.0] [-inf, -inf, -inf, 0.0]
      1599 - entry: 1600       | exit: 1610       | 4294967295 - [12.5, -3.5, -7.5, 0.0] [14.5, -2.5, -5.5, 0.0]
      1600 - entry: 1601       | exit: 1605       | 4294967295 - [12.5, -3.5, -7.5, 0.0] [14.5, -2.5, -6.5, 0.0]
      1601 - entry: 1602       | exit: 1603       | 4294967295 - [12.5, -3.5, -7.5, 0.0] [13.5, -2.5, -6.5, 0.0]
      1602 - entry: 4294967295 | exit: 1603       | 1148       - [inf, inf, inf, 0.0] [-inf, -inf, -inf, 0.0]
      1603 - entry: 1604       | exit: 1605       | 4294967295 - [13.5, -3.5, -7.5, 0.0] [14.5, -2.5, -6.5, 0.0]
      1604 - entry: 4294967295 | exit: 1605       | 1178       - [inf, inf, inf, 0.0] [-inf, -inf, -inf, 0.0]
      1605 - entry: 1606       | exit: 1610       | 4294967295 - [12.5, -3.5, -6.5, 0.0] [14.5, -2.5, -5.5, 0.0]
      1606 - entry: 1607       | exit: 1608       | 4294967295 - [12.5, -3.5, -6.5, 0.0] [13.5, -2.5, -5.5, 0.0]
      1607 - entry: 4294967295 | exit: 1608       | 1149       - [inf, inf, inf, 0.0] [-inf, -inf, -inf, 0.0]
      1608 - entry: 1609       | exit: 1610       | 4294967295 - [13.5, -3.5, -6.5, 0.0] [14.5, -2.5, -5.5, 0.0]
      1609 - entry: 4294967295 | exit: 1610       | 1179       - [inf, inf, inf, 0.0] [-inf, -inf, -inf, 0.0]
      1610 - entry: 1611       | exit: 1627       | 4294967295 - [11.5, -3.5, -5.5, 0.0] [14.5, -2.5, -3.5, 0.0]
      1611 - entry: 1612       | exit: 1616       | 4294967295 - [11.5, -3.5, -5.5, 0.0] [12.5, -2.5, -3.5, 0.0]
      1612 - entry: 1613       | exit: 1614       | 4294967295 - [11.5, -3.5, -5.5, 0.0] [12.5, -2.5, -4.5, 0.0]
      1613 - entry: 4294967295 | exit: 1614       | 1120       - [inf, inf, inf, 0.0] [-inf, -inf, -inf, 0.0]
      1614 - entry: 1615       | exit: 1616       | 4294967295 - [11.5, -3.5, -4.5, 0.0] [12.5, -2.5, -3.5, 0.0]
      1615 - entry: 4294967295 | exit: 1616       | 1121       - [inf, inf, inf, 0.0] [-inf, -inf, -inf, 0.0]
      1616 - entry: 1617       | exit: 1627       | 4294967295 - [12.5, -3.5, -5.5, 0.0] [14.5, -2.5, -3.5, 0.0]
      1617 - entry: 1618       | exit: 1622       | 4294967295 - [12.5, -3.5, -5.5, 0.0] [14.5, -2.5, -4.5, 0.0]
      1618 - entry: 1619       | exit: 1620       | 4294967295 - [12.5, -3.5, -5.5, 0.0] [13.5, -2.5, -4.5, 0.0]
      1619 - entry: 4294967295 | exit: 1620       | 1150       - [inf, inf, inf, 0.0] [-inf, -inf, -inf, 0.0]
      1620 - entry: 1621       | exit: 1622       | 4294967295 - [13.5, -3.5, -5.5, 0.0] [14.5, -2.5, -4.5, 0.0]
      1621 - entry: 4294967295 | exit: 1622       | 1180       - [inf, inf, inf, 0.0] [-inf, -inf, -inf, 0.0]
      1622 - entry: 1623       | exit: 1627       | 4294967295 - [12.5, -3.5, -4.5, 0.0] [14.5, -2.5, -3.5, 0.0]
      1623 - entry: 1624       | exit: 1625       | 4294967295 - [12.5, -3.5, -4.5, 0.0] [13.5, -2.5, -3.5, 0.0]
      1624 - entry: 4294967295 | exit: 1625       | 1151       - [inf, inf, inf, 0.0] [-inf, -inf, -inf, 0.0]
      1625 - entry: 1626       | exit: 1627       | 4294967295 - [13.5, -3.5, -4.5, 0.0] [14.5, -2.5, -3.5, 0.0]
      1626 - entry: 4294967295 | exit: 1627       | 1181       - [inf, inf, inf, 0.0] [-inf, -inf, -inf, 0.0]
      1627 - entry: 1628       | exit: 1674       | 4294967295 - [9.44, -3.5, -3.8760002, 0.0] [14.5, -1.3399999, -0.5, 0.0]
      1628 - entry: 1629       | exit: 1648       | 4294967295 - [9.44, -3.5, -3.8760002, 0.0] [11.5, -1.3399999, -0.5, 0.0]
      1629 - entry: 1630       | exit: 1637       | 4294967295 - [9.44, -3.5, -3.8760002, 0.0] [11.5, -1.3399999, -2.5, 0.0]
      1630 - entry: 1631       | exit: 1635       | 4294967295 - [9.5, -3.5, -3.5, 0.0] [11.5, -2.5, -2.5, 0.0]
      1631 - entry: 1632       | exit: 1633       | 4294967295 - [9.5, -3.5, -3.5, 0.0] [10.5, -2.5, -2.5, 0.0]
      1632 - entry: 4294967295 | exit: 1633       | 1062       - [inf, inf, inf, 0.0] [-inf, -inf, -inf, 0.0]
      1633 - entry: 1634       | exit: 1635       | 4294967295 - [10.5, -3.5, -3.5, 0.0] [11.5, -2.5, -2.5, 0.0]
      1634 - entry: 4294967295 | exit: 1635       | 1092       - [inf, inf, inf, 0.0] [-inf, -inf, -inf, 0.0]
      1635 - entry: 1636       | exit: 1637       | 4294967295 - [9.44, -2.34, -3.8760002, 0.0] [10.44, -1.3399999, -2.8760002, 0.0]
      1636 - entry: 4294967295 | exit: 1637       | 214        - [inf, inf, inf, 0.0] [-inf, -inf, -inf, 0.0]
      1637 - entry: 1638       | exit: 1648       | 4294967295 - [9.5, -3.5, -2.5, 0.0] [11.5, -2.5, -0.5, 0.0]
      1638 - entry: 1639       | exit: 1643       | 4294967295 - [9.5, -3.5, -2.5, 0.0] [11.5, -2.5, -1.5, 0.0]
      1639 - entry: 1640       | exit: 1641       | 4294967295 - [9.5, -3.5, -2.5, 0.0] [10.5, -2.5, -1.5, 0.0]
      1640 - entry: 4294967295 | exit: 1641       | 1063       - [inf, inf, inf, 0.0] [-inf, -inf, -inf, 0.0]
      1641 - entry: 1642       | exit: 1643       | 4294967295 - [10.5, -3.5, -2.5, 0.0] [11.5, -2.5, -1.5, 0.0]
      1642 - entry: 4294967295 | exit: 1643       | 1093       - [inf, inf, inf, 0.0] [-inf, -inf, -inf, 0.0]
      1643 - entry: 1644       | exit: 1648       | 4294967295 - [9.5, -3.5, -1.5, 0.0] [11.5, -2.5, -0.5, 0.0]
      1644 - entry: 1645       | exit: 1646       | 4294967295 - [9.5, -3.5, -1.5, 0.0] [10.5, -2.5, -0.5, 0.0]
      1645 - entry: 4294967295 | exit: 1646       | 1064       - [inf, inf, inf, 0.0] [-inf, -inf, -inf, 0.0]
      1646 - entry: 1647       | exit: 1648       | 4294967295 - [10.5, -3.5, -1.5, 0.0] [11.5, -2.5, -0.5, 0.0]
      1647 - entry: 4294967295 | exit: 1648       | 1094       - [inf, inf, inf, 0.0] [-inf, -inf, -inf, 0.0]
      1648 - entry: 1649       | exit: 1674       | 4294967295 - [11.5, -3.5, -3.5, 0.0] [14.5, -2.5, -0.5, 0.0]
      1649 - entry: 1650       | exit: 1657       | 4294967295 - [11.5, -3.5, -3.5, 0.0] [14.5, -2.5, -2.5, 0.0]
      1650 - entry: 1651       | exit: 1652       | 4294967295 - [11.5, -3.5, -3.5, 0.0] [12.5, -2.5, -2.5, 0.0]
      1651 - entry: 4294967295 | exit: 1652       | 1122       - [inf, inf, inf, 0.0] [-inf, -inf, -inf, 0.0]
      1652 - entry: 1653       | exit: 1657       | 4294967295 - [12.5, -3.5, -3.5, 0.0] [14.5, -2.5, -2.5, 0.0]
      1653 - entry: 1654       | exit: 1655       | 4294967295 - [12.5, -3.5, -3.5, 0.0] [13.5, -2.5, -2.5, 0.0]
      1654 - entry: 4294967295 | exit: 1655       | 1152       - [inf, inf, inf, 0.0] [-inf, -inf, -inf, 0.0]
      1655 - entry: 1656       | exit: 1657       | 4294967295 - [13.5, -3.5, -3.5, 0.0] [14.5, -2.5, -2.5, 0.0]
      1656 - entry: 4294967295 | exit: 1657       | 1182       - [inf, inf, inf, 0.0] [-inf, -inf, -inf, 0.0]
      1657 - entry: 1658       | exit: 1674       | 4294967295 - [11.5, -3.5, -2.5, 0.0] [14.5, -2.5, -0.5, 0.0]
      1658 - entry: 1659       | exit: 1663       | 4294967295 - [11.5, -3.5, -2.5, 0.0] [12.5, -2.5, -0.5, 0.0]
      1659 - entry: 1660       | exit: 1661       | 4294967295 - [11.5, -3.5, -2.5, 0.0] [12.5, -2.5, -1.5, 0.0]
      1660 - entry: 4294967295 | exit: 1661       | 1123       - [inf, inf, inf, 0.0] [-inf, -inf, -inf, 0.0]
      1661 - entry: 1662       | exit: 1663       | 4294967295 - [11.5, -3.5, -1.5, 0.0] [12.5, -2.5, -0.5, 0.0]
      1662 - entry: 4294967295 | exit: 1663       | 1124       - [inf, inf, inf, 0.0] [-inf, -inf, -inf, 0.0]
      1663 - entry: 1664       | exit: 1674       | 4294967295 - [12.5, -3.5, -2.5, 0.0] [14.5, -2.5, -0.5, 0.0]
      1664 - entry: 1665       | exit: 1669       | 4294967295 - [12.5, -3.5, -2.5, 0.0] [14.5, -2.5, -1.5, 0.0]
      1665 - entry: 1666       | exit: 1667       | 4294967295 - [12.5, -3.5, -2.5, 0.0] [13.5, -2.5, -1.5, 0.0]
      1666 - entry: 4294967295 | exit: 1667       | 1153       - [inf, inf, inf, 0.0] [-inf, -inf, -inf, 0.0]
      1667 - entry: 1668       | exit: 1669       | 4294967295 - [13.5, -3.5, -2.5, 0.0] [14.5, -2.5, -1.5, 0.0]
      1668 - entry: 4294967295 | exit: 1669       | 1183       - [inf, inf, inf, 0.0] [-inf, -inf, -inf, 0.0]
      1669 - entry: 1670       | exit: 1674       | 4294967295 - [12.5, -3.5, -1.5, 0.0] [14.5, -2.5, -0.5, 0.0]
      1670 - entry: 1671       | exit: 1672       | 4294967295 - [12.5, -3.5, -1.5, 0.0] [13.5, -2.5, -0.5, 0.0]
      1671 - entry: 4294967295 | exit: 1672       | 1154       - [inf, inf, inf, 0.0] [-inf, -inf, -inf, 0.0]
      1672 - entry: 1673       | exit: 1674       | 4294967295 - [13.5, -3.5, -1.5, 0.0] [14.5, -2.5, -0.5, 0.0]
      1673 - entry: 4294967295 | exit: 1674       | 1184       - [inf, inf, inf, 0.0] [-inf, -inf, -inf, 0.0]
      1674 - entry: 1675       | exit: 1820       | 4294967295 - [-0.94, -0.28, -8.204, 0.0] [10.389999, 9.2699995, -0.17200005, 0.0]
      1675 - entry: 1676       | exit: 1761       | 4294967295 - [-0.94, -0.28, -8.204, 0.0] [4.7799997, 9.2699995, -0.17200005, 0.0]
      1676 - entry: 1677       | exit: 1702       | 4294967295 - [0.029999971, -0.28, -7.7640004, 0.0] [4.7799997, 3.47, -1.5800002, 0.0]
      1677 - entry: 1678       | exit: 1688       | 4294967295 - [0.029999971, -0.28, -7.7640004, 0.0] [4.7799997, 2.74, -6.156, 0.0]
      1678 - entry: 1679       | exit: 1683       | 4294967295 - [0.029999971, -0.28, -7.6520004, 0.0] [1.06, 1.38, -6.156, 0.0]
      1679 - entry: 1680       | exit: 1681       | 4294967295 - [0.060000002, -0.28, -7.156, 0.0] [1.06, 0.72, -6.156, 0.0]
      1680 - entry: 4294967295 | exit: 1681       | 79         - [inf, inf, inf, 0.0] [-inf, -inf, -inf, 0.0]
      1681 - entry: 1682       | exit: 1683       | 4294967295 - [0.029999971, 0.38, -7.6520004, 0.0] [1.03, 1.38, -6.6520004, 0.0]
      1682 - entry: 4294967295 | exit: 1683       | 299        - [inf, inf, inf, 0.0] [-inf, -inf, -inf, 0.0]
      1683 - entry: 1684       | exit: 1688       | 4294967295 - [3.71, 0.90999997, -7.7640004, 0.0] [4.7799997, 2.74, -6.3160005, 0.0]
      1684 - entry: 1685       | exit: 1686       | 4294967295 - [3.7799997, 0.90999997, -7.3160005, 0.0] [4.7799997, 1.91, -6.3160005, 0.0]
      1685 - entry: 4294967295 | exit: 1686       | 58         - [inf, inf, inf, 0.0] [-inf, -inf, -inf, 0.0]
      1686 - entry: 1687       | exit: 1688       | 4294967295 - [3.71, 1.74, -7.7640004, 0.0] [4.71, 2.74, -6.7640004, 0.0]
      1687 - entry: 4294967295 | exit: 1688       | 118        - [inf, inf, inf, 0.0] [-inf, -inf, -inf, 0.0]
      1688 - entry: 1689       | exit: 1702       | 4294967295 - [0.34999996, -0.16, -5.1320004, 0.0] [4.2, 3.47, -1.5800002, 0.0]
      1689 - entry: 1690       | exit: 1697       | 4294967295 - [0.34999996, -0.16, -4.604, 0.0] [2.1799998, 3.4199998, -1.5800002, 0.0]
      1690 - entry: 1691       | exit: 1692       | 4294967295 - [0.80999994, -0.16, -4.604, 0.0] [1.81, 0.84000003, -3.604, 0.0]
      1691 - entry: 4294967295 | exit: 1692       | 91         - [inf, inf, inf, 0.0] [-inf, -inf, -inf, 0.0]
      1692 - entry: 1693       | exit: 1697       | 4294967295 - [0.34999996, 1.4, -3.252, 0.0] [2.1799998, 3.4199998, -1.5800002, 0.0]
      1693 - entry: 1694       | exit: 1695       | 4294967295 - [0.34999996, 1.4, -3.252, 0.0] [1.3499999, 2.4, -2.252, 0.0]
      1694 - entry: 4294967295 | exit: 1695       | 273        - [inf, inf, inf, 0.0] [-inf, -inf, -inf, 0.0]
      1695 - entry: 1696       | exit: 1697       | 4294967295 - [1.18, 2.4199998, -2.5800002, 0.0] [2.1799998, 3.4199998, -1.5800002, 0.0]
      1696 - entry: 4294967295 | exit: 1697       | 205        - [inf, inf, inf, 0.0] [-inf, -inf, -inf, 0.0]
      1697 - entry: 1698       | exit: 1702       | 4294967295 - [2.32, 1.0799999, -5.1320004, 0.0] [4.2, 3.47, -2.7800002, 0.0]
      1698 - entry: 1699       | exit: 1700       | 4294967295 - [2.32, 1.0799999, -3.7800002, 0.0] [3.32, 2.08, -2.7800002, 0.0]
      1699 - entry: 4294967295 | exit: 1700       | 272        - [inf, inf, inf, 0.0] [-inf, -inf, -inf, 0.0]
      1700 - entry: 1701       | exit: 1702       | 4294967295 - [3.1999998, 2.47, -5.1320004, 0.0] [4.2, 3.47, -4.1320004, 0.0]
      1701 - entry: 4294967295 | exit: 1702       | 239        - [inf, inf, inf, 0.0] [-inf, -inf, -inf, 0.0]
      1702 - entry: 1703       | exit: 1761       | 4294967295 - [-0.94, 4.38, -8.204, 0.0] [4.69, 9.2699995, -0.17200005, 0.0]
      1703 - entry: 1704       | exit: 1744       | 4294967295 - [-0.84000003, 4.43, -8.204, 0.0] [4.69, 9.2699995, -3.756, 0.0]
      1704 - entry: 1705       | exit: 1727       | 4294967295 - [-0.84000003, 4.43, -8.204, 0.0] [1.75, 9.19, -4.5, 0.0]
      1705 - entry: 1706       | exit: 1716       | 4294967295 - [-0.84000003, 4.43, -7.1000004, 0.0] [1.05, 6.35, -4.5, 0.0]
      1706 - entry: 1707       | exit: 1708       | 4294967295 - [0.050000012, 4.43, -7.1000004, 0.0] [1.05, 5.43, -6.1000004, 0.0]
      1707 - entry: 4294967295 | exit: 1708       | 246        - [inf, inf, inf, 0.0] [-inf, -inf, -inf, 0.0]
      1708 - entry: 1709       | exit: 1716       | 4294967295 - [-0.84000003, 4.85, -6.604, 0.0] [0.43, 6.35, -4.5, 0.0]
      1709 - entry: 1710       | exit: 1714       | 4294967295 - [-0.81, 4.85, -6.604, 0.0] [0.43, 6.35, -5.348, 0.0]
      1710 - entry: 1711       | exit: 1712       | 4294967295 - [-0.81, 4.85, -6.348, 0.0] [0.19, 5.85, -5.348, 0.0]
      1711 - entry: 4294967295 | exit: 1712       | 219        - [inf, inf, inf, 0.0] [-inf, -inf, -inf, 0.0]
      1712 - entry: 1713       | exit: 1714       | 4294967295 - [-0.57, 5.35, -6.604, 0.0] [0.43, 6.35, -5.604, 0.0]
      1713 - entry: 4294967295 | exit: 1714       | 247        - [inf, inf, inf, 0.0] [-inf, -inf, -inf, 0.0]
      1714 - entry: 1715       | exit: 1716       | 4294967295 - [-0.84000003, 5.04, -5.5, 0.0] [0.16, 6.04, -4.5, 0.0]
      1715 - entry: 4294967295 | exit: 1716       | 171        - [inf, inf, inf, 0.0] [-inf, -inf, -inf, 0.0]
      1716 - entry: 1717       | exit: 1727       | 4294967295 - [-0.42000002, 6.2799997, -8.204, 0.0] [1.75, 9.19, -5.196, 0.0]
      1717 - entry: 1718       | exit: 1722       | 4294967295 - [-0.060000002, 7.8499994, -8.204, 0.0] [1.75, 9.19, -6.4280005, 0.0]
      1718 - entry: 1719       | exit: 1720       | 4294967295 - [-0.060000002, 7.8499994, -7.4280005, 0.0] [0.94, 8.849999, -6.4280005, 0.0]
      1719 - entry: 4294967295 | exit: 1720       | 81         - [inf, inf, inf, 0.0] [-inf, -inf, -inf, 0.0]
      1720 - entry: 1721       | exit: 1722       | 4294967295 - [0.75, 8.19, -8.204, 0.0] [1.75, 9.19, -7.2040005, 0.0]
      1721 - entry: 4294967295 | exit: 1722       | 266        - [inf, inf, inf, 0.0] [-inf, -inf, -inf, 0.0]
      1722 - entry: 1723       | exit: 1727       | 4294967295 - [-0.42000002, 6.2799997, -7.1720004, 0.0] [1.3399999, 8.29, -5.196, 0.0]
      1723 - entry: 1724       | exit: 1725       | 4294967295 - [0.33999997, 6.2799997, -7.1720004, 0.0] [1.3399999, 7.2799997, -6.1720004, 0.0]
      1724 - entry: 4294967295 | exit: 1725       | 275        - [inf, inf, inf, 0.0] [-inf, -inf, -inf, 0.0]
      1725 - entry: 1726       | exit: 1727       | 4294967295 - [-0.42000002, 7.29, -6.196, 0.0] [0.58, 8.29, -5.196, 0.0]
      1726 - entry: 4294967295 | exit: 1727       | 204        - [inf, inf, inf, 0.0] [-inf, -inf, -inf, 0.0]
      1727 - entry: 1728       | exit: 1744       | 4294967295 - [2.04, 4.5299997, -7.636, 0.0] [4.69, 9.2699995, -3.756, 0.0]
      1728 - entry: 1729       | exit: 1736       | 4294967295 - [2.75, 4.5299997, -7.1080003, 0.0] [4.69, 6.93, -3.756, 0.0]
      1729 - entry: 1730       | exit: 1734       | 4294967295 - [2.81, 4.5299997, -7.1080003, 0.0] [4.69, 6.93, -6.004, 0.0]
      1730 - entry: 1731       | exit: 1732       | 4294967295 - [2.81, 4.5299997, -7.004, 0.0] [3.81, 5.5299997, -6.004, 0.0]
      1731 - entry: 4294967295 | exit: 1732       | 101        - [inf, inf, inf, 0.0] [-inf, -inf, -inf, 0.0]
      1732 - entry: 1733       | exit: 1734       | 4294967295 - [3.69, 5.93, -7.1080003, 0.0] [4.69, 6.93, -6.1080003, 0.0]
      1733 - entry: 4294967295 | exit: 1734       | 18         - [inf, inf, inf, 0.0] [-inf, -inf, -inf, 0.0]
      1734 - entry: 1735       | exit: 1736       | 4294967295 - [2.75, 5.91, -4.756, 0.0] [3.75, 6.91, -3.756, 0.0]
      1735 - entry: 4294967295 | exit: 1736       | 229        - [inf, inf, inf, 0.0] [-inf, -inf, -inf, 0.0]
      1736 - entry: 1737       | exit: 1744       | 4294967295 - [2.04, 6.91, -7.636, 0.0] [4.4700003, 9.2699995, -3.9480004, 0.0]
      1737 - entry: 1738       | exit: 1739       | 4294967295 - [2.04, 6.91, -7.636, 0.0] [3.04, 7.91, -6.636, 0.0]
      1738 - entry: 4294967295 | exit: 1739       | 80         - [inf, inf, inf, 0.0] [-inf, -inf, -inf, 0.0]
      1739 - entry: 1740       | exit: 1744       | 4294967295 - [3.3799999, 7.5, -5.5160003, 0.0] [4.4700003, 9.2699995, -3.9480004, 0.0]
      1740 - entry: 1741       | exit: 1742       | 4294967295 - [3.47, 7.5, -4.9480004, 0.0] [4.4700003, 8.5, -3.9480004, 0.0]
      1741 - entry: 4294967295 | exit: 1742       | 61         - [inf, inf, inf, 0.0] [-inf, -inf, -inf, 0.0]
      1742 - entry: 1743       | exit: 1744       | 4294967295 - [3.3799999, 8.2699995, -5.5160003, 0.0] [4.38, 9.2699995, -4.5160003, 0.0]
      1743 - entry: 4294967295 | exit: 1744       | 203        - [inf, inf, inf, 0.0] [-inf, -inf, -inf, 0.0]
      1744 - entry: 1745       | exit: 1761       | 4294967295 - [-0.94, 4.38, -4.492, 0.0] [3.22, 7.7599998, -0.17200005, 0.0]
      1745 - entry: 1746       | exit: 1753       | 4294967295 - [-0.94, 4.38, -4.492, 0.0] [0.9, 7.45, -2.9320002, 0.0]
      1746 - entry: 1747       | exit: 1751       | 4294967295 - [-0.43, 4.38, -4.492, 0.0] [0.9, 6.12, -2.9320002, 0.0]
      1747 - entry: 1748       | exit: 1749       | 4294967295 - [-0.43, 4.38, -4.492, 0.0] [0.57, 5.38, -3.492, 0.0]
      1748 - entry: 4294967295 | exit: 1749       | 47         - [inf, inf, inf, 0.0] [-inf, -inf, -inf, 0.0]
      1749 - entry: 1750       | exit: 1751       | 4294967295 - [-0.100000024, 5.12, -3.9320002, 0.0] [0.9, 6.12, -2.9320002, 0.0]
      1750 - entry: 4294967295 | exit: 1751       | 95         - [inf, inf, inf, 0.0] [-inf, -inf, -inf, 0.0]
      1751 - entry: 1752       | exit: 1753       | 4294967295 - [-0.94, 6.45, -3.9800003, 0.0] [0.060000002, 7.45, -2.9800003, 0.0]
      1752 - entry: 4294967295 | exit: 1753       | 201        - [inf, inf, inf, 0.0] [-inf, -inf, -inf, 0.0]
      1753 - entry: 1754       | exit: 1761       | 4294967295 - [-0.88, 4.77, -3.308, 0.0] [3.22, 7.7599998, -0.17200005, 0.0]
      1754 - entry: 1755       | exit: 1756       | 4294967295 - [-0.88, 4.77, -3.236, 0.0] [0.120000005, 5.77, -2.236, 0.0]
      1755 - entry: 4294967295 | exit: 1756       | 234        - [inf, inf, inf, 0.0] [-inf, -inf, -inf, 0.0]
      1756 - entry: 1757       | exit: 1761       | 4294967295 - [0.43, 5.37, -3.308, 0.0] [3.22, 7.7599998, -0.17200005, 0.0]
      1757 - entry: 1758       | exit: 1759       | 4294967295 - [2.22, 5.37, -3.308, 0.0] [3.22, 6.37, -2.308, 0.0]
      1758 - entry: 4294967295 | exit: 1759       | 228        - [inf, inf, inf, 0.0] [-inf, -inf, -inf, 0.0]
      1759 - entry: 1760       | exit: 1761       | 4294967295 - [0.43, 6.7599998, -1.172, 0.0] [1.4300001, 7.7599998, -0.17200005, 0.0]
      1760 - entry: 4294967295 | exit: 1761       | 224        - [inf, inf, inf, 0.0] [-inf, -inf, -inf, 0.0]
      1761 - entry: 1762       | exit: 1820       | 4294967295 - [4.46, 0.029999971, -8.012001, 0.0] [10.389999, 8.95, -0.5, 0.0]
      1762 - entry: 1763       | exit: 1782       | 4294967295 - [4.92, 0.029999971, -8.012001, 0.0] [8.929999, 3.19, -0.5, 0.0]
      1763 - entry: 1764       | exit: 1771       | 4294967295 - [5.41, 0.060000002, -8.012001, 0.0] [8.929999, 3.19, -3.4120002, 0.0]
      1764 - entry: 1765       | exit: 1769       | 4294967295 - [5.41, 0.060000002, -8.012001, 0.0] [8.849999, 1.8, -5.196, 0.0]
      1765 - entry: 1766       | exit: 1767       | 4294967295 - [5.41, 0.060000002, -6.196, 0.0] [6.41, 1.06, -5.196, 0.0]
      1766 - entry: 4294967295 | exit: 1767       | 294        - [inf, inf, inf, 0.0] [-inf, -inf, -inf, 0.0]
      1767 - entry: 1768       | exit: 1769       | 4294967295 - [7.8499994, 0.79999995, -8.012001, 0.0] [8.849999, 1.8, -7.0120006, 0.0]
      1768 - entry: 4294967295 | exit: 1769       | 215        - [inf, inf, inf, 0.0] [-inf, -inf, -inf, 0.0]
      1769 - entry: 1770       | exit: 1771       | 4294967295 - [7.9299994, 2.19, -4.412, 0.0] [8.929999, 3.19, -3.4120002, 0.0]
      1770 - entry: 4294967295 | exit: 1771       | 34         - [inf, inf, inf, 0.0] [-inf, -inf, -inf, 0.0]
      1771 - entry: 1772       | exit: 1782       | 4294967295 - [4.92, 0.029999971, -3.2040002, 0.0] [8.27, 2.76, -0.5, 0.0]
      1772 - entry: 1773       | exit: 1777       | 4294967295 - [4.92, 0.029999971, -3.2040002, 0.0] [6.2599998, 2.4, -0.5, 0.0]
      1773 - entry: 1774       | exit: 1775       | 4294967295 - [5.2599998, 0.029999971, -3.2040002, 0.0] [6.2599998, 1.03, -2.2040002, 0.0]
      1774 - entry: 4294967295 | exit: 1775       | 21         - [inf, inf, inf, 0.0] [-inf, -inf, -inf, 0.0]
      1775 - entry: 1776       | exit: 1777       | 4294967295 - [4.92, 1.4, -1.5, 0.0] [5.92, 2.4, -0.5, 0.0]
      1776 - entry: 4294967295 | exit: 1777       | 129        - [inf, inf, inf, 0.0] [-inf, -inf, -inf, 0.0]
      1777 - entry: 1778       | exit: 1782       | 4294967295 - [5.66, 1.6699998, -3.0040002, 0.0] [8.27, 2.76, -1.8360002, 0.0]
      1778 - entry: 1779       | exit: 1780       | 4294967295 - [5.66, 1.76, -2.8360002, 0.0] [6.66, 2.76, -1.8360002, 0.0]
      1779 - entry: 4294967295 | exit: 1780       | 8          - [inf, inf, inf, 0.0] [-inf, -inf, -inf, 0.0]
      1780 - entry: 1781       | exit: 1782       | 4294967295 - [7.27, 1.6699998, -3.0040002, 0.0] [8.27, 2.6699998, -2.0040002, 0.0]
      1781 - entry: 4294967295 | exit: 1782       | 48         - [inf, inf, inf, 0.0] [-inf, -inf, -inf, 0.0]
      1782 - entry: 1783       | exit: 1820       | 4294967295 - [4.46, 3.08, -7.2760005, 0.0] [10.389999, 8.95, -1.5640001, 0.0]
      1783 - entry: 1784       | exit: 1800       | 4294967295 - [4.46, 3.08, -6.4680004, 0.0] [7.3599997, 8.95, -2.092, 0.0]
      1784 - entry: 1785       | exit: 1792       | 4294967295 - [4.46, 3.08, -4.524, 0.0] [6.62, 6.6299996, -2.092, 0.0]
      1785 - entry: 1786       | exit: 1787       | 4294967295 - [4.46, 3.08, -3.7640002, 0.0] [5.46, 4.08, -2.7640002, 0.0]
      1786 - entry: 4294967295 | exit: 1787       | 270        - [inf, inf, inf, 0.0] [-inf, -inf, -inf, 0.0]
      1787 - entry: 1788       | exit: 1792       | 4294967295 - [5.0499997, 5.3799996, -4.524, 0.0] [6.62, 6.6299996, -2.092, 0.0]
      1788 - entry: 1789       | exit: 1790       | 4294967295 - [5.62, 5.3799996, -4.524, 0.0] [6.62, 6.3799996, -3.5240002, 0.0]
      1789 - entry: 4294967295 | exit: 1790       | 99         - [inf, inf, inf, 0.0] [-inf, -inf, -inf, 0.0]
      1790 - entry: 1791       | exit: 1792       | 4294967295 - [5.0499997, 5.6299996, -3.092, 0.0] [6.0499997, 6.6299996, -2.092, 0.0]
      1791 - entry: 4294967295 | exit: 1792       | 33         - [inf, inf, inf, 0.0] [-inf, -inf, -inf, 0.0]
      1792 - entry: 1793       | exit: 1800       | 4294967295 - [4.48, 6.8199997, -6.4680004, 0.0] [7.3599997, 8.95, -3.7080002, 0.0]
      1793 - entry: 1794       | exit: 1798       | 4294967295 - [4.48, 7.91, -5.156, 0.0] [5.49, 8.95, -3.7080002, 0.0]
      1794 - entry: 1795       | exit: 1796       | 4294967295 - [4.49, 7.91, -5.156, 0.0] [5.49, 8.91, -4.156, 0.0]
      1795 - entry: 4294967295 | exit: 1796       | 274        - [inf, inf, inf, 0.0] [-inf, -inf, -inf, 0.0]
      1796 - entry: 1797       | exit: 1798       | 4294967295 - [4.48, 7.95, -4.708, 0.0] [5.48, 8.95, -3.7080002, 0.0]
      1797 - entry: 4294967295 | exit: 1798       | 93         - [inf, inf, inf, 0.0] [-inf, -inf, -inf, 0.0]
      1798 - entry: 1799       | exit: 1800       | 4294967295 - [6.3599997, 6.8199997, -6.4680004, 0.0] [7.3599997, 7.8199997, -5.4680004, 0.0]
      1799 - entry: 4294967295 | exit: 1800       | 147        - [inf, inf, inf, 0.0] [-inf, -inf, -inf, 0.0]
      1800 - entry: 1801       | exit: 1820       | 4294967295 - [7.49, 3.22, -7.2760005, 0.0] [10.389999, 8.08, -1.5640001, 0.0]
      1801 - entry: 1802       | exit: 1812       | 4294967295 - [7.8199997, 3.22, -7.2760005, 0.0] [10.389999, 8.08, -5.1720004, 0.0]
      1802 - entry: 1803       | exit: 1807       | 4294967295 - [7.8499994, 3.22, -7.2760005, 0.0] [10.24, 4.54, -5.1720004, 0.0]
      1803 - entry: 1804       | exit: 1805       | 4294967295 - [7.8499994, 3.22, -6.1720004, 0.0] [8.849999, 4.2200003, -5.1720004, 0.0]
      1804 - entry: 4294967295 | exit: 1805       | 190        - [inf, inf, inf, 0.0] [-inf, -inf, -inf, 0.0]
      1805 - entry: 1806       | exit: 1807       | 4294967295 - [9.24, 3.54, -7.2760005, 0.0] [10.24, 4.54, -6.2760005, 0.0]
      1806 - entry: 4294967295 | exit: 1807       | 230        - [inf, inf, inf, 0.0] [-inf, -inf, -inf, 0.0]
      1807 - entry: 1808       | exit: 1812       | 4294967295 - [7.8199997, 5.77, -7.1080003, 0.0] [10.389999, 8.08, -5.3640003, 0.0]
      1808 - entry: 1809       | exit: 1810       | 4294967295 - [7.8199997, 7.08, -6.3640003, 0.0] [8.82, 8.08, -5.3640003, 0.0]
      1809 - entry: 4294967295 | exit: 1810       | 223        - [inf, inf, inf, 0.0] [-inf, -inf, -inf, 0.0]
      1810 - entry: 1811       | exit: 1812       | 4294967295 - [9.389999, 5.77, -7.1080003, 0.0] [10.389999, 6.77, -6.1080003, 0.0]
      1811 - entry: 4294967295 | exit: 1812       | 68         - [inf, inf, inf, 0.0] [-inf, -inf, -inf, 0.0]
      1812 - entry: 1813       | exit: 1820       | 4294967295 - [7.49, 3.6, -2.9640002, 0.0] [8.99, 7.14, -1.5640001, 0.0]
      1813 - entry: 1814       | exit: 1815       | 4294967295 - [7.91, 3.6, -2.9640002, 0.0] [8.91, 4.6, -1.9640002, 0.0]
      1814 - entry: 4294967295 | exit: 1815       | 267        - [inf, inf, inf, 0.0] [-inf, -inf, -inf, 0.0]
      1815 - entry: 1816       | exit: 1820       | 4294967295 - [7.49, 5.2, -2.868, 0.0] [8.99, 7.14, -1.5640001, 0.0]
      1816 - entry: 1817       | exit: 1818       | 4294967295 - [7.49, 5.2, -2.868, 0.0] [8.49, 6.2, -1.868, 0.0]
      1817 - entry: 4294967295 | exit: 1818       | 182        - [inf, inf, inf, 0.0] [-inf, -inf, -inf, 0.0]
      1818 - entry: 1819       | exit: 1820       | 4294967295 - [7.99, 6.14, -2.5640001, 0.0] [8.99, 7.14, -1.5640001, 0.0]
      1819 - entry: 4294967295 | exit: 1820       | 163        - [inf, inf, inf, 0.0] [-inf, -inf, -inf, 0.0]
      1820 - entry: 1821       | exit: 3598       | 4294967295 - [-15.5, -10.16, -0.916, 0.0] [14.5, 10.469999, 14.5, 0.0]
      1821 - entry: 1822       | exit: 2681       | 4294967295 - [-15.5, -9.889999, -0.916, 0.0] [-0.110000014, 10.32, 14.5, 0.0]
      1822 - entry: 1823       | exit: 2571       | 4294967295 - [-15.5, -9.889999, -0.916, 0.0] [-0.110000014, -2.5, 14.5, 0.0]
      1823 - entry: 1824       | exit: 2347       | 4294967295 - [-15.5, -9.889999, -0.916, 0.0] [-0.110000014, -2.5, 9.5, 0.0]
      1824 - entry: 1825       | exit: 1973       | 4294967295 - [-15.5, -3.5, -0.5, 0.0] [-10.5, -2.5, 9.5, 0.0]
      1825 - entry: 1826       | exit: 1899       | 4294967295 - [-15.5, -3.5, -0.5, 0.0] [-10.5, -2.5, 4.5, 0.0]
      1826 - entry: 1827       | exit: 1855       | 4294967295 - [-15.5, -3.5, -0.5, 0.0] [-10.5, -2.5, 1.5, 0.0]
      1827 - entry: 1828       | exit: 1838       | 4294967295 - [-15.5, -3.5, -0.5, 0.0] [-13.5, -2.5, 1.5, 0.0]
      1828 - entry: 1829       | exit: 1833       | 4294967295 - [-15.5, -3.5, -0.5, 0.0] [-13.5, -2.5, 0.5, 0.0]
      1829 - entry: 1830       | exit: 1831       | 4294967295 - [-15.5, -3.5, -0.5, 0.0] [-14.5, -2.5, 0.5, 0.0]
      1830 - entry: 4294967295 | exit: 1831       | 315        - [inf, inf, inf, 0.0] [-inf, -inf, -inf, 0.0]
      1831 - entry: 1832       | exit: 1833       | 4294967295 - [-14.5, -3.5, -0.5, 0.0] [-13.5, -2.5, 0.5, 0.0]
      1832 - entry: 4294967295 | exit: 1833       | 345        - [inf, inf, inf, 0.0] [-inf, -inf, -inf, 0.0]
      1833 - entry: 1834       | exit: 1838       | 4294967295 - [-15.5, -3.5, 0.5, 0.0] [-13.5, -2.5, 1.5, 0.0]
      1834 - entry: 1835       | exit: 1836       | 4294967295 - [-15.5, -3.5, 0.5, 0.0] [-14.5, -2.5, 1.5, 0.0]
      1835 - entry: 4294967295 | exit: 1836       | 316        - [inf, inf, inf, 0.0] [-inf, -inf, -inf, 0.0]
      1836 - entry: 1837       | exit: 1838       | 4294967295 - [-14.5, -3.5, 0.5, 0.0] [-13.5, -2.5, 1.5, 0.0]
      1837 - entry: 4294967295 | exit: 1838       | 346        - [inf, inf, inf, 0.0] [-inf, -inf, -inf, 0.0]
      1838 - entry: 1839       | exit: 1855       | 4294967295 - [-13.5, -3.5, -0.5, 0.0] [-10.5, -2.5, 1.5, 0.0]
      1839 - entry: 1840       | exit: 1844       | 4294967295 - [-13.5, -3.5, -0.5, 0.0] [-12.5, -2.5, 1.5, 0.0]
      1840 - entry: 1841       | exit: 1842       | 4294967295 - [-13.5, -3.5, -0.5, 0.0] [-12.5, -2.5, 0.5, 0.0]
      1841 - entry: 4294967295 | exit: 1842       | 375        - [inf, inf, inf, 0.0] [-inf, -inf, -inf, 0.0]
      1842 - entry: 1843       | exit: 1844       | 4294967295 - [-13.5, -3.5, 0.5, 0.0] [-12.5, -2.5, 1.5, 0.0]
      1843 - entry: 4294967295 | exit: 1844       | 376        - [inf, inf, inf, 0.0] [-inf, -inf, -inf, 0.0]
      1844 - entry: 1845       | exit: 1855       | 4294967295 - [-12.5, -3.5, -0.5, 0.0] [-10.5, -2.5, 1.5, 0.0]
      1845 - entry: 1846       | exit: 1850       | 4294967295 - [-12.5, -3.5, -0.5, 0.0] [-10.5, -2.5, 0.5, 0.0]
      1846 - entry: 1847       | exit: 1848       | 4294967295 - [-12.5, -3.5, -0.5, 0.0] [-11.5, -2.5, 0.5, 0.0]
      1847 - entry: 4294967295 | exit: 1848       | 405        - [inf, inf, inf, 0.0] [-inf, -inf, -inf, 0.0]
      1848 - entry: 1849       | exit: 1850       | 4294967295 - [-11.5, -3.5, -0.5, 0.0] [-10.5, -2.5, 0.5, 0.0]
      1849 - entry: 4294967295 | exit: 1850       | 435        - [inf, inf, inf, 0.0] [-inf, -inf, -inf, 0.0]
      1850 - entry: 1851       | exit: 1855       | 4294967295 - [-12.5, -3.5, 0.5, 0.0] [-10.5, -2.5, 1.5, 0.0]
      1851 - entry: 1852       | exit: 1853       | 4294967295 - [-12.5, -3.5, 0.5, 0.0] [-11.5, -2.5, 1.5, 0.0]
      1852 - entry: 4294967295 | exit: 1853       | 406        - [inf, inf, inf, 0.0] [-inf, -inf, -inf, 0.0]
      1853 - entry: 1854       | exit: 1855       | 4294967295 - [-11.5, -3.5, 0.5, 0.0] [-10.5, -2.5, 1.5, 0.0]
      1854 - entry: 4294967295 | exit: 1855       | 436        - [inf, inf, inf, 0.0] [-inf, -inf, -inf, 0.0]
      1855 - entry: 1856       | exit: 1899       | 4294967295 - [-15.5, -3.5, 1.5, 0.0] [-10.5, -2.5, 4.5, 0.0]
      1856 - entry: 1857       | exit: 1873       | 4294967295 - [-15.5, -3.5, 1.5, 0.0] [-13.5, -2.5, 4.5, 0.0]
      1857 - entry: 1858       | exit: 1862       | 4294967295 - [-15.5, -3.5, 1.5, 0.0] [-13.5, -2.5, 2.5, 0.0]
      1858 - entry: 1859       | exit: 1860       | 4294967295 - [-15.5, -3.5, 1.5, 0.0] [-14.5, -2.5, 2.5, 0.0]
      1859 - entry: 4294967295 | exit: 1860       | 317        - [inf, inf, inf, 0.0] [-inf, -inf, -inf, 0.0]
      1860 - entry: 1861       | exit: 1862       | 4294967295 - [-14.5, -3.5, 1.5, 0.0] [-13.5, -2.5, 2.5, 0.0]
      1861 - entry: 4294967295 | exit: 1862       | 347        - [inf, inf, inf, 0.0] [-inf, -inf, -inf, 0.0]
      1862 - entry: 1863       | exit: 1873       | 4294967295 - [-15.5, -3.5, 2.5, 0.0] [-13.5, -2.5, 4.5, 0.0]
      1863 - entry: 1864       | exit: 1868       | 4294967295 - [-15.5, -3.5, 2.5, 0.0] [-13.5, -2.5, 3.5, 0.0]
      1864 - entry: 1865       | exit: 1866       | 4294967295 - [-15.5, -3.5, 2.5, 0.0] [-14.5, -2.5, 3.5, 0.0]
      1865 - entry: 4294967295 | exit: 1866       | 318        - [inf, inf, inf, 0.0] [-inf, -inf, -inf, 0.0]
      1866 - entry: 1867       | exit: 1868       | 4294967295 - [-14.5, -3.5, 2.5, 0.0] [-13.5, -2.5, 3.5, 0.0]
      1867 - entry: 4294967295 | exit: 1868       | 348        - [inf, inf, inf, 0.0] [-inf, -inf, -inf, 0.0]
      1868 - entry: 1869       | exit: 1873       | 4294967295 - [-15.5, -3.5, 3.5, 0.0] [-13.5, -2.5, 4.5, 0.0]
      1869 - entry: 1870       | exit: 1871       | 4294967295 - [-15.5, -3.5, 3.5, 0.0] [-14.5, -2.5, 4.5, 0.0]
      1870 - entry: 4294967295 | exit: 1871       | 319        - [inf, inf, inf, 0.0] [-inf, -inf, -inf, 0.0]
      1871 - entry: 1872       | exit: 1873       | 4294967295 - [-14.5, -3.5, 3.5, 0.0] [-13.5, -2.5, 4.5, 0.0]
      1872 - entry: 4294967295 | exit: 1873       | 349        - [inf, inf, inf, 0.0] [-inf, -inf, -inf, 0.0]
      1873 - entry: 1874       | exit: 1899       | 4294967295 - [-13.5, -3.5, 1.5, 0.0] [-10.5, -2.5, 4.5, 0.0]
      1874 - entry: 1875       | exit: 1882       | 4294967295 - [-13.5, -3.5, 1.5, 0.0] [-10.5, -2.5, 2.5, 0.0]
      1875 - entry: 1876       | exit: 1877       | 4294967295 - [-13.5, -3.5, 1.5, 0.0] [-12.5, -2.5, 2.5, 0.0]
      1876 - entry: 4294967295 | exit: 1877       | 377        - [inf, inf, inf, 0.0] [-inf, -inf, -inf, 0.0]
      1877 - entry: 1878       | exit: 1882       | 4294967295 - [-12.5, -3.5, 1.5, 0.0] [-10.5, -2.5, 2.5, 0.0]
      1878 - entry: 1879       | exit: 1880       | 4294967295 - [-12.5, -3.5, 1.5, 0.0] [-11.5, -2.5, 2.5, 0.0]
      1879 - entry: 4294967295 | exit: 1880       | 407        - [inf, inf, inf, 0.0] [-inf, -inf, -inf, 0.0]
      1880 - entry: 1881       | exit: 1882       | 4294967295 - [-11.5, -3.5, 1.5, 0.0] [-10.5, -2.5, 2.5, 0.0]
      1881 - entry: 4294967295 | exit: 1882       | 437        - [inf, inf, inf, 0.0] [-inf, -inf, -inf, 0.0]
      1882 - entry: 1883       | exit: 1899       | 4294967295 - [-13.5, -3.5, 2.5, 0.0] [-10.5, -2.5, 4.5, 0.0]
      1883 - entry: 1884       | exit: 1888       | 4294967295 - [-13.5, -3.5, 2.5, 0.0] [-12.5, -2.5, 4.5, 0.0]
      1884 - entry: 1885       | exit: 1886       | 4294967295 - [-13.5, -3.5, 2.5, 0.0] [-12.5, -2.5, 3.5, 0.0]
      1885 - entry: 4294967295 | exit: 1886       | 378        - [inf, inf, inf, 0.0] [-inf, -inf, -inf, 0.0]
      1886 - entry: 1887       | exit: 1888       | 4294967295 - [-13.5, -3.5, 3.5, 0.0] [-12.5, -2.5, 4.5, 0.0]
      1887 - entry: 4294967295 | exit: 1888       | 379        - [inf, inf, inf, 0.0] [-inf, -inf, -inf, 0.0]
      1888 - entry: 1889       | exit: 1899       | 4294967295 - [-12.5, -3.5, 2.5, 0.0] [-10.5, -2.5, 4.5, 0.0]
      1889 - entry: 1890       | exit: 1894       | 4294967295 - [-12.5, -3.5, 2.5, 0.0] [-10.5, -2.5, 3.5, 0.0]
      1890 - entry: 1891       | exit: 1892       | 4294967295 - [-12.5, -3.5, 2.5, 0.0] [-11.5, -2.5, 3.5, 0.0]
      1891 - entry: 4294967295 | exit: 1892       | 408        - [inf, inf, inf, 0.0] [-inf, -inf, -inf, 0.0]
      1892 - entry: 1893       | exit: 1894       | 4294967295 - [-11.5, -3.5, 2.5, 0.0] [-10.5, -2.5, 3.5, 0.0]
      1893 - entry: 4294967295 | exit: 1894       | 438        - [inf, inf, inf, 0.0] [-inf, -inf, -inf, 0.0]
      1894 - entry: 1895       | exit: 1899       | 4294967295 - [-12.5, -3.5, 3.5, 0.0] [-10.5, -2.5, 4.5, 0.0]
      1895 - entry: 1896       | exit: 1897       | 4294967295 - [-12.5, -3.5, 3.5, 0.0] [-11.5, -2.5, 4.5, 0.0]
      1896 - entry: 4294967295 | exit: 1897       | 409        - [inf, inf, inf, 0.0] [-inf, -inf, -inf, 0.0]
      1897 - entry: 1898       | exit: 1899       | 4294967295 - [-11.5, -3.5, 3.5, 0.0] [-10.5, -2.5, 4.5, 0.0]
      1898 - entry: 4294967295 | exit: 1899       | 439        - [inf, inf, inf, 0.0] [-inf, -inf, -inf, 0.0]
      1899 - entry: 1900       | exit: 1973       | 4294967295 - [-15.5, -3.5, 4.5, 0.0] [-10.5, -2.5, 9.5, 0.0]
      1900 - entry: 1901       | exit: 1929       | 4294967295 - [-15.5, -3.5, 4.5, 0.0] [-10.5, -2.5, 6.5, 0.0]
      1901 - entry: 1902       | exit: 1912       | 4294967295 - [-15.5, -3.5, 4.5, 0.0] [-13.5, -2.5, 6.5, 0.0]
      1902 - entry: 1903       | exit: 1907       | 4294967295 - [-15.5, -3.5, 4.5, 0.0] [-13.5, -2.5, 5.5, 0.0]
      1903 - entry: 1904       | exit: 1905       | 4294967295 - [-15.5, -3.5, 4.5, 0.0] [-14.5, -2.5, 5.5, 0.0]
      1904 - entry: 4294967295 | exit: 1905       | 320        - [inf, inf, inf, 0.0] [-inf, -inf, -inf, 0.0]
      1905 - entry: 1906       | exit: 1907       | 4294967295 - [-14.5, -3.5, 4.5, 0.0] [-13.5, -2.5, 5.5, 0.0]
      1906 - entry: 4294967295 | exit: 1907       | 350        - [inf, inf, inf, 0.0] [-inf, -inf, -inf, 0.0]
      1907 - entry: 1908       | exit: 1912       | 4294967295 - [-15.5, -3.5, 5.5, 0.0] [-13.5, -2.5, 6.5, 0.0]
      1908 - entry: 1909       | exit: 1910       | 4294967295 - [-15.5, -3.5, 5.5, 0.0] [-14.5, -2.5, 6.5, 0.0]
      1909 - entry: 4294967295 | exit: 1910       | 321        - [inf, inf, inf, 0.0] [-inf, -inf, -inf, 0.0]
      1910 - entry: 1911       | exit: 1912       | 4294967295 - [-14.5, -3.5, 5.5, 0.0] [-13.5, -2.5, 6.5, 0.0]
      1911 - entry: 4294967295 | exit: 1912       | 351        - [inf, inf, inf, 0.0] [-inf, -inf, -inf, 0.0]
      1912 - entry: 1913       | exit: 1929       | 4294967295 - [-13.5, -3.5, 4.5, 0.0] [-10.5, -2.5, 6.5, 0.0]
      1913 - entry: 1914       | exit: 1918       | 4294967295 - [-13.5, -3.5, 4.5, 0.0] [-12.5, -2.5, 6.5, 0.0]
      1914 - entry: 1915       | exit: 1916       | 4294967295 - [-13.5, -3.5, 4.5, 0.0] [-12.5, -2.5, 5.5, 0.0]
      1915 - entry: 4294967295 | exit: 1916       | 380        - [inf, inf, inf, 0.0] [-inf, -inf, -inf, 0.0]
      1916 - entry: 1917       | exit: 1918       | 4294967295 - [-13.5, -3.5, 5.5, 0.0] [-12.5, -2.5, 6.5, 0.0]
      1917 - entry: 4294967295 | exit: 1918       | 381        - [inf, inf, inf, 0.0] [-inf, -inf, -inf, 0.0]
      1918 - entry: 1919       | exit: 1929       | 4294967295 - [-12.5, -3.5, 4.5, 0.0] [-10.5, -2.5, 6.5, 0.0]
      1919 - entry: 1920       | exit: 1924       | 4294967295 - [-12.5, -3.5, 4.5, 0.0] [-10.5, -2.5, 5.5, 0.0]
      1920 - entry: 1921       | exit: 1922       | 4294967295 - [-12.5, -3.5, 4.5, 0.0] [-11.5, -2.5, 5.5, 0.0]
      1921 - entry: 4294967295 | exit: 1922       | 410        - [inf, inf, inf, 0.0] [-inf, -inf, -inf, 0.0]
      1922 - entry: 1923       | exit: 1924       | 4294967295 - [-11.5, -3.5, 4.5, 0.0] [-10.5, -2.5, 5.5, 0.0]
      1923 - entry: 4294967295 | exit: 1924       | 440        - [inf, inf, inf, 0.0] [-inf, -inf, -inf, 0.0]
      1924 - entry: 1925       | exit: 1929       | 4294967295 - [-12.5, -3.5, 5.5, 0.0] [-10.5, -2.5, 6.5, 0.0]
      1925 - entry: 1926       | exit: 1927       | 4294967295 - [-12.5, -3.5, 5.5, 0.0] [-11.5, -2.5, 6.5, 0.0]
      1926 - entry: 4294967295 | exit: 1927       | 411        - [inf, inf, inf, 0.0] [-inf, -inf, -inf, 0.0]
      1927 - entry: 1928       | exit: 1929       | 4294967295 - [-11.5, -3.5, 5.5, 0.0] [-10.5, -2.5, 6.5, 0.0]
      1928 - entry: 4294967295 | exit: 1929       | 441        - [inf, inf, inf, 0.0] [-inf, -inf, -inf, 0.0]
      1929 - entry: 1930       | exit: 1973       | 4294967295 - [-15.5, -3.5, 6.5, 0.0] [-10.5, -2.5, 9.5, 0.0]
      1930 - entry: 1931       | exit: 1947       | 4294967295 - [-15.5, -3.5, 6.5, 0.0] [-13.5, -2.5, 9.5, 0.0]
      1931 - entry: 1932       | exit: 1936       | 4294967295 - [-15.5, -3.5, 6.5, 0.0] [-13.5, -2.5, 7.5, 0.0]
      1932 - entry: 1933       | exit: 1934       | 4294967295 - [-15.5, -3.5, 6.5, 0.0] [-14.5, -2.5, 7.5, 0.0]
      1933 - entry: 4294967295 | exit: 1934       | 322        - [inf, inf, inf, 0.0] [-inf, -inf, -inf, 0.0]
      1934 - entry: 1935       | exit: 1936       | 4294967295 - [-14.5, -3.5, 6.5, 0.0] [-13.5, -2.5, 7.5, 0.0]
      1935 - entry: 4294967295 | exit: 1936       | 352        - [inf, inf, inf, 0.0] [-inf, -inf, -inf, 0.0]
      1936 - entry: 1937       | exit: 1947       | 4294967295 - [-15.5, -3.5, 7.5, 0.0] [-13.5, -2.5, 9.5, 0.0]
      1937 - entry: 1938       | exit: 1942       | 4294967295 - [-15.5, -3.5, 7.5, 0.0] [-13.5, -2.5, 8.5, 0.0]
      1938 - entry: 1939       | exit: 1940       | 4294967295 - [-15.5, -3.5, 7.5, 0.0] [-14.5, -2.5, 8.5, 0.0]
      1939 - entry: 4294967295 | exit: 1940       | 323        - [inf, inf, inf, 0.0] [-inf, -inf, -inf, 0.0]
      1940 - entry: 1941       | exit: 1942       | 4294967295 - [-14.5, -3.5, 7.5, 0.0] [-13.5, -2.5, 8.5, 0.0]
      1941 - entry: 4294967295 | exit: 1942       | 353        - [inf, inf, inf, 0.0] [-inf, -inf, -inf, 0.0]
      1942 - entry: 1943       | exit: 1947       | 4294967295 - [-15.5, -3.5, 8.5, 0.0] [-13.5, -2.5, 9.5, 0.0]
      1943 - entry: 1944       | exit: 1945       | 4294967295 - [-15.5, -3.5, 8.5, 0.0] [-14.5, -2.5, 9.5, 0.0]
      1944 - entry: 4294967295 | exit: 1945       | 324        - [inf, inf, inf, 0.0] [-inf, -inf, -inf, 0.0]
      1945 - entry: 1946       | exit: 1947       | 4294967295 - [-14.5, -3.5, 8.5, 0.0] [-13.5, -2.5, 9.5, 0.0]
      1946 - entry: 4294967295 | exit: 1947       | 354        - [inf, inf, inf, 0.0] [-inf, -inf, -inf, 0.0]
      1947 - entry: 1948       | exit: 1973       | 4294967295 - [-13.5, -3.5, 6.5, 0.0] [-10.5, -2.5, 9.5, 0.0]
      1948 - entry: 1949       | exit: 1956       | 4294967295 - [-13.5, -3.5, 6.5, 0.0] [-10.5, -2.5, 7.5, 0.0]
      1949 - entry: 1950       | exit: 1951       | 4294967295 - [-13.5, -3.5, 6.5, 0.0] [-12.5, -2.5, 7.5, 0.0]
      1950 - entry: 4294967295 | exit: 1951       | 382        - [inf, inf, inf, 0.0] [-inf, -inf, -inf, 0.0]
      1951 - entry: 1952       | exit: 1956       | 4294967295 - [-12.5, -3.5, 6.5, 0.0] [-10.5, -2.5, 7.5, 0.0]
      1952 - entry: 1953       | exit: 1954       | 4294967295 - [-12.5, -3.5, 6.5, 0.0] [-11.5, -2.5, 7.5, 0.0]
      1953 - entry: 4294967295 | exit: 1954       | 412        - [inf, inf, inf, 0.0] [-inf, -inf, -inf, 0.0]
      1954 - entry: 1955       | exit: 1956       | 4294967295 - [-11.5, -3.5, 6.5, 0.0] [-10.5, -2.5, 7.5, 0.0]
      1955 - entry: 4294967295 | exit: 1956       | 442        - [inf, inf, inf, 0.0] [-inf, -inf, -inf, 0.0]
      1956 - entry: 1957       | exit: 1973       | 4294967295 - [-13.5, -3.5, 7.5, 0.0] [-10.5, -2.5, 9.5, 0.0]
      1957 - entry: 1958       | exit: 1962       | 4294967295 - [-13.5, -3.5, 7.5, 0.0] [-12.5, -2.5, 9.5, 0.0]
      1958 - entry: 1959       | exit: 1960       | 4294967295 - [-13.5, -3.5, 7.5, 0.0] [-12.5, -2.5, 8.5, 0.0]
      1959 - entry: 4294967295 | exit: 1960       | 383        - [inf, inf, inf, 0.0] [-inf, -inf, -inf, 0.0]
      1960 - entry: 1961       | exit: 1962       | 4294967295 - [-13.5, -3.5, 8.5, 0.0] [-12.5, -2.5, 9.5, 0.0]
      1961 - entry: 4294967295 | exit: 1962       | 384        - [inf, inf, inf, 0.0] [-inf, -inf, -inf, 0.0]
      1962 - entry: 1963       | exit: 1973       | 4294967295 - [-12.5, -3.5, 7.5, 0.0] [-10.5, -2.5, 9.5, 0.0]
      1963 - entry: 1964       | exit: 1968       | 4294967295 - [-12.5, -3.5, 7.5, 0.0] [-10.5, -2.5, 8.5, 0.0]
      1964 - entry: 1965       | exit: 1966       | 4294967295 - [-12.5, -3.5, 7.5, 0.0] [-11.5, -2.5, 8.5, 0.0]
      1965 - entry: 4294967295 | exit: 1966       | 413        - [inf, inf, inf, 0.0] [-inf, -inf, -inf, 0.0]
      1966 - entry: 1967       | exit: 1968       | 4294967295 - [-11.5, -3.5, 7.5, 0.0] [-10.5, -2.5, 8.5, 0.0]
      1967 - entry: 4294967295 | exit: 1968       | 443        - [inf, inf, inf, 0.0] [-inf, -inf, -inf, 0.0]
      1968 - entry: 1969       | exit: 1973       | 4294967295 - [-12.5, -3.5, 8.5, 0.0] [-10.5, -2.5, 9.5, 0.0]
      1969 - entry: 1970       | exit: 1971       | 4294967295 - [-12.5, -3.5, 8.5, 0.0] [-11.5, -2.5, 9.5, 0.0]
      1970 - entry: 4294967295 | exit: 1971       | 414        - [inf, inf, inf, 0.0] [-inf, -inf, -inf, 0.0]
      1971 - entry: 1972       | exit: 1973       | 4294967295 - [-11.5, -3.5, 8.5, 0.0] [-10.5, -2.5, 9.5, 0.0]
      1972 - entry: 4294967295 | exit: 1973       | 444        - [inf, inf, inf, 0.0] [-inf, -inf, -inf, 0.0]
      1973 - entry: 1974       | exit: 2347       | 4294967295 - [-10.5, -9.889999, -0.916, 0.0] [-0.110000014, -2.5, 9.5, 0.0]
      1974 - entry: 1975       | exit: 2153       | 4294967295 - [-10.5, -9.889999, -0.916, 0.0] [-0.5, -2.5, 4.5, 0.0]
      1975 - entry: 1976       | exit: 2040       | 4294967295 - [-10.5, -6.69, -0.916, 0.0] [-6.5, -2.5, 4.5, 0.0]
      1976 - entry: 1977       | exit: 2005       | 4294967295 - [-10.5, -6.69, -0.916, 0.0] [-6.5, -2.5, 1.5, 0.0]
      1977 - entry: 1978       | exit: 1982       | 4294967295 - [-8.9, -6.69, -0.916, 0.0] [-7.8199997, -5.3399997, 0.99600005, 0.0]
      1978 - entry: 1979       | exit: 1980       | 4294967295 - [-8.9, -6.69, -0.916, 0.0] [-7.8999996, -5.69, 0.08399999, 0.0]
      1979 - entry: 4294967295 | exit: 1980       | 237        - [inf, inf, inf, 0.0] [-inf, -inf, -inf, 0.0]
      1980 - entry: 1981       | exit: 1982       | 4294967295 - [-8.82, -6.3399997, -0.0039999783, 0.0] [-7.8199997, -5.3399997, 0.99600005, 0.0]
      1981 - entry: 4294967295 | exit: 1982       | 29         - [inf, inf, inf, 0.0] [-inf, -inf, -inf, 0.0]
      1982 - entry: 1983       | exit: 2005       | 4294967295 - [-10.5, -3.5, -0.5, 0.0] [-6.5, -2.5, 1.5, 0.0]
      1983 - entry: 1984       | exit: 1994       | 4294967295 - [-10.5, -3.5, -0.5, 0.0] [-8.5, -2.5, 1.5, 0.0]
      1984 - entry: 1985       | exit: 1989       | 4294967295 - [-10.5, -3.5, -0.5, 0.0] [-8.5, -2.5, 0.5, 0.0]
      1985 - entry: 1986       | exit: 1987       | 4294967295 - [-10.5, -3.5, -0.5, 0.0] [-9.5, -2.5, 0.5, 0.0]
      1986 - entry: 4294967295 | exit: 1987       | 465        - [inf, inf, inf, 0.0] [-inf, -inf, -inf, 0.0]
      1987 - entry: 1988       | exit: 1989       | 4294967295 - [-9.5, -3.5, -0.5, 0.0] [-8.5, -2.5, 0.5, 0.0]
      1988 - entry: 4294967295 | exit: 1989       | 495        - [inf, inf, inf, 0.0] [-inf, -inf, -inf, 0.0]
      1989 - entry: 1990       | exit: 1994       | 4294967295 - [-10.5, -3.5, 0.5, 0.0] [-8.5, -2.5, 1.5, 0.0]
      1990 - entry: 1991       | exit: 1992       | 4294967295 - [-10.5, -3.5, 0.5, 0.0] [-9.5, -2.5, 1.5, 0.0]
      1991 - entry: 4294967295 | exit: 1992       | 466        - [inf, inf, inf, 0.0] [-inf, -inf, -inf, 0.0]
      1992 - entry: 1993       | exit: 1994       | 4294967295 - [-9.5, -3.5, 0.5, 0.0] [-8.5, -2.5, 1.5, 0.0]
      1993 - entry: 4294967295 | exit: 1994       | 496        - [inf, inf, inf, 0.0] [-inf, -inf, -inf, 0.0]
      1994 - entry: 1995       | exit: 2005       | 4294967295 - [-8.5, -3.5, -0.5, 0.0] [-6.5, -2.5, 1.5, 0.0]
      1995 - entry: 1996       | exit: 2000       | 4294967295 - [-8.5, -3.5, -0.5, 0.0] [-6.5, -2.5, 0.5, 0.0]
      1996 - entry: 1997       | exit: 1998       | 4294967295 - [-8.5, -3.5, -0.5, 0.0] [-7.5, -2.5, 0.5, 0.0]
      1997 - entry: 4294967295 | exit: 1998       | 525        - [inf, inf, inf, 0.0] [-inf, -inf, -inf, 0.0]
      1998 - entry: 1999       | exit: 2000       | 4294967295 - [-7.5, -3.5, -0.5, 0.0] [-6.5, -2.5, 0.5, 0.0]
      1999 - entry: 4294967295 | exit: 2000       | 555        - [inf, inf, inf, 0.0] [-inf, -inf, -inf, 0.0]
      2000 - entry: 2001       | exit: 2005       | 4294967295 - [-8.5, -3.5, 0.5, 0.0] [-6.5, -2.5, 1.5, 0.0]
      2001 - entry: 2002       | exit: 2003       | 4294967295 - [-8.5, -3.5, 0.5, 0.0] [-7.5, -2.5, 1.5, 0.0]
      2002 - entry: 4294967295 | exit: 2003       | 526        - [inf, inf, inf, 0.0] [-inf, -inf, -inf, 0.0]
      2003 - entry: 2004       | exit: 2005       | 4294967295 - [-7.5, -3.5, 0.5, 0.0] [-6.5, -2.5, 1.5, 0.0]
      2004 - entry: 4294967295 | exit: 2005       | 556        - [inf, inf, inf, 0.0] [-inf, -inf, -inf, 0.0]
      2005 - entry: 2006       | exit: 2040       | 4294967295 - [-10.5, -3.5, 1.5, 0.0] [-6.5, -2.5, 4.5, 0.0]
      2006 - entry: 2007       | exit: 2023       | 4294967295 - [-10.5, -3.5, 1.5, 0.0] [-8.5, -2.5, 4.5, 0.0]
      2007 - entry: 2008       | exit: 2012       | 4294967295 - [-10.5, -3.5, 1.5, 0.0] [-8.5, -2.5, 2.5, 0.0]
      2008 - entry: 2009       | exit: 2010       | 4294967295 - [-10.5, -3.5, 1.5, 0.0] [-9.5, -2.5, 2.5, 0.0]
      2009 - entry: 4294967295 | exit: 2010       | 467        - [inf, inf, inf, 0.0] [-inf, -inf, -inf, 0.0]
      2010 - entry: 2011       | exit: 2012       | 4294967295 - [-9.5, -3.5, 1.5, 0.0] [-8.5, -2.5, 2.5, 0.0]
      2011 - entry: 4294967295 | exit: 2012       | 497        - [inf, inf, inf, 0.0] [-inf, -inf, -inf, 0.0]
      2012 - entry: 2013       | exit: 2023       | 4294967295 - [-10.5, -3.5, 2.5, 0.0] [-8.5, -2.5, 4.5, 0.0]
      2013 - entry: 2014       | exit: 2018       | 4294967295 - [-10.5, -3.5, 2.5, 0.0] [-8.5, -2.5, 3.5, 0.0]
      2014 - entry: 2015       | exit: 2016       | 4294967295 - [-10.5, -3.5, 2.5, 0.0] [-9.5, -2.5, 3.5, 0.0]
      2015 - entry: 4294967295 | exit: 2016       | 468        - [inf, inf, inf, 0.0] [-inf, -inf, -inf, 0.0]
      2016 - entry: 2017       | exit: 2018       | 4294967295 - [-9.5, -3.5, 2.5, 0.0] [-8.5, -2.5, 3.5, 0.0]
      2017 - entry: 4294967295 | exit: 2018       | 498        - [inf, inf, inf, 0.0] [-inf, -inf, -inf, 0.0]
      2018 - entry: 2019       | exit: 2023       | 4294967295 - [-10.5, -3.5, 3.5, 0.0] [-8.5, -2.5, 4.5, 0.0]
      2019 - entry: 2020       | exit: 2021       | 4294967295 - [-10.5, -3.5, 3.5, 0.0] [-9.5, -2.5, 4.5, 0.0]
      2020 - entry: 4294967295 | exit: 2021       | 469        - [inf, inf, inf, 0.0] [-inf, -inf, -inf, 0.0]
      2021 - entry: 2022       | exit: 2023       | 4294967295 - [-9.5, -3.5, 3.5, 0.0] [-8.5, -2.5, 4.5, 0.0]
      2022 - entry: 4294967295 | exit: 2023       | 499        - [inf, inf, inf, 0.0] [-inf, -inf, -inf, 0.0]
      2023 - entry: 2024       | exit: 2040       | 4294967295 - [-8.5, -3.5, 1.5, 0.0] [-6.5, -2.5, 4.5, 0.0]
      2024 - entry: 2025       | exit: 2029       | 4294967295 - [-8.5, -3.5, 1.5, 0.0] [-6.5, -2.5, 2.5, 0.0]
      2025 - entry: 2026       | exit: 2027       | 4294967295 - [-8.5, -3.5, 1.5, 0.0] [-7.5, -2.5, 2.5, 0.0]
      2026 - entry: 4294967295 | exit: 2027       | 527        - [inf, inf, inf, 0.0] [-inf, -inf, -inf, 0.0]
      2027 - entry: 2028       | exit: 2029       | 4294967295 - [-7.5, -3.5, 1.5, 0.0] [-6.5, -2.5, 2.5, 0.0]
      2028 - entry: 4294967295 | exit: 2029       | 557        - [inf, inf, inf, 0.0] [-inf, -inf, -inf, 0.0]
      2029 - entry: 2030       | exit: 2040       | 4294967295 - [-8.5, -3.5, 2.5, 0.0] [-6.5, -2.5, 4.5, 0.0]
      2030 - entry: 2031       | exit: 2035       | 4294967295 - [-8.5, -3.5, 2.5, 0.0] [-6.5, -2.5, 3.5, 0.0]
      2031 - entry: 2032       | exit: 2033       | 4294967295 - [-8.5, -3.5, 2.5, 0.0] [-7.5, -2.5, 3.5, 0.0]
      2032 - entry: 4294967295 | exit: 2033       | 528        - [inf, inf, inf, 0.0] [-inf, -inf, -inf, 0.0]
      2033 - entry: 2034       | exit: 2035       | 4294967295 - [-7.5, -3.5, 2.5, 0.0] [-6.5, -2.5, 3.5, 0.0]
      2034 - entry: 4294967295 | exit: 2035       | 558        - [inf, inf, inf, 0.0] [-inf, -inf, -inf, 0.0]
      2035 - entry: 2036       | exit: 2040       | 4294967295 - [-8.5, -3.5, 3.5, 0.0] [-6.5, -2.5, 4.5, 0.0]
      2036 - entry: 2037       | exit: 2038       | 4294967295 - [-8.5, -3.5, 3.5, 0.0] [-7.5, -2.5, 4.5, 0.0]
      2037 - entry: 4294967295 | exit: 2038       | 529        - [inf, inf, inf, 0.0] [-inf, -inf, -inf, 0.0]
      2038 - entry: 2039       | exit: 2040       | 4294967295 - [-7.5, -3.5, 3.5, 0.0] [-6.5, -2.5, 4.5, 0.0]
      2039 - entry: 4294967295 | exit: 2040       | 559        - [inf, inf, inf, 0.0] [-inf, -inf, -inf, 0.0]
      2040 - entry: 2041       | exit: 2153       | 4294967295 - [-7.2599998, -9.889999, -0.804, 0.0] [-0.5, -2.5, 4.5, 0.0]
      2041 - entry: 2042       | exit: 2061       | 4294967295 - [-7.2599998, -9.889999, -0.804, 0.0] [-2.36, -4.04, 4.476, 0.0]
      2042 - entry: 2043       | exit: 2050       | 4294967295 - [-7.2599998, -9.889999, -0.804, 0.0] [-2.36, -8.32, 2.5, 0.0]
      2043 - entry: 2044       | exit: 2045       | 4294967295 - [-7.2599998, -9.889999, 1.5, 0.0] [-6.2599998, -8.889999, 2.5, 0.0]
      2044 - entry: 4294967295 | exit: 2045       | 172        - [inf, inf, inf, 0.0] [-inf, -inf, -inf, 0.0]
      2045 - entry: 2046       | exit: 2050       | 4294967295 - [-4.42, -9.5199995, -0.804, 0.0] [-2.36, -8.32, 1.932, 0.0]
      2046 - entry: 2047       | exit: 2048       | 4294967295 - [-4.42, -9.5199995, -0.804, 0.0] [-3.4199998, -8.5199995, 0.19599998, 0.0]
      2047 - entry: 4294967295 | exit: 2048       | 27         - [inf, inf, inf, 0.0] [-inf, -inf, -inf, 0.0]
      2048 - entry: 2049       | exit: 2050       | 4294967295 - [-3.36, -9.32, 0.93200004, 0.0] [-2.36, -8.32, 1.932, 0.0]
      2049 - entry: 4294967295 | exit: 2050       | 94         - [inf, inf, inf, 0.0] [-inf, -inf, -inf, 0.0]
      2050 - entry: 2051       | exit: 2061       | 4294967295 - [-6.6, -8.43, 0.13200003, 0.0] [-2.87, -4.04, 4.476, 0.0]
      2051 - entry: 2052       | exit: 2056       | 4294967295 - [-4.9, -8.43, 0.13200003, 0.0] [-2.87, -6.27, 4.476, 0.0]
      2052 - entry: 2053       | exit: 2054       | 4294967295 - [-3.87, -7.27, 0.13200003, 0.0] [-2.87, -6.27, 1.132, 0.0]
      2053 - entry: 4294967295 | exit: 2054       | 191        - [inf, inf, inf, 0.0] [-inf, -inf, -inf, 0.0]
      2054 - entry: 2055       | exit: 2056       | 4294967295 - [-4.9, -8.43, 3.476, 0.0] [-3.9, -7.43, 4.476, 0.0]
      2055 - entry: 4294967295 | exit: 2056       | 233        - [inf, inf, inf, 0.0] [-inf, -inf, -inf, 0.0]
      2056 - entry: 2057       | exit: 2061       | 4294967295 - [-6.6, -5.47, 1.6920002, 0.0] [-5.33, -4.04, 3.2440002, 0.0]
      2057 - entry: 2058       | exit: 2059       | 4294967295 - [-6.6, -5.47, 1.6920002, 0.0] [-5.6, -4.47, 2.6920002, 0.0]
      2058 - entry: 4294967295 | exit: 2059       | 135        - [inf, inf, inf, 0.0] [-inf, -inf, -inf, 0.0]
      2059 - entry: 2060       | exit: 2061       | 4294967295 - [-6.33, -5.04, 2.2440002, 0.0] [-5.33, -4.04, 3.2440002, 0.0]
      2060 - entry: 4294967295 | exit: 2061       | 13         - [inf, inf, inf, 0.0] [-inf, -inf, -inf, 0.0]
      2061 - entry: 2062       | exit: 2153       | 4294967295 - [-6.5, -4.21, -0.5, 0.0] [-0.5, -2.5, 4.5, 0.0]
      2062 - entry: 2063       | exit: 2106       | 4294967295 - [-6.5, -3.5, -0.5, 0.0] [-3.5, -2.5, 4.5, 0.0]
      2063 - entry: 2064       | exit: 2080       | 4294967295 - [-6.5, -3.5, -0.5, 0.0] [-3.5, -2.5, 1.5, 0.0]
      2064 - entry: 2065       | exit: 2069       | 4294967295 - [-6.5, -3.5, -0.5, 0.0] [-5.5, -2.5, 1.5, 0.0]
      2065 - entry: 2066       | exit: 2067       | 4294967295 - [-6.5, -3.5, -0.5, 0.0] [-5.5, -2.5, 0.5, 0.0]
      2066 - entry: 4294967295 | exit: 2067       | 585        - [inf, inf, inf, 0.0] [-inf, -inf, -inf, 0.0]
      2067 - entry: 2068       | exit: 2069       | 4294967295 - [-6.5, -3.5, 0.5, 0.0] [-5.5, -2.5, 1.5, 0.0]
      2068 - entry: 4294967295 | exit: 2069       | 586        - [inf, inf, inf, 0.0] [-inf, -inf, -inf, 0.0]
      2069 - entry: 2070       | exit: 2080       | 4294967295 - [-5.5, -3.5, -0.5, 0.0] [-3.5, -2.5, 1.5, 0.0]
      2070 - entry: 2071       | exit: 2075       | 4294967295 - [-5.5, -3.5, -0.5, 0.0] [-3.5, -2.5, 0.5, 0.0]
      2071 - entry: 2072       | exit: 2073       | 4294967295 - [-5.5, -3.5, -0.5, 0.0] [-4.5, -2.5, 0.5, 0.0]
      2072 - entry: 4294967295 | exit: 2073       | 615        - [inf, inf, inf, 0.0] [-inf, -inf, -inf, 0.0]
      2073 - entry: 2074       | exit: 2075       | 4294967295 - [-4.5, -3.5, -0.5, 0.0] [-3.5, -2.5, 0.5, 0.0]
      2074 - entry: 4294967295 | exit: 2075       | 645        - [inf, inf, inf, 0.0] [-inf, -inf, -inf, 0.0]
      2075 - entry: 2076       | exit: 2080       | 4294967295 - [-5.5, -3.5, 0.5, 0.0] [-3.5, -2.5, 1.5, 0.0]
      2076 - entry: 2077       | exit: 2078       | 4294967295 - [-5.5, -3.5, 0.5, 0.0] [-4.5, -2.5, 1.5, 0.0]
      2077 - entry: 4294967295 | exit: 2078       | 616        - [inf, inf, inf, 0.0] [-inf, -inf, -inf, 0.0]
      2078 - entry: 2079       | exit: 2080       | 4294967295 - [-4.5, -3.5, 0.5, 0.0] [-3.5, -2.5, 1.5, 0.0]
      2079 - entry: 4294967295 | exit: 2080       | 646        - [inf, inf, inf, 0.0] [-inf, -inf, -inf, 0.0]
      2080 - entry: 2081       | exit: 2106       | 4294967295 - [-6.5, -3.5, 1.5, 0.0] [-3.5, -2.5, 4.5, 0.0]
      2081 - entry: 2082       | exit: 2089       | 4294967295 - [-6.5, -3.5, 1.5, 0.0] [-3.5, -2.5, 2.5, 0.0]
      2082 - entry: 2083       | exit: 2084       | 4294967295 - [-6.5, -3.5, 1.5, 0.0] [-5.5, -2.5, 2.5, 0.0]
      2083 - entry: 4294967295 | exit: 2084       | 587        - [inf, inf, inf, 0.0] [-inf, -inf, -inf, 0.0]
      2084 - entry: 2085       | exit: 2089       | 4294967295 - [-5.5, -3.5, 1.5, 0.0] [-3.5, -2.5, 2.5, 0.0]
      2085 - entry: 2086       | exit: 2087       | 4294967295 - [-5.5, -3.5, 1.5, 0.0] [-4.5, -2.5, 2.5, 0.0]
      2086 - entry: 4294967295 | exit: 2087       | 617        - [inf, inf, inf, 0.0] [-inf, -inf, -inf, 0.0]
      2087 - entry: 2088       | exit: 2089       | 4294967295 - [-4.5, -3.5, 1.5, 0.0] [-3.5, -2.5, 2.5, 0.0]
      2088 - entry: 4294967295 | exit: 2089       | 647        - [inf, inf, inf, 0.0] [-inf, -inf, -inf, 0.0]
      2089 - entry: 2090       | exit: 2106       | 4294967295 - [-6.5, -3.5, 2.5, 0.0] [-3.5, -2.5, 4.5, 0.0]
      2090 - entry: 2091       | exit: 2095       | 4294967295 - [-6.5, -3.5, 2.5, 0.0] [-5.5, -2.5, 4.5, 0.0]
      2091 - entry: 2092       | exit: 2093       | 4294967295 - [-6.5, -3.5, 2.5, 0.0] [-5.5, -2.5, 3.5, 0.0]
      2092 - entry: 4294967295 | exit: 2093       | 588        - [inf, inf, inf, 0.0] [-inf, -inf, -inf, 0.0]
      2093 - entry: 2094       | exit: 2095       | 4294967295 - [-6.5, -3.5, 3.5, 0.0] [-5.5, -2.5, 4.5, 0.0]
      2094 - entry: 4294967295 | exit: 2095       | 589        - [inf, inf, inf, 0.0] [-inf, -inf, -inf, 0.0]
      2095 - entry: 2096       | exit: 2106       | 4294967295 - [-5.5, -3.5, 2.5, 0.0] [-3.5, -2.5, 4.5, 0.0]
      2096 - entry: 2097       | exit: 2101       | 4294967295 - [-5.5, -3.5, 2.5, 0.0] [-3.5, -2.5, 3.5, 0.0]
      2097 - entry: 2098       | exit: 2099       | 4294967295 - [-5.5, -3.5, 2.5, 0.0] [-4.5, -2.5, 3.5, 0.0]
      2098 - entry: 4294967295 | exit: 2099       | 618        - [inf, inf, inf, 0.0] [-inf, -inf, -inf, 0.0]
      2099 - entry: 2100       | exit: 2101       | 4294967295 - [-4.5, -3.5, 2.5, 0.0] [-3.5, -2.5, 3.5, 0.0]
      2100 - entry: 4294967295 | exit: 2101       | 648        - [inf, inf, inf, 0.0] [-inf, -inf, -inf, 0.0]
      2101 - entry: 2102       | exit: 2106       | 4294967295 - [-5.5, -3.5, 3.5, 0.0] [-3.5, -2.5, 4.5, 0.0]
      2102 - entry: 2103       | exit: 2104       | 4294967295 - [-5.5, -3.5, 3.5, 0.0] [-4.5, -2.5, 4.5, 0.0]
      2103 - entry: 4294967295 | exit: 2104       | 619        - [inf, inf, inf, 0.0] [-inf, -inf, -inf, 0.0]
      2104 - entry: 2105       | exit: 2106       | 4294967295 - [-4.5, -3.5, 3.5, 0.0] [-3.5, -2.5, 4.5, 0.0]
      2105 - entry: 4294967295 | exit: 2106       | 649        - [inf, inf, inf, 0.0] [-inf, -inf, -inf, 0.0]
      2106 - entry: 2107       | exit: 2153       | 4294967295 - [-3.77, -4.21, -0.5, 0.0] [-0.5, -2.5, 4.5, 0.0]
      2107 - entry: 2108       | exit: 2136       | 4294967295 - [-3.77, -4.21, -0.5, 0.0] [-0.5, -2.5, 2.5, 0.0]
      2108 - entry: 2109       | exit: 2119       | 4294967295 - [-3.77, -4.21, -0.5, 0.0] [-2.5, -2.5, 2.5, 0.0]
      2109 - entry: 2110       | exit: 2114       | 4294967295 - [-3.5, -3.5, -0.5, 0.0] [-2.5, -2.5, 1.5, 0.0]
      2110 - entry: 2111       | exit: 2112       | 4294967295 - [-3.5, -3.5, -0.5, 0.0] [-2.5, -2.5, 0.5, 0.0]
      2111 - entry: 4294967295 | exit: 2112       | 675        - [inf, inf, inf, 0.0] [-inf, -inf, -inf, 0.0]
      2112 - entry: 2113       | exit: 2114       | 4294967295 - [-3.5, -3.5, 0.5, 0.0] [-2.5, -2.5, 1.5, 0.0]
      2113 - entry: 4294967295 | exit: 2114       | 676        - [inf, inf, inf, 0.0] [-inf, -inf, -inf, 0.0]
      2114 - entry: 2115       | exit: 2119       | 4294967295 - [-3.77, -4.21, 0.98800004, 0.0] [-2.5, -2.5, 2.5, 0.0]
      2115 - entry: 2116       | exit: 2117       | 4294967295 - [-3.77, -4.21, 0.98800004, 0.0] [-2.77, -3.2099998, 1.988, 0.0]
      2116 - entry: 4294967295 | exit: 2117       | 252        - [inf, inf, inf, 0.0] [-inf, -inf, -inf, 0.0]
      2117 - entry: 2118       | exit: 2119       | 4294967295 - [-3.5, -3.5, 1.5, 0.0] [-2.5, -2.5, 2.5, 0.0]
      2118 - entry: 4294967295 | exit: 2119       | 677        - [inf, inf, inf, 0.0] [-inf, -inf, -inf, 0.0]
      2119 - entry: 2120       | exit: 2136       | 4294967295 - [-2.5, -3.5, -0.5, 0.0] [-0.5, -2.5, 2.5, 0.0]
      2120 - entry: 2121       | exit: 2125       | 4294967295 - [-2.5, -3.5, -0.5, 0.0] [-0.5, -2.5, 0.5, 0.0]
      2121 - entry: 2122       | exit: 2123       | 4294967295 - [-2.5, -3.5, -0.5, 0.0] [-1.5, -2.5, 0.5, 0.0]
      2122 - entry: 4294967295 | exit: 2123       | 705        - [inf, inf, inf, 0.0] [-inf, -inf, -inf, 0.0]
      2123 - entry: 2124       | exit: 2125       | 4294967295 - [-1.5, -3.5, -0.5, 0.0] [-0.5, -2.5, 0.5, 0.0]
      2124 - entry: 4294967295 | exit: 2125       | 735        - [inf, inf, inf, 0.0] [-inf, -inf, -inf, 0.0]
      2125 - entry: 2126       | exit: 2136       | 4294967295 - [-2.5, -3.5, 0.5, 0.0] [-0.5, -2.5, 2.5, 0.0]
      2126 - entry: 2127       | exit: 2131       | 4294967295 - [-2.5, -3.5, 0.5, 0.0] [-0.5, -2.5, 1.5, 0.0]
      2127 - entry: 2128       | exit: 2129       | 4294967295 - [-2.5, -3.5, 0.5, 0.0] [-1.5, -2.5, 1.5, 0.0]
      2128 - entry: 4294967295 | exit: 2129       | 706        - [inf, inf, inf, 0.0] [-inf, -inf, -inf, 0.0]
      2129 - entry: 2130       | exit: 2131       | 4294967295 - [-1.5, -3.5, 0.5, 0.0] [-0.5, -2.5, 1.5, 0.0]
      2130 - entry: 4294967295 | exit: 2131       | 736        - [inf, inf, inf, 0.0] [-inf, -inf, -inf, 0.0]
      2131 - entry: 2132       | exit: 2136       | 4294967295 - [-2.5, -3.5, 1.5, 0.0] [-0.5, -2.5, 2.5, 0.0]
      2132 - entry: 2133       | exit: 2134       | 4294967295 - [-2.5, -3.5, 1.5, 0.0] [-1.5, -2.5, 2.5, 0.0]
      2133 - entry: 4294967295 | exit: 2134       | 707        - [inf, inf, inf, 0.0] [-inf, -inf, -inf, 0.0]
      2134 - entry: 2135       | exit: 2136       | 4294967295 - [-1.5, -3.5, 1.5, 0.0] [-0.5, -2.5, 2.5, 0.0]
      2135 - entry: 4294967295 | exit: 2136       | 737        - [inf, inf, inf, 0.0] [-inf, -inf, -inf, 0.0]
      2136 - entry: 2137       | exit: 2153       | 4294967295 - [-3.5, -3.5, 2.5, 0.0] [-0.5, -2.5, 4.5, 0.0]
      2137 - entry: 2138       | exit: 2142       | 4294967295 - [-3.5, -3.5, 2.5, 0.0] [-2.5, -2.5, 4.5, 0.0]
      2138 - entry: 2139       | exit: 2140       | 4294967295 - [-3.5, -3.5, 2.5, 0.0] [-2.5, -2.5, 3.5, 0.0]
      2139 - entry: 4294967295 | exit: 2140       | 678        - [inf, inf, inf, 0.0] [-inf, -inf, -inf, 0.0]
      2140 - entry: 2141       | exit: 2142       | 4294967295 - [-3.5, -3.5, 3.5, 0.0] [-2.5, -2.5, 4.5, 0.0]
      2141 - entry: 4294967295 | exit: 2142       | 679        - [inf, inf, inf, 0.0] [-inf, -inf, -inf, 0.0]
      2142 - entry: 2143       | exit: 2153       | 4294967295 - [-2.5, -3.5, 2.5, 0.0] [-0.5, -2.5, 4.5, 0.0]
      2143 - entry: 2144       | exit: 2148       | 4294967295 - [-2.5, -3.5, 2.5, 0.0] [-0.5, -2.5, 3.5, 0.0]
      2144 - entry: 2145       | exit: 2146       | 4294967295 - [-2.5, -3.5, 2.5, 0.0] [-1.5, -2.5, 3.5, 0.0]
      2145 - entry: 4294967295 | exit: 2146       | 708        - [inf, inf, inf, 0.0] [-inf, -inf, -inf, 0.0]
      2146 - entry: 2147       | exit: 2148       | 4294967295 - [-1.5, -3.5, 2.5, 0.0] [-0.5, -2.5, 3.5, 0.0]
      2147 - entry: 4294967295 | exit: 2148       | 738        - [inf, inf, inf, 0.0] [-inf, -inf, -inf, 0.0]
      2148 - entry: 2149       | exit: 2153       | 4294967295 - [-2.5, -3.5, 3.5, 0.0] [-0.5, -2.5, 4.5, 0.0]
      2149 - entry: 2150       | exit: 2151       | 4294967295 - [-2.5, -3.5, 3.5, 0.0] [-1.5, -2.5, 4.5, 0.0]
      2150 - entry: 4294967295 | exit: 2151       | 709        - [inf, inf, inf, 0.0] [-inf, -inf, -inf, 0.0]
      2151 - entry: 2152       | exit: 2153       | 4294967295 - [-1.5, -3.5, 3.5, 0.0] [-0.5, -2.5, 4.5, 0.0]
      2152 - entry: 4294967295 | exit: 2153       | 739        - [inf, inf, inf, 0.0] [-inf, -inf, -inf, 0.0]
      2153 - entry: 2154       | exit: 2347       | 4294967295 - [-10.5, -9.5, 3.9, 0.0] [-0.110000014, -2.5, 9.5, 0.0]
      2154 - entry: 2155       | exit: 2246       | 4294967295 - [-10.5, -9.5, 3.9, 0.0] [-5.3199997, -2.5, 9.5, 0.0]
      2155 - entry: 2156       | exit: 2172       | 4294967295 - [-9.92, -9.5, 3.9, 0.0] [-5.3199997, -3.79, 8.26, 0.0]
      2156 - entry: 2157       | exit: 2164       | 4294967295 - [-9.54, -9.5, 3.9, 0.0] [-5.3199997, -6.41, 8.26, 0.0]
      2157 - entry: 2158       | exit: 2159       | 4294967295 - [-6.3199997, -7.41, 3.9, 0.0] [-5.3199997, -6.41, 4.9, 0.0]
      2158 - entry: 4294967295 | exit: 2159       | 20         - [inf, inf, inf, 0.0] [-inf, -inf, -inf, 0.0]
      2159 - entry: 2160       | exit: 2164       | 4294967295 - [-9.54, -9.5, 6.4440002, 0.0] [-8.429999, -8.29, 8.26, 0.0]
      2160 - entry: 2161       | exit: 2162       | 4294967295 - [-9.429999, -9.29, 6.4440002, 0.0] [-8.429999, -8.29, 7.4440002, 0.0]
      2161 - entry: 4294967295 | exit: 2162       | 140        - [inf, inf, inf, 0.0] [-inf, -inf, -inf, 0.0]
      2162 - entry: 2163       | exit: 2164       | 4294967295 - [-9.54, -9.5, 7.26, 0.0] [-8.54, -8.5, 8.26, 0.0]
      2163 - entry: 4294967295 | exit: 2164       | 49         - [inf, inf, inf, 0.0] [-inf, -inf, -inf, 0.0]
      2164 - entry: 2165       | exit: 2172       | 4294967295 - [-9.92, -6.1299996, 6.4040003, 0.0] [-5.5099998, -3.79, 8.244, 0.0]
      2165 - entry: 2166       | exit: 2167       | 4294967295 - [-9.92, -6.1299996, 7.2440004, 0.0] [-8.92, -5.1299996, 8.244, 0.0]
      2166 - entry: 4294967295 | exit: 2167       | 175        - [inf, inf, inf, 0.0] [-inf, -inf, -inf, 0.0]
      2167 - entry: 2168       | exit: 2172       | 4294967295 - [-7.17, -5.14, 6.4040003, 0.0] [-5.5099998, -3.79, 7.6840005, 0.0]
      2168 - entry: 2169       | exit: 2170       | 4294967295 - [-7.17, -4.79, 6.4040003, 0.0] [-6.17, -3.79, 7.4040003, 0.0]
      2169 - entry: 4294967295 | exit: 2170       | 5          - [inf, inf, inf, 0.0] [-inf, -inf, -inf, 0.0]
      2170 - entry: 2171       | exit: 2172       | 4294967295 - [-6.5099998, -5.14, 6.6840005, 0.0] [-5.5099998, -4.14, 7.6840005, 0.0]
      2171 - entry: 4294967295 | exit: 2172       | 194        - [inf, inf, inf, 0.0] [-inf, -inf, -inf, 0.0]
      2172 - entry: 2173       | exit: 2246       | 4294967295 - [-10.5, -3.5, 4.5, 0.0] [-5.5, -2.5, 9.5, 0.0]
      2173 - entry: 2174       | exit: 2202       | 4294967295 - [-10.5, -3.5, 4.5, 0.0] [-5.5, -2.5, 6.5, 0.0]
      2174 - entry: 2175       | exit: 2185       | 4294967295 - [-10.5, -3.5, 4.5, 0.0] [-8.5, -2.5, 6.5, 0.0]
      2175 - entry: 2176       | exit: 2180       | 4294967295 - [-10.5, -3.5, 4.5, 0.0] [-8.5, -2.5, 5.5, 0.0]
      2176 - entry: 2177       | exit: 2178       | 4294967295 - [-10.5, -3.5, 4.5, 0.0] [-9.5, -2.5, 5.5, 0.0]
      2177 - entry: 4294967295 | exit: 2178       | 470        - [inf, inf, inf, 0.0] [-inf, -inf, -inf, 0.0]
      2178 - entry: 2179       | exit: 2180       | 4294967295 - [-9.5, -3.5, 4.5, 0.0] [-8.5, -2.5, 5.5, 0.0]
      2179 - entry: 4294967295 | exit: 2180       | 500        - [inf, inf, inf, 0.0] [-inf, -inf, -inf, 0.0]
      2180 - entry: 2181       | exit: 2185       | 4294967295 - [-10.5, -3.5, 5.5, 0.0] [-8.5, -2.5, 6.5, 0.0]
      2181 - entry: 2182       | exit: 2183       | 4294967295 - [-10.5, -3.5, 5.5, 0.0] [-9.5, -2.5, 6.5, 0.0]
      2182 - entry: 4294967295 | exit: 2183       | 471        - [inf, inf, inf, 0.0] [-inf, -inf, -inf, 0.0]
      2183 - entry: 2184       | exit: 2185       | 4294967295 - [-9.5, -3.5, 5.5, 0.0] [-8.5, -2.5, 6.5, 0.0]
      2184 - entry: 4294967295 | exit: 2185       | 501        - [inf, inf, inf, 0.0] [-inf, -inf, -inf, 0.0]
      2185 - entry: 2186       | exit: 2202       | 4294967295 - [-8.5, -3.5, 4.5, 0.0] [-5.5, -2.5, 6.5, 0.0]
      2186 - entry: 2187       | exit: 2191       | 4294967295 - [-8.5, -3.5, 4.5, 0.0] [-7.5, -2.5, 6.5, 0.0]
      2187 - entry: 2188       | exit: 2189       | 4294967295 - [-8.5, -3.5, 4.5, 0.0] [-7.5, -2.5, 5.5, 0.0]
      2188 - entry: 4294967295 | exit: 2189       | 530        - [inf, inf, inf, 0.0] [-inf, -inf, -inf, 0.0]
      2189 - entry: 2190       | exit: 2191       | 4294967295 - [-8.5, -3.5, 5.5, 0.0] [-7.5, -2.5, 6.5, 0.0]
      2190 - entry: 4294967295 | exit: 2191       | 531        - [inf, inf, inf, 0.0] [-inf, -inf, -inf, 0.0]
      2191 - entry: 2192       | exit: 2202       | 4294967295 - [-7.5, -3.5, 4.5, 0.0] [-5.5, -2.5, 6.5, 0.0]
      2192 - entry: 2193       | exit: 2197       | 4294967295 - [-7.5, -3.5, 4.5, 0.0] [-5.5, -2.5, 5.5, 0.0]
      2193 - entry: 2194       | exit: 2195       | 4294967295 - [-7.5, -3.5, 4.5, 0.0] [-6.5, -2.5, 5.5, 0.0]
      2194 - entry: 4294967295 | exit: 2195       | 560        - [inf, inf, inf, 0.0] [-inf, -inf, -inf, 0.0]
      2195 - entry: 2196       | exit: 2197       | 4294967295 - [-6.5, -3.5, 4.5, 0.0] [-5.5, -2.5, 5.5, 0.0]
      2196 - entry: 4294967295 | exit: 2197       | 590        - [inf, inf, inf, 0.0] [-inf, -inf, -inf, 0.0]
      2197 - entry: 2198       | exit: 2202       | 4294967295 - [-7.5, -3.5, 5.5, 0.0] [-5.5, -2.5, 6.5, 0.0]
      2198 - entry: 2199       | exit: 2200       | 4294967295 - [-7.5, -3.5, 5.5, 0.0] [-6.5, -2.5, 6.5, 0.0]
      2199 - entry: 4294967295 | exit: 2200       | 561        - [inf, inf, inf, 0.0] [-inf, -inf, -inf, 0.0]
      2200 - entry: 2201       | exit: 2202       | 4294967295 - [-6.5, -3.5, 5.5, 0.0] [-5.5, -2.5, 6.5, 0.0]
      2201 - entry: 4294967295 | exit: 2202       | 591        - [inf, inf, inf, 0.0] [-inf, -inf, -inf, 0.0]
      2202 - entry: 2203       | exit: 2246       | 4294967295 - [-10.5, -3.5, 6.5, 0.0] [-5.5, -2.5, 9.5, 0.0]
      2203 - entry: 2204       | exit: 2220       | 4294967295 - [-10.5, -3.5, 6.5, 0.0] [-8.5, -2.5, 9.5, 0.0]
      2204 - entry: 2205       | exit: 2209       | 4294967295 - [-10.5, -3.5, 6.5, 0.0] [-8.5, -2.5, 7.5, 0.0]
      2205 - entry: 2206       | exit: 2207       | 4294967295 - [-10.5, -3.5, 6.5, 0.0] [-9.5, -2.5, 7.5, 0.0]
      2206 - entry: 4294967295 | exit: 2207       | 472        - [inf, inf, inf, 0.0] [-inf, -inf, -inf, 0.0]
      2207 - entry: 2208       | exit: 2209       | 4294967295 - [-9.5, -3.5, 6.5, 0.0] [-8.5, -2.5, 7.5, 0.0]
      2208 - entry: 4294967295 | exit: 2209       | 502        - [inf, inf, inf, 0.0] [-inf, -inf, -inf, 0.0]
      2209 - entry: 2210       | exit: 2220       | 4294967295 - [-10.5, -3.5, 7.5, 0.0] [-8.5, -2.5, 9.5, 0.0]
      2210 - entry: 2211       | exit: 2215       | 4294967295 - [-10.5, -3.5, 7.5, 0.0] [-8.5, -2.5, 8.5, 0.0]
      2211 - entry: 2212       | exit: 2213       | 4294967295 - [-10.5, -3.5, 7.5, 0.0] [-9.5, -2.5, 8.5, 0.0]
      2212 - entry: 4294967295 | exit: 2213       | 473        - [inf, inf, inf, 0.0] [-inf, -inf, -inf, 0.0]
      2213 - entry: 2214       | exit: 2215       | 4294967295 - [-9.5, -3.5, 7.5, 0.0] [-8.5, -2.5, 8.5, 0.0]
      2214 - entry: 4294967295 | exit: 2215       | 503        - [inf, inf, inf, 0.0] [-inf, -inf, -inf, 0.0]
      2215 - entry: 2216       | exit: 2220       | 4294967295 - [-10.5, -3.5, 8.5, 0.0] [-8.5, -2.5, 9.5, 0.0]
      2216 - entry: 2217       | exit: 2218       | 4294967295 - [-10.5, -3.5, 8.5, 0.0] [-9.5, -2.5, 9.5, 0.0]
      2217 - entry: 4294967295 | exit: 2218       | 474        - [inf, inf, inf, 0.0] [-inf, -inf, -inf, 0.0]
      2218 - entry: 2219       | exit: 2220       | 4294967295 - [-9.5, -3.5, 8.5, 0.0] [-8.5, -2.5, 9.5, 0.0]
      2219 - entry: 4294967295 | exit: 2220       | 504        - [inf, inf, inf, 0.0] [-inf, -inf, -inf, 0.0]
      2220 - entry: 2221       | exit: 2246       | 4294967295 - [-8.5, -3.5, 6.5, 0.0] [-5.5, -2.5, 9.5, 0.0]
      2221 - entry: 2222       | exit: 2229       | 4294967295 - [-8.5, -3.5, 6.5, 0.0] [-5.5, -2.5, 7.5, 0.0]
      2222 - entry: 2223       | exit: 2224       | 4294967295 - [-8.5, -3.5, 6.5, 0.0] [-7.5, -2.5, 7.5, 0.0]
      2223 - entry: 4294967295 | exit: 2224       | 532        - [inf, inf, inf, 0.0] [-inf, -inf, -inf, 0.0]
      2224 - entry: 2225       | exit: 2229       | 4294967295 - [-7.5, -3.5, 6.5, 0.0] [-5.5, -2.5, 7.5, 0.0]
      2225 - entry: 2226       | exit: 2227       | 4294967295 - [-7.5, -3.5, 6.5, 0.0] [-6.5, -2.5, 7.5, 0.0]
      2226 - entry: 4294967295 | exit: 2227       | 562        - [inf, inf, inf, 0.0] [-inf, -inf, -inf, 0.0]
      2227 - entry: 2228       | exit: 2229       | 4294967295 - [-6.5, -3.5, 6.5, 0.0] [-5.5, -2.5, 7.5, 0.0]
      2228 - entry: 4294967295 | exit: 2229       | 592        - [inf, inf, inf, 0.0] [-inf, -inf, -inf, 0.0]
      2229 - entry: 2230       | exit: 2246       | 4294967295 - [-8.5, -3.5, 7.5, 0.0] [-5.5, -2.5, 9.5, 0.0]
      2230 - entry: 2231       | exit: 2235       | 4294967295 - [-8.5, -3.5, 7.5, 0.0] [-7.5, -2.5, 9.5, 0.0]
      2231 - entry: 2232       | exit: 2233       | 4294967295 - [-8.5, -3.5, 7.5, 0.0] [-7.5, -2.5, 8.5, 0.0]
      2232 - entry: 4294967295 | exit: 2233       | 533        - [inf, inf, inf, 0.0] [-inf, -inf, -inf, 0.0]
      2233 - entry: 2234       | exit: 2235       | 4294967295 - [-8.5, -3.5, 8.5, 0.0] [-7.5, -2.5, 9.5, 0.0]
      2234 - entry: 4294967295 | exit: 2235       | 534        - [inf, inf, inf, 0.0] [-inf, -inf, -inf, 0.0]
      2235 - entry: 2236       | exit: 2246       | 4294967295 - [-7.5, -3.5, 7.5, 0.0] [-5.5, -2.5, 9.5, 0.0]
      2236 - entry: 2237       | exit: 2241       | 4294967295 - [-7.5, -3.5, 7.5, 0.0] [-5.5, -2.5, 8.5, 0.0]
      2237 - entry: 2238       | exit: 2239       | 4294967295 - [-7.5, -3.5, 7.5, 0.0] [-6.5, -2.5, 8.5, 0.0]
      2238 - entry: 4294967295 | exit: 2239       | 563        - [inf, inf, inf, 0.0] [-inf, -inf, -inf, 0.0]
      2239 - entry: 2240       | exit: 2241       | 4294967295 - [-6.5, -3.5, 7.5, 0.0] [-5.5, -2.5, 8.5, 0.0]
      2240 - entry: 4294967295 | exit: 2241       | 593        - [inf, inf, inf, 0.0] [-inf, -inf, -inf, 0.0]
      2241 - entry: 2242       | exit: 2246       | 4294967295 - [-7.5, -3.5, 8.5, 0.0] [-5.5, -2.5, 9.5, 0.0]
      2242 - entry: 2243       | exit: 2244       | 4294967295 - [-7.5, -3.5, 8.5, 0.0] [-6.5, -2.5, 9.5, 0.0]
      2243 - entry: 4294967295 | exit: 2244       | 564        - [inf, inf, inf, 0.0] [-inf, -inf, -inf, 0.0]
      2244 - entry: 2245       | exit: 2246       | 4294967295 - [-6.5, -3.5, 8.5, 0.0] [-5.5, -2.5, 9.5, 0.0]
      2245 - entry: 4294967295 | exit: 2246       | 594        - [inf, inf, inf, 0.0] [-inf, -inf, -inf, 0.0]
      2246 - entry: 2247       | exit: 2347       | 4294967295 - [-5.5, -8.7699995, 4.1000004, 0.0] [-0.110000014, -2.5, 9.5, 0.0]
      2247 - entry: 2248       | exit: 2264       | 4294967295 - [-3.6499999, -8.7699995, 4.1000004, 0.0] [-0.110000014, -5.06, 8.004, 0.0]
      2248 - entry: 2249       | exit: 2256       | 4294967295 - [-3.6499999, -8.7699995, 4.1000004, 0.0] [-0.110000014, -5.0699997, 5.9080005, 0.0]
      2249 - entry: 2250       | exit: 2254       | 4294967295 - [-3.6499999, -8.7699995, 4.1000004, 0.0] [-1.4399999, -7.1, 5.9080005, 0.0]
      2250 - entry: 2251       | exit: 2252       | 4294967295 - [-3.6499999, -8.7699995, 4.9080005, 0.0] [-2.6499999, -7.7699995, 5.9080005, 0.0]
      2251 - entry: 4294967295 | exit: 2252       | 138        - [inf, inf, inf, 0.0] [-inf, -inf, -inf, 0.0]
      2252 - entry: 2253       | exit: 2254       | 4294967295 - [-2.44, -8.1, 4.1000004, 0.0] [-1.4399999, -7.1, 5.1000004, 0.0]
      2253 - entry: 4294967295 | exit: 2254       | 264        - [inf, inf, inf, 0.0] [-inf, -inf, -inf, 0.0]
      2254 - entry: 2255       | exit: 2256       | 4294967295 - [-1.11, -6.0699997, 4.6520004, 0.0] [-0.110000014, -5.0699997, 5.6520004, 0.0]
      2255 - entry: 4294967295 | exit: 2256       | 265        - [inf, inf, inf, 0.0] [-inf, -inf, -inf, 0.0]
      2256 - entry: 2257       | exit: 2264       | 4294967295 - [-3.09, -7.95, 5.5720005, 0.0] [-0.74, -5.06, 8.004, 0.0]
      2257 - entry: 2258       | exit: 2262       | 4294967295 - [-2.72, -7.95, 5.5720005, 0.0] [-0.74, -6.6499996, 8.004, 0.0]
      2258 - entry: 2259       | exit: 2260       | 4294967295 - [-2.72, -7.95, 5.5720005, 0.0] [-1.72, -6.95, 6.5720005, 0.0]
      2259 - entry: 4294967295 | exit: 2260       | 225        - [inf, inf, inf, 0.0] [-inf, -inf, -inf, 0.0]
      2260 - entry: 2261       | exit: 2262       | 4294967295 - [-1.74, -7.6499996, 7.004, 0.0] [-0.74, -6.6499996, 8.004, 0.0]
      2261 - entry: 4294967295 | exit: 2262       | 77         - [inf, inf, inf, 0.0] [-inf, -inf, -inf, 0.0]
      2262 - entry: 2263       | exit: 2264       | 4294967295 - [-3.09, -6.06, 6.964, 0.0] [-2.09, -5.06, 7.964, 0.0]
      2263 - entry: 4294967295 | exit: 2264       | 255        - [inf, inf, inf, 0.0] [-inf, -inf, -inf, 0.0]
      2264 - entry: 2265       | exit: 2347       | 4294967295 - [-5.5, -4.06, 4.5, 0.0] [-0.5, -2.5, 9.5, 0.0]
      2265 - entry: 2266       | exit: 2300       | 4294967295 - [-5.5, -4.06, 4.5, 0.0] [-0.5, -2.5, 6.636, 0.0]
      2266 - entry: 2267       | exit: 2283       | 4294967295 - [-5.5, -4.06, 4.5, 0.0] [-3.5, -2.5, 6.636, 0.0]
      2267 - entry: 2268       | exit: 2272       | 4294967295 - [-5.5, -3.5, 4.5, 0.0] [-3.5, -2.5, 5.5, 0.0]
      2268 - entry: 2269       | exit: 2270       | 4294967295 - [-5.5, -3.5, 4.5, 0.0] [-4.5, -2.5, 5.5, 0.0]
      2269 - entry: 4294967295 | exit: 2270       | 620        - [inf, inf, inf, 0.0] [-inf, -inf, -inf, 0.0]
      2270 - entry: 2271       | exit: 2272       | 4294967295 - [-4.5, -3.5, 4.5, 0.0] [-3.5, -2.5, 5.5, 0.0]
      2271 - entry: 4294967295 | exit: 2272       | 650        - [inf, inf, inf, 0.0] [-inf, -inf, -inf, 0.0]
      2272 - entry: 2273       | exit: 2283       | 4294967295 - [-5.5, -4.06, 5.1720004, 0.0] [-3.5, -2.5, 6.636, 0.0]
      2273 - entry: 2274       | exit: 2278       | 4294967295 - [-5.5, -4.06, 5.5, 0.0] [-4.4, -2.5, 6.636, 0.0]
      2274 - entry: 2275       | exit: 2276       | 4294967295 - [-5.4, -4.06, 5.636, 0.0] [-4.4, -3.06, 6.636, 0.0]
      2275 - entry: 4294967295 | exit: 2276       | 258        - [inf, inf, inf, 0.0] [-inf, -inf, -inf, 0.0]
      2276 - entry: 2277       | exit: 2278       | 4294967295 - [-5.5, -3.5, 5.5, 0.0] [-4.5, -2.5, 6.5, 0.0]
      2277 - entry: 4294967295 | exit: 2278       | 621        - [inf, inf, inf, 0.0] [-inf, -inf, -inf, 0.0]
      2278 - entry: 2279       | exit: 2283       | 4294967295 - [-4.9, -3.6899998, 5.1720004, 0.0] [-3.5, -2.5, 6.5, 0.0]
      2279 - entry: 2280       | exit: 2281       | 4294967295 - [-4.9, -3.6899998, 5.1720004, 0.0] [-3.9, -2.6899998, 6.1720004, 0.0]
      2280 - entry: 4294967295 | exit: 2281       | 159        - [inf, inf, inf, 0.0] [-inf, -inf, -inf, 0.0]
      2281 - entry: 2282       | exit: 2283       | 4294967295 - [-4.5, -3.5, 5.5, 0.0] [-3.5, -2.5, 6.5, 0.0]
      2282 - entry: 4294967295 | exit: 2283       | 651        - [inf, inf, inf, 0.0] [-inf, -inf, -inf, 0.0]
      2283 - entry: 2284       | exit: 2300       | 4294967295 - [-3.5, -3.5, 4.5, 0.0] [-0.5, -2.5, 6.5, 0.0]
      2284 - entry: 2285       | exit: 2289       | 4294967295 - [-3.5, -3.5, 4.5, 0.0] [-2.5, -2.5, 6.5, 0.0]
      2285 - entry: 2286       | exit: 2287       | 4294967295 - [-3.5, -3.5, 4.5, 0.0] [-2.5, -2.5, 5.5, 0.0]
      2286 - entry: 4294967295 | exit: 2287       | 680        - [inf, inf, inf, 0.0] [-inf, -inf, -inf, 0.0]
      2287 - entry: 2288       | exit: 2289       | 4294967295 - [-3.5, -3.5, 5.5, 0.0] [-2.5, -2.5, 6.5, 0.0]
      2288 - entry: 4294967295 | exit: 2289       | 681        - [inf, inf, inf, 0.0] [-inf, -inf, -inf, 0.0]
      2289 - entry: 2290       | exit: 2300       | 4294967295 - [-2.5, -3.5, 4.5, 0.0] [-0.5, -2.5, 6.5, 0.0]
      2290 - entry: 2291       | exit: 2295       | 4294967295 - [-2.5, -3.5, 4.5, 0.0] [-0.5, -2.5, 5.5, 0.0]
      2291 - entry: 2292       | exit: 2293       | 4294967295 - [-2.5, -3.5, 4.5, 0.0] [-1.5, -2.5, 5.5, 0.0]
      2292 - entry: 4294967295 | exit: 2293       | 710        - [inf, inf, inf, 0.0] [-inf, -inf, -inf, 0.0]
      2293 - entry: 2294       | exit: 2295       | 4294967295 - [-1.5, -3.5, 4.5, 0.0] [-0.5, -2.5, 5.5, 0.0]
      2294 - entry: 4294967295 | exit: 2295       | 740        - [inf, inf, inf, 0.0] [-inf, -inf, -inf, 0.0]
      2295 - entry: 2296       | exit: 2300       | 4294967295 - [-2.5, -3.5, 5.5, 0.0] [-0.5, -2.5, 6.5, 0.0]
      2296 - entry: 2297       | exit: 2298       | 4294967295 - [-2.5, -3.5, 5.5, 0.0] [-1.5, -2.5, 6.5, 0.0]
      2297 - entry: 4294967295 | exit: 2298       | 711        - [inf, inf, inf, 0.0] [-inf, -inf, -inf, 0.0]
      2298 - entry: 2299       | exit: 2300       | 4294967295 - [-1.5, -3.5, 5.5, 0.0] [-0.5, -2.5, 6.5, 0.0]
      2299 - entry: 4294967295 | exit: 2300       | 741        - [inf, inf, inf, 0.0] [-inf, -inf, -inf, 0.0]
      2300 - entry: 2301       | exit: 2347       | 4294967295 - [-5.5, -3.87, 6.5, 0.0] [-0.5, -2.5, 9.5, 0.0]
      2301 - entry: 2302       | exit: 2327       | 4294967295 - [-5.5, -3.5, 6.5, 0.0] [-2.5, -2.5, 9.5, 0.0]
      2302 - entry: 2303       | exit: 2310       | 4294967295 - [-5.5, -3.5, 6.5, 0.0] [-2.5, -2.5, 7.5, 0.0]
      2303 - entry: 2304       | exit: 2305       | 4294967295 - [-5.5, -3.5, 6.5, 0.0] [-4.5, -2.5, 7.5, 0.0]
      2304 - entry: 4294967295 | exit: 2305       | 622        - [inf, inf, inf, 0.0] [-inf, -inf, -inf, 0.0]
      2305 - entry: 2306       | exit: 2310       | 4294967295 - [-4.5, -3.5, 6.5, 0.0] [-2.5, -2.5, 7.5, 0.0]
      2306 - entry: 2307       | exit: 2308       | 4294967295 - [-4.5, -3.5, 6.5, 0.0] [-3.5, -2.5, 7.5, 0.0]
      2307 - entry: 4294967295 | exit: 2308       | 652        - [inf, inf, inf, 0.0] [-inf, -inf, -inf, 0.0]
      2308 - entry: 2309       | exit: 2310       | 4294967295 - [-3.5, -3.5, 6.5, 0.0] [-2.5, -2.5, 7.5, 0.0]
      2309 - entry: 4294967295 | exit: 2310       | 682        - [inf, inf, inf, 0.0] [-inf, -inf, -inf, 0.0]
      2310 - entry: 2311       | exit: 2327       | 4294967295 - [-5.5, -3.5, 7.5, 0.0] [-2.5, -2.5, 9.5, 0.0]
      2311 - entry: 2312       | exit: 2316       | 4294967295 - [-5.5, -3.5, 7.5, 0.0] [-4.5, -2.5, 9.5, 0.0]
      2312 - entry: 2313       | exit: 2314       | 4294967295 - [-5.5, -3.5, 7.5, 0.0] [-4.5, -2.5, 8.5, 0.0]
      2313 - entry: 4294967295 | exit: 2314       | 623        - [inf, inf, inf, 0.0] [-inf, -inf, -inf, 0.0]
      2314 - entry: 2315       | exit: 2316       | 4294967295 - [-5.5, -3.5, 8.5, 0.0] [-4.5, -2.5, 9.5, 0.0]
      2315 - entry: 4294967295 | exit: 2316       | 624        - [inf, inf, inf, 0.0] [-inf, -inf, -inf, 0.0]
      2316 - entry: 2317       | exit: 2327       | 4294967295 - [-4.5, -3.5, 7.5, 0.0] [-2.5, -2.5, 9.5, 0.0]
      2317 - entry: 2318       | exit: 2322       | 4294967295 - [-4.5, -3.5, 7.5, 0.0] [-2.5, -2.5, 8.5, 0.0]
      2318 - entry: 2319       | exit: 2320       | 4294967295 - [-4.5, -3.5, 7.5, 0.0] [-3.5, -2.5, 8.5, 0.0]
      2319 - entry: 4294967295 | exit: 2320       | 653        - [inf, inf, inf, 0.0] [-inf, -inf, -inf, 0.0]
      2320 - entry: 2321       | exit: 2322       | 4294967295 - [-3.5, -3.5, 7.5, 0.0] [-2.5, -2.5, 8.5, 0.0]
      2321 - entry: 4294967295 | exit: 2322       | 683        - [inf, inf, inf, 0.0] [-inf, -inf, -inf, 0.0]
      2322 - entry: 2323       | exit: 2327       | 4294967295 - [-4.5, -3.5, 8.5, 0.0] [-2.5, -2.5, 9.5, 0.0]
      2323 - entry: 2324       | exit: 2325       | 4294967295 - [-4.5, -3.5, 8.5, 0.0] [-3.5, -2.5, 9.5, 0.0]
      2324 - entry: 4294967295 | exit: 2325       | 654        - [inf, inf, inf, 0.0] [-inf, -inf, -inf, 0.0]
      2325 - entry: 2326       | exit: 2327       | 4294967295 - [-3.5, -3.5, 8.5, 0.0] [-2.5, -2.5, 9.5, 0.0]
      2326 - entry: 4294967295 | exit: 2327       | 684        - [inf, inf, inf, 0.0] [-inf, -inf, -inf, 0.0]
      2327 - entry: 2328       | exit: 2347       | 4294967295 - [-2.62, -3.87, 6.5, 0.0] [-0.5, -2.5, 9.5, 0.0]
      2328 - entry: 2329       | exit: 2336       | 4294967295 - [-2.62, -3.87, 6.5, 0.0] [-0.5, -2.5, 7.7160006, 0.0]
      2329 - entry: 2330       | exit: 2334       | 4294967295 - [-2.62, -3.87, 6.5, 0.0] [-1.5, -2.5, 7.7160006, 0.0]
      2330 - entry: 2331       | exit: 2332       | 4294967295 - [-2.62, -3.87, 6.7160006, 0.0] [-1.6199999, -2.87, 7.7160006, 0.0]
      2331 - entry: 4294967295 | exit: 2332       | 56         - [inf, inf, inf, 0.0] [-inf, -inf, -inf, 0.0]
      2332 - entry: 2333       | exit: 2334       | 4294967295 - [-2.5, -3.5, 6.5, 0.0] [-1.5, -2.5, 7.5, 0.0]
      2333 - entry: 4294967295 | exit: 2334       | 712        - [inf, inf, inf, 0.0] [-inf, -inf, -inf, 0.0]
      2334 - entry: 2335       | exit: 2336       | 4294967295 - [-1.5, -3.5, 6.5, 0.0] [-0.5, -2.5, 7.5, 0.0]
      2335 - entry: 4294967295 | exit: 2336       | 742        - [inf, inf, inf, 0.0] [-inf, -inf, -inf, 0.0]
      2336 - entry: 2337       | exit: 2347       | 4294967295 - [-2.5, -3.5, 7.5, 0.0] [-0.5, -2.5, 9.5, 0.0]
      2337 - entry: 2338       | exit: 2342       | 4294967295 - [-2.5, -3.5, 7.5, 0.0] [-0.5, -2.5, 8.5, 0.0]
      2338 - entry: 2339       | exit: 2340       | 4294967295 - [-2.5, -3.5, 7.5, 0.0] [-1.5, -2.5, 8.5, 0.0]
      2339 - entry: 4294967295 | exit: 2340       | 713        - [inf, inf, inf, 0.0] [-inf, -inf, -inf, 0.0]
      2340 - entry: 2341       | exit: 2342       | 4294967295 - [-1.5, -3.5, 7.5, 0.0] [-0.5, -2.5, 8.5, 0.0]
      2341 - entry: 4294967295 | exit: 2342       | 743        - [inf, inf, inf, 0.0] [-inf, -inf, -inf, 0.0]
      2342 - entry: 2343       | exit: 2347       | 4294967295 - [-2.5, -3.5, 8.5, 0.0] [-0.5, -2.5, 9.5, 0.0]
      2343 - entry: 2344       | exit: 2345       | 4294967295 - [-2.5, -3.5, 8.5, 0.0] [-1.5, -2.5, 9.5, 0.0]
      2344 - entry: 4294967295 | exit: 2345       | 714        - [inf, inf, inf, 0.0] [-inf, -inf, -inf, 0.0]
      2345 - entry: 2346       | exit: 2347       | 4294967295 - [-1.5, -3.5, 8.5, 0.0] [-0.5, -2.5, 9.5, 0.0]
      2346 - entry: 4294967295 | exit: 2347       | 744        - [inf, inf, inf, 0.0] [-inf, -inf, -inf, 0.0]
      2347 - entry: 2348       | exit: 2571       | 4294967295 - [-15.5, -3.5, 9.5, 0.0] [-0.5, -2.5, 14.5, 0.0]
      2348 - entry: 2349       | exit: 2467       | 4294967295 - [-15.5, -3.5, 9.5, 0.0] [-7.5, -2.5, 14.5, 0.0]
      2349 - entry: 2350       | exit: 2408       | 4294967295 - [-15.5, -3.5, 9.5, 0.0] [-11.5, -2.5, 14.5, 0.0]
      2350 - entry: 2351       | exit: 2373       | 4294967295 - [-15.5, -3.5, 9.5, 0.0] [-11.5, -2.5, 11.5, 0.0]
      2351 - entry: 2352       | exit: 2362       | 4294967295 - [-15.5, -3.5, 9.5, 0.0] [-13.5, -2.5, 11.5, 0.0]
      2352 - entry: 2353       | exit: 2357       | 4294967295 - [-15.5, -3.5, 9.5, 0.0] [-13.5, -2.5, 10.5, 0.0]
      2353 - entry: 2354       | exit: 2355       | 4294967295 - [-15.5, -3.5, 9.5, 0.0] [-14.5, -2.5, 10.5, 0.0]
      2354 - entry: 4294967295 | exit: 2355       | 325        - [inf, inf, inf, 0.0] [-inf, -inf, -inf, 0.0]
      2355 - entry: 2356       | exit: 2357       | 4294967295 - [-14.5, -3.5, 9.5, 0.0] [-13.5, -2.5, 10.5, 0.0]
      2356 - entry: 4294967295 | exit: 2357       | 355        - [inf, inf, inf, 0.0] [-inf, -inf, -inf, 0.0]
      2357 - entry: 2358       | exit: 2362       | 4294967295 - [-15.5, -3.5, 10.5, 0.0] [-13.5, -2.5, 11.5, 0.0]
      2358 - entry: 2359       | exit: 2360       | 4294967295 - [-15.5, -3.5, 10.5, 0.0] [-14.5, -2.5, 11.5, 0.0]
      2359 - entry: 4294967295 | exit: 2360       | 326        - [inf, inf, inf, 0.0] [-inf, -inf, -inf, 0.0]
      2360 - entry: 2361       | exit: 2362       | 4294967295 - [-14.5, -3.5, 10.5, 0.0] [-13.5, -2.5, 11.5, 0.0]
      2361 - entry: 4294967295 | exit: 2362       | 356        - [inf, inf, inf, 0.0] [-inf, -inf, -inf, 0.0]
      2362 - entry: 2363       | exit: 2373       | 4294967295 - [-13.5, -3.5, 9.5, 0.0] [-11.5, -2.5, 11.5, 0.0]
      2363 - entry: 2364       | exit: 2368       | 4294967295 - [-13.5, -3.5, 9.5, 0.0] [-11.5, -2.5, 10.5, 0.0]
      2364 - entry: 2365       | exit: 2366       | 4294967295 - [-13.5, -3.5, 9.5, 0.0] [-12.5, -2.5, 10.5, 0.0]
      2365 - entry: 4294967295 | exit: 2366       | 385        - [inf, inf, inf, 0.0] [-inf, -inf, -inf, 0.0]
      2366 - entry: 2367       | exit: 2368       | 4294967295 - [-12.5, -3.5, 9.5, 0.0] [-11.5, -2.5, 10.5, 0.0]
      2367 - entry: 4294967295 | exit: 2368       | 415        - [inf, inf, inf, 0.0] [-inf, -inf, -inf, 0.0]
      2368 - entry: 2369       | exit: 2373       | 4294967295 - [-13.5, -3.5, 10.5, 0.0] [-11.5, -2.5, 11.5, 0.0]
      2369 - entry: 2370       | exit: 2371       | 4294967295 - [-13.5, -3.5, 10.5, 0.0] [-12.5, -2.5, 11.5, 0.0]
      2370 - entry: 4294967295 | exit: 2371       | 386        - [inf, inf, inf, 0.0] [-inf, -inf, -inf, 0.0]
      2371 - entry: 2372       | exit: 2373       | 4294967295 - [-12.5, -3.5, 10.5, 0.0] [-11.5, -2.5, 11.5, 0.0]
      2372 - entry: 4294967295 | exit: 2373       | 416        - [inf, inf, inf, 0.0] [-inf, -inf, -inf, 0.0]
      2373 - entry: 2374       | exit: 2408       | 4294967295 - [-15.5, -3.5, 11.5, 0.0] [-11.5, -2.5, 14.5, 0.0]
      2374 - entry: 2375       | exit: 2391       | 4294967295 - [-15.5, -3.5, 11.5, 0.0] [-13.5, -2.5, 14.5, 0.0]
      2375 - entry: 2376       | exit: 2380       | 4294967295 - [-15.5, -3.5, 11.5, 0.0] [-13.5, -2.5, 12.5, 0.0]
      2376 - entry: 2377       | exit: 2378       | 4294967295 - [-15.5, -3.5, 11.5, 0.0] [-14.5, -2.5, 12.5, 0.0]
      2377 - entry: 4294967295 | exit: 2378       | 327        - [inf, inf, inf, 0.0] [-inf, -inf, -inf, 0.0]
      2378 - entry: 2379       | exit: 2380       | 4294967295 - [-14.5, -3.5, 11.5, 0.0] [-13.5, -2.5, 12.5, 0.0]
      2379 - entry: 4294967295 | exit: 2380       | 357        - [inf, inf, inf, 0.0] [-inf, -inf, -inf, 0.0]
      2380 - entry: 2381       | exit: 2391       | 4294967295 - [-15.5, -3.5, 12.5, 0.0] [-13.5, -2.5, 14.5, 0.0]
      2381 - entry: 2382       | exit: 2386       | 4294967295 - [-15.5, -3.5, 12.5, 0.0] [-13.5, -2.5, 13.5, 0.0]
      2382 - entry: 2383       | exit: 2384       | 4294967295 - [-15.5, -3.5, 12.5, 0.0] [-14.5, -2.5, 13.5, 0.0]
      2383 - entry: 4294967295 | exit: 2384       | 328        - [inf, inf, inf, 0.0] [-inf, -inf, -inf, 0.0]
      2384 - entry: 2385       | exit: 2386       | 4294967295 - [-14.5, -3.5, 12.5, 0.0] [-13.5, -2.5, 13.5, 0.0]
      2385 - entry: 4294967295 | exit: 2386       | 358        - [inf, inf, inf, 0.0] [-inf, -inf, -inf, 0.0]
      2386 - entry: 2387       | exit: 2391       | 4294967295 - [-15.5, -3.5, 13.5, 0.0] [-13.5, -2.5, 14.5, 0.0]
      2387 - entry: 2388       | exit: 2389       | 4294967295 - [-15.5, -3.5, 13.5, 0.0] [-14.5, -2.5, 14.5, 0.0]
      2388 - entry: 4294967295 | exit: 2389       | 329        - [inf, inf, inf, 0.0] [-inf, -inf, -inf, 0.0]
      2389 - entry: 2390       | exit: 2391       | 4294967295 - [-14.5, -3.5, 13.5, 0.0] [-13.5, -2.5, 14.5, 0.0]
      2390 - entry: 4294967295 | exit: 2391       | 359        - [inf, inf, inf, 0.0] [-inf, -inf, -inf, 0.0]
      2391 - entry: 2392       | exit: 2408       | 4294967295 - [-13.5, -3.5, 11.5, 0.0] [-11.5, -2.5, 14.5, 0.0]
      2392 - entry: 2393       | exit: 2397       | 4294967295 - [-13.5, -3.5, 11.5, 0.0] [-11.5, -2.5, 12.5, 0.0]
      2393 - entry: 2394       | exit: 2395       | 4294967295 - [-13.5, -3.5, 11.5, 0.0] [-12.5, -2.5, 12.5, 0.0]
      2394 - entry: 4294967295 | exit: 2395       | 387        - [inf, inf, inf, 0.0] [-inf, -inf, -inf, 0.0]
      2395 - entry: 2396       | exit: 2397       | 4294967295 - [-12.5, -3.5, 11.5, 0.0] [-11.5, -2.5, 12.5, 0.0]
      2396 - entry: 4294967295 | exit: 2397       | 417        - [inf, inf, inf, 0.0] [-inf, -inf, -inf, 0.0]
      2397 - entry: 2398       | exit: 2408       | 4294967295 - [-13.5, -3.5, 12.5, 0.0] [-11.5, -2.5, 14.5, 0.0]
      2398 - entry: 2399       | exit: 2403       | 4294967295 - [-13.5, -3.5, 12.5, 0.0] [-11.5, -2.5, 13.5, 0.0]
      2399 - entry: 2400       | exit: 2401       | 4294967295 - [-13.5, -3.5, 12.5, 0.0] [-12.5, -2.5, 13.5, 0.0]
      2400 - entry: 4294967295 | exit: 2401       | 388        - [inf, inf, inf, 0.0] [-inf, -inf, -inf, 0.0]
      2401 - entry: 2402       | exit: 2403       | 4294967295 - [-12.5, -3.5, 12.5, 0.0] [-11.5, -2.5, 13.5, 0.0]
      2402 - entry: 4294967295 | exit: 2403       | 418        - [inf, inf, inf, 0.0] [-inf, -inf, -inf, 0.0]
      2403 - entry: 2404       | exit: 2408       | 4294967295 - [-13.5, -3.5, 13.5, 0.0] [-11.5, -2.5, 14.5, 0.0]
      2404 - entry: 2405       | exit: 2406       | 4294967295 - [-13.5, -3.5, 13.5, 0.0] [-12.5, -2.5, 14.5, 0.0]
      2405 - entry: 4294967295 | exit: 2406       | 389        - [inf, inf, inf, 0.0] [-inf, -inf, -inf, 0.0]
      2406 - entry: 2407       | exit: 2408       | 4294967295 - [-12.5, -3.5, 13.5, 0.0] [-11.5, -2.5, 14.5, 0.0]
      2407 - entry: 4294967295 | exit: 2408       | 419        - [inf, inf, inf, 0.0] [-inf, -inf, -inf, 0.0]
      2408 - entry: 2409       | exit: 2467       | 4294967295 - [-11.5, -3.5, 9.5, 0.0] [-7.5, -2.5, 14.5, 0.0]
      2409 - entry: 2410       | exit: 2432       | 4294967295 - [-11.5, -3.5, 9.5, 0.0] [-7.5, -2.5, 11.5, 0.0]
      2410 - entry: 2411       | exit: 2421       | 4294967295 - [-11.5, -3.5, 9.5, 0.0] [-9.5, -2.5, 11.5, 0.0]
      2411 - entry: 2412       | exit: 2416       | 4294967295 - [-11.5, -3.5, 9.5, 0.0] [-9.5, -2.5, 10.5, 0.0]
      2412 - entry: 2413       | exit: 2414       | 4294967295 - [-11.5, -3.5, 9.5, 0.0] [-10.5, -2.5, 10.5, 0.0]
      2413 - entry: 4294967295 | exit: 2414       | 445        - [inf, inf, inf, 0.0] [-inf, -inf, -inf, 0.0]
      2414 - entry: 2415       | exit: 2416       | 4294967295 - [-10.5, -3.5, 9.5, 0.0] [-9.5, -2.5, 10.5, 0.0]
      2415 - entry: 4294967295 | exit: 2416       | 475        - [inf, inf, inf, 0.0] [-inf, -inf, -inf, 0.0]
      2416 - entry: 2417       | exit: 2421       | 4294967295 - [-11.5, -3.5, 10.5, 0.0] [-9.5, -2.5, 11.5, 0.0]
      2417 - entry: 2418       | exit: 2419       | 4294967295 - [-11.5, -3.5, 10.5, 0.0] [-10.5, -2.5, 11.5, 0.0]
      2418 - entry: 4294967295 | exit: 2419       | 446        - [inf, inf, inf, 0.0] [-inf, -inf, -inf, 0.0]
      2419 - entry: 2420       | exit: 2421       | 4294967295 - [-10.5, -3.5, 10.5, 0.0] [-9.5, -2.5, 11.5, 0.0]
      2420 - entry: 4294967295 | exit: 2421       | 476        - [inf, inf, inf, 0.0] [-inf, -inf, -inf, 0.0]
      2421 - entry: 2422       | exit: 2432       | 4294967295 - [-9.5, -3.5, 9.5, 0.0] [-7.5, -2.5, 11.5, 0.0]
      2422 - entry: 2423       | exit: 2427       | 4294967295 - [-9.5, -3.5, 9.5, 0.0] [-7.5, -2.5, 10.5, 0.0]
      2423 - entry: 2424       | exit: 2425       | 4294967295 - [-9.5, -3.5, 9.5, 0.0] [-8.5, -2.5, 10.5, 0.0]
      2424 - entry: 4294967295 | exit: 2425       | 505        - [inf, inf, inf, 0.0] [-inf, -inf, -inf, 0.0]
      2425 - entry: 2426       | exit: 2427       | 4294967295 - [-8.5, -3.5, 9.5, 0.0] [-7.5, -2.5, 10.5, 0.0]
      2426 - entry: 4294967295 | exit: 2427       | 535        - [inf, inf, inf, 0.0] [-inf, -inf, -inf, 0.0]
      2427 - entry: 2428       | exit: 2432       | 4294967295 - [-9.5, -3.5, 10.5, 0.0] [-7.5, -2.5, 11.5, 0.0]
      2428 - entry: 2429       | exit: 2430       | 4294967295 - [-9.5, -3.5, 10.5, 0.0] [-8.5, -2.5, 11.5, 0.0]
      2429 - entry: 4294967295 | exit: 2430       | 506        - [inf, inf, inf, 0.0] [-inf, -inf, -inf, 0.0]
      2430 - entry: 2431       | exit: 2432       | 4294967295 - [-8.5, -3.5, 10.5, 0.0] [-7.5, -2.5, 11.5, 0.0]
      2431 - entry: 4294967295 | exit: 2432       | 536        - [inf, inf, inf, 0.0] [-inf, -inf, -inf, 0.0]
      2432 - entry: 2433       | exit: 2467       | 4294967295 - [-11.5, -3.5, 11.5, 0.0] [-7.5, -2.5, 14.5, 0.0]
      2433 - entry: 2434       | exit: 2450       | 4294967295 - [-11.5, -3.5, 11.5, 0.0] [-9.5, -2.5, 14.5, 0.0]
      2434 - entry: 2435       | exit: 2439       | 4294967295 - [-11.5, -3.5, 11.5, 0.0] [-9.5, -2.5, 12.5, 0.0]
      2435 - entry: 2436       | exit: 2437       | 4294967295 - [-11.5, -3.5, 11.5, 0.0] [-10.5, -2.5, 12.5, 0.0]
      2436 - entry: 4294967295 | exit: 2437       | 447        - [inf, inf, inf, 0.0] [-inf, -inf, -inf, 0.0]
      2437 - entry: 2438       | exit: 2439       | 4294967295 - [-10.5, -3.5, 11.5, 0.0] [-9.5, -2.5, 12.5, 0.0]
      2438 - entry: 4294967295 | exit: 2439       | 477        - [inf, inf, inf, 0.0] [-inf, -inf, -inf, 0.0]
      2439 - entry: 2440       | exit: 2450       | 4294967295 - [-11.5, -3.5, 12.5, 0.0] [-9.5, -2.5, 14.5, 0.0]
      2440 - entry: 2441       | exit: 2445       | 4294967295 - [-11.5, -3.5, 12.5, 0.0] [-9.5, -2.5, 13.5, 0.0]
      2441 - entry: 2442       | exit: 2443       | 4294967295 - [-11.5, -3.5, 12.5, 0.0] [-10.5, -2.5, 13.5, 0.0]
      2442 - entry: 4294967295 | exit: 2443       | 448        - [inf, inf, inf, 0.0] [-inf, -inf, -inf, 0.0]
      2443 - entry: 2444       | exit: 2445       | 4294967295 - [-10.5, -3.5, 12.5, 0.0] [-9.5, -2.5, 13.5, 0.0]
      2444 - entry: 4294967295 | exit: 2445       | 478        - [inf, inf, inf, 0.0] [-inf, -inf, -inf, 0.0]
      2445 - entry: 2446       | exit: 2450       | 4294967295 - [-11.5, -3.5, 13.5, 0.0] [-9.5, -2.5, 14.5, 0.0]
      2446 - entry: 2447       | exit: 2448       | 4294967295 - [-11.5, -3.5, 13.5, 0.0] [-10.5, -2.5, 14.5, 0.0]
      2447 - entry: 4294967295 | exit: 2448       | 449        - [inf, inf, inf, 0.0] [-inf, -inf, -inf, 0.0]
      2448 - entry: 2449       | exit: 2450       | 4294967295 - [-10.5, -3.5, 13.5, 0.0] [-9.5, -2.5, 14.5, 0.0]
      2449 - entry: 4294967295 | exit: 2450       | 479        - [inf, inf, inf, 0.0] [-inf, -inf, -inf, 0.0]
      2450 - entry: 2451       | exit: 2467       | 4294967295 - [-9.5, -3.5, 11.5, 0.0] [-7.5, -2.5, 14.5, 0.0]
      2451 - entry: 2452       | exit: 2456       | 4294967295 - [-9.5, -3.5, 11.5, 0.0] [-7.5, -2.5, 12.5, 0.0]
      2452 - entry: 2453       | exit: 2454       | 4294967295 - [-9.5, -3.5, 11.5, 0.0] [-8.5, -2.5, 12.5, 0.0]
      2453 - entry: 4294967295 | exit: 2454       | 507        - [inf, inf, inf, 0.0] [-inf, -inf, -inf, 0.0]
      2454 - entry: 2455       | exit: 2456       | 4294967295 - [-8.5, -3.5, 11.5, 0.0] [-7.5, -2.5, 12.5, 0.0]
      2455 - entry: 4294967295 | exit: 2456       | 537        - [inf, inf, inf, 0.0] [-inf, -inf, -inf, 0.0]
      2456 - entry: 2457       | exit: 2467       | 4294967295 - [-9.5, -3.5, 12.5, 0.0] [-7.5, -2.5, 14.5, 0.0]
      2457 - entry: 2458       | exit: 2462       | 4294967295 - [-9.5, -3.5, 12.5, 0.0] [-7.5, -2.5, 13.5, 0.0]
      2458 - entry: 2459       | exit: 2460       | 4294967295 - [-9.5, -3.5, 12.5, 0.0] [-8.5, -2.5, 13.5, 0.0]
      2459 - entry: 4294967295 | exit: 2460       | 508        - [inf, inf, inf, 0.0] [-inf, -inf, -inf, 0.0]
      2460 - entry: 2461       | exit: 2462       | 4294967295 - [-8.5, -3.5, 12.5, 0.0] [-7.5, -2.5, 13.5, 0.0]
      2461 - entry: 4294967295 | exit: 2462       | 538        - [inf, inf, inf, 0.0] [-inf, -inf, -inf, 0.0]
      2462 - entry: 2463       | exit: 2467       | 4294967295 - [-9.5, -3.5, 13.5, 0.0] [-7.5, -2.5, 14.5, 0.0]
      2463 - entry: 2464       | exit: 2465       | 4294967295 - [-9.5, -3.5, 13.5, 0.0] [-8.5, -2.5, 14.5, 0.0]
      2464 - entry: 4294967295 | exit: 2465       | 509        - [inf, inf, inf, 0.0] [-inf, -inf, -inf, 0.0]
      2465 - entry: 2466       | exit: 2467       | 4294967295 - [-8.5, -3.5, 13.5, 0.0] [-7.5, -2.5, 14.5, 0.0]
      2466 - entry: 4294967295 | exit: 2467       | 539        - [inf, inf, inf, 0.0] [-inf, -inf, -inf, 0.0]
      2467 - entry: 2468       | exit: 2571       | 4294967295 - [-7.5, -3.5, 9.5, 0.0] [-0.5, -2.5, 14.5, 0.0]
      2468 - entry: 2469       | exit: 2512       | 4294967295 - [-7.5, -3.5, 9.5, 0.0] [-4.5, -2.5, 14.5, 0.0]
      2469 - entry: 2470       | exit: 2486       | 4294967295 - [-7.5, -3.5, 9.5, 0.0] [-4.5, -2.5, 11.5, 0.0]
      2470 - entry: 2471       | exit: 2475       | 4294967295 - [-7.5, -3.5, 9.5, 0.0] [-6.5, -2.5, 11.5, 0.0]
      2471 - entry: 2472       | exit: 2473       | 4294967295 - [-7.5, -3.5, 9.5, 0.0] [-6.5, -2.5, 10.5, 0.0]
      2472 - entry: 4294967295 | exit: 2473       | 565        - [inf, inf, inf, 0.0] [-inf, -inf, -inf, 0.0]
      2473 - entry: 2474       | exit: 2475       | 4294967295 - [-7.5, -3.5, 10.5, 0.0] [-6.5, -2.5, 11.5, 0.0]
      2474 - entry: 4294967295 | exit: 2475       | 566        - [inf, inf, inf, 0.0] [-inf, -inf, -inf, 0.0]
      2475 - entry: 2476       | exit: 2486       | 4294967295 - [-6.5, -3.5, 9.5, 0.0] [-4.5, -2.5, 11.5, 0.0]
      2476 - entry: 2477       | exit: 2481       | 4294967295 - [-6.5, -3.5, 9.5, 0.0] [-4.5, -2.5, 10.5, 0.0]
      2477 - entry: 2478       | exit: 2479       | 4294967295 - [-6.5, -3.5, 9.5, 0.0] [-5.5, -2.5, 10.5, 0.0]
      2478 - entry: 4294967295 | exit: 2479       | 595        - [inf, inf, inf, 0.0] [-inf, -inf, -inf, 0.0]
      2479 - entry: 2480       | exit: 2481       | 4294967295 - [-5.5, -3.5, 9.5, 0.0] [-4.5, -2.5, 10.5, 0.0]
      2480 - entry: 4294967295 | exit: 2481       | 625        - [inf, inf, inf, 0.0] [-inf, -inf, -inf, 0.0]
      2481 - entry: 2482       | exit: 2486       | 4294967295 - [-6.5, -3.5, 10.5, 0.0] [-4.5, -2.5, 11.5, 0.0]
      2482 - entry: 2483       | exit: 2484       | 4294967295 - [-6.5, -3.5, 10.5, 0.0] [-5.5, -2.5, 11.5, 0.0]
      2483 - entry: 4294967295 | exit: 2484       | 596        - [inf, inf, inf, 0.0] [-inf, -inf, -inf, 0.0]
      2484 - entry: 2485       | exit: 2486       | 4294967295 - [-5.5, -3.5, 10.5, 0.0] [-4.5, -2.5, 11.5, 0.0]
      2485 - entry: 4294967295 | exit: 2486       | 626        - [inf, inf, inf, 0.0] [-inf, -inf, -inf, 0.0]
      2486 - entry: 2487       | exit: 2512       | 4294967295 - [-7.5, -3.5, 11.5, 0.0] [-4.5, -2.5, 14.5, 0.0]
      2487 - entry: 2488       | exit: 2495       | 4294967295 - [-7.5, -3.5, 11.5, 0.0] [-4.5, -2.5, 12.5, 0.0]
      2488 - entry: 2489       | exit: 2490       | 4294967295 - [-7.5, -3.5, 11.5, 0.0] [-6.5, -2.5, 12.5, 0.0]
      2489 - entry: 4294967295 | exit: 2490       | 567        - [inf, inf, inf, 0.0] [-inf, -inf, -inf, 0.0]
      2490 - entry: 2491       | exit: 2495       | 4294967295 - [-6.5, -3.5, 11.5, 0.0] [-4.5, -2.5, 12.5, 0.0]
      2491 - entry: 2492       | exit: 2493       | 4294967295 - [-6.5, -3.5, 11.5, 0.0] [-5.5, -2.5, 12.5, 0.0]
      2492 - entry: 4294967295 | exit: 2493       | 597        - [inf, inf, inf, 0.0] [-inf, -inf, -inf, 0.0]
      2493 - entry: 2494       | exit: 2495       | 4294967295 - [-5.5, -3.5, 11.5, 0.0] [-4.5, -2.5, 12.5, 0.0]
      2494 - entry: 4294967295 | exit: 2495       | 627        - [inf, inf, inf, 0.0] [-inf, -inf, -inf, 0.0]
      2495 - entry: 2496       | exit: 2512       | 4294967295 - [-7.5, -3.5, 12.5, 0.0] [-4.5, -2.5, 14.5, 0.0]
      2496 - entry: 2497       | exit: 2501       | 4294967295 - [-7.5, -3.5, 12.5, 0.0] [-6.5, -2.5, 14.5, 0.0]
      2497 - entry: 2498       | exit: 2499       | 4294967295 - [-7.5, -3.5, 12.5, 0.0] [-6.5, -2.5, 13.5, 0.0]
      2498 - entry: 4294967295 | exit: 2499       | 568        - [inf, inf, inf, 0.0] [-inf, -inf, -inf, 0.0]
      2499 - entry: 2500       | exit: 2501       | 4294967295 - [-7.5, -3.5, 13.5, 0.0] [-6.5, -2.5, 14.5, 0.0]
      2500 - entry: 4294967295 | exit: 2501       | 569        - [inf, inf, inf, 0.0] [-inf, -inf, -inf, 0.0]
      2501 - entry: 2502       | exit: 2512       | 4294967295 - [-6.5, -3.5, 12.5, 0.0] [-4.5, -2.5, 14.5, 0.0]
      2502 - entry: 2503       | exit: 2507       | 4294967295 - [-6.5, -3.5, 12.5, 0.0] [-4.5, -2.5, 13.5, 0.0]
      2503 - entry: 2504       | exit: 2505       | 4294967295 - [-6.5, -3.5, 12.5, 0.0] [-5.5, -2.5, 13.5, 0.0]
      2504 - entry: 4294967295 | exit: 2505       | 598        - [inf, inf, inf, 0.0] [-inf, -inf, -inf, 0.0]
      2505 - entry: 2506       | exit: 2507       | 4294967295 - [-5.5, -3.5, 12.5, 0.0] [-4.5, -2.5, 13.5, 0.0]
      2506 - entry: 4294967295 | exit: 2507       | 628        - [inf, inf, inf, 0.0] [-inf, -inf, -inf, 0.0]
      2507 - entry: 2508       | exit: 2512       | 4294967295 - [-6.5, -3.5, 13.5, 0.0] [-4.5, -2.5, 14.5, 0.0]
      2508 - entry: 2509       | exit: 2510       | 4294967295 - [-6.5, -3.5, 13.5, 0.0] [-5.5, -2.5, 14.5, 0.0]
      2509 - entry: 4294967295 | exit: 2510       | 599        - [inf, inf, inf, 0.0] [-inf, -inf, -inf, 0.0]
      2510 - entry: 2511       | exit: 2512       | 4294967295 - [-5.5, -3.5, 13.5, 0.0] [-4.5, -2.5, 14.5, 0.0]
      2511 - entry: 4294967295 | exit: 2512       | 629        - [inf, inf, inf, 0.0] [-inf, -inf, -inf, 0.0]
      2512 - entry: 2513       | exit: 2571       | 4294967295 - [-4.5, -3.5, 9.5, 0.0] [-0.5, -2.5, 14.5, 0.0]
      2513 - entry: 2514       | exit: 2536       | 4294967295 - [-4.5, -3.5, 9.5, 0.0] [-0.5, -2.5, 11.5, 0.0]
      2514 - entry: 2515       | exit: 2525       | 4294967295 - [-4.5, -3.5, 9.5, 0.0] [-2.5, -2.5, 11.5, 0.0]
      2515 - entry: 2516       | exit: 2520       | 4294967295 - [-4.5, -3.5, 9.5, 0.0] [-2.5, -2.5, 10.5, 0.0]
      2516 - entry: 2517       | exit: 2518       | 4294967295 - [-4.5, -3.5, 9.5, 0.0] [-3.5, -2.5, 10.5, 0.0]
      2517 - entry: 4294967295 | exit: 2518       | 655        - [inf, inf, inf, 0.0] [-inf, -inf, -inf, 0.0]
      2518 - entry: 2519       | exit: 2520       | 4294967295 - [-3.5, -3.5, 9.5, 0.0] [-2.5, -2.5, 10.5, 0.0]
      2519 - entry: 4294967295 | exit: 2520       | 685        - [inf, inf, inf, 0.0] [-inf, -inf, -inf, 0.0]
      2520 - entry: 2521       | exit: 2525       | 4294967295 - [-4.5, -3.5, 10.5, 0.0] [-2.5, -2.5, 11.5, 0.0]
      2521 - entry: 2522       | exit: 2523       | 4294967295 - [-4.5, -3.5, 10.5, 0.0] [-3.5, -2.5, 11.5, 0.0]
      2522 - entry: 4294967295 | exit: 2523       | 656        - [inf, inf, inf, 0.0] [-inf, -inf, -inf, 0.0]
      2523 - entry: 2524       | exit: 2525       | 4294967295 - [-3.5, -3.5, 10.5, 0.0] [-2.5, -2.5, 11.5, 0.0]
      2524 - entry: 4294967295 | exit: 2525       | 686        - [inf, inf, inf, 0.0] [-inf, -inf, -inf, 0.0]
      2525 - entry: 2526       | exit: 2536       | 4294967295 - [-2.5, -3.5, 9.5, 0.0] [-0.5, -2.5, 11.5, 0.0]
      2526 - entry: 2527       | exit: 2531       | 4294967295 - [-2.5, -3.5, 9.5, 0.0] [-0.5, -2.5, 10.5, 0.0]
      2527 - entry: 2528       | exit: 2529       | 4294967295 - [-2.5, -3.5, 9.5, 0.0] [-1.5, -2.5, 10.5, 0.0]
      2528 - entry: 4294967295 | exit: 2529       | 715        - [inf, inf, inf, 0.0] [-inf, -inf, -inf, 0.0]
      2529 - entry: 2530       | exit: 2531       | 4294967295 - [-1.5, -3.5, 9.5, 0.0] [-0.5, -2.5, 10.5, 0.0]
      2530 - entry: 4294967295 | exit: 2531       | 745        - [inf, inf, inf, 0.0] [-inf, -inf, -inf, 0.0]
      2531 - entry: 2532       | exit: 2536       | 4294967295 - [-2.5, -3.5, 10.5, 0.0] [-0.5, -2.5, 11.5, 0.0]
      2532 - entry: 2533       | exit: 2534       | 4294967295 - [-2.5, -3.5, 10.5, 0.0] [-1.5, -2.5, 11.5, 0.0]
      2533 - entry: 4294967295 | exit: 2534       | 716        - [inf, inf, inf, 0.0] [-inf, -inf, -inf, 0.0]
      2534 - entry: 2535       | exit: 2536       | 4294967295 - [-1.5, -3.5, 10.5, 0.0] [-0.5, -2.5, 11.5, 0.0]
      2535 - entry: 4294967295 | exit: 2536       | 746        - [inf, inf, inf, 0.0] [-inf, -inf, -inf, 0.0]
      2536 - entry: 2537       | exit: 2571       | 4294967295 - [-4.5, -3.5, 11.5, 0.0] [-0.5, -2.5, 14.5, 0.0]
      2537 - entry: 2538       | exit: 2554       | 4294967295 - [-4.5, -3.5, 11.5, 0.0] [-2.5, -2.5, 14.5, 0.0]
      2538 - entry: 2539       | exit: 2543       | 4294967295 - [-4.5, -3.5, 11.5, 0.0] [-2.5, -2.5, 12.5, 0.0]
      2539 - entry: 2540       | exit: 2541       | 4294967295 - [-4.5, -3.5, 11.5, 0.0] [-3.5, -2.5, 12.5, 0.0]
      2540 - entry: 4294967295 | exit: 2541       | 657        - [inf, inf, inf, 0.0] [-inf, -inf, -inf, 0.0]
      2541 - entry: 2542       | exit: 2543       | 4294967295 - [-3.5, -3.5, 11.5, 0.0] [-2.5, -2.5, 12.5, 0.0]
      2542 - entry: 4294967295 | exit: 2543       | 687        - [inf, inf, inf, 0.0] [-inf, -inf, -inf, 0.0]
      2543 - entry: 2544       | exit: 2554       | 4294967295 - [-4.5, -3.5, 12.5, 0.0] [-2.5, -2.5, 14.5, 0.0]
      2544 - entry: 2545       | exit: 2549       | 4294967295 - [-4.5, -3.5, 12.5, 0.0] [-2.5, -2.5, 13.5, 0.0]
      2545 - entry: 2546       | exit: 2547       | 4294967295 - [-4.5, -3.5, 12.5, 0.0] [-3.5, -2.5, 13.5, 0.0]
      2546 - entry: 4294967295 | exit: 2547       | 658        - [inf, inf, inf, 0.0] [-inf, -inf, -inf, 0.0]
      2547 - entry: 2548       | exit: 2549       | 4294967295 - [-3.5, -3.5, 12.5, 0.0] [-2.5, -2.5, 13.5, 0.0]
      2548 - entry: 4294967295 | exit: 2549       | 688        - [inf, inf, inf, 0.0] [-inf, -inf, -inf, 0.0]
      2549 - entry: 2550       | exit: 2554       | 4294967295 - [-4.5, -3.5, 13.5, 0.0] [-2.5, -2.5, 14.5, 0.0]
      2550 - entry: 2551       | exit: 2552       | 4294967295 - [-4.5, -3.5, 13.5, 0.0] [-3.5, -2.5, 14.5, 0.0]
      2551 - entry: 4294967295 | exit: 2552       | 659        - [inf, inf, inf, 0.0] [-inf, -inf, -inf, 0.0]
      2552 - entry: 2553       | exit: 2554       | 4294967295 - [-3.5, -3.5, 13.5, 0.0] [-2.5, -2.5, 14.5, 0.0]
      2553 - entry: 4294967295 | exit: 2554       | 689        - [inf, inf, inf, 0.0] [-inf, -inf, -inf, 0.0]
      2554 - entry: 2555       | exit: 2571       | 4294967295 - [-2.5, -3.5, 11.5, 0.0] [-0.5, -2.5, 14.5, 0.0]
      2555 - entry: 2556       | exit: 2560       | 4294967295 - [-2.5, -3.5, 11.5, 0.0] [-0.5, -2.5, 12.5, 0.0]
      2556 - entry: 2557       | exit: 2558       | 4294967295 - [-2.5, -3.5, 11.5, 0.0] [-1.5, -2.5, 12.5, 0.0]
      2557 - entry: 4294967295 | exit: 2558       | 717        - [inf, inf, inf, 0.0] [-inf, -inf, -inf, 0.0]
      2558 - entry: 2559       | exit: 2560       | 4294967295 - [-1.5, -3.5, 11.5, 0.0] [-0.5, -2.5, 12.5, 0.0]
      2559 - entry: 4294967295 | exit: 2560       | 747        - [inf, inf, inf, 0.0] [-inf, -inf, -inf, 0.0]
      2560 - entry: 2561       | exit: 2571       | 4294967295 - [-2.5, -3.5, 12.5, 0.0] [-0.5, -2.5, 14.5, 0.0]
      2561 - entry: 2562       | exit: 2566       | 4294967295 - [-2.5, -3.5, 12.5, 0.0] [-0.5, -2.5, 13.5, 0.0]
      2562 - entry: 2563       | exit: 2564       | 4294967295 - [-2.5, -3.5, 12.5, 0.0] [-1.5, -2.5, 13.5, 0.0]
      2563 - entry: 4294967295 | exit: 2564       | 718        - [inf, inf, inf, 0.0] [-inf, -inf, -inf, 0.0]
      2564 - entry: 2565       | exit: 2566       | 4294967295 - [-1.5, -3.5, 12.5, 0.0] [-0.5, -2.5, 13.5, 0.0]
      2565 - entry: 4294967295 | exit: 2566       | 748        - [inf, inf, inf, 0.0] [-inf, -inf, -inf, 0.0]
      2566 - entry: 2567       | exit: 2571       | 4294967295 - [-2.5, -3.5, 13.5, 0.0] [-0.5, -2.5, 14.5, 0.0]
      2567 - entry: 2568       | exit: 2569       | 4294967295 - [-2.5, -3.5, 13.5, 0.0] [-1.5, -2.5, 14.5, 0.0]
      2568 - entry: 4294967295 | exit: 2569       | 719        - [inf, inf, inf, 0.0] [-inf, -inf, -inf, 0.0]
      2569 - entry: 2570       | exit: 2571       | 4294967295 - [-1.5, -3.5, 13.5, 0.0] [-0.5, -2.5, 14.5, 0.0]
      2570 - entry: 4294967295 | exit: 2571       | 749        - [inf, inf, inf, 0.0] [-inf, -inf, -inf, 0.0]
      2571 - entry: 2572       | exit: 2681       | 4294967295 - [-10.469999, -3.47, -0.844, 0.0] [-0.13999999, 10.32, 8.412001, 0.0]
      2572 - entry: 2573       | exit: 2625       | 4294967295 - [-10.469999, -3.47, -0.66, 0.0] [-0.6, 3.86, 8.308001, 0.0]
      2573 - entry: 2574       | exit: 2602       | 4294967295 - [-10.469999, -3.47, -0.66, 0.0] [-5.15, 3.82, 8.212, 0.0]
      2574 - entry: 2575       | exit: 2588       | 4294967295 - [-9.61, -3.33, -0.66, 0.0] [-5.15, 0.21000001, 1.4760001, 0.0]
      2575 - entry: 2576       | exit: 2586       | 4294967295 - [-9.61, -3.33, -0.66, 0.0] [-7.2, 0.21000001, 1.4760001, 0.0]
      2576 - entry: 2577       | exit: 2581       | 4294967295 - [-9.41, -3.33, 0.32400006, 0.0] [-7.27, -0.87, 1.4760001, 0.0]
      2577 - entry: 2578       | exit: 2579       | 4294967295 - [-8.27, -3.33, 0.47600007, 0.0] [-7.27, -2.33, 1.4760001, 0.0]
      2578 - entry: 4294967295 | exit: 2579       | 177        - [inf, inf, inf, 0.0] [-inf, -inf, -inf, 0.0]
      2579 - entry: 2580       | exit: 2581       | 4294967295 - [-9.41, -1.87, 0.32400006, 0.0] [-8.41, -0.87, 1.3240001, 0.0]
      2580 - entry: 4294967295 | exit: 2581       | 67         - [inf, inf, inf, 0.0] [-inf, -inf, -inf, 0.0]
      2581 - entry: 2582       | exit: 2586       | 4294967295 - [-9.61, -1.31, -0.66, 0.0] [-7.2, 0.21000001, 0.604, 0.0]
      2582 - entry: 2583       | exit: 2584       | 4294967295 - [-9.61, -1.31, -0.396, 0.0] [-8.61, -0.31, 0.604, 0.0]
      2583 - entry: 4294967295 | exit: 2584       | 23         - [inf, inf, inf, 0.0] [-inf, -inf, -inf, 0.0]
      2584 - entry: 2585       | exit: 2586       | 4294967295 - [-8.2, -0.78999996, -0.66, 0.0] [-7.2, 0.21000001, 0.33999997, 0.0]
      2585 - entry: 4294967295 | exit: 2586       | 283        - [inf, inf, inf, 0.0] [-inf, -inf, -inf, 0.0]
      2586 - entry: 2587       | exit: 2588       | 4294967295 - [-6.15, -2.61, 0.26000005, 0.0] [-5.15, -1.6099999, 1.26, 0.0]
      2587 - entry: 4294967295 | exit: 2588       | 132        - [inf, inf, inf, 0.0] [-inf, -inf, -inf, 0.0]
      2588 - entry: 2589       | exit: 2602       | 4294967295 - [-10.469999, -3.47, 2.3240001, 0.0] [-6.27, 3.82, 8.212, 0.0]
      2589 - entry: 2590       | exit: 2591       | 4294967295 - [-10.32, -3.47, 6.676, 0.0] [-9.32, -2.47, 7.676, 0.0]
      2590 - entry: 4294967295 | exit: 2591       | 279        - [inf, inf, inf, 0.0] [-inf, -inf, -inf, 0.0]
      2591 - entry: 2592       | exit: 2602       | 4294967295 - [-10.469999, 1.71, 2.3240001, 0.0] [-6.27, 3.82, 8.212, 0.0]
      2592 - entry: 2593       | exit: 2597       | 4294967295 - [-7.5899997, 1.71, 2.3240001, 0.0] [-6.27, 3.1, 4.2040005, 0.0]
      2593 - entry: 2594       | exit: 2595       | 4294967295 - [-7.27, 2.1, 2.3240001, 0.0] [-6.27, 3.1, 3.3240001, 0.0]
      2594 - entry: 4294967295 | exit: 2595       | 195        - [inf, inf, inf, 0.0] [-inf, -inf, -inf, 0.0]
      2595 - entry: 2596       | exit: 2597       | 4294967295 - [-7.5899997, 1.71, 3.2040002, 0.0] [-6.5899997, 2.71, 4.2040005, 0.0]
      2596 - entry: 4294967295 | exit: 2597       | 170        - [inf, inf, inf, 0.0] [-inf, -inf, -inf, 0.0]
      2597 - entry: 2598       | exit: 2602       | 4294967295 - [-10.469999, 2.78, 6.748, 0.0] [-6.6299996, 3.82, 8.212, 0.0]
      2598 - entry: 2599       | exit: 2600       | 4294967295 - [-10.469999, 2.78, 6.748, 0.0] [-9.469999, 3.78, 7.748, 0.0]
      2599 - entry: 4294967295 | exit: 2600       | 287        - [inf, inf, inf, 0.0] [-inf, -inf, -inf, 0.0]
      2600 - entry: 2601       | exit: 2602       | 4294967295 - [-7.6299996, 2.82, 7.2120004, 0.0] [-6.6299996, 3.82, 8.212, 0.0]
      2601 - entry: 4294967295 | exit: 2602       | 290        - [inf, inf, inf, 0.0] [-inf, -inf, -inf, 0.0]
      2602 - entry: 2603       | exit: 2625       | 4294967295 - [-5.8399997, -2.44, 0.35600007, 0.0] [-0.6, 3.86, 8.308001, 0.0]
      2603 - entry: 2604       | exit: 2611       | 4294967295 - [-5.8399997, -2.44, 0.35600007, 0.0] [-2.25, 1.74, 2.308, 0.0]
      2604 - entry: 2605       | exit: 2606       | 4294967295 - [-3.25, -2.44, 0.35600007, 0.0] [-2.25, -1.4399999, 1.3560001, 0.0]
      2605 - entry: 4294967295 | exit: 2606       | 7          - [inf, inf, inf, 0.0] [-inf, -inf, -inf, 0.0]
      2606 - entry: 2607       | exit: 2611       | 4294967295 - [-5.8399997, -1.0999999, 0.42800003, 0.0] [-4.5699997, 1.74, 2.308, 0.0]
      2607 - entry: 2608       | exit: 2609       | 4294967295 - [-5.8399997, -1.0999999, 0.42800003, 0.0] [-4.8399997, -0.099999964, 1.428, 0.0]
      2608 - entry: 4294967295 | exit: 2609       | 45         - [inf, inf, inf, 0.0] [-inf, -inf, -inf, 0.0]
      2609 - entry: 2610       | exit: 2611       | 4294967295 - [-5.5699997, 0.74, 1.3080001, 0.0] [-4.5699997, 1.74, 2.308, 0.0]
      2610 - entry: 4294967295 | exit: 2611       | 156        - [inf, inf, inf, 0.0] [-inf, -inf, -inf, 0.0]
      2611 - entry: 2612       | exit: 2625       | 4294967295 - [-5.3599997, -0.29000002, 3.5160003, 0.0] [-0.6, 3.86, 8.308001, 0.0]
      2612 - entry: 2613       | exit: 2617       | 4294967295 - [-5.3599997, 0.19999999, 3.5160003, 0.0] [-1.17, 3.24, 5.4760003, 0.0]
      2613 - entry: 2614       | exit: 2615       | 4294967295 - [-5.3599997, 0.19999999, 4.4760003, 0.0] [-4.3599997, 1.2, 5.4760003, 0.0]
      2614 - entry: 4294967295 | exit: 2615       | 181        - [inf, inf, inf, 0.0] [-inf, -inf, -inf, 0.0]
      2615 - entry: 2616       | exit: 2617       | 4294967295 - [-2.17, 2.24, 3.5160003, 0.0] [-1.17, 3.24, 4.5160003, 0.0]
      2616 - entry: 4294967295 | exit: 2617       | 216        - [inf, inf, inf, 0.0] [-inf, -inf, -inf, 0.0]
      2617 - entry: 2618       | exit: 2625       | 4294967295 - [-4.87, -0.29000002, 5.596, 0.0] [-0.6, 3.86, 8.308001, 0.0]
      2618 - entry: 2619       | exit: 2620       | 4294967295 - [-4.87, 2.86, 5.9160004, 0.0] [-3.87, 3.86, 6.9160004, 0.0]
      2619 - entry: 4294967295 | exit: 2620       | 31         - [inf, inf, inf, 0.0] [-inf, -inf, -inf, 0.0]
      2620 - entry: 2621       | exit: 2625       | 4294967295 - [-1.88, -0.29000002, 5.596, 0.0] [-0.6, 0.99, 8.308001, 0.0]
      2621 - entry: 2622       | exit: 2623       | 4294967295 - [-1.6, -0.29000002, 5.596, 0.0] [-0.6, 0.71, 6.596, 0.0]
      2622 - entry: 4294967295 | exit: 2623       | 120        - [inf, inf, inf, 0.0] [-inf, -inf, -inf, 0.0]
      2623 - entry: 2624       | exit: 2625       | 4294967295 - [-1.88, -0.01000002, 7.3080006, 0.0] [-0.88, 0.99, 8.308001, 0.0]
      2624 - entry: 4294967295 | exit: 2625       | 245        - [inf, inf, inf, 0.0] [-inf, -inf, -inf, 0.0]
      2625 - entry: 2626       | exit: 2681       | 4294967295 - [-9.88, 3.07, -0.844, 0.0] [-0.13999999, 10.32, 8.412001, 0.0]
      2626 - entry: 2627       | exit: 2655       | 4294967295 - [-9.88, 3.07, -0.836, 0.0] [-6.0499997, 8.559999, 7.4200006, 0.0]
      2627 - entry: 2628       | exit: 2638       | 4294967295 - [-9.01, 4.24, -0.836, 0.0] [-6.46, 8.559999, 1.508, 0.0]
      2628 - entry: 2629       | exit: 2633       | 4294967295 - [-9.01, 4.24, 0.27600002, 0.0] [-6.73, 6.97, 1.508, 0.0]
      2629 - entry: 2630       | exit: 2631       | 4294967295 - [-7.73, 4.24, 0.27600002, 0.0] [-6.73, 5.24, 1.276, 0.0]
      2630 - entry: 4294967295 | exit: 2631       | 236        - [inf, inf, inf, 0.0] [-inf, -inf, -inf, 0.0]
      2631 - entry: 2632       | exit: 2633       | 4294967295 - [-9.01, 5.97, 0.508, 0.0] [-8.01, 6.97, 1.508, 0.0]
      2632 - entry: 4294967295 | exit: 2633       | 261        - [inf, inf, inf, 0.0] [-inf, -inf, -inf, 0.0]
      2633 - entry: 2634       | exit: 2638       | 4294967295 - [-8.559999, 6.58, -0.836, 0.0] [-6.46, 8.559999, 0.62, 0.0]
      2634 - entry: 2635       | exit: 2636       | 4294967295 - [-8.559999, 7.5599995, -0.38, 0.0] [-7.5599995, 8.559999, 0.62, 0.0]
      2635 - entry: 4294967295 | exit: 2636       | 44         - [inf, inf, inf, 0.0] [-inf, -inf, -inf, 0.0]
      2636 - entry: 2637       | exit: 2638       | 4294967295 - [-7.46, 6.58, -0.836, 0.0] [-6.46, 7.58, 0.16399997, 0.0]
      2637 - entry: 4294967295 | exit: 2638       | 69         - [inf, inf, inf, 0.0] [-inf, -inf, -inf, 0.0]
      2638 - entry: 2639       | exit: 2655       | 4294967295 - [-9.88, 3.07, 2.3240001, 0.0] [-6.0499997, 5.5299997, 7.4200006, 0.0]
      2639 - entry: 2640       | exit: 2644       | 4294967295 - [-9.66, 3.4099998, 2.3240001, 0.0] [-6.0499997, 5.5299997, 4.236, 0.0]
      2640 - entry: 2641       | exit: 2642       | 4294967295 - [-9.66, 4.5299997, 2.3240001, 0.0] [-8.66, 5.5299997, 3.3240001, 0.0]
      2641 - entry: 4294967295 | exit: 2642       | 113        - [inf, inf, inf, 0.0] [-inf, -inf, -inf, 0.0]
      2642 - entry: 2643       | exit: 2644       | 4294967295 - [-7.0499997, 3.4099998, 3.236, 0.0] [-6.0499997, 4.41, 4.236, 0.0]
      2643 - entry: 4294967295 | exit: 2644       | 105        - [inf, inf, inf, 0.0] [-inf, -inf, -inf, 0.0]
      2644 - entry: 2645       | exit: 2655       | 4294967295 - [-9.88, 3.07, 4.5800004, 0.0] [-6.8999996, 5.41, 7.4200006, 0.0]
      2645 - entry: 2646       | exit: 2653       | 4294967295 - [-9.88, 3.07, 4.5800004, 0.0] [-8.34, 5.41, 7.4200006, 0.0]
      2646 - entry: 2647       | exit: 2648       | 4294967295 - [-9.34, 4.41, 4.5800004, 0.0] [-8.34, 5.41, 5.5800004, 0.0]
      2647 - entry: 4294967295 | exit: 2648       | 25         - [inf, inf, inf, 0.0] [-inf, -inf, -inf, 0.0]
      2648 - entry: 2649       | exit: 2653       | 4294967295 - [-9.88, 3.07, 5.084, 0.0] [-8.4, 4.16, 7.4200006, 0.0]
      2649 - entry: 2650       | exit: 2651       | 4294967295 - [-9.88, 3.1599998, 5.084, 0.0] [-8.88, 4.16, 6.084, 0.0]
      2650 - entry: 4294967295 | exit: 2651       | 143        - [inf, inf, inf, 0.0] [-inf, -inf, -inf, 0.0]
      2651 - entry: 2652       | exit: 2653       | 4294967295 - [-9.4, 3.07, 6.4200006, 0.0] [-8.4, 4.0699997, 7.4200006, 0.0]
      2652 - entry: 4294967295 | exit: 2653       | 257        - [inf, inf, inf, 0.0] [-inf, -inf, -inf, 0.0]
      2653 - entry: 2654       | exit: 2655       | 4294967295 - [-7.8999996, 3.85, 4.9080005, 0.0] [-6.8999996, 4.85, 5.9080005, 0.0]
      2654 - entry: 4294967295 | exit: 2655       | 297        - [inf, inf, inf, 0.0] [-inf, -inf, -inf, 0.0]
      2655 - entry: 2656       | exit: 2681       | 4294967295 - [-6.27, 3.49, -0.844, 0.0] [-0.13999999, 10.32, 8.412001, 0.0]
      2656 - entry: 2657       | exit: 2670       | 4294967295 - [-6.27, 3.49, -0.844, 0.0] [-0.43, 8.79, 3.38, 0.0]
      2657 - entry: 2658       | exit: 2665       | 4294967295 - [-6.27, 5.43, -0.844, 0.0] [-4.25, 8.79, 2.1560001, 0.0]
      2658 - entry: 2659       | exit: 2663       | 4294967295 - [-6.27, 5.43, -0.844, 0.0] [-4.25, 7.45, 1.1800001, 0.0]
      2659 - entry: 2660       | exit: 2661       | 4294967295 - [-5.25, 6.45, -0.844, 0.0] [-4.25, 7.45, 0.15599999, 0.0]
      2660 - entry: 4294967295 | exit: 2661       | 149        - [inf, inf, inf, 0.0] [-inf, -inf, -inf, 0.0]
      2661 - entry: 2662       | exit: 2663       | 4294967295 - [-6.27, 5.43, 0.18, 0.0] [-5.27, 6.43, 1.1800001, 0.0]
      2662 - entry: 4294967295 | exit: 2663       | 86         - [inf, inf, inf, 0.0] [-inf, -inf, -inf, 0.0]
      2663 - entry: 2664       | exit: 2665       | 4294967295 - [-5.2799997, 7.79, 1.1560001, 0.0] [-4.2799997, 8.79, 2.1560001, 0.0]
      2664 - entry: 4294967295 | exit: 2665       | 208        - [inf, inf, inf, 0.0] [-inf, -inf, -inf, 0.0]
      2665 - entry: 2666       | exit: 2670       | 4294967295 - [-3.9399998, 3.49, -0.204, 0.0] [-0.43, 6.85, 3.38, 0.0]
      2666 - entry: 2667       | exit: 2668       | 4294967295 - [-3.9399998, 3.49, -0.204, 0.0] [-2.9399998, 4.49, 0.796, 0.0]
      2667 - entry: 4294967295 | exit: 2668       | 211        - [inf, inf, inf, 0.0] [-inf, -inf, -inf, 0.0]
      2668 - entry: 2669       | exit: 2670       | 4294967295 - [-1.4300001, 5.85, 2.38, 0.0] [-0.43, 6.85, 3.38, 0.0]
      2669 - entry: 4294967295 | exit: 2670       | 221        - [inf, inf, inf, 0.0] [-inf, -inf, -inf, 0.0]
      2670 - entry: 2671       | exit: 2681       | 4294967295 - [-5.89, 6.94, 4.7720003, 0.0] [-0.13999999, 10.32, 8.412001, 0.0]
      2671 - entry: 2672       | exit: 2676       | 4294967295 - [-5.89, 6.94, 5.1800003, 0.0] [-4.7599998, 8.67, 8.412001, 0.0]
      2672 - entry: 2673       | exit: 2674       | 4294967295 - [-5.7599998, 6.94, 5.1800003, 0.0] [-4.7599998, 7.94, 6.1800003, 0.0]
      2673 - entry: 4294967295 | exit: 2674       | 102        - [inf, inf, inf, 0.0] [-inf, -inf, -inf, 0.0]
      2674 - entry: 2675       | exit: 2676       | 4294967295 - [-5.89, 7.67, 7.412, 0.0] [-4.89, 8.67, 8.412001, 0.0]
      2675 - entry: 4294967295 | exit: 2676       | 64         - [inf, inf, inf, 0.0] [-inf, -inf, -inf, 0.0]
      2676 - entry: 2677       | exit: 2681       | 4294967295 - [-2.4, 8.559999, 4.7720003, 0.0] [-0.13999999, 10.32, 7.4360003, 0.0]
      2677 - entry: 2678       | exit: 2679       | 4294967295 - [-1.14, 8.559999, 4.7720003, 0.0] [-0.13999999, 9.559999, 5.7720003, 0.0]
      2678 - entry: 4294967295 | exit: 2679       | 166        - [inf, inf, inf, 0.0] [-inf, -inf, -inf, 0.0]
      2679 - entry: 2680       | exit: 2681       | 4294967295 - [-2.4, 9.32, 6.4360003, 0.0] [-1.4, 10.32, 7.4360003, 0.0]
      2680 - entry: 4294967295 | exit: 2681       | 179        - [inf, inf, inf, 0.0] [-inf, -inf, -inf, 0.0]
      2681 - entry: 2682       | exit: 3598       | 4294967295 - [-0.87, -10.16, -0.908, 0.0] [14.5, 10.469999, 14.5, 0.0]
      2682 - entry: 2683       | exit: 3476       | 4294967295 - [-0.87, -10.16, -0.828, 0.0] [14.5, 0.61, 14.5, 0.0]
      2683 - entry: 2684       | exit: 3246       | 4294967295 - [-0.87, -10.16, -0.828, 0.0] [9.5, 0.61, 14.5, 0.0]
      2684 - entry: 2685       | exit: 3097       | 4294967295 - [-0.87, -10.16, -0.828, 0.0] [9.5, 0.61, 9.5, 0.0]
      2685 - entry: 2686       | exit: 2753       | 4294967295 - [-0.85, -10.16, -0.828, 0.0] [8.66, -2.6599998, 8.332001, 0.0]
      2686 - entry: 2687       | exit: 2718       | 4294967295 - [-0.85, -9.34, -0.828, 0.0] [2.59, -2.6599998, 8.332001, 0.0]
      2687 - entry: 2688       | exit: 2707       | 4294967295 - [-0.85, -9.34, -0.828, 0.0] [2.59, -3.62, 4.044, 0.0]
      2688 - entry: 2689       | exit: 2693       | 4294967295 - [-0.85, -9.34, -0.828, 0.0] [0.68, -7.7799997, 0.9, 0.0]
      2689 - entry: 2690       | exit: 2691       | 4294967295 - [-0.85, -8.78, -0.828, 0.0] [0.15, -7.7799997, 0.17199999, 0.0]
      2690 - entry: 4294967295 | exit: 2691       | 280        - [inf, inf, inf, 0.0] [-inf, -inf, -inf, 0.0]
      2691 - entry: 2692       | exit: 2693       | 4294967295 - [-0.32, -9.34, -0.099999994, 0.0] [0.68, -8.34, 0.9, 0.0]
      2692 - entry: 4294967295 | exit: 2693       | 50         - [inf, inf, inf, 0.0] [-inf, -inf, -inf, 0.0]
      2693 - entry: 2694       | exit: 2707       | 4294967295 - [-0.55, -6.99, 0.06800002, 0.0] [2.59, -3.62, 4.044, 0.0]
      2694 - entry: 2695       | exit: 2699       | 4294967295 - [1.12, -5.52, 0.06800002, 0.0] [2.59, -3.62, 1.292, 0.0]
      2695 - entry: 2696       | exit: 2697       | 4294967295 - [1.12, -5.52, 0.29200006, 0.0] [2.12, -4.52, 1.292, 0.0]
      2696 - entry: 4294967295 | exit: 2697       | 213        - [inf, inf, inf, 0.0] [-inf, -inf, -inf, 0.0]
      2697 - entry: 2698       | exit: 2699       | 4294967295 - [1.5899999, -4.62, 0.06800002, 0.0] [2.59, -3.62, 1.0680001, 0.0]
      2698 - entry: 4294967295 | exit: 2699       | 115        - [inf, inf, inf, 0.0] [-inf, -inf, -inf, 0.0]
      2699 - entry: 2700       | exit: 2707       | 4294967295 - [-0.55, -6.99, 2.2600002, 0.0] [2.59, -5.58, 4.044, 0.0]
      2700 - entry: 2701       | exit: 2705       | 4294967295 - [-0.55, -6.58, 2.8040001, 0.0] [1.16, -5.58, 4.044, 0.0]
      2701 - entry: 2702       | exit: 2703       | 4294967295 - [-0.55, -6.58, 3.0440001, 0.0] [0.45, -5.58, 4.044, 0.0]
      2702 - entry: 4294967295 | exit: 2703       | 263        - [inf, inf, inf, 0.0] [-inf, -inf, -inf, 0.0]
      2703 - entry: 2704       | exit: 2705       | 4294967295 - [0.15999997, -6.58, 2.8040001, 0.0] [1.16, -5.58, 3.8040001, 0.0]
      2704 - entry: 4294967295 | exit: 2705       | 38         - [inf, inf, inf, 0.0] [-inf, -inf, -inf, 0.0]
      2705 - entry: 2706       | exit: 2707       | 4294967295 - [1.5899999, -6.99, 2.2600002, 0.0] [2.59, -5.99, 3.2600002, 0.0]
      2706 - entry: 4294967295 | exit: 2707       | 35         - [inf, inf, inf, 0.0] [-inf, -inf, -inf, 0.0]
      2707 - entry: 2708       | exit: 2718       | 4294967295 - [-0.78, -8.929999, 5.0360003, 0.0] [2.1100001, -2.6599998, 8.332001, 0.0]
      2708 - entry: 2709       | exit: 2713       | 4294967295 - [-0.78, -8.929999, 5.0360003, 0.0] [0.29000002, -5.45, 8.332001, 0.0]
      2709 - entry: 2710       | exit: 2711       | 4294967295 - [-0.78, -8.929999, 5.0360003, 0.0] [0.22, -7.9299994, 6.0360003, 0.0]
      2710 - entry: 4294967295 | exit: 2711       | 87         - [inf, inf, inf, 0.0] [-inf, -inf, -inf, 0.0]
      2711 - entry: 2712       | exit: 2713       | 4294967295 - [-0.71, -6.45, 7.3320003, 0.0] [0.29000002, -5.45, 8.332001, 0.0]
      2712 - entry: 4294967295 | exit: 2713       | 183        - [inf, inf, inf, 0.0] [-inf, -inf, -inf, 0.0]
      2713 - entry: 2714       | exit: 2718       | 4294967295 - [0.55999994, -4.83, 6.156, 0.0] [2.1100001, -2.6599998, 7.4680004, 0.0]
      2714 - entry: 2715       | exit: 2716       | 4294967295 - [0.55999994, -4.83, 6.156, 0.0] [1.56, -3.83, 7.156, 0.0]
      2715 - entry: 4294967295 | exit: 2716       | 70         - [inf, inf, inf, 0.0] [-inf, -inf, -inf, 0.0]
      2716 - entry: 2717       | exit: 2718       | 4294967295 - [1.11, -3.6599998, 6.4680004, 0.0] [2.1100001, -2.6599998, 7.4680004, 0.0]
      2717 - entry: 4294967295 | exit: 2718       | 207        - [inf, inf, inf, 0.0] [-inf, -inf, -inf, 0.0]
      2718 - entry: 2719       | exit: 2753       | 4294967295 - [2.26, -10.16, -0.628, 0.0] [8.66, -3.54, 7.708, 0.0]
      2719 - entry: 2720       | exit: 2733       | 4294967295 - [2.26, -5.83, -0.628, 0.0] [8.66, -3.54, 1.4120001, 0.0]
      2720 - entry: 2721       | exit: 2728       | 4294967295 - [2.26, -5.54, -0.17999998, 0.0] [4.09, -3.71, 1.2360001, 0.0]
      2721 - entry: 2722       | exit: 2726       | 4294967295 - [2.26, -4.72, -0.15599999, 0.0] [3.8899999, -3.71, 1.2360001, 0.0]
      2722 - entry: 2723       | exit: 2724       | 4294967295 - [2.26, -4.71, -0.15599999, 0.0] [3.26, -3.71, 0.844, 0.0]
      2723 - entry: 4294967295 | exit: 2724       | 114        - [inf, inf, inf, 0.0] [-inf, -inf, -inf, 0.0]
      2724 - entry: 2725       | exit: 2726       | 4294967295 - [2.8899999, -4.72, 0.23600006, 0.0] [3.8899999, -3.7199998, 1.2360001, 0.0]
      2725 - entry: 4294967295 | exit: 2726       | 298        - [inf, inf, inf, 0.0] [-inf, -inf, -inf, 0.0]
      2726 - entry: 2727       | exit: 2728       | 4294967295 - [3.09, -5.54, -0.17999998, 0.0] [4.09, -4.54, 0.82000005, 0.0]
      2727 - entry: 4294967295 | exit: 2728       | 9          - [inf, inf, inf, 0.0] [-inf, -inf, -inf, 0.0]
      2728 - entry: 2729       | exit: 2733       | 4294967295 - [5.75, -5.83, -0.628, 0.0] [8.66, -3.54, 1.4120001, 0.0]
      2729 - entry: 2730       | exit: 2731       | 4294967295 - [5.75, -4.54, 0.41200006, 0.0] [6.75, -3.54, 1.4120001, 0.0]
      2730 - entry: 4294967295 | exit: 2731       | 131        - [inf, inf, inf, 0.0] [-inf, -inf, -inf, 0.0]
      2731 - entry: 2732       | exit: 2733       | 4294967295 - [7.66, -5.83, -0.628, 0.0] [8.66, -4.83, 0.37199998, 0.0]
      2732 - entry: 4294967295 | exit: 2733       | 210        - [inf, inf, inf, 0.0] [-inf, -inf, -inf, 0.0]
      2733 - entry: 2734       | exit: 2753       | 4294967295 - [2.28, -10.16, 0.98, 0.0] [8.25, -4.42, 7.708, 0.0]
      2734 - entry: 2735       | exit: 2748       | 4294967295 - [2.28, -10.16, 0.98, 0.0] [7.3399997, -7.21, 5.636, 0.0]
      2735 - entry: 2736       | exit: 2743       | 4294967295 - [2.28, -10.15, 0.98, 0.0] [4.5099998, -7.21, 5.636, 0.0]
      2736 - entry: 2737       | exit: 2741       | 4294967295 - [2.28, -10.15, 0.98, 0.0] [4.5099998, -7.21, 2.436, 0.0]
      2737 - entry: 2738       | exit: 2739       | 4294967295 - [3.5099998, -10.15, 1.4360001, 0.0] [4.5099998, -9.15, 2.436, 0.0]
      2738 - entry: 4294967295 | exit: 2739       | 136        - [inf, inf, inf, 0.0] [-inf, -inf, -inf, 0.0]
      2739 - entry: 2740       | exit: 2741       | 4294967295 - [2.28, -8.21, 0.98, 0.0] [3.28, -7.21, 1.98, 0.0]
      2740 - entry: 4294967295 | exit: 2741       | 235        - [inf, inf, inf, 0.0] [-inf, -inf, -inf, 0.0]
      2741 - entry: 2742       | exit: 2743       | 4294967295 - [2.9399998, -9.26, 4.636, 0.0] [3.9399998, -8.26, 5.636, 0.0]
      2742 - entry: 4294967295 | exit: 2743       | 89         - [inf, inf, inf, 0.0] [-inf, -inf, -inf, 0.0]
      2743 - entry: 2744       | exit: 2748       | 4294967295 - [4.62, -10.16, 2.7400002, 0.0] [7.3399997, -8.2, 4.748, 0.0]
      2744 - entry: 2745       | exit: 2746       | 4294967295 - [4.62, -9.2, 2.7400002, 0.0] [5.62, -8.2, 3.7400002, 0.0]
      2745 - entry: 4294967295 | exit: 2746       | 62         - [inf, inf, inf, 0.0] [-inf, -inf, -inf, 0.0]
      2746 - entry: 2747       | exit: 2748       | 4294967295 - [6.3399997, -10.16, 3.7480001, 0.0] [7.3399997, -9.16, 4.748, 0.0]
      2747 - entry: 4294967295 | exit: 2748       | 88         - [inf, inf, inf, 0.0] [-inf, -inf, -inf, 0.0]
      2748 - entry: 2749       | exit: 2753       | 4294967295 - [3.31, -9.96, 6.4280005, 0.0] [8.25, -4.42, 7.708, 0.0]
      2749 - entry: 2750       | exit: 2751       | 4294967295 - [7.25, -9.96, 6.708, 0.0] [8.25, -8.96, 7.708, 0.0]
      2750 - entry: 4294967295 | exit: 2751       | 286        - [inf, inf, inf, 0.0] [-inf, -inf, -inf, 0.0]
      2751 - entry: 2752       | exit: 2753       | 4294967295 - [3.31, -5.42, 6.4280005, 0.0] [4.31, -4.42, 7.4280005, 0.0]
      2752 - entry: 4294967295 | exit: 2753       | 71         - [inf, inf, inf, 0.0] [-inf, -inf, -inf, 0.0]
      2753 - entry: 2754       | exit: 3097       | 4294967295 - [-0.87, -3.51, -0.78, 0.0] [9.5, 0.61, 9.5, 0.0]
      2754 - entry: 2755       | exit: 2930       | 4294967295 - [-0.87, -3.5, -0.78, 0.0] [4.5, 0.61, 9.5, 0.0]
      2755 - entry: 2756       | exit: 2841       | 4294967295 - [-0.5, -3.5, -0.78, 0.0] [4.5, 0.46, 4.5, 0.0]
      2756 - entry: 2757       | exit: 2791       | 4294967295 - [-0.5, -3.5, -0.78, 0.0] [4.5, -0.00999999, 1.5, 0.0]
      2757 - entry: 2758       | exit: 2777       | 4294967295 - [-0.5, -3.5, -0.5, 0.0] [2.57, -1.97, 1.5, 0.0]
      2758 - entry: 2759       | exit: 2769       | 4294967295 - [-0.5, -3.5, -0.5, 0.0] [1.5, -2.5, 1.5, 0.0]
      2759 - entry: 2760       | exit: 2764       | 4294967295 - [-0.5, -3.5, -0.5, 0.0] [1.5, -2.5, 0.5, 0.0]
      2760 - entry: 2761       | exit: 2762       | 4294967295 - [-0.5, -3.5, -0.5, 0.0] [0.5, -2.5, 0.5, 0.0]
      2761 - entry: 4294967295 | exit: 2762       | 765        - [inf, inf, inf, 0.0] [-inf, -inf, -inf, 0.0]
      2762 - entry: 2763       | exit: 2764       | 4294967295 - [0.5, -3.5, -0.5, 0.0] [1.5, -2.5, 0.5, 0.0]
      2763 - entry: 4294967295 | exit: 2764       | 795        - [inf, inf, inf, 0.0] [-inf, -inf, -inf, 0.0]
      2764 - entry: 2765       | exit: 2769       | 4294967295 - [-0.5, -3.5, 0.5, 0.0] [1.5, -2.5, 1.5, 0.0]
      2765 - entry: 2766       | exit: 2767       | 4294967295 - [-0.5, -3.5, 0.5, 0.0] [0.5, -2.5, 1.5, 0.0]
      2766 - entry: 4294967295 | exit: 2767       | 766        - [inf, inf, inf, 0.0] [-inf, -inf, -inf, 0.0]
      2767 - entry: 2768       | exit: 2769       | 4294967295 - [0.5, -3.5, 0.5, 0.0] [1.5, -2.5, 1.5, 0.0]
      2768 - entry: 4294967295 | exit: 2769       | 796        - [inf, inf, inf, 0.0] [-inf, -inf, -inf, 0.0]
      2769 - entry: 2770       | exit: 2777       | 4294967295 - [1.5, -3.5, -0.5, 0.0] [2.57, -1.97, 1.5, 0.0]
      2770 - entry: 2771       | exit: 2775       | 4294967295 - [1.5, -3.5, -0.5, 0.0] [2.57, -1.97, 0.676, 0.0]
      2771 - entry: 2772       | exit: 2773       | 4294967295 - [1.5, -3.5, -0.5, 0.0] [2.5, -2.5, 0.5, 0.0]
      2772 - entry: 4294967295 | exit: 2773       | 825        - [inf, inf, inf, 0.0] [-inf, -inf, -inf, 0.0]
      2773 - entry: 2774       | exit: 2775       | 4294967295 - [1.5699999, -2.97, -0.324, 0.0] [2.57, -1.97, 0.676, 0.0]
      2774 - entry: 4294967295 | exit: 2775       | 116        - [inf, inf, inf, 0.0] [-inf, -inf, -inf, 0.0]
      2775 - entry: 2776       | exit: 2777       | 4294967295 - [1.5, -3.5, 0.5, 0.0] [2.5, -2.5, 1.5, 0.0]
      2776 - entry: 4294967295 | exit: 2777       | 826        - [inf, inf, inf, 0.0] [-inf, -inf, -inf, 0.0]
      2777 - entry: 2778       | exit: 2791       | 4294967295 - [2.5, -3.5, -0.78, 0.0] [4.5, -0.00999999, 1.5, 0.0]
      2778 - entry: 2779       | exit: 2789       | 4294967295 - [2.5, -3.5, -0.5, 0.0] [4.5, -2.5, 1.5, 0.0]
      2779 - entry: 2780       | exit: 2784       | 4294967295 - [2.5, -3.5, -0.5, 0.0] [4.5, -2.5, 0.5, 0.0]
      2780 - entry: 2781       | exit: 2782       | 4294967295 - [2.5, -3.5, -0.5, 0.0] [3.5, -2.5, 0.5, 0.0]
      2781 - entry: 4294967295 | exit: 2782       | 855        - [inf, inf, inf, 0.0] [-inf, -inf, -inf, 0.0]
      2782 - entry: 2783       | exit: 2784       | 4294967295 - [3.5, -3.5, -0.5, 0.0] [4.5, -2.5, 0.5, 0.0]
      2783 - entry: 4294967295 | exit: 2784       | 885        - [inf, inf, inf, 0.0] [-inf, -inf, -inf, 0.0]
      2784 - entry: 2785       | exit: 2789       | 4294967295 - [2.5, -3.5, 0.5, 0.0] [4.5, -2.5, 1.5, 0.0]
      2785 - entry: 2786       | exit: 2787       | 4294967295 - [2.5, -3.5, 0.5, 0.0] [3.5, -2.5, 1.5, 0.0]
      2786 - entry: 4294967295 | exit: 2787       | 856        - [inf, inf, inf, 0.0] [-inf, -inf, -inf, 0.0]
      2787 - entry: 2788       | exit: 2789       | 4294967295 - [3.5, -3.5, 0.5, 0.0] [4.5, -2.5, 1.5, 0.0]
      2788 - entry: 4294967295 | exit: 2789       | 886        - [inf, inf, inf, 0.0] [-inf, -inf, -inf, 0.0]
      2789 - entry: 2790       | exit: 2791       | 4294967295 - [3.25, -1.01, -0.78, 0.0] [4.25, -0.00999999, 0.22, 0.0]
      2790 - entry: 4294967295 | exit: 2791       | 16         - [inf, inf, inf, 0.0] [-inf, -inf, -inf, 0.0]
      2791 - entry: 2792       | exit: 2841       | 4294967295 - [-0.5, -3.5, 1.5, 0.0] [4.5, 0.46, 4.5, 0.0]
      2792 - entry: 2793       | exit: 2821       | 4294967295 - [-0.5, -3.5, 1.5, 0.0] [2.5, 0.17000002, 4.5, 0.0]
      2793 - entry: 2794       | exit: 2819       | 4294967295 - [-0.5, -3.5, 1.5, 0.0] [2.5, -2.5, 4.5, 0.0]
      2794 - entry: 2795       | exit: 2802       | 4294967295 - [-0.5, -3.5, 1.5, 0.0] [2.5, -2.5, 2.5, 0.0]
      2795 - entry: 2796       | exit: 2797       | 4294967295 - [-0.5, -3.5, 1.5, 0.0] [0.5, -2.5, 2.5, 0.0]
      2796 - entry: 4294967295 | exit: 2797       | 767        - [inf, inf, inf, 0.0] [-inf, -inf, -inf, 0.0]
      2797 - entry: 2798       | exit: 2802       | 4294967295 - [0.5, -3.5, 1.5, 0.0] [2.5, -2.5, 2.5, 0.0]
      2798 - entry: 2799       | exit: 2800       | 4294967295 - [0.5, -3.5, 1.5, 0.0] [1.5, -2.5, 2.5, 0.0]
      2799 - entry: 4294967295 | exit: 2800       | 797        - [inf, inf, inf, 0.0] [-inf, -inf, -inf, 0.0]
      2800 - entry: 2801       | exit: 2802       | 4294967295 - [1.5, -3.5, 1.5, 0.0] [2.5, -2.5, 2.5, 0.0]
      2801 - entry: 4294967295 | exit: 2802       | 827        - [inf, inf, inf, 0.0] [-inf, -inf, -inf, 0.0]
      2802 - entry: 2803       | exit: 2819       | 4294967295 - [-0.5, -3.5, 2.5, 0.0] [2.5, -2.5, 4.5, 0.0]
      2803 - entry: 2804       | exit: 2808       | 4294967295 - [-0.5, -3.5, 2.5, 0.0] [0.5, -2.5, 4.5, 0.0]
      2804 - entry: 2805       | exit: 2806       | 4294967295 - [-0.5, -3.5, 2.5, 0.0] [0.5, -2.5, 3.5, 0.0]
      2805 - entry: 4294967295 | exit: 2806       | 768        - [inf, inf, inf, 0.0] [-inf, -inf, -inf, 0.0]
      2806 - entry: 2807       | exit: 2808       | 4294967295 - [-0.5, -3.5, 3.5, 0.0] [0.5, -2.5, 4.5, 0.0]
      2807 - entry: 4294967295 | exit: 2808       | 769        - [inf, inf, inf, 0.0] [-inf, -inf, -inf, 0.0]
      2808 - entry: 2809       | exit: 2819       | 4294967295 - [0.5, -3.5, 2.5, 0.0] [2.5, -2.5, 4.5, 0.0]
      2809 - entry: 2810       | exit: 2814       | 4294967295 - [0.5, -3.5, 2.5, 0.0] [2.5, -2.5, 3.5, 0.0]
      2810 - entry: 2811       | exit: 2812       | 4294967295 - [0.5, -3.5, 2.5, 0.0] [1.5, -2.5, 3.5, 0.0]
      2811 - entry: 4294967295 | exit: 2812       | 798        - [inf, inf, inf, 0.0] [-inf, -inf, -inf, 0.0]
      2812 - entry: 2813       | exit: 2814       | 4294967295 - [1.5, -3.5, 2.5, 0.0] [2.5, -2.5, 3.5, 0.0]
      2813 - entry: 4294967295 | exit: 2814       | 828        - [inf, inf, inf, 0.0] [-inf, -inf, -inf, 0.0]
      2814 - entry: 2815       | exit: 2819       | 4294967295 - [0.5, -3.5, 3.5, 0.0] [2.5, -2.5, 4.5, 0.0]
      2815 - entry: 2816       | exit: 2817       | 4294967295 - [0.5, -3.5, 3.5, 0.0] [1.5, -2.5, 4.5, 0.0]
      2816 - entry: 4294967295 | exit: 2817       | 799        - [inf, inf, inf, 0.0] [-inf, -inf, -inf, 0.0]
      2817 - entry: 2818       | exit: 2819       | 4294967295 - [1.5, -3.5, 3.5, 0.0] [2.5, -2.5, 4.5, 0.0]
      2818 - entry: 4294967295 | exit: 2819       | 829        - [inf, inf, inf, 0.0] [-inf, -inf, -inf, 0.0]
      2819 - entry: 2820       | exit: 2821       | 4294967295 - [0.029999971, -0.83, 2.7960002, 0.0] [1.03, 0.17000002, 3.7960002, 0.0]
      2820 - entry: 4294967295 | exit: 2821       | 22         - [inf, inf, inf, 0.0] [-inf, -inf, -inf, 0.0]
      2821 - entry: 2822       | exit: 2841       | 4294967295 - [2.5, -3.5, 1.5, 0.0] [4.5, 0.46, 4.5, 0.0]
      2822 - entry: 2823       | exit: 2839       | 4294967295 - [2.5, -3.5, 1.5, 0.0] [4.5, -2.5, 4.5, 0.0]
      2823 - entry: 2824       | exit: 2828       | 4294967295 - [2.5, -3.5, 1.5, 0.0] [4.5, -2.5, 2.5, 0.0]
      2824 - entry: 2825       | exit: 2826       | 4294967295 - [2.5, -3.5, 1.5, 0.0] [3.5, -2.5, 2.5, 0.0]
      2825 - entry: 4294967295 | exit: 2826       | 857        - [inf, inf, inf, 0.0] [-inf, -inf, -inf, 0.0]
      2826 - entry: 2827       | exit: 2828       | 4294967295 - [3.5, -3.5, 1.5, 0.0] [4.5, -2.5, 2.5, 0.0]
      2827 - entry: 4294967295 | exit: 2828       | 887        - [inf, inf, inf, 0.0] [-inf, -inf, -inf, 0.0]
      2828 - entry: 2829       | exit: 2839       | 4294967295 - [2.5, -3.5, 2.5, 0.0] [4.5, -2.5, 4.5, 0.0]
      2829 - entry: 2830       | exit: 2834       | 4294967295 - [2.5, -3.5, 2.5, 0.0] [4.5, -2.5, 3.5, 0.0]
      2830 - entry: 2831       | exit: 2832       | 4294967295 - [2.5, -3.5, 2.5, 0.0] [3.5, -2.5, 3.5, 0.0]
      2831 - entry: 4294967295 | exit: 2832       | 858        - [inf, inf, inf, 0.0] [-inf, -inf, -inf, 0.0]
      2832 - entry: 2833       | exit: 2834       | 4294967295 - [3.5, -3.5, 2.5, 0.0] [4.5, -2.5, 3.5, 0.0]
      2833 - entry: 4294967295 | exit: 2834       | 888        - [inf, inf, inf, 0.0] [-inf, -inf, -inf, 0.0]
      2834 - entry: 2835       | exit: 2839       | 4294967295 - [2.5, -3.5, 3.5, 0.0] [4.5, -2.5, 4.5, 0.0]
      2835 - entry: 2836       | exit: 2837       | 4294967295 - [2.5, -3.5, 3.5, 0.0] [3.5, -2.5, 4.5, 0.0]
      2836 - entry: 4294967295 | exit: 2837       | 859        - [inf, inf, inf, 0.0] [-inf, -inf, -inf, 0.0]
      2837 - entry: 2838       | exit: 2839       | 4294967295 - [3.5, -3.5, 3.5, 0.0] [4.5, -2.5, 4.5, 0.0]
      2838 - entry: 4294967295 | exit: 2839       | 889        - [inf, inf, inf, 0.0] [-inf, -inf, -inf, 0.0]
      2839 - entry: 2840       | exit: 2841       | 4294967295 - [2.8799999, -0.54, 1.6040001, 0.0] [3.8799999, 0.46, 2.604, 0.0]
      2840 - entry: 4294967295 | exit: 2841       | 30         - [inf, inf, inf, 0.0] [-inf, -inf, -inf, 0.0]
      2841 - entry: 2842       | exit: 2930       | 4294967295 - [-0.87, -3.5, 4.1720004, 0.0] [4.5, 0.61, 9.5, 0.0]
      2842 - entry: 2843       | exit: 2877       | 4294967295 - [-0.87, -3.5, 4.1720004, 0.0] [1.8, 0.61, 9.5, 0.0]
      2843 - entry: 2844       | exit: 2860       | 4294967295 - [-0.87, -3.5, 4.1720004, 0.0] [1.8, 0.61, 6.9160004, 0.0]
      2844 - entry: 2845       | exit: 2855       | 4294967295 - [-0.5, -3.5, 4.5, 0.0] [1.5, -2.5, 6.5, 0.0]
      2845 - entry: 2846       | exit: 2850       | 4294967295 - [-0.5, -3.5, 4.5, 0.0] [1.5, -2.5, 5.5, 0.0]
      2846 - entry: 2847       | exit: 2848       | 4294967295 - [-0.5, -3.5, 4.5, 0.0] [0.5, -2.5, 5.5, 0.0]
      2847 - entry: 4294967295 | exit: 2848       | 770        - [inf, inf, inf, 0.0] [-inf, -inf, -inf, 0.0]
      2848 - entry: 2849       | exit: 2850       | 4294967295 - [0.5, -3.5, 4.5, 0.0] [1.5, -2.5, 5.5, 0.0]
      2849 - entry: 4294967295 | exit: 2850       | 800        - [inf, inf, inf, 0.0] [-inf, -inf, -inf, 0.0]
      2850 - entry: 2851       | exit: 2855       | 4294967295 - [-0.5, -3.5, 5.5, 0.0] [1.5, -2.5, 6.5, 0.0]
      2851 - entry: 2852       | exit: 2853       | 4294967295 - [-0.5, -3.5, 5.5, 0.0] [0.5, -2.5, 6.5, 0.0]
      2852 - entry: 4294967295 | exit: 2853       | 771        - [inf, inf, inf, 0.0] [-inf, -inf, -inf, 0.0]
      2853 - entry: 2854       | exit: 2855       | 4294967295 - [0.5, -3.5, 5.5, 0.0] [1.5, -2.5, 6.5, 0.0]
      2854 - entry: 4294967295 | exit: 2855       | 801        - [inf, inf, inf, 0.0] [-inf, -inf, -inf, 0.0]
      2855 - entry: 2856       | exit: 2860       | 4294967295 - [-0.87, -2.1399999, 4.1720004, 0.0] [1.8, 0.61, 6.9160004, 0.0]
      2856 - entry: 2857       | exit: 2858       | 4294967295 - [-0.87, -2.1399999, 4.1720004, 0.0] [0.13, -1.14, 5.1720004, 0.0]
      2857 - entry: 4294967295 | exit: 2858       | 127        - [inf, inf, inf, 0.0] [-inf, -inf, -inf, 0.0]
      2858 - entry: 2859       | exit: 2860       | 4294967295 - [0.79999995, -0.39, 5.9160004, 0.0] [1.8, 0.61, 6.9160004, 0.0]
      2859 - entry: 4294967295 | exit: 2860       | 161        - [inf, inf, inf, 0.0] [-inf, -inf, -inf, 0.0]
      2860 - entry: 2861       | exit: 2877       | 4294967295 - [-0.5, -3.5, 6.5, 0.0] [1.5, -2.5, 9.5, 0.0]
      2861 - entry: 2862       | exit: 2866       | 4294967295 - [-0.5, -3.5, 6.5, 0.0] [1.5, -2.5, 7.5, 0.0]
      2862 - entry: 2863       | exit: 2864       | 4294967295 - [-0.5, -3.5, 6.5, 0.0] [0.5, -2.5, 7.5, 0.0]
      2863 - entry: 4294967295 | exit: 2864       | 772        - [inf, inf, inf, 0.0] [-inf, -inf, -inf, 0.0]
      2864 - entry: 2865       | exit: 2866       | 4294967295 - [0.5, -3.5, 6.5, 0.0] [1.5, -2.5, 7.5, 0.0]
      2865 - entry: 4294967295 | exit: 2866       | 802        - [inf, inf, inf, 0.0] [-inf, -inf, -inf, 0.0]
      2866 - entry: 2867       | exit: 2877       | 4294967295 - [-0.5, -3.5, 7.5, 0.0] [1.5, -2.5, 9.5, 0.0]
      2867 - entry: 2868       | exit: 2872       | 4294967295 - [-0.5, -3.5, 7.5, 0.0] [1.5, -2.5, 8.5, 0.0]
      2868 - entry: 2869       | exit: 2870       | 4294967295 - [-0.5, -3.5, 7.5, 0.0] [0.5, -2.5, 8.5, 0.0]
      2869 - entry: 4294967295 | exit: 2870       | 773        - [inf, inf, inf, 0.0] [-inf, -inf, -inf, 0.0]
      2870 - entry: 2871       | exit: 2872       | 4294967295 - [0.5, -3.5, 7.5, 0.0] [1.5, -2.5, 8.5, 0.0]
      2871 - entry: 4294967295 | exit: 2872       | 803        - [inf, inf, inf, 0.0] [-inf, -inf, -inf, 0.0]
      2872 - entry: 2873       | exit: 2877       | 4294967295 - [-0.5, -3.5, 8.5, 0.0] [1.5, -2.5, 9.5, 0.0]
      2873 - entry: 2874       | exit: 2875       | 4294967295 - [-0.5, -3.5, 8.5, 0.0] [0.5, -2.5, 9.5, 0.0]
      2874 - entry: 4294967295 | exit: 2875       | 774        - [inf, inf, inf, 0.0] [-inf, -inf, -inf, 0.0]
      2875 - entry: 2876       | exit: 2877       | 4294967295 - [0.5, -3.5, 8.5, 0.0] [1.5, -2.5, 9.5, 0.0]
      2876 - entry: 4294967295 | exit: 2877       | 804        - [inf, inf, inf, 0.0] [-inf, -inf, -inf, 0.0]
      2877 - entry: 2878       | exit: 2930       | 4294967295 - [1.5, -3.5, 4.228, 0.0] [4.5, -0.44, 9.5, 0.0]
      2878 - entry: 2879       | exit: 2901       | 4294967295 - [1.5, -3.5, 4.228, 0.0] [4.5, -0.44, 6.8440003, 0.0]
      2879 - entry: 2880       | exit: 2896       | 4294967295 - [1.5, -3.5, 4.5, 0.0] [4.5, -2.5, 6.5, 0.0]
      2880 - entry: 2881       | exit: 2885       | 4294967295 - [1.5, -3.5, 4.5, 0.0] [2.5, -2.5, 6.5, 0.0]
      2881 - entry: 2882       | exit: 2883       | 4294967295 - [1.5, -3.5, 4.5, 0.0] [2.5, -2.5, 5.5, 0.0]
      2882 - entry: 4294967295 | exit: 2883       | 830        - [inf, inf, inf, 0.0] [-inf, -inf, -inf, 0.0]
      2883 - entry: 2884       | exit: 2885       | 4294967295 - [1.5, -3.5, 5.5, 0.0] [2.5, -2.5, 6.5, 0.0]
      2884 - entry: 4294967295 | exit: 2885       | 831        - [inf, inf, inf, 0.0] [-inf, -inf, -inf, 0.0]
      2885 - entry: 2886       | exit: 2896       | 4294967295 - [2.5, -3.5, 4.5, 0.0] [4.5, -2.5, 6.5, 0.0]
      2886 - entry: 2887       | exit: 2891       | 4294967295 - [2.5, -3.5, 4.5, 0.0] [4.5, -2.5, 5.5, 0.0]
      2887 - entry: 2888       | exit: 2889       | 4294967295 - [2.5, -3.5, 4.5, 0.0] [3.5, -2.5, 5.5, 0.0]
      2888 - entry: 4294967295 | exit: 2889       | 860        - [inf, inf, inf, 0.0] [-inf, -inf, -inf, 0.0]
      2889 - entry: 2890       | exit: 2891       | 4294967295 - [3.5, -3.5, 4.5, 0.0] [4.5, -2.5, 5.5, 0.0]
      2890 - entry: 4294967295 | exit: 2891       | 890        - [inf, inf, inf, 0.0] [-inf, -inf, -inf, 0.0]
      2891 - entry: 2892       | exit: 2896       | 4294967295 - [2.5, -3.5, 5.5, 0.0] [4.5, -2.5, 6.5, 0.0]
      2892 - entry: 2893       | exit: 2894       | 4294967295 - [2.5, -3.5, 5.5, 0.0] [3.5, -2.5, 6.5, 0.0]
      2893 - entry: 4294967295 | exit: 2894       | 861        - [inf, inf, inf, 0.0] [-inf, -inf, -inf, 0.0]
      2894 - entry: 2895       | exit: 2896       | 4294967295 - [3.5, -3.5, 5.5, 0.0] [4.5, -2.5, 6.5, 0.0]
      2895 - entry: 4294967295 | exit: 2896       | 891        - [inf, inf, inf, 0.0] [-inf, -inf, -inf, 0.0]
      2896 - entry: 2897       | exit: 2901       | 4294967295 - [2.3999999, -1.67, 4.228, 0.0] [3.8999999, -0.44, 6.8440003, 0.0]
      2897 - entry: 2898       | exit: 2899       | 4294967295 - [2.3999999, -1.67, 4.228, 0.0] [3.3999999, -0.66999996, 5.228, 0.0]
      2898 - entry: 4294967295 | exit: 2899       | 158        - [inf, inf, inf, 0.0] [-inf, -inf, -inf, 0.0]
      2899 - entry: 2900       | exit: 2901       | 4294967295 - [2.8999999, -1.44, 5.8440003, 0.0] [3.8999999, -0.44, 6.8440003, 0.0]
      2900 - entry: 4294967295 | exit: 2901       | 104        - [inf, inf, inf, 0.0] [-inf, -inf, -inf, 0.0]
      2901 - entry: 2902       | exit: 2930       | 4294967295 - [1.5, -3.5, 6.5, 0.0] [4.5, -2.29, 9.5, 0.0]
      2902 - entry: 2903       | exit: 2913       | 4294967295 - [1.5, -3.5, 6.5, 0.0] [4.5, -2.29, 7.6120005, 0.0]
      2903 - entry: 2904       | exit: 2908       | 4294967295 - [1.5, -3.5, 6.5, 0.0] [2.57, -2.29, 7.6120005, 0.0]
      2904 - entry: 2905       | exit: 2906       | 4294967295 - [1.5, -3.5, 6.5, 0.0] [2.5, -2.5, 7.5, 0.0]
      2905 - entry: 4294967295 | exit: 2906       | 832        - [inf, inf, inf, 0.0] [-inf, -inf, -inf, 0.0]
      2906 - entry: 2907       | exit: 2908       | 4294967295 - [1.5699999, -3.29, 6.6120005, 0.0] [2.57, -2.29, 7.6120005, 0.0]
      2907 - entry: 4294967295 | exit: 2908       | 82         - [inf, inf, inf, 0.0] [-inf, -inf, -inf, 0.0]
      2908 - entry: 2909       | exit: 2913       | 4294967295 - [2.5, -3.5, 6.5, 0.0] [4.5, -2.5, 7.5, 0.0]
      2909 - entry: 2910       | exit: 2911       | 4294967295 - [2.5, -3.5, 6.5, 0.0] [3.5, -2.5, 7.5, 0.0]
      2910 - entry: 4294967295 | exit: 2911       | 862        - [inf, inf, inf, 0.0] [-inf, -inf, -inf, 0.0]
      2911 - entry: 2912       | exit: 2913       | 4294967295 - [3.5, -3.5, 6.5, 0.0] [4.5, -2.5, 7.5, 0.0]
      2912 - entry: 4294967295 | exit: 2913       | 892        - [inf, inf, inf, 0.0] [-inf, -inf, -inf, 0.0]
      2913 - entry: 2914       | exit: 2930       | 4294967295 - [1.5, -3.5, 7.5, 0.0] [4.5, -2.5, 9.5, 0.0]
      2914 - entry: 2915       | exit: 2919       | 4294967295 - [1.5, -3.5, 7.5, 0.0] [2.5, -2.5, 9.5, 0.0]
      2915 - entry: 2916       | exit: 2917       | 4294967295 - [1.5, -3.5, 7.5, 0.0] [2.5, -2.5, 8.5, 0.0]
      2916 - entry: 4294967295 | exit: 2917       | 833        - [inf, inf, inf, 0.0] [-inf, -inf, -inf, 0.0]
      2917 - entry: 2918       | exit: 2919       | 4294967295 - [1.5, -3.5, 8.5, 0.0] [2.5, -2.5, 9.5, 0.0]
      2918 - entry: 4294967295 | exit: 2919       | 834        - [inf, inf, inf, 0.0] [-inf, -inf, -inf, 0.0]
      2919 - entry: 2920       | exit: 2930       | 4294967295 - [2.5, -3.5, 7.5, 0.0] [4.5, -2.5, 9.5, 0.0]
      2920 - entry: 2921       | exit: 2925       | 4294967295 - [2.5, -3.5, 7.5, 0.0] [4.5, -2.5, 8.5, 0.0]
      2921 - entry: 2922       | exit: 2923       | 4294967295 - [2.5, -3.5, 7.5, 0.0] [3.5, -2.5, 8.5, 0.0]
      2922 - entry: 4294967295 | exit: 2923       | 863        - [inf, inf, inf, 0.0] [-inf, -inf, -inf, 0.0]
      2923 - entry: 2924       | exit: 2925       | 4294967295 - [3.5, -3.5, 7.5, 0.0] [4.5, -2.5, 8.5, 0.0]
      2924 - entry: 4294967295 | exit: 2925       | 893        - [inf, inf, inf, 0.0] [-inf, -inf, -inf, 0.0]
      2925 - entry: 2926       | exit: 2930       | 4294967295 - [2.5, -3.5, 8.5, 0.0] [4.5, -2.5, 9.5, 0.0]
      2926 - entry: 2927       | exit: 2928       | 4294967295 - [2.5, -3.5, 8.5, 0.0] [3.5, -2.5, 9.5, 0.0]
      2927 - entry: 4294967295 | exit: 2928       | 864        - [inf, inf, inf, 0.0] [-inf, -inf, -inf, 0.0]
      2928 - entry: 2929       | exit: 2930       | 4294967295 - [3.5, -3.5, 8.5, 0.0] [4.5, -2.5, 9.5, 0.0]
      2929 - entry: 4294967295 | exit: 2930       | 894        - [inf, inf, inf, 0.0] [-inf, -inf, -inf, 0.0]
      2930 - entry: 2931       | exit: 3097       | 4294967295 - [4.4, -3.51, -0.5, 0.0] [9.5, 0.49, 9.5, 0.0]
      2931 - entry: 2932       | exit: 3011       | 4294967295 - [4.5, -3.51, -0.5, 0.0] [9.5, -1.75, 4.5, 0.0]
      2932 - entry: 2933       | exit: 2979       | 4294967295 - [4.5, -3.5, -0.5, 0.0] [9.5, -1.75, 2.5, 0.0]
      2933 - entry: 2934       | exit: 2950       | 4294967295 - [4.5, -3.5, -0.5, 0.0] [6.5, -2.5, 2.5, 0.0]
      2934 - entry: 2935       | exit: 2939       | 4294967295 - [4.5, -3.5, -0.5, 0.0] [6.5, -2.5, 0.5, 0.0]
      2935 - entry: 2936       | exit: 2937       | 4294967295 - [4.5, -3.5, -0.5, 0.0] [5.5, -2.5, 0.5, 0.0]
      2936 - entry: 4294967295 | exit: 2937       | 915        - [inf, inf, inf, 0.0] [-inf, -inf, -inf, 0.0]
      2937 - entry: 2938       | exit: 2939       | 4294967295 - [5.5, -3.5, -0.5, 0.0] [6.5, -2.5, 0.5, 0.0]
      2938 - entry: 4294967295 | exit: 2939       | 945        - [inf, inf, inf, 0.0] [-inf, -inf, -inf, 0.0]
      2939 - entry: 2940       | exit: 2950       | 4294967295 - [4.5, -3.5, 0.5, 0.0] [6.5, -2.5, 2.5, 0.0]
      2940 - entry: 2941       | exit: 2945       | 4294967295 - [4.5, -3.5, 0.5, 0.0] [6.5, -2.5, 1.5, 0.0]
      2941 - entry: 2942       | exit: 2943       | 4294967295 - [4.5, -3.5, 0.5, 0.0] [5.5, -2.5, 1.5, 0.0]
      2942 - entry: 4294967295 | exit: 2943       | 916        - [inf, inf, inf, 0.0] [-inf, -inf, -inf, 0.0]
      2943 - entry: 2944       | exit: 2945       | 4294967295 - [5.5, -3.5, 0.5, 0.0] [6.5, -2.5, 1.5, 0.0]
      2944 - entry: 4294967295 | exit: 2945       | 946        - [inf, inf, inf, 0.0] [-inf, -inf, -inf, 0.0]
      2945 - entry: 2946       | exit: 2950       | 4294967295 - [4.5, -3.5, 1.5, 0.0] [6.5, -2.5, 2.5, 0.0]
      2946 - entry: 2947       | exit: 2948       | 4294967295 - [4.5, -3.5, 1.5, 0.0] [5.5, -2.5, 2.5, 0.0]
      2947 - entry: 4294967295 | exit: 2948       | 917        - [inf, inf, inf, 0.0] [-inf, -inf, -inf, 0.0]
      2948 - entry: 2949       | exit: 2950       | 4294967295 - [5.5, -3.5, 1.5, 0.0] [6.5, -2.5, 2.5, 0.0]
      2949 - entry: 4294967295 | exit: 2950       | 947        - [inf, inf, inf, 0.0] [-inf, -inf, -inf, 0.0]
      2950 - entry: 2951       | exit: 2979       | 4294967295 - [6.5, -3.5, -0.5, 0.0] [9.5, -1.75, 2.5, 0.0]
      2951 - entry: 2952       | exit: 2968       | 4294967295 - [6.5, -3.5, -0.5, 0.0] [9.5, -2.5, 1.5, 0.0]
      2952 - entry: 2953       | exit: 2957       | 4294967295 - [6.5, -3.5, -0.5, 0.0] [7.5, -2.5, 1.5, 0.0]
      2953 - entry: 2954       | exit: 2955       | 4294967295 - [6.5, -3.5, -0.5, 0.0] [7.5, -2.5, 0.5, 0.0]
      2954 - entry: 4294967295 | exit: 2955       | 975        - [inf, inf, inf, 0.0] [-inf, -inf, -inf, 0.0]
      2955 - entry: 2956       | exit: 2957       | 4294967295 - [6.5, -3.5, 0.5, 0.0] [7.5, -2.5, 1.5, 0.0]
      2956 - entry: 4294967295 | exit: 2957       | 976        - [inf, inf, inf, 0.0] [-inf, -inf, -inf, 0.0]
      2957 - entry: 2958       | exit: 2968       | 4294967295 - [7.5, -3.5, -0.5, 0.0] [9.5, -2.5, 1.5, 0.0]
      2958 - entry: 2959       | exit: 2963       | 4294967295 - [7.5, -3.5, -0.5, 0.0] [9.5, -2.5, 0.5, 0.0]
      2959 - entry: 2960       | exit: 2961       | 4294967295 - [7.5, -3.5, -0.5, 0.0] [8.5, -2.5, 0.5, 0.0]
      2960 - entry: 4294967295 | exit: 2961       | 1005       - [inf, inf, inf, 0.0] [-inf, -inf, -inf, 0.0]
      2961 - entry: 2962       | exit: 2963       | 4294967295 - [8.5, -3.5, -0.5, 0.0] [9.5, -2.5, 0.5, 0.0]
      2962 - entry: 4294967295 | exit: 2963       | 1035       - [inf, inf, inf, 0.0] [-inf, -inf, -inf, 0.0]
      2963 - entry: 2964       | exit: 2968       | 4294967295 - [7.5, -3.5, 0.5, 0.0] [9.5, -2.5, 1.5, 0.0]
      2964 - entry: 2965       | exit: 2966       | 4294967295 - [7.5, -3.5, 0.5, 0.0] [8.5, -2.5, 1.5, 0.0]
      2965 - entry: 4294967295 | exit: 2966       | 1006       - [inf, inf, inf, 0.0] [-inf, -inf, -inf, 0.0]
      2966 - entry: 2967       | exit: 2968       | 4294967295 - [8.5, -3.5, 0.5, 0.0] [9.5, -2.5, 1.5, 0.0]
      2967 - entry: 4294967295 | exit: 2968       | 1036       - [inf, inf, inf, 0.0] [-inf, -inf, -inf, 0.0]
      2968 - entry: 2969       | exit: 2979       | 4294967295 - [6.5, -3.5, 1.4520001, 0.0] [9.5, -1.75, 2.5, 0.0]
      2969 - entry: 2970       | exit: 2974       | 4294967295 - [6.5, -3.5, 1.4520001, 0.0] [7.58, -1.75, 2.5, 0.0]
      2970 - entry: 2971       | exit: 2972       | 4294967295 - [6.5, -3.5, 1.5, 0.0] [7.5, -2.5, 2.5, 0.0]
      2971 - entry: 4294967295 | exit: 2972       | 977        - [inf, inf, inf, 0.0] [-inf, -inf, -inf, 0.0]
      2972 - entry: 2973       | exit: 2974       | 4294967295 - [6.58, -2.75, 1.4520001, 0.0] [7.58, -1.75, 2.4520001, 0.0]
      2973 - entry: 4294967295 | exit: 2974       | 26         - [inf, inf, inf, 0.0] [-inf, -inf, -inf, 0.0]
      2974 - entry: 2975       | exit: 2979       | 4294967295 - [7.5, -3.5, 1.5, 0.0] [9.5, -2.5, 2.5, 0.0]
      2975 - entry: 2976       | exit: 2977       | 4294967295 - [7.5, -3.5, 1.5, 0.0] [8.5, -2.5, 2.5, 0.0]
      2976 - entry: 4294967295 | exit: 2977       | 1007       - [inf, inf, inf, 0.0] [-inf, -inf, -inf, 0.0]
      2977 - entry: 2978       | exit: 2979       | 4294967295 - [8.5, -3.5, 1.5, 0.0] [9.5, -2.5, 2.5, 0.0]
      2978 - entry: 4294967295 | exit: 2979       | 1037       - [inf, inf, inf, 0.0] [-inf, -inf, -inf, 0.0]
      2979 - entry: 2980       | exit: 3011       | 4294967295 - [4.5, -3.51, 2.5, 0.0] [9.5, -2.5, 4.5, 0.0]
      2980 - entry: 2981       | exit: 2997       | 4294967295 - [4.5, -3.5, 2.5, 0.0] [7.5, -2.5, 4.5, 0.0]
      2981 - entry: 2982       | exit: 2986       | 4294967295 - [4.5, -3.5, 2.5, 0.0] [5.5, -2.5, 4.5, 0.0]
      2982 - entry: 2983       | exit: 2984       | 4294967295 - [4.5, -3.5, 2.5, 0.0] [5.5, -2.5, 3.5, 0.0]
      2983 - entry: 4294967295 | exit: 2984       | 918        - [inf, inf, inf, 0.0] [-inf, -inf, -inf, 0.0]
      2984 - entry: 2985       | exit: 2986       | 4294967295 - [4.5, -3.5, 3.5, 0.0] [5.5, -2.5, 4.5, 0.0]
      2985 - entry: 4294967295 | exit: 2986       | 919        - [inf, inf, inf, 0.0] [-inf, -inf, -inf, 0.0]
      2986 - entry: 2987       | exit: 2997       | 4294967295 - [5.5, -3.5, 2.5, 0.0] [7.5, -2.5, 4.5, 0.0]
      2987 - entry: 2988       | exit: 2992       | 4294967295 - [5.5, -3.5, 2.5, 0.0] [7.5, -2.5, 3.5, 0.0]
      2988 - entry: 2989       | exit: 2990       | 4294967295 - [5.5, -3.5, 2.5, 0.0] [6.5, -2.5, 3.5, 0.0]
      2989 - entry: 4294967295 | exit: 2990       | 948        - [inf, inf, inf, 0.0] [-inf, -inf, -inf, 0.0]
      2990 - entry: 2991       | exit: 2992       | 4294967295 - [6.5, -3.5, 2.5, 0.0] [7.5, -2.5, 3.5, 0.0]
      2991 - entry: 4294967295 | exit: 2992       | 978        - [inf, inf, inf, 0.0] [-inf, -inf, -inf, 0.0]
      2992 - entry: 2993       | exit: 2997       | 4294967295 - [5.5, -3.5, 3.5, 0.0] [7.5, -2.5, 4.5, 0.0]
      2993 - entry: 2994       | exit: 2995       | 4294967295 - [5.5, -3.5, 3.5, 0.0] [6.5, -2.5, 4.5, 0.0]
      2994 - entry: 4294967295 | exit: 2995       | 949        - [inf, inf, inf, 0.0] [-inf, -inf, -inf, 0.0]
      2995 - entry: 2996       | exit: 2997       | 4294967295 - [6.5, -3.5, 3.5, 0.0] [7.5, -2.5, 4.5, 0.0]
      2996 - entry: 4294967295 | exit: 2997       | 979        - [inf, inf, inf, 0.0] [-inf, -inf, -inf, 0.0]
      2997 - entry: 2998       | exit: 3011       | 4294967295 - [7.5, -3.51, 2.5, 0.0] [9.5, -2.5, 4.5, 0.0]
      2998 - entry: 2999       | exit: 3003       | 4294967295 - [7.5, -3.5, 2.5, 0.0] [9.5, -2.5, 3.5, 0.0]
      2999 - entry: 3000       | exit: 3001       | 4294967295 - [7.5, -3.5, 2.5, 0.0] [8.5, -2.5, 3.5, 0.0]
      3000 - entry: 4294967295 | exit: 3001       | 1008       - [inf, inf, inf, 0.0] [-inf, -inf, -inf, 0.0]
      3001 - entry: 3002       | exit: 3003       | 4294967295 - [8.5, -3.5, 2.5, 0.0] [9.5, -2.5, 3.5, 0.0]
      3002 - entry: 4294967295 | exit: 3003       | 1038       - [inf, inf, inf, 0.0] [-inf, -inf, -inf, 0.0]
      3003 - entry: 3004       | exit: 3011       | 4294967295 - [7.5, -3.51, 3.4600003, 0.0] [9.5, -2.5, 4.5, 0.0]
      3004 - entry: 3005       | exit: 3006       | 4294967295 - [7.5, -3.5, 3.5, 0.0] [8.5, -2.5, 4.5, 0.0]
      3005 - entry: 4294967295 | exit: 3006       | 1009       - [inf, inf, inf, 0.0] [-inf, -inf, -inf, 0.0]
      3006 - entry: 3007       | exit: 3011       | 4294967295 - [8.26, -3.51, 3.4600003, 0.0] [9.5, -2.5, 4.5, 0.0]
      3007 - entry: 3008       | exit: 3009       | 4294967295 - [8.26, -3.51, 3.4600003, 0.0] [9.26, -2.51, 4.46, 0.0]
      3008 - entry: 4294967295 | exit: 3009       | 196        - [inf, inf, inf, 0.0] [-inf, -inf, -inf, 0.0]
      3009 - entry: 3010       | exit: 3011       | 4294967295 - [8.5, -3.5, 3.5, 0.0] [9.5, -2.5, 4.5, 0.0]
      3010 - entry: 4294967295 | exit: 3011       | 1039       - [inf, inf, inf, 0.0] [-inf, -inf, -inf, 0.0]
      3011 - entry: 3012       | exit: 3097       | 4294967295 - [4.4, -3.5, 4.5, 0.0] [9.5, 0.49, 9.5, 0.0]
      3012 - entry: 3013       | exit: 3050       | 4294967295 - [4.4, -3.5, 4.5, 0.0] [6.5, 0.49, 9.5, 0.0]
      3013 - entry: 3014       | exit: 3027       | 4294967295 - [4.5, -3.5, 4.5, 0.0] [6.5, 0.49, 6.5, 0.0]
      3014 - entry: 3015       | exit: 3025       | 4294967295 - [4.5, -3.5, 4.5, 0.0] [6.5, -2.5, 6.5, 0.0]
      3015 - entry: 3016       | exit: 3020       | 4294967295 - [4.5, -3.5, 4.5, 0.0] [6.5, -2.5, 5.5, 0.0]
      3016 - entry: 3017       | exit: 3018       | 4294967295 - [4.5, -3.5, 4.5, 0.0] [5.5, -2.5, 5.5, 0.0]
      3017 - entry: 4294967295 | exit: 3018       | 920        - [inf, inf, inf, 0.0] [-inf, -inf, -inf, 0.0]
      3018 - entry: 3019       | exit: 3020       | 4294967295 - [5.5, -3.5, 4.5, 0.0] [6.5, -2.5, 5.5, 0.0]
      3019 - entry: 4294967295 | exit: 3020       | 950        - [inf, inf, inf, 0.0] [-inf, -inf, -inf, 0.0]
      3020 - entry: 3021       | exit: 3025       | 4294967295 - [4.5, -3.5, 5.5, 0.0] [6.5, -2.5, 6.5, 0.0]
      3021 - entry: 3022       | exit: 3023       | 4294967295 - [4.5, -3.5, 5.5, 0.0] [5.5, -2.5, 6.5, 0.0]
      3022 - entry: 4294967295 | exit: 3023       | 921        - [inf, inf, inf, 0.0] [-inf, -inf, -inf, 0.0]
      3023 - entry: 3024       | exit: 3025       | 4294967295 - [5.5, -3.5, 5.5, 0.0] [6.5, -2.5, 6.5, 0.0]
      3024 - entry: 4294967295 | exit: 3025       | 951        - [inf, inf, inf, 0.0] [-inf, -inf, -inf, 0.0]
      3025 - entry: 3026       | exit: 3027       | 4294967295 - [5.15, -0.51, 4.708, 0.0] [6.15, 0.49, 5.708, 0.0]
      3026 - entry: 4294967295 | exit: 3027       | 74         - [inf, inf, inf, 0.0] [-inf, -inf, -inf, 0.0]
      3027 - entry: 3028       | exit: 3050       | 4294967295 - [4.4, -3.5, 6.5, 0.0] [6.5, 0.02000001, 9.5, 0.0]
      3028 - entry: 3029       | exit: 3045       | 4294967295 - [4.5, -3.5, 6.5, 0.0] [6.5, -2.5, 9.5, 0.0]
      3029 - entry: 3030       | exit: 3034       | 4294967295 - [4.5, -3.5, 6.5, 0.0] [6.5, -2.5, 7.5, 0.0]
      3030 - entry: 3031       | exit: 3032       | 4294967295 - [4.5, -3.5, 6.5, 0.0] [5.5, -2.5, 7.5, 0.0]
      3031 - entry: 4294967295 | exit: 3032       | 922        - [inf, inf, inf, 0.0] [-inf, -inf, -inf, 0.0]
      3032 - entry: 3033       | exit: 3034       | 4294967295 - [5.5, -3.5, 6.5, 0.0] [6.5, -2.5, 7.5, 0.0]
      3033 - entry: 4294967295 | exit: 3034       | 952        - [inf, inf, inf, 0.0] [-inf, -inf, -inf, 0.0]
      3034 - entry: 3035       | exit: 3045       | 4294967295 - [4.5, -3.5, 7.5, 0.0] [6.5, -2.5, 9.5, 0.0]
      3035 - entry: 3036       | exit: 3040       | 4294967295 - [4.5, -3.5, 7.5, 0.0] [6.5, -2.5, 8.5, 0.0]
      3036 - entry: 3037       | exit: 3038       | 4294967295 - [4.5, -3.5, 7.5, 0.0] [5.5, -2.5, 8.5, 0.0]
      3037 - entry: 4294967295 | exit: 3038       | 923        - [inf, inf, inf, 0.0] [-inf, -inf, -inf, 0.0]
      3038 - entry: 3039       | exit: 3040       | 4294967295 - [5.5, -3.5, 7.5, 0.0] [6.5, -2.5, 8.5, 0.0]
      3039 - entry: 4294967295 | exit: 3040       | 953        - [inf, inf, inf, 0.0] [-inf, -inf, -inf, 0.0]
      3040 - entry: 3041       | exit: 3045       | 4294967295 - [4.5, -3.5, 8.5, 0.0] [6.5, -2.5, 9.5, 0.0]
      3041 - entry: 3042       | exit: 3043       | 4294967295 - [4.5, -3.5, 8.5, 0.0] [5.5, -2.5, 9.5, 0.0]
      3042 - entry: 4294967295 | exit: 3043       | 924        - [inf, inf, inf, 0.0] [-inf, -inf, -inf, 0.0]
      3043 - entry: 3044       | exit: 3045       | 4294967295 - [5.5, -3.5, 8.5, 0.0] [6.5, -2.5, 9.5, 0.0]
      3044 - entry: 4294967295 | exit: 3045       | 954        - [inf, inf, inf, 0.0] [-inf, -inf, -inf, 0.0]
      3045 - entry: 3046       | exit: 3050       | 4294967295 - [4.4, -1.0699999, 7.0680003, 0.0] [5.5, 0.02000001, 8.268001, 0.0]
      3046 - entry: 3047       | exit: 3048       | 4294967295 - [4.5, -1.0699999, 7.0680003, 0.0] [5.5, -0.06999999, 8.068001, 0.0]
      3047 - entry: 4294967295 | exit: 3048       | 17         - [inf, inf, inf, 0.0] [-inf, -inf, -inf, 0.0]
      3048 - entry: 3049       | exit: 3050       | 4294967295 - [4.4, -0.98, 7.2680006, 0.0] [5.4, 0.02000001, 8.268001, 0.0]
      3049 - entry: 4294967295 | exit: 3050       | 126        - [inf, inf, inf, 0.0] [-inf, -inf, -inf, 0.0]
      3050 - entry: 3051       | exit: 3097       | 4294967295 - [6.5, -3.5, 4.5, 0.0] [9.5, -0.19999999, 9.5, 0.0]
      3051 - entry: 3052       | exit: 3080       | 4294967295 - [6.5, -3.5, 4.5, 0.0] [9.5, -0.19999999, 7.5, 0.0]
      3052 - entry: 3053       | exit: 3078       | 4294967295 - [6.5, -3.5, 4.5, 0.0] [9.5, -2.5, 7.5, 0.0]
      3053 - entry: 3054       | exit: 3061       | 4294967295 - [6.5, -3.5, 4.5, 0.0] [9.5, -2.5, 5.5, 0.0]
      3054 - entry: 3055       | exit: 3056       | 4294967295 - [6.5, -3.5, 4.5, 0.0] [7.5, -2.5, 5.5, 0.0]
      3055 - entry: 4294967295 | exit: 3056       | 980        - [inf, inf, inf, 0.0] [-inf, -inf, -inf, 0.0]
      3056 - entry: 3057       | exit: 3061       | 4294967295 - [7.5, -3.5, 4.5, 0.0] [9.5, -2.5, 5.5, 0.0]
      3057 - entry: 3058       | exit: 3059       | 4294967295 - [7.5, -3.5, 4.5, 0.0] [8.5, -2.5, 5.5, 0.0]
      3058 - entry: 4294967295 | exit: 3059       | 1010       - [inf, inf, inf, 0.0] [-inf, -inf, -inf, 0.0]
      3059 - entry: 3060       | exit: 3061       | 4294967295 - [8.5, -3.5, 4.5, 0.0] [9.5, -2.5, 5.5, 0.0]
      3060 - entry: 4294967295 | exit: 3061       | 1040       - [inf, inf, inf, 0.0] [-inf, -inf, -inf, 0.0]
      3061 - entry: 3062       | exit: 3078       | 4294967295 - [6.5, -3.5, 5.5, 0.0] [9.5, -2.5, 7.5, 0.0]
      3062 - entry: 3063       | exit: 3067       | 4294967295 - [6.5, -3.5, 5.5, 0.0] [7.5, -2.5, 7.5, 0.0]
      3063 - entry: 3064       | exit: 3065       | 4294967295 - [6.5, -3.5, 5.5, 0.0] [7.5, -2.5, 6.5, 0.0]
      3064 - entry: 4294967295 | exit: 3065       | 981        - [inf, inf, inf, 0.0] [-inf, -inf, -inf, 0.0]
      3065 - entry: 3066       | exit: 3067       | 4294967295 - [6.5, -3.5, 6.5, 0.0] [7.5, -2.5, 7.5, 0.0]
      3066 - entry: 4294967295 | exit: 3067       | 982        - [inf, inf, inf, 0.0] [-inf, -inf, -inf, 0.0]
      3067 - entry: 3068       | exit: 3078       | 4294967295 - [7.5, -3.5, 5.5, 0.0] [9.5, -2.5, 7.5, 0.0]
      3068 - entry: 3069       | exit: 3073       | 4294967295 - [7.5, -3.5, 5.5, 0.0] [9.5, -2.5, 6.5, 0.0]
      3069 - entry: 3070       | exit: 3071       | 4294967295 - [7.5, -3.5, 5.5, 0.0] [8.5, -2.5, 6.5, 0.0]
      3070 - entry: 4294967295 | exit: 3071       | 1011       - [inf, inf, inf, 0.0] [-inf, -inf, -inf, 0.0]
      3071 - entry: 3072       | exit: 3073       | 4294967295 - [8.5, -3.5, 5.5, 0.0] [9.5, -2.5, 6.5, 0.0]
      3072 - entry: 4294967295 | exit: 3073       | 1041       - [inf, inf, inf, 0.0] [-inf, -inf, -inf, 0.0]
      3073 - entry: 3074       | exit: 3078       | 4294967295 - [7.5, -3.5, 6.5, 0.0] [9.5, -2.5, 7.5, 0.0]
      3074 - entry: 3075       | exit: 3076       | 4294967295 - [7.5, -3.5, 6.5, 0.0] [8.5, -2.5, 7.5, 0.0]
      3075 - entry: 4294967295 | exit: 3076       | 1012       - [inf, inf, inf, 0.0] [-inf, -inf, -inf, 0.0]
      3076 - entry: 3077       | exit: 3078       | 4294967295 - [8.5, -3.5, 6.5, 0.0] [9.5, -2.5, 7.5, 0.0]
      3077 - entry: 4294967295 | exit: 3078       | 1042       - [inf, inf, inf, 0.0] [-inf, -inf, -inf, 0.0]
      3078 - entry: 3079       | exit: 3080       | 4294967295 - [7.3399997, -1.2, 6.4600005, 0.0] [8.34, -0.19999999, 7.4600005, 0.0]
      3079 - entry: 4294967295 | exit: 3080       | 148        - [inf, inf, inf, 0.0] [-inf, -inf, -inf, 0.0]
      3080 - entry: 3081       | exit: 3097       | 4294967295 - [6.5, -3.5, 7.5, 0.0] [9.5, -2.5, 9.5, 0.0]
      3081 - entry: 3082       | exit: 3086       | 4294967295 - [6.5, -3.5, 7.5, 0.0] [7.5, -2.5, 9.5, 0.0]
      3082 - entry: 3083       | exit: 3084       | 4294967295 - [6.5, -3.5, 7.5, 0.0] [7.5, -2.5, 8.5, 0.0]
      3083 - entry: 4294967295 | exit: 3084       | 983        - [inf, inf, inf, 0.0] [-inf, -inf, -inf, 0.0]
      3084 - entry: 3085       | exit: 3086       | 4294967295 - [6.5, -3.5, 8.5, 0.0] [7.5, -2.5, 9.5, 0.0]
      3085 - entry: 4294967295 | exit: 3086       | 984        - [inf, inf, inf, 0.0] [-inf, -inf, -inf, 0.0]
      3086 - entry: 3087       | exit: 3097       | 4294967295 - [7.5, -3.5, 7.5, 0.0] [9.5, -2.5, 9.5, 0.0]
      3087 - entry: 3088       | exit: 3092       | 4294967295 - [7.5, -3.5, 7.5, 0.0] [9.5, -2.5, 8.5, 0.0]
      3088 - entry: 3089       | exit: 3090       | 4294967295 - [7.5, -3.5, 7.5, 0.0] [8.5, -2.5, 8.5, 0.0]
      3089 - entry: 4294967295 | exit: 3090       | 1013       - [inf, inf, inf, 0.0] [-inf, -inf, -inf, 0.0]
      3090 - entry: 3091       | exit: 3092       | 4294967295 - [8.5, -3.5, 7.5, 0.0] [9.5, -2.5, 8.5, 0.0]
      3091 - entry: 4294967295 | exit: 3092       | 1043       - [inf, inf, inf, 0.0] [-inf, -inf, -inf, 0.0]
      3092 - entry: 3093       | exit: 3097       | 4294967295 - [7.5, -3.5, 8.5, 0.0] [9.5, -2.5, 9.5, 0.0]
      3093 - entry: 3094       | exit: 3095       | 4294967295 - [7.5, -3.5, 8.5, 0.0] [8.5, -2.5, 9.5, 0.0]
      3094 - entry: 4294967295 | exit: 3095       | 1014       - [inf, inf, inf, 0.0] [-inf, -inf, -inf, 0.0]
      3095 - entry: 3096       | exit: 3097       | 4294967295 - [8.5, -3.5, 8.5, 0.0] [9.5, -2.5, 9.5, 0.0]
      3096 - entry: 4294967295 | exit: 3097       | 1044       - [inf, inf, inf, 0.0] [-inf, -inf, -inf, 0.0]
      3097 - entry: 3098       | exit: 3246       | 4294967295 - [-0.5, -3.5, 9.5, 0.0] [9.5, -2.5, 14.5, 0.0]
      3098 - entry: 3099       | exit: 3172       | 4294967295 - [-0.5, -3.5, 9.5, 0.0] [4.5, -2.5, 14.5, 0.0]
      3099 - entry: 3100       | exit: 3128       | 4294967295 - [-0.5, -3.5, 9.5, 0.0] [4.5, -2.5, 11.5, 0.0]
      3100 - entry: 3101       | exit: 3111       | 4294967295 - [-0.5, -3.5, 9.5, 0.0] [1.5, -2.5, 11.5, 0.0]
      3101 - entry: 3102       | exit: 3106       | 4294967295 - [-0.5, -3.5, 9.5, 0.0] [1.5, -2.5, 10.5, 0.0]
      3102 - entry: 3103       | exit: 3104       | 4294967295 - [-0.5, -3.5, 9.5, 0.0] [0.5, -2.5, 10.5, 0.0]
      3103 - entry: 4294967295 | exit: 3104       | 775        - [inf, inf, inf, 0.0] [-inf, -inf, -inf, 0.0]
      3104 - entry: 3105       | exit: 3106       | 4294967295 - [0.5, -3.5, 9.5, 0.0] [1.5, -2.5, 10.5, 0.0]
      3105 - entry: 4294967295 | exit: 3106       | 805        - [inf, inf, inf, 0.0] [-inf, -inf, -inf, 0.0]
      3106 - entry: 3107       | exit: 3111       | 4294967295 - [-0.5, -3.5, 10.5, 0.0] [1.5, -2.5, 11.5, 0.0]
      3107 - entry: 3108       | exit: 3109       | 4294967295 - [-0.5, -3.5, 10.5, 0.0] [0.5, -2.5, 11.5, 0.0]
      3108 - entry: 4294967295 | exit: 3109       | 776        - [inf, inf, inf, 0.0] [-inf, -inf, -inf, 0.0]
      3109 - entry: 3110       | exit: 3111       | 4294967295 - [0.5, -3.5, 10.5, 0.0] [1.5, -2.5, 11.5, 0.0]
      3110 - entry: 4294967295 | exit: 3111       | 806        - [inf, inf, inf, 0.0] [-inf, -inf, -inf, 0.0]
      3111 - entry: 3112       | exit: 3128       | 4294967295 - [1.5, -3.5, 9.5, 0.0] [4.5, -2.5, 11.5, 0.0]
      3112 - entry: 3113       | exit: 3117       | 4294967295 - [1.5, -3.5, 9.5, 0.0] [2.5, -2.5, 11.5, 0.0]
      3113 - entry: 3114       | exit: 3115       | 4294967295 - [1.5, -3.5, 9.5, 0.0] [2.5, -2.5, 10.5, 0.0]
      3114 - entry: 4294967295 | exit: 3115       | 835        - [inf, inf, inf, 0.0] [-inf, -inf, -inf, 0.0]
      3115 - entry: 3116       | exit: 3117       | 4294967295 - [1.5, -3.5, 10.5, 0.0] [2.5, -2.5, 11.5, 0.0]
      3116 - entry: 4294967295 | exit: 3117       | 836        - [inf, inf, inf, 0.0] [-inf, -inf, -inf, 0.0]
      3117 - entry: 3118       | exit: 3128       | 4294967295 - [2.5, -3.5, 9.5, 0.0] [4.5, -2.5, 11.5, 0.0]
      3118 - entry: 3119       | exit: 3123       | 4294967295 - [2.5, -3.5, 9.5, 0.0] [4.5, -2.5, 10.5, 0.0]
      3119 - entry: 3120       | exit: 3121       | 4294967295 - [2.5, -3.5, 9.5, 0.0] [3.5, -2.5, 10.5, 0.0]
      3120 - entry: 4294967295 | exit: 3121       | 865        - [inf, inf, inf, 0.0] [-inf, -inf, -inf, 0.0]
      3121 - entry: 3122       | exit: 3123       | 4294967295 - [3.5, -3.5, 9.5, 0.0] [4.5, -2.5, 10.5, 0.0]
      3122 - entry: 4294967295 | exit: 3123       | 895        - [inf, inf, inf, 0.0] [-inf, -inf, -inf, 0.0]
      3123 - entry: 3124       | exit: 3128       | 4294967295 - [2.5, -3.5, 10.5, 0.0] [4.5, -2.5, 11.5, 0.0]
      3124 - entry: 3125       | exit: 3126       | 4294967295 - [2.5, -3.5, 10.5, 0.0] [3.5, -2.5, 11.5, 0.0]
      3125 - entry: 4294967295 | exit: 3126       | 866        - [inf, inf, inf, 0.0] [-inf, -inf, -inf, 0.0]
      3126 - entry: 3127       | exit: 3128       | 4294967295 - [3.5, -3.5, 10.5, 0.0] [4.5, -2.5, 11.5, 0.0]
      3127 - entry: 4294967295 | exit: 3128       | 896        - [inf, inf, inf, 0.0] [-inf, -inf, -inf, 0.0]
      3128 - entry: 3129       | exit: 3172       | 4294967295 - [-0.5, -3.5, 11.5, 0.0] [4.5, -2.5, 14.5, 0.0]
      3129 - entry: 3130       | exit: 3146       | 4294967295 - [-0.5, -3.5, 11.5, 0.0] [1.5, -2.5, 14.5, 0.0]
      3130 - entry: 3131       | exit: 3135       | 4294967295 - [-0.5, -3.5, 11.5, 0.0] [1.5, -2.5, 12.5, 0.0]
      3131 - entry: 3132       | exit: 3133       | 4294967295 - [-0.5, -3.5, 11.5, 0.0] [0.5, -2.5, 12.5, 0.0]
      3132 - entry: 4294967295 | exit: 3133       | 777        - [inf, inf, inf, 0.0] [-inf, -inf, -inf, 0.0]
      3133 - entry: 3134       | exit: 3135       | 4294967295 - [0.5, -3.5, 11.5, 0.0] [1.5, -2.5, 12.5, 0.0]
      3134 - entry: 4294967295 | exit: 3135       | 807        - [inf, inf, inf, 0.0] [-inf, -inf, -inf, 0.0]
      3135 - entry: 3136       | exit: 3146       | 4294967295 - [-0.5, -3.5, 12.5, 0.0] [1.5, -2.5, 14.5, 0.0]
      3136 - entry: 3137       | exit: 3141       | 4294967295 - [-0.5, -3.5, 12.5, 0.0] [1.5, -2.5, 13.5, 0.0]
      3137 - entry: 3138       | exit: 3139       | 4294967295 - [-0.5, -3.5, 12.5, 0.0] [0.5, -2.5, 13.5, 0.0]
      3138 - entry: 4294967295 | exit: 3139       | 778        - [inf, inf, inf, 0.0] [-inf, -inf, -inf, 0.0]
      3139 - entry: 3140       | exit: 3141       | 4294967295 - [0.5, -3.5, 12.5, 0.0] [1.5, -2.5, 13.5, 0.0]
      3140 - entry: 4294967295 | exit: 3141       | 808        - [inf, inf, inf, 0.0] [-inf, -inf, -inf, 0.0]
      3141 - entry: 3142       | exit: 3146       | 4294967295 - [-0.5, -3.5, 13.5, 0.0] [1.5, -2.5, 14.5, 0.0]
      3142 - entry: 3143       | exit: 3144       | 4294967295 - [-0.5, -3.5, 13.5, 0.0] [0.5, -2.5, 14.5, 0.0]
      3143 - entry: 4294967295 | exit: 3144       | 779        - [inf, inf, inf, 0.0] [-inf, -inf, -inf, 0.0]
      3144 - entry: 3145       | exit: 3146       | 4294967295 - [0.5, -3.5, 13.5, 0.0] [1.5, -2.5, 14.5, 0.0]
      3145 - entry: 4294967295 | exit: 3146       | 809        - [inf, inf, inf, 0.0] [-inf, -inf, -inf, 0.0]
      3146 - entry: 3147       | exit: 3172       | 4294967295 - [1.5, -3.5, 11.5, 0.0] [4.5, -2.5, 14.5, 0.0]
      3147 - entry: 3148       | exit: 3155       | 4294967295 - [1.5, -3.5, 11.5, 0.0] [4.5, -2.5, 12.5, 0.0]
      3148 - entry: 3149       | exit: 3150       | 4294967295 - [1.5, -3.5, 11.5, 0.0] [2.5, -2.5, 12.5, 0.0]
      3149 - entry: 4294967295 | exit: 3150       | 837        - [inf, inf, inf, 0.0] [-inf, -inf, -inf, 0.0]
      3150 - entry: 3151       | exit: 3155       | 4294967295 - [2.5, -3.5, 11.5, 0.0] [4.5, -2.5, 12.5, 0.0]
      3151 - entry: 3152       | exit: 3153       | 4294967295 - [2.5, -3.5, 11.5, 0.0] [3.5, -2.5, 12.5, 0.0]
      3152 - entry: 4294967295 | exit: 3153       | 867        - [inf, inf, inf, 0.0] [-inf, -inf, -inf, 0.0]
      3153 - entry: 3154       | exit: 3155       | 4294967295 - [3.5, -3.5, 11.5, 0.0] [4.5, -2.5, 12.5, 0.0]
      3154 - entry: 4294967295 | exit: 3155       | 897        - [inf, inf, inf, 0.0] [-inf, -inf, -inf, 0.0]
      3155 - entry: 3156       | exit: 3172       | 4294967295 - [1.5, -3.5, 12.5, 0.0] [4.5, -2.5, 14.5, 0.0]
      3156 - entry: 3157       | exit: 3161       | 4294967295 - [1.5, -3.5, 12.5, 0.0] [2.5, -2.5, 14.5, 0.0]
      3157 - entry: 3158       | exit: 3159       | 4294967295 - [1.5, -3.5, 12.5, 0.0] [2.5, -2.5, 13.5, 0.0]
      3158 - entry: 4294967295 | exit: 3159       | 838        - [inf, inf, inf, 0.0] [-inf, -inf, -inf, 0.0]
      3159 - entry: 3160       | exit: 3161       | 4294967295 - [1.5, -3.5, 13.5, 0.0] [2.5, -2.5, 14.5, 0.0]
      3160 - entry: 4294967295 | exit: 3161       | 839        - [inf, inf, inf, 0.0] [-inf, -inf, -inf, 0.0]
      3161 - entry: 3162       | exit: 3172       | 4294967295 - [2.5, -3.5, 12.5, 0.0] [4.5, -2.5, 14.5, 0.0]
      3162 - entry: 3163       | exit: 3167       | 4294967295 - [2.5, -3.5, 12.5, 0.0] [4.5, -2.5, 13.5, 0.0]
      3163 - entry: 3164       | exit: 3165       | 4294967295 - [2.5, -3.5, 12.5, 0.0] [3.5, -2.5, 13.5, 0.0]
      3164 - entry: 4294967295 | exit: 3165       | 868        - [inf, inf, inf, 0.0] [-inf, -inf, -inf, 0.0]
      3165 - entry: 3166       | exit: 3167       | 4294967295 - [3.5, -3.5, 12.5, 0.0] [4.5, -2.5, 13.5, 0.0]
      3166 - entry: 4294967295 | exit: 3167       | 898        - [inf, inf, inf, 0.0] [-inf, -inf, -inf, 0.0]
      3167 - entry: 3168       | exit: 3172       | 4294967295 - [2.5, -3.5, 13.5, 0.0] [4.5, -2.5, 14.5, 0.0]
      3168 - entry: 3169       | exit: 3170       | 4294967295 - [2.5, -3.5, 13.5, 0.0] [3.5, -2.5, 14.5, 0.0]
      3169 - entry: 4294967295 | exit: 3170       | 869        - [inf, inf, inf, 0.0] [-inf, -inf, -inf, 0.0]
      3170 - entry: 3171       | exit: 3172       | 4294967295 - [3.5, -3.5, 13.5, 0.0] [4.5, -2.5, 14.5, 0.0]
      3171 - entry: 4294967295 | exit: 3172       | 899        - [inf, inf, inf, 0.0] [-inf, -inf, -inf, 0.0]
      3172 - entry: 3173       | exit: 3246       | 4294967295 - [4.5, -3.5, 9.5, 0.0] [9.5, -2.5, 14.5, 0.0]
      3173 - entry: 3174       | exit: 3202       | 4294967295 - [4.5, -3.5, 9.5, 0.0] [9.5, -2.5, 11.5, 0.0]
      3174 - entry: 3175       | exit: 3185       | 4294967295 - [4.5, -3.5, 9.5, 0.0] [6.5, -2.5, 11.5, 0.0]
      3175 - entry: 3176       | exit: 3180       | 4294967295 - [4.5, -3.5, 9.5, 0.0] [6.5, -2.5, 10.5, 0.0]
      3176 - entry: 3177       | exit: 3178       | 4294967295 - [4.5, -3.5, 9.5, 0.0] [5.5, -2.5, 10.5, 0.0]
      3177 - entry: 4294967295 | exit: 3178       | 925        - [inf, inf, inf, 0.0] [-inf, -inf, -inf, 0.0]
      3178 - entry: 3179       | exit: 3180       | 4294967295 - [5.5, -3.5, 9.5, 0.0] [6.5, -2.5, 10.5, 0.0]
      3179 - entry: 4294967295 | exit: 3180       | 955        - [inf, inf, inf, 0.0] [-inf, -inf, -inf, 0.0]
      3180 - entry: 3181       | exit: 3185       | 4294967295 - [4.5, -3.5, 10.5, 0.0] [6.5, -2.5, 11.5, 0.0]
      3181 - entry: 3182       | exit: 3183       | 4294967295 - [4.5, -3.5, 10.5, 0.0] [5.5, -2.5, 11.5, 0.0]
      3182 - entry: 4294967295 | exit: 3183       | 926        - [inf, inf, inf, 0.0] [-inf, -inf, -inf, 0.0]
      3183 - entry: 3184       | exit: 3185       | 4294967295 - [5.5, -3.5, 10.5, 0.0] [6.5, -2.5, 11.5, 0.0]
      3184 - entry: 4294967295 | exit: 3185       | 956        - [inf, inf, inf, 0.0] [-inf, -inf, -inf, 0.0]
      3185 - entry: 3186       | exit: 3202       | 4294967295 - [6.5, -3.5, 9.5, 0.0] [9.5, -2.5, 11.5, 0.0]
      3186 - entry: 3187       | exit: 3191       | 4294967295 - [6.5, -3.5, 9.5, 0.0] [7.5, -2.5, 11.5, 0.0]
      3187 - entry: 3188       | exit: 3189       | 4294967295 - [6.5, -3.5, 9.5, 0.0] [7.5, -2.5, 10.5, 0.0]
      3188 - entry: 4294967295 | exit: 3189       | 985        - [inf, inf, inf, 0.0] [-inf, -inf, -inf, 0.0]
      3189 - entry: 3190       | exit: 3191       | 4294967295 - [6.5, -3.5, 10.5, 0.0] [7.5, -2.5, 11.5, 0.0]
      3190 - entry: 4294967295 | exit: 3191       | 986        - [inf, inf, inf, 0.0] [-inf, -inf, -inf, 0.0]
      3191 - entry: 3192       | exit: 3202       | 4294967295 - [7.5, -3.5, 9.5, 0.0] [9.5, -2.5, 11.5, 0.0]
      3192 - entry: 3193       | exit: 3197       | 4294967295 - [7.5, -3.5, 9.5, 0.0] [9.5, -2.5, 10.5, 0.0]
      3193 - entry: 3194       | exit: 3195       | 4294967295 - [7.5, -3.5, 9.5, 0.0] [8.5, -2.5, 10.5, 0.0]
      3194 - entry: 4294967295 | exit: 3195       | 1015       - [inf, inf, inf, 0.0] [-inf, -inf, -inf, 0.0]
      3195 - entry: 3196       | exit: 3197       | 4294967295 - [8.5, -3.5, 9.5, 0.0] [9.5, -2.5, 10.5, 0.0]
      3196 - entry: 4294967295 | exit: 3197       | 1045       - [inf, inf, inf, 0.0] [-inf, -inf, -inf, 0.0]
      3197 - entry: 3198       | exit: 3202       | 4294967295 - [7.5, -3.5, 10.5, 0.0] [9.5, -2.5, 11.5, 0.0]
      3198 - entry: 3199       | exit: 3200       | 4294967295 - [7.5, -3.5, 10.5, 0.0] [8.5, -2.5, 11.5, 0.0]
      3199 - entry: 4294967295 | exit: 3200       | 1016       - [inf, inf, inf, 0.0] [-inf, -inf, -inf, 0.0]
      3200 - entry: 3201       | exit: 3202       | 4294967295 - [8.5, -3.5, 10.5, 0.0] [9.5, -2.5, 11.5, 0.0]
      3201 - entry: 4294967295 | exit: 3202       | 1046       - [inf, inf, inf, 0.0] [-inf, -inf, -inf, 0.0]
      3202 - entry: 3203       | exit: 3246       | 4294967295 - [4.5, -3.5, 11.5, 0.0] [9.5, -2.5, 14.5, 0.0]
      3203 - entry: 3204       | exit: 3220       | 4294967295 - [4.5, -3.5, 11.5, 0.0] [6.5, -2.5, 14.5, 0.0]
      3204 - entry: 3205       | exit: 3209       | 4294967295 - [4.5, -3.5, 11.5, 0.0] [6.5, -2.5, 12.5, 0.0]
      3205 - entry: 3206       | exit: 3207       | 4294967295 - [4.5, -3.5, 11.5, 0.0] [5.5, -2.5, 12.5, 0.0]
      3206 - entry: 4294967295 | exit: 3207       | 927        - [inf, inf, inf, 0.0] [-inf, -inf, -inf, 0.0]
      3207 - entry: 3208       | exit: 3209       | 4294967295 - [5.5, -3.5, 11.5, 0.0] [6.5, -2.5, 12.5, 0.0]
      3208 - entry: 4294967295 | exit: 3209       | 957        - [inf, inf, inf, 0.0] [-inf, -inf, -inf, 0.0]
      3209 - entry: 3210       | exit: 3220       | 4294967295 - [4.5, -3.5, 12.5, 0.0] [6.5, -2.5, 14.5, 0.0]
      3210 - entry: 3211       | exit: 3215       | 4294967295 - [4.5, -3.5, 12.5, 0.0] [6.5, -2.5, 13.5, 0.0]
      3211 - entry: 3212       | exit: 3213       | 4294967295 - [4.5, -3.5, 12.5, 0.0] [5.5, -2.5, 13.5, 0.0]
      3212 - entry: 4294967295 | exit: 3213       | 928        - [inf, inf, inf, 0.0] [-inf, -inf, -inf, 0.0]
      3213 - entry: 3214       | exit: 3215       | 4294967295 - [5.5, -3.5, 12.5, 0.0] [6.5, -2.5, 13.5, 0.0]
      3214 - entry: 4294967295 | exit: 3215       | 958        - [inf, inf, inf, 0.0] [-inf, -inf, -inf, 0.0]
      3215 - entry: 3216       | exit: 3220       | 4294967295 - [4.5, -3.5, 13.5, 0.0] [6.5, -2.5, 14.5, 0.0]
      3216 - entry: 3217       | exit: 3218       | 4294967295 - [4.5, -3.5, 13.5, 0.0] [5.5, -2.5, 14.5, 0.0]
      3217 - entry: 4294967295 | exit: 3218       | 929        - [inf, inf, inf, 0.0] [-inf, -inf, -inf, 0.0]
      3218 - entry: 3219       | exit: 3220       | 4294967295 - [5.5, -3.5, 13.5, 0.0] [6.5, -2.5, 14.5, 0.0]
      3219 - entry: 4294967295 | exit: 3220       | 959        - [inf, inf, inf, 0.0] [-inf, -inf, -inf, 0.0]
      3220 - entry: 3221       | exit: 3246       | 4294967295 - [6.5, -3.5, 11.5, 0.0] [9.5, -2.5, 14.5, 0.0]
      3221 - entry: 3222       | exit: 3229       | 4294967295 - [6.5, -3.5, 11.5, 0.0] [9.5, -2.5, 12.5, 0.0]
      3222 - entry: 3223       | exit: 3224       | 4294967295 - [6.5, -3.5, 11.5, 0.0] [7.5, -2.5, 12.5, 0.0]
      3223 - entry: 4294967295 | exit: 3224       | 987        - [inf, inf, inf, 0.0] [-inf, -inf, -inf, 0.0]
      3224 - entry: 3225       | exit: 3229       | 4294967295 - [7.5, -3.5, 11.5, 0.0] [9.5, -2.5, 12.5, 0.0]
      3225 - entry: 3226       | exit: 3227       | 4294967295 - [7.5, -3.5, 11.5, 0.0] [8.5, -2.5, 12.5, 0.0]
      3226 - entry: 4294967295 | exit: 3227       | 1017       - [inf, inf, inf, 0.0] [-inf, -inf, -inf, 0.0]
      3227 - entry: 3228       | exit: 3229       | 4294967295 - [8.5, -3.5, 11.5, 0.0] [9.5, -2.5, 12.5, 0.0]
      3228 - entry: 4294967295 | exit: 3229       | 1047       - [inf, inf, inf, 0.0] [-inf, -inf, -inf, 0.0]
      3229 - entry: 3230       | exit: 3246       | 4294967295 - [6.5, -3.5, 12.5, 0.0] [9.5, -2.5, 14.5, 0.0]
      3230 - entry: 3231       | exit: 3235       | 4294967295 - [6.5, -3.5, 12.5, 0.0] [7.5, -2.5, 14.5, 0.0]
      3231 - entry: 3232       | exit: 3233       | 4294967295 - [6.5, -3.5, 12.5, 0.0] [7.5, -2.5, 13.5, 0.0]
      3232 - entry: 4294967295 | exit: 3233       | 988        - [inf, inf, inf, 0.0] [-inf, -inf, -inf, 0.0]
      3233 - entry: 3234       | exit: 3235       | 4294967295 - [6.5, -3.5, 13.5, 0.0] [7.5, -2.5, 14.5, 0.0]
      3234 - entry: 4294967295 | exit: 3235       | 989        - [inf, inf, inf, 0.0] [-inf, -inf, -inf, 0.0]
      3235 - entry: 3236       | exit: 3246       | 4294967295 - [7.5, -3.5, 12.5, 0.0] [9.5, -2.5, 14.5, 0.0]
      3236 - entry: 3237       | exit: 3241       | 4294967295 - [7.5, -3.5, 12.5, 0.0] [9.5, -2.5, 13.5, 0.0]
      3237 - entry: 3238       | exit: 3239       | 4294967295 - [7.5, -3.5, 12.5, 0.0] [8.5, -2.5, 13.5, 0.0]
      3238 - entry: 4294967295 | exit: 3239       | 1018       - [inf, inf, inf, 0.0] [-inf, -inf, -inf, 0.0]
      3239 - entry: 3240       | exit: 3241       | 4294967295 - [8.5, -3.5, 12.5, 0.0] [9.5, -2.5, 13.5, 0.0]
      3240 - entry: 4294967295 | exit: 3241       | 1048       - [inf, inf, inf, 0.0] [-inf, -inf, -inf, 0.0]
      3241 - entry: 3242       | exit: 3246       | 4294967295 - [7.5, -3.5, 13.5, 0.0] [9.5, -2.5, 14.5, 0.0]
      3242 - entry: 3243       | exit: 3244       | 4294967295 - [7.5, -3.5, 13.5, 0.0] [8.5, -2.5, 14.5, 0.0]
      3243 - entry: 4294967295 | exit: 3244       | 1019       - [inf, inf, inf, 0.0] [-inf, -inf, -inf, 0.0]
      3244 - entry: 3245       | exit: 3246       | 4294967295 - [8.5, -3.5, 13.5, 0.0] [9.5, -2.5, 14.5, 0.0]
      3245 - entry: 4294967295 | exit: 3246       | 1049       - [inf, inf, inf, 0.0] [-inf, -inf, -inf, 0.0]
      3246 - entry: 3247       | exit: 3476       | 4294967295 - [9.03, -3.5, -0.5, 0.0] [14.5, 0.39, 14.5, 0.0]
      3247 - entry: 3248       | exit: 3372       | 4294967295 - [9.03, -3.5, -0.5, 0.0] [14.5, 0.39, 7.5, 0.0]
      3248 - entry: 3249       | exit: 3322       | 4294967295 - [9.5, -3.5, -0.5, 0.0] [14.5, -2.5, 4.5, 0.0]
      3249 - entry: 3250       | exit: 3278       | 4294967295 - [9.5, -3.5, -0.5, 0.0] [14.5, -2.5, 1.5, 0.0]
      3250 - entry: 3251       | exit: 3261       | 4294967295 - [9.5, -3.5, -0.5, 0.0] [11.5, -2.5, 1.5, 0.0]
      3251 - entry: 3252       | exit: 3256       | 4294967295 - [9.5, -3.5, -0.5, 0.0] [11.5, -2.5, 0.5, 0.0]
      3252 - entry: 3253       | exit: 3254       | 4294967295 - [9.5, -3.5, -0.5, 0.0] [10.5, -2.5, 0.5, 0.0]
      3253 - entry: 4294967295 | exit: 3254       | 1065       - [inf, inf, inf, 0.0] [-inf, -inf, -inf, 0.0]
      3254 - entry: 3255       | exit: 3256       | 4294967295 - [10.5, -3.5, -0.5, 0.0] [11.5, -2.5, 0.5, 0.0]
      3255 - entry: 4294967295 | exit: 3256       | 1095       - [inf, inf, inf, 0.0] [-inf, -inf, -inf, 0.0]
      3256 - entry: 3257       | exit: 3261       | 4294967295 - [9.5, -3.5, 0.5, 0.0] [11.5, -2.5, 1.5, 0.0]
      3257 - entry: 3258       | exit: 3259       | 4294967295 - [9.5, -3.5, 0.5, 0.0] [10.5, -2.5, 1.5, 0.0]
      3258 - entry: 4294967295 | exit: 3259       | 1066       - [inf, inf, inf, 0.0] [-inf, -inf, -inf, 0.0]
      3259 - entry: 3260       | exit: 3261       | 4294967295 - [10.5, -3.5, 0.5, 0.0] [11.5, -2.5, 1.5, 0.0]
      3260 - entry: 4294967295 | exit: 3261       | 1096       - [inf, inf, inf, 0.0] [-inf, -inf, -inf, 0.0]
      3261 - entry: 3262       | exit: 3278       | 4294967295 - [11.5, -3.5, -0.5, 0.0] [14.5, -2.5, 1.5, 0.0]
      3262 - entry: 3263       | exit: 3267       | 4294967295 - [11.5, -3.5, -0.5, 0.0] [12.5, -2.5, 1.5, 0.0]
      3263 - entry: 3264       | exit: 3265       | 4294967295 - [11.5, -3.5, -0.5, 0.0] [12.5, -2.5, 0.5, 0.0]
      3264 - entry: 4294967295 | exit: 3265       | 1125       - [inf, inf, inf, 0.0] [-inf, -inf, -inf, 0.0]
      3265 - entry: 3266       | exit: 3267       | 4294967295 - [11.5, -3.5, 0.5, 0.0] [12.5, -2.5, 1.5, 0.0]
      3266 - entry: 4294967295 | exit: 3267       | 1126       - [inf, inf, inf, 0.0] [-inf, -inf, -inf, 0.0]
      3267 - entry: 3268       | exit: 3278       | 4294967295 - [12.5, -3.5, -0.5, 0.0] [14.5, -2.5, 1.5, 0.0]
      3268 - entry: 3269       | exit: 3273       | 4294967295 - [12.5, -3.5, -0.5, 0.0] [14.5, -2.5, 0.5, 0.0]
      3269 - entry: 3270       | exit: 3271       | 4294967295 - [12.5, -3.5, -0.5, 0.0] [13.5, -2.5, 0.5, 0.0]
      3270 - entry: 4294967295 | exit: 3271       | 1155       - [inf, inf, inf, 0.0] [-inf, -inf, -inf, 0.0]
      3271 - entry: 3272       | exit: 3273       | 4294967295 - [13.5, -3.5, -0.5, 0.0] [14.5, -2.5, 0.5, 0.0]
      3272 - entry: 4294967295 | exit: 3273       | 1185       - [inf, inf, inf, 0.0] [-inf, -inf, -inf, 0.0]
      3273 - entry: 3274       | exit: 3278       | 4294967295 - [12.5, -3.5, 0.5, 0.0] [14.5, -2.5, 1.5, 0.0]
      3274 - entry: 3275       | exit: 3276       | 4294967295 - [12.5, -3.5, 0.5, 0.0] [13.5, -2.5, 1.5, 0.0]
      3275 - entry: 4294967295 | exit: 3276       | 1156       - [inf, inf, inf, 0.0] [-inf, -inf, -inf, 0.0]
      3276 - entry: 3277       | exit: 3278       | 4294967295 - [13.5, -3.5, 0.5, 0.0] [14.5, -2.5, 1.5, 0.0]
      3277 - entry: 4294967295 | exit: 3278       | 1186       - [inf, inf, inf, 0.0] [-inf, -inf, -inf, 0.0]
      3278 - entry: 3279       | exit: 3322       | 4294967295 - [9.5, -3.5, 1.5, 0.0] [14.5, -2.5, 4.5, 0.0]
      3279 - entry: 3280       | exit: 3296       | 4294967295 - [9.5, -3.5, 1.5, 0.0] [11.5, -2.5, 4.5, 0.0]
      3280 - entry: 3281       | exit: 3285       | 4294967295 - [9.5, -3.5, 1.5, 0.0] [11.5, -2.5, 2.5, 0.0]
      3281 - entry: 3282       | exit: 3283       | 4294967295 - [9.5, -3.5, 1.5, 0.0] [10.5, -2.5, 2.5, 0.0]
      3282 - entry: 4294967295 | exit: 3283       | 1067       - [inf, inf, inf, 0.0] [-inf, -inf, -inf, 0.0]
      3283 - entry: 3284       | exit: 3285       | 4294967295 - [10.5, -3.5, 1.5, 0.0] [11.5, -2.5, 2.5, 0.0]
      3284 - entry: 4294967295 | exit: 3285       | 1097       - [inf, inf, inf, 0.0] [-inf, -inf, -inf, 0.0]
      3285 - entry: 3286       | exit: 3296       | 4294967295 - [9.5, -3.5, 2.5, 0.0] [11.5, -2.5, 4.5, 0.0]
      3286 - entry: 3287       | exit: 3291       | 4294967295 - [9.5, -3.5, 2.5, 0.0] [11.5, -2.5, 3.5, 0.0]
      3287 - entry: 3288       | exit: 3289       | 4294967295 - [9.5, -3.5, 2.5, 0.0] [10.5, -2.5, 3.5, 0.0]
      3288 - entry: 4294967295 | exit: 3289       | 1068       - [inf, inf, inf, 0.0] [-inf, -inf, -inf, 0.0]
      3289 - entry: 3290       | exit: 3291       | 4294967295 - [10.5, -3.5, 2.5, 0.0] [11.5, -2.5, 3.5, 0.0]
      3290 - entry: 4294967295 | exit: 3291       | 1098       - [inf, inf, inf, 0.0] [-inf, -inf, -inf, 0.0]
      3291 - entry: 3292       | exit: 3296       | 4294967295 - [9.5, -3.5, 3.5, 0.0] [11.5, -2.5, 4.5, 0.0]
      3292 - entry: 3293       | exit: 3294       | 4294967295 - [9.5, -3.5, 3.5, 0.0] [10.5, -2.5, 4.5, 0.0]
      3293 - entry: 4294967295 | exit: 3294       | 1069       - [inf, inf, inf, 0.0] [-inf, -inf, -inf, 0.0]
      3294 - entry: 3295       | exit: 3296       | 4294967295 - [10.5, -3.5, 3.5, 0.0] [11.5, -2.5, 4.5, 0.0]
      3295 - entry: 4294967295 | exit: 3296       | 1099       - [inf, inf, inf, 0.0] [-inf, -inf, -inf, 0.0]
      3296 - entry: 3297       | exit: 3322       | 4294967295 - [11.5, -3.5, 1.5, 0.0] [14.5, -2.5, 4.5, 0.0]
      3297 - entry: 3298       | exit: 3305       | 4294967295 - [11.5, -3.5, 1.5, 0.0] [14.5, -2.5, 2.5, 0.0]
      3298 - entry: 3299       | exit: 3300       | 4294967295 - [11.5, -3.5, 1.5, 0.0] [12.5, -2.5, 2.5, 0.0]
      3299 - entry: 4294967295 | exit: 3300       | 1127       - [inf, inf, inf, 0.0] [-inf, -inf, -inf, 0.0]
      3300 - entry: 3301       | exit: 3305       | 4294967295 - [12.5, -3.5, 1.5, 0.0] [14.5, -2.5, 2.5, 0.0]
      3301 - entry: 3302       | exit: 3303       | 4294967295 - [12.5, -3.5, 1.5, 0.0] [13.5, -2.5, 2.5, 0.0]
      3302 - entry: 4294967295 | exit: 3303       | 1157       - [inf, inf, inf, 0.0] [-inf, -inf, -inf, 0.0]
      3303 - entry: 3304       | exit: 3305       | 4294967295 - [13.5, -3.5, 1.5, 0.0] [14.5, -2.5, 2.5, 0.0]
      3304 - entry: 4294967295 | exit: 3305       | 1187       - [inf, inf, inf, 0.0] [-inf, -inf, -inf, 0.0]
      3305 - entry: 3306       | exit: 3322       | 4294967295 - [11.5, -3.5, 2.5, 0.0] [14.5, -2.5, 4.5, 0.0]
      3306 - entry: 3307       | exit: 3311       | 4294967295 - [11.5, -3.5, 2.5, 0.0] [12.5, -2.5, 4.5, 0.0]
      3307 - entry: 3308       | exit: 3309       | 4294967295 - [11.5, -3.5, 2.5, 0.0] [12.5, -2.5, 3.5, 0.0]
      3308 - entry: 4294967295 | exit: 3309       | 1128       - [inf, inf, inf, 0.0] [-inf, -inf, -inf, 0.0]
      3309 - entry: 3310       | exit: 3311       | 4294967295 - [11.5, -3.5, 3.5, 0.0] [12.5, -2.5, 4.5, 0.0]
      3310 - entry: 4294967295 | exit: 3311       | 1129       - [inf, inf, inf, 0.0] [-inf, -inf, -inf, 0.0]
      3311 - entry: 3312       | exit: 3322       | 4294967295 - [12.5, -3.5, 2.5, 0.0] [14.5, -2.5, 4.5, 0.0]
      3312 - entry: 3313       | exit: 3317       | 4294967295 - [12.5, -3.5, 2.5, 0.0] [14.5, -2.5, 3.5, 0.0]
      3313 - entry: 3314       | exit: 3315       | 4294967295 - [12.5, -3.5, 2.5, 0.0] [13.5, -2.5, 3.5, 0.0]
      3314 - entry: 4294967295 | exit: 3315       | 1158       - [inf, inf, inf, 0.0] [-inf, -inf, -inf, 0.0]
      3315 - entry: 3316       | exit: 3317       | 4294967295 - [13.5, -3.5, 2.5, 0.0] [14.5, -2.5, 3.5, 0.0]
      3316 - entry: 4294967295 | exit: 3317       | 1188       - [inf, inf, inf, 0.0] [-inf, -inf, -inf, 0.0]
      3317 - entry: 3318       | exit: 3322       | 4294967295 - [12.5, -3.5, 3.5, 0.0] [14.5, -2.5, 4.5, 0.0]
      3318 - entry: 3319       | exit: 3320       | 4294967295 - [12.5, -3.5, 3.5, 0.0] [13.5, -2.5, 4.5, 0.0]
      3319 - entry: 4294967295 | exit: 3320       | 1159       - [inf, inf, inf, 0.0] [-inf, -inf, -inf, 0.0]
      3320 - entry: 3321       | exit: 3322       | 4294967295 - [13.5, -3.5, 3.5, 0.0] [14.5, -2.5, 4.5, 0.0]
      3321 - entry: 4294967295 | exit: 3322       | 1189       - [inf, inf, inf, 0.0] [-inf, -inf, -inf, 0.0]
      3322 - entry: 3323       | exit: 3372       | 4294967295 - [9.03, -3.5, 4.5, 0.0] [14.5, 0.39, 7.5, 0.0]
      3323 - entry: 3324       | exit: 3337       | 4294967295 - [9.03, -3.5, 4.5, 0.0] [10.5, 0.39, 7.5, 0.0]
      3324 - entry: 3325       | exit: 3332       | 4294967295 - [9.5, -3.5, 4.5, 0.0] [10.5, -2.5, 7.5, 0.0]
      3325 - entry: 3326       | exit: 3327       | 4294967295 - [9.5, -3.5, 4.5, 0.0] [10.5, -2.5, 5.5, 0.0]
      3326 - entry: 4294967295 | exit: 3327       | 1070       - [inf, inf, inf, 0.0] [-inf, -inf, -inf, 0.0]
      3327 - entry: 3328       | exit: 3332       | 4294967295 - [9.5, -3.5, 5.5, 0.0] [10.5, -2.5, 7.5, 0.0]
      3328 - entry: 3329       | exit: 3330       | 4294967295 - [9.5, -3.5, 5.5, 0.0] [10.5, -2.5, 6.5, 0.0]
      3329 - entry: 4294967295 | exit: 3330       | 1071       - [inf, inf, inf, 0.0] [-inf, -inf, -inf, 0.0]
      3330 - entry: 3331       | exit: 3332       | 4294967295 - [9.5, -3.5, 6.5, 0.0] [10.5, -2.5, 7.5, 0.0]
      3331 - entry: 4294967295 | exit: 3332       | 1072       - [inf, inf, inf, 0.0] [-inf, -inf, -inf, 0.0]
      3332 - entry: 3333       | exit: 3337       | 4294967295 - [9.03, -2.97, 4.708, 0.0] [10.4, 0.39, 5.852, 0.0]
      3333 - entry: 3334       | exit: 3335       | 4294967295 - [9.03, -2.97, 4.708, 0.0] [10.03, -1.97, 5.708, 0.0]
      3334 - entry: 4294967295 | exit: 3335       | 154        - [inf, inf, inf, 0.0] [-inf, -inf, -inf, 0.0]
      3335 - entry: 3336       | exit: 3337       | 4294967295 - [9.4, -0.61, 4.852, 0.0] [10.4, 0.39, 5.852, 0.0]
      3336 - entry: 4294967295 | exit: 3337       | 269        - [inf, inf, inf, 0.0] [-inf, -inf, -inf, 0.0]
      3337 - entry: 3338       | exit: 3372       | 4294967295 - [10.5, -3.5, 4.5, 0.0] [14.5, -2.5, 7.5, 0.0]
      3338 - entry: 3339       | exit: 3355       | 4294967295 - [10.5, -3.5, 4.5, 0.0] [12.5, -2.5, 7.5, 0.0]
      3339 - entry: 3340       | exit: 3344       | 4294967295 - [10.5, -3.5, 4.5, 0.0] [12.5, -2.5, 5.5, 0.0]
      3340 - entry: 3341       | exit: 3342       | 4294967295 - [10.5, -3.5, 4.5, 0.0] [11.5, -2.5, 5.5, 0.0]
      3341 - entry: 4294967295 | exit: 3342       | 1100       - [inf, inf, inf, 0.0] [-inf, -inf, -inf, 0.0]
      3342 - entry: 3343       | exit: 3344       | 4294967295 - [11.5, -3.5, 4.5, 0.0] [12.5, -2.5, 5.5, 0.0]
      3343 - entry: 4294967295 | exit: 3344       | 1130       - [inf, inf, inf, 0.0] [-inf, -inf, -inf, 0.0]
      3344 - entry: 3345       | exit: 3355       | 4294967295 - [10.5, -3.5, 5.5, 0.0] [12.5, -2.5, 7.5, 0.0]
      3345 - entry: 3346       | exit: 3350       | 4294967295 - [10.5, -3.5, 5.5, 0.0] [12.5, -2.5, 6.5, 0.0]
      3346 - entry: 3347       | exit: 3348       | 4294967295 - [10.5, -3.5, 5.5, 0.0] [11.5, -2.5, 6.5, 0.0]
      3347 - entry: 4294967295 | exit: 3348       | 1101       - [inf, inf, inf, 0.0] [-inf, -inf, -inf, 0.0]
      3348 - entry: 3349       | exit: 3350       | 4294967295 - [11.5, -3.5, 5.5, 0.0] [12.5, -2.5, 6.5, 0.0]
      3349 - entry: 4294967295 | exit: 3350       | 1131       - [inf, inf, inf, 0.0] [-inf, -inf, -inf, 0.0]
      3350 - entry: 3351       | exit: 3355       | 4294967295 - [10.5, -3.5, 6.5, 0.0] [12.5, -2.5, 7.5, 0.0]
      3351 - entry: 3352       | exit: 3353       | 4294967295 - [10.5, -3.5, 6.5, 0.0] [11.5, -2.5, 7.5, 0.0]
      3352 - entry: 4294967295 | exit: 3353       | 1102       - [inf, inf, inf, 0.0] [-inf, -inf, -inf, 0.0]
      3353 - entry: 3354       | exit: 3355       | 4294967295 - [11.5, -3.5, 6.5, 0.0] [12.5, -2.5, 7.5, 0.0]
      3354 - entry: 4294967295 | exit: 3355       | 1132       - [inf, inf, inf, 0.0] [-inf, -inf, -inf, 0.0]
      3355 - entry: 3356       | exit: 3372       | 4294967295 - [12.5, -3.5, 4.5, 0.0] [14.5, -2.5, 7.5, 0.0]
      3356 - entry: 3357       | exit: 3361       | 4294967295 - [12.5, -3.5, 4.5, 0.0] [14.5, -2.5, 5.5, 0.0]
      3357 - entry: 3358       | exit: 3359       | 4294967295 - [12.5, -3.5, 4.5, 0.0] [13.5, -2.5, 5.5, 0.0]
      3358 - entry: 4294967295 | exit: 3359       | 1160       - [inf, inf, inf, 0.0] [-inf, -inf, -inf, 0.0]
      3359 - entry: 3360       | exit: 3361       | 4294967295 - [13.5, -3.5, 4.5, 0.0] [14.5, -2.5, 5.5, 0.0]
      3360 - entry: 4294967295 | exit: 3361       | 1190       - [inf, inf, inf, 0.0] [-inf, -inf, -inf, 0.0]
      3361 - entry: 3362       | exit: 3372       | 4294967295 - [12.5, -3.5, 5.5, 0.0] [14.5, -2.5, 7.5, 0.0]
      3362 - entry: 3363       | exit: 3367       | 4294967295 - [12.5, -3.5, 5.5, 0.0] [14.5, -2.5, 6.5, 0.0]
      3363 - entry: 3364       | exit: 3365       | 4294967295 - [12.5, -3.5, 5.5, 0.0] [13.5, -2.5, 6.5, 0.0]
      3364 - entry: 4294967295 | exit: 3365       | 1161       - [inf, inf, inf, 0.0] [-inf, -inf, -inf, 0.0]
      3365 - entry: 3366       | exit: 3367       | 4294967295 - [13.5, -3.5, 5.5, 0.0] [14.5, -2.5, 6.5, 0.0]
      3366 - entry: 4294967295 | exit: 3367       | 1191       - [inf, inf, inf, 0.0] [-inf, -inf, -inf, 0.0]
      3367 - entry: 3368       | exit: 3372       | 4294967295 - [12.5, -3.5, 6.5, 0.0] [14.5, -2.5, 7.5, 0.0]
      3368 - entry: 3369       | exit: 3370       | 4294967295 - [12.5, -3.5, 6.5, 0.0] [13.5, -2.5, 7.5, 0.0]
      3369 - entry: 4294967295 | exit: 3370       | 1162       - [inf, inf, inf, 0.0] [-inf, -inf, -inf, 0.0]
      3370 - entry: 3371       | exit: 3372       | 4294967295 - [13.5, -3.5, 6.5, 0.0] [14.5, -2.5, 7.5, 0.0]
      3371 - entry: 4294967295 | exit: 3372       | 1192       - [inf, inf, inf, 0.0] [-inf, -inf, -inf, 0.0]
      3372 - entry: 3373       | exit: 3476       | 4294967295 - [9.5, -3.5, 7.5, 0.0] [14.5, -2.5, 14.5, 0.0]
      3373 - entry: 3374       | exit: 3417       | 4294967295 - [9.5, -3.5, 7.5, 0.0] [14.5, -2.5, 10.5, 0.0]
      3374 - entry: 3375       | exit: 3391       | 4294967295 - [9.5, -3.5, 7.5, 0.0] [11.5, -2.5, 10.5, 0.0]
      3375 - entry: 3376       | exit: 3380       | 4294967295 - [9.5, -3.5, 7.5, 0.0] [11.5, -2.5, 8.5, 0.0]
      3376 - entry: 3377       | exit: 3378       | 4294967295 - [9.5, -3.5, 7.5, 0.0] [10.5, -2.5, 8.5, 0.0]
      3377 - entry: 4294967295 | exit: 3378       | 1073       - [inf, inf, inf, 0.0] [-inf, -inf, -inf, 0.0]
      3378 - entry: 3379       | exit: 3380       | 4294967295 - [10.5, -3.5, 7.5, 0.0] [11.5, -2.5, 8.5, 0.0]
      3379 - entry: 4294967295 | exit: 3380       | 1103       - [inf, inf, inf, 0.0] [-inf, -inf, -inf, 0.0]
      3380 - entry: 3381       | exit: 3391       | 4294967295 - [9.5, -3.5, 8.5, 0.0] [11.5, -2.5, 10.5, 0.0]
      3381 - entry: 3382       | exit: 3386       | 4294967295 - [9.5, -3.5, 8.5, 0.0] [11.5, -2.5, 9.5, 0.0]
      3382 - entry: 3383       | exit: 3384       | 4294967295 - [9.5, -3.5, 8.5, 0.0] [10.5, -2.5, 9.5, 0.0]
      3383 - entry: 4294967295 | exit: 3384       | 1074       - [inf, inf, inf, 0.0] [-inf, -inf, -inf, 0.0]
      3384 - entry: 3385       | exit: 3386       | 4294967295 - [10.5, -3.5, 8.5, 0.0] [11.5, -2.5, 9.5, 0.0]
      3385 - entry: 4294967295 | exit: 3386       | 1104       - [inf, inf, inf, 0.0] [-inf, -inf, -inf, 0.0]
      3386 - entry: 3387       | exit: 3391       | 4294967295 - [9.5, -3.5, 9.5, 0.0] [11.5, -2.5, 10.5, 0.0]
      3387 - entry: 3388       | exit: 3389       | 4294967295 - [9.5, -3.5, 9.5, 0.0] [10.5, -2.5, 10.5, 0.0]
      3388 - entry: 4294967295 | exit: 3389       | 1075       - [inf, inf, inf, 0.0] [-inf, -inf, -inf, 0.0]
      3389 - entry: 3390       | exit: 3391       | 4294967295 - [10.5, -3.5, 9.5, 0.0] [11.5, -2.5, 10.5, 0.0]
      3390 - entry: 4294967295 | exit: 3391       | 1105       - [inf, inf, inf, 0.0] [-inf, -inf, -inf, 0.0]
      3391 - entry: 3392       | exit: 3417       | 4294967295 - [11.5, -3.5, 7.5, 0.0] [14.5, -2.5, 10.5, 0.0]
      3392 - entry: 3393       | exit: 3400       | 4294967295 - [11.5, -3.5, 7.5, 0.0] [14.5, -2.5, 8.5, 0.0]
      3393 - entry: 3394       | exit: 3395       | 4294967295 - [11.5, -3.5, 7.5, 0.0] [12.5, -2.5, 8.5, 0.0]
      3394 - entry: 4294967295 | exit: 3395       | 1133       - [inf, inf, inf, 0.0] [-inf, -inf, -inf, 0.0]
      3395 - entry: 3396       | exit: 3400       | 4294967295 - [12.5, -3.5, 7.5, 0.0] [14.5, -2.5, 8.5, 0.0]
      3396 - entry: 3397       | exit: 3398       | 4294967295 - [12.5, -3.5, 7.5, 0.0] [13.5, -2.5, 8.5, 0.0]
      3397 - entry: 4294967295 | exit: 3398       | 1163       - [inf, inf, inf, 0.0] [-inf, -inf, -inf, 0.0]
      3398 - entry: 3399       | exit: 3400       | 4294967295 - [13.5, -3.5, 7.5, 0.0] [14.5, -2.5, 8.5, 0.0]
      3399 - entry: 4294967295 | exit: 3400       | 1193       - [inf, inf, inf, 0.0] [-inf, -inf, -inf, 0.0]
      3400 - entry: 3401       | exit: 3417       | 4294967295 - [11.5, -3.5, 8.5, 0.0] [14.5, -2.5, 10.5, 0.0]
      3401 - entry: 3402       | exit: 3406       | 4294967295 - [11.5, -3.5, 8.5, 0.0] [12.5, -2.5, 10.5, 0.0]
      3402 - entry: 3403       | exit: 3404       | 4294967295 - [11.5, -3.5, 8.5, 0.0] [12.5, -2.5, 9.5, 0.0]
      3403 - entry: 4294967295 | exit: 3404       | 1134       - [inf, inf, inf, 0.0] [-inf, -inf, -inf, 0.0]
      3404 - entry: 3405       | exit: 3406       | 4294967295 - [11.5, -3.5, 9.5, 0.0] [12.5, -2.5, 10.5, 0.0]
      3405 - entry: 4294967295 | exit: 3406       | 1135       - [inf, inf, inf, 0.0] [-inf, -inf, -inf, 0.0]
      3406 - entry: 3407       | exit: 3417       | 4294967295 - [12.5, -3.5, 8.5, 0.0] [14.5, -2.5, 10.5, 0.0]
      3407 - entry: 3408       | exit: 3412       | 4294967295 - [12.5, -3.5, 8.5, 0.0] [14.5, -2.5, 9.5, 0.0]
      3408 - entry: 3409       | exit: 3410       | 4294967295 - [12.5, -3.5, 8.5, 0.0] [13.5, -2.5, 9.5, 0.0]
      3409 - entry: 4294967295 | exit: 3410       | 1164       - [inf, inf, inf, 0.0] [-inf, -inf, -inf, 0.0]
      3410 - entry: 3411       | exit: 3412       | 4294967295 - [13.5, -3.5, 8.5, 0.0] [14.5, -2.5, 9.5, 0.0]
      3411 - entry: 4294967295 | exit: 3412       | 1194       - [inf, inf, inf, 0.0] [-inf, -inf, -inf, 0.0]
      3412 - entry: 3413       | exit: 3417       | 4294967295 - [12.5, -3.5, 9.5, 0.0] [14.5, -2.5, 10.5, 0.0]
      3413 - entry: 3414       | exit: 3415       | 4294967295 - [12.5, -3.5, 9.5, 0.0] [13.5, -2.5, 10.5, 0.0]
      3414 - entry: 4294967295 | exit: 3415       | 1165       - [inf, inf, inf, 0.0] [-inf, -inf, -inf, 0.0]
      3415 - entry: 3416       | exit: 3417       | 4294967295 - [13.5, -3.5, 9.5, 0.0] [14.5, -2.5, 10.5, 0.0]
      3416 - entry: 4294967295 | exit: 3417       | 1195       - [inf, inf, inf, 0.0] [-inf, -inf, -inf, 0.0]
      3417 - entry: 3418       | exit: 3476       | 4294967295 - [9.5, -3.5, 10.5, 0.0] [14.5, -2.5, 14.5, 0.0]
      3418 - entry: 3419       | exit: 3441       | 4294967295 - [9.5, -3.5, 10.5, 0.0] [11.5, -2.5, 14.5, 0.0]
      3419 - entry: 3420       | exit: 3430       | 4294967295 - [9.5, -3.5, 10.5, 0.0] [11.5, -2.5, 12.5, 0.0]
      3420 - entry: 3421       | exit: 3425       | 4294967295 - [9.5, -3.5, 10.5, 0.0] [11.5, -2.5, 11.5, 0.0]
      3421 - entry: 3422       | exit: 3423       | 4294967295 - [9.5, -3.5, 10.5, 0.0] [10.5, -2.5, 11.5, 0.0]
      3422 - entry: 4294967295 | exit: 3423       | 1076       - [inf, inf, inf, 0.0] [-inf, -inf, -inf, 0.0]
      3423 - entry: 3424       | exit: 3425       | 4294967295 - [10.5, -3.5, 10.5, 0.0] [11.5, -2.5, 11.5, 0.0]
      3424 - entry: 4294967295 | exit: 3425       | 1106       - [inf, inf, inf, 0.0] [-inf, -inf, -inf, 0.0]
      3425 - entry: 3426       | exit: 3430       | 4294967295 - [9.5, -3.5, 11.5, 0.0] [11.5, -2.5, 12.5, 0.0]
      3426 - entry: 3427       | exit: 3428       | 4294967295 - [9.5, -3.5, 11.5, 0.0] [10.5, -2.5, 12.5, 0.0]
      3427 - entry: 4294967295 | exit: 3428       | 1077       - [inf, inf, inf, 0.0] [-inf, -inf, -inf, 0.0]
      3428 - entry: 3429       | exit: 3430       | 4294967295 - [10.5, -3.5, 11.5, 0.0] [11.5, -2.5, 12.5, 0.0]
      3429 - entry: 4294967295 | exit: 3430       | 1107       - [inf, inf, inf, 0.0] [-inf, -inf, -inf, 0.0]
      3430 - entry: 3431       | exit: 3441       | 4294967295 - [9.5, -3.5, 12.5, 0.0] [11.5, -2.5, 14.5, 0.0]
      3431 - entry: 3432       | exit: 3436       | 4294967295 - [9.5, -3.5, 12.5, 0.0] [11.5, -2.5, 13.5, 0.0]
      3432 - entry: 3433       | exit: 3434       | 4294967295 - [9.5, -3.5, 12.5, 0.0] [10.5, -2.5, 13.5, 0.0]
      3433 - entry: 4294967295 | exit: 3434       | 1078       - [inf, inf, inf, 0.0] [-inf, -inf, -inf, 0.0]
      3434 - entry: 3435       | exit: 3436       | 4294967295 - [10.5, -3.5, 12.5, 0.0] [11.5, -2.5, 13.5, 0.0]
      3435 - entry: 4294967295 | exit: 3436       | 1108       - [inf, inf, inf, 0.0] [-inf, -inf, -inf, 0.0]
      3436 - entry: 3437       | exit: 3441       | 4294967295 - [9.5, -3.5, 13.5, 0.0] [11.5, -2.5, 14.5, 0.0]
      3437 - entry: 3438       | exit: 3439       | 4294967295 - [9.5, -3.5, 13.5, 0.0] [10.5, -2.5, 14.5, 0.0]
      3438 - entry: 4294967295 | exit: 3439       | 1079       - [inf, inf, inf, 0.0] [-inf, -inf, -inf, 0.0]
      3439 - entry: 3440       | exit: 3441       | 4294967295 - [10.5, -3.5, 13.5, 0.0] [11.5, -2.5, 14.5, 0.0]
      3440 - entry: 4294967295 | exit: 3441       | 1109       - [inf, inf, inf, 0.0] [-inf, -inf, -inf, 0.0]
      3441 - entry: 3442       | exit: 3476       | 4294967295 - [11.5, -3.5, 10.5, 0.0] [14.5, -2.5, 14.5, 0.0]
      3442 - entry: 3443       | exit: 3459       | 4294967295 - [11.5, -3.5, 10.5, 0.0] [14.5, -2.5, 12.5, 0.0]
      3443 - entry: 3444       | exit: 3448       | 4294967295 - [11.5, -3.5, 10.5, 0.0] [12.5, -2.5, 12.5, 0.0]
      3444 - entry: 3445       | exit: 3446       | 4294967295 - [11.5, -3.5, 10.5, 0.0] [12.5, -2.5, 11.5, 0.0]
      3445 - entry: 4294967295 | exit: 3446       | 1136       - [inf, inf, inf, 0.0] [-inf, -inf, -inf, 0.0]
      3446 - entry: 3447       | exit: 3448       | 4294967295 - [11.5, -3.5, 11.5, 0.0] [12.5, -2.5, 12.5, 0.0]
      3447 - entry: 4294967295 | exit: 3448       | 1137       - [inf, inf, inf, 0.0] [-inf, -inf, -inf, 0.0]
      3448 - entry: 3449       | exit: 3459       | 4294967295 - [12.5, -3.5, 10.5, 0.0] [14.5, -2.5, 12.5, 0.0]
      3449 - entry: 3450       | exit: 3454       | 4294967295 - [12.5, -3.5, 10.5, 0.0] [14.5, -2.5, 11.5, 0.0]
      3450 - entry: 3451       | exit: 3452       | 4294967295 - [12.5, -3.5, 10.5, 0.0] [13.5, -2.5, 11.5, 0.0]
      3451 - entry: 4294967295 | exit: 3452       | 1166       - [inf, inf, inf, 0.0] [-inf, -inf, -inf, 0.0]
      3452 - entry: 3453       | exit: 3454       | 4294967295 - [13.5, -3.5, 10.5, 0.0] [14.5, -2.5, 11.5, 0.0]
      3453 - entry: 4294967295 | exit: 3454       | 1196       - [inf, inf, inf, 0.0] [-inf, -inf, -inf, 0.0]
      3454 - entry: 3455       | exit: 3459       | 4294967295 - [12.5, -3.5, 11.5, 0.0] [14.5, -2.5, 12.5, 0.0]
      3455 - entry: 3456       | exit: 3457       | 4294967295 - [12.5, -3.5, 11.5, 0.0] [13.5, -2.5, 12.5, 0.0]
      3456 - entry: 4294967295 | exit: 3457       | 1167       - [inf, inf, inf, 0.0] [-inf, -inf, -inf, 0.0]
      3457 - entry: 3458       | exit: 3459       | 4294967295 - [13.5, -3.5, 11.5, 0.0] [14.5, -2.5, 12.5, 0.0]
      3458 - entry: 4294967295 | exit: 3459       | 1197       - [inf, inf, inf, 0.0] [-inf, -inf, -inf, 0.0]
      3459 - entry: 3460       | exit: 3476       | 4294967295 - [11.5, -3.5, 12.5, 0.0] [14.5, -2.5, 14.5, 0.0]
      3460 - entry: 3461       | exit: 3465       | 4294967295 - [11.5, -3.5, 12.5, 0.0] [12.5, -2.5, 14.5, 0.0]
      3461 - entry: 3462       | exit: 3463       | 4294967295 - [11.5, -3.5, 12.5, 0.0] [12.5, -2.5, 13.5, 0.0]
      3462 - entry: 4294967295 | exit: 3463       | 1138       - [inf, inf, inf, 0.0] [-inf, -inf, -inf, 0.0]
      3463 - entry: 3464       | exit: 3465       | 4294967295 - [11.5, -3.5, 13.5, 0.0] [12.5, -2.5, 14.5, 0.0]
      3464 - entry: 4294967295 | exit: 3465       | 1139       - [inf, inf, inf, 0.0] [-inf, -inf, -inf, 0.0]
      3465 - entry: 3466       | exit: 3476       | 4294967295 - [12.5, -3.5, 12.5, 0.0] [14.5, -2.5, 14.5, 0.0]
      3466 - entry: 3467       | exit: 3471       | 4294967295 - [12.5, -3.5, 12.5, 0.0] [14.5, -2.5, 13.5, 0.0]
      3467 - entry: 3468       | exit: 3469       | 4294967295 - [12.5, -3.5, 12.5, 0.0] [13.5, -2.5, 13.5, 0.0]
      3468 - entry: 4294967295 | exit: 3469       | 1168       - [inf, inf, inf, 0.0] [-inf, -inf, -inf, 0.0]
      3469 - entry: 3470       | exit: 3471       | 4294967295 - [13.5, -3.5, 12.5, 0.0] [14.5, -2.5, 13.5, 0.0]
      3470 - entry: 4294967295 | exit: 3471       | 1198       - [inf, inf, inf, 0.0] [-inf, -inf, -inf, 0.0]
      3471 - entry: 3472       | exit: 3476       | 4294967295 - [12.5, -3.5, 13.5, 0.0] [14.5, -2.5, 14.5, 0.0]
      3472 - entry: 3473       | exit: 3474       | 4294967295 - [12.5, -3.5, 13.5, 0.0] [13.5, -2.5, 14.5, 0.0]
      3473 - entry: 4294967295 | exit: 3474       | 1169       - [inf, inf, inf, 0.0] [-inf, -inf, -inf, 0.0]
      3474 - entry: 3475       | exit: 3476       | 4294967295 - [13.5, -3.5, 13.5, 0.0] [14.5, -2.5, 14.5, 0.0]
      3475 - entry: 4294967295 | exit: 3476       | 1199       - [inf, inf, inf, 0.0] [-inf, -inf, -inf, 0.0]
      3476 - entry: 3477       | exit: 3598       | 4294967295 - [-0.87, 0.19, -0.908, 0.0] [10.33, 10.469999, 8.196001, 0.0]
      3477 - entry: 3478       | exit: 3527       | 4294967295 - [-0.87, 0.45999998, 2.1480002, 0.0] [4.4700003, 10.03, 7.2440004, 0.0]
      3478 - entry: 3479       | exit: 3504       | 4294967295 - [-0.87, 0.45999998, 2.716, 0.0] [4.4700003, 5.2999997, 7.2440004, 0.0]
      3479 - entry: 3480       | exit: 3493       | 4294967295 - [-0.87, 0.5799999, 3.1480002, 0.0] [2.61, 5.2999997, 6.668, 0.0]
      3480 - entry: 3481       | exit: 3485       | 4294967295 - [-0.87, 0.5799999, 3.1480002, 0.0] [1.3599999, 2.12, 5.0280004, 0.0]
      3481 - entry: 3482       | exit: 3483       | 4294967295 - [-0.87, 0.5799999, 4.0280004, 0.0] [0.13, 1.5799999, 5.0280004, 0.0]
      3482 - entry: 4294967295 | exit: 3483       | 97         - [inf, inf, inf, 0.0] [-inf, -inf, -inf, 0.0]
      3483 - entry: 3484       | exit: 3485       | 4294967295 - [0.35999995, 1.12, 3.1480002, 0.0] [1.3599999, 2.12, 4.1480002, 0.0]
      3484 - entry: 4294967295 | exit: 3485       | 75         - [inf, inf, inf, 0.0] [-inf, -inf, -inf, 0.0]
      3485 - entry: 3486       | exit: 3493       | 4294967295 - [-0.74, 2.1799998, 5.1080003, 0.0] [2.61, 5.2999997, 6.668, 0.0]
      3486 - entry: 3487       | exit: 3488       | 4294967295 - [-0.74, 2.1799998, 5.668, 0.0] [0.26, 3.1799998, 6.668, 0.0]
      3487 - entry: 4294967295 | exit: 3488       | 295        - [inf, inf, inf, 0.0] [-inf, -inf, -inf, 0.0]
      3488 - entry: 3489       | exit: 3493       | 4294967295 - [-0.24000001, 3.32, 5.1080003, 0.0] [2.61, 5.2999997, 6.268, 0.0]
      3489 - entry: 3490       | exit: 3491       | 4294967295 - [-0.24000001, 4.2999997, 5.1080003, 0.0] [0.76, 5.2999997, 6.1080003, 0.0]
      3490 - entry: 4294967295 | exit: 3491       | 106        - [inf, inf, inf, 0.0] [-inf, -inf, -inf, 0.0]
      3491 - entry: 3492       | exit: 3493       | 4294967295 - [1.6099999, 3.32, 5.268, 0.0] [2.61, 4.3199997, 6.268, 0.0]
      3492 - entry: 4294967295 | exit: 3493       | 32         - [inf, inf, inf, 0.0] [-inf, -inf, -inf, 0.0]
      3493 - entry: 3494       | exit: 3504       | 4294967295 - [2.23, 0.45999998, 2.716, 0.0] [4.4700003, 2.31, 7.2440004, 0.0]
      3494 - entry: 3495       | exit: 3499       | 4294967295 - [2.27, 0.45999998, 2.716, 0.0] [3.47, 2.31, 4.724, 0.0]
      3495 - entry: 3496       | exit: 3497       | 4294967295 - [2.47, 0.45999998, 2.716, 0.0] [3.47, 1.46, 3.716, 0.0]
      3496 - entry: 4294967295 | exit: 3497       | 178        - [inf, inf, inf, 0.0] [-inf, -inf, -inf, 0.0]
      3497 - entry: 3498       | exit: 3499       | 4294967295 - [2.27, 1.31, 3.724, 0.0] [3.27, 2.31, 4.724, 0.0]
      3498 - entry: 4294967295 | exit: 3499       | 98         - [inf, inf, inf, 0.0] [-inf, -inf, -inf, 0.0]
      3499 - entry: 3500       | exit: 3504       | 4294967295 - [2.23, 0.73, 5.9, 0.0] [4.4700003, 1.8, 7.2440004, 0.0]
      3500 - entry: 3501       | exit: 3502       | 4294967295 - [2.23, 0.79999995, 6.2440004, 0.0] [3.23, 1.8, 7.2440004, 0.0]
      3501 - entry: 4294967295 | exit: 3502       | 256        - [inf, inf, inf, 0.0] [-inf, -inf, -inf, 0.0]
      3502 - entry: 3503       | exit: 3504       | 4294967295 - [3.47, 0.73, 5.9, 0.0] [4.4700003, 1.73, 6.9, 0.0]
      3503 - entry: 4294967295 | exit: 3504       | 260        - [inf, inf, inf, 0.0] [-inf, -inf, -inf, 0.0]
      3504 - entry: 3505       | exit: 3527       | 4294967295 - [-0.050000012, 5.17, 2.1480002, 0.0] [3.8999999, 10.03, 7.0200005, 0.0]
      3505 - entry: 3506       | exit: 3513       | 4294967295 - [-0.050000012, 5.17, 2.1480002, 0.0] [2.09, 8.12, 4.8440003, 0.0]
      3506 - entry: 3507       | exit: 3508       | 4294967295 - [1.0899999, 5.17, 3.8440003, 0.0] [2.09, 6.17, 4.8440003, 0.0]
      3507 - entry: 4294967295 | exit: 3508       | 39         - [inf, inf, inf, 0.0] [-inf, -inf, -inf, 0.0]
      3508 - entry: 3509       | exit: 3513       | 4294967295 - [-0.050000012, 6.3799996, 2.1480002, 0.0] [1.8199999, 8.12, 4.236, 0.0]
      3509 - entry: 3510       | exit: 3511       | 4294967295 - [0.81999993, 7.12, 2.1480002, 0.0] [1.8199999, 8.12, 3.1480002, 0.0]
      3510 - entry: 4294967295 | exit: 3511       | 254        - [inf, inf, inf, 0.0] [-inf, -inf, -inf, 0.0]
      3511 - entry: 3512       | exit: 3513       | 4294967295 - [-0.050000012, 6.3799996, 3.236, 0.0] [0.95, 7.3799996, 4.236, 0.0]
      3512 - entry: 4294967295 | exit: 3513       | 36         - [inf, inf, inf, 0.0] [-inf, -inf, -inf, 0.0]
      3513 - entry: 3514       | exit: 3527       | 4294967295 - [0.099999964, 5.73, 4.46, 0.0] [3.8999999, 10.03, 7.0200005, 0.0]
      3514 - entry: 3515       | exit: 3516       | 4294967295 - [0.099999964, 5.73, 5.9960003, 0.0] [1.0999999, 6.73, 6.9960003, 0.0]
      3515 - entry: 4294967295 | exit: 3516       | 262        - [inf, inf, inf, 0.0] [-inf, -inf, -inf, 0.0]
      3516 - entry: 3517       | exit: 3527       | 4294967295 - [2.3899999, 7.2799997, 4.46, 0.0] [3.8999999, 10.03, 7.0200005, 0.0]
      3517 - entry: 3518       | exit: 3522       | 4294967295 - [2.85, 7.2799997, 4.46, 0.0] [3.8999999, 8.58, 5.9960003, 0.0]
      3518 - entry: 3519       | exit: 3520       | 4294967295 - [2.8999999, 7.58, 4.46, 0.0] [3.8999999, 8.58, 5.46, 0.0]
      3519 - entry: 4294967295 | exit: 3520       | 200        - [inf, inf, inf, 0.0] [-inf, -inf, -inf, 0.0]
      3520 - entry: 3521       | exit: 3522       | 4294967295 - [2.85, 7.2799997, 4.9960003, 0.0] [3.85, 8.28, 5.9960003, 0.0]
      3521 - entry: 4294967295 | exit: 3522       | 43         - [inf, inf, inf, 0.0] [-inf, -inf, -inf, 0.0]
      3522 - entry: 3523       | exit: 3527       | 4294967295 - [2.3899999, 8.05, 5.708, 0.0] [3.73, 10.03, 7.0200005, 0.0]
      3523 - entry: 3524       | exit: 3525       | 4294967295 - [2.3899999, 8.05, 5.708, 0.0] [3.3899999, 9.05, 6.708, 0.0]
      3524 - entry: 4294967295 | exit: 3525       | 168        - [inf, inf, inf, 0.0] [-inf, -inf, -inf, 0.0]
      3525 - entry: 3526       | exit: 3527       | 4294967295 - [2.73, 9.03, 6.0200005, 0.0] [3.73, 10.03, 7.0200005, 0.0]
      3526 - entry: 4294967295 | exit: 3527       | 227        - [inf, inf, inf, 0.0] [-inf, -inf, -inf, 0.0]
      3527 - entry: 3528       | exit: 3598       | 4294967295 - [4.56, 0.19, -0.908, 0.0] [10.33, 10.469999, 8.196001, 0.0]
      3528 - entry: 3529       | exit: 3557       | 4294967295 - [5.3599997, 0.19, -0.908, 0.0] [10.059999, 5.37, 8.196001, 0.0]
      3529 - entry: 3530       | exit: 3543       | 4294967295 - [5.42, 0.19, -0.908, 0.0] [10.059999, 4.73, 5.9480004, 0.0]
      3530 - entry: 3531       | exit: 3532       | 4294967295 - [9.059999, 3.73, -0.908, 0.0] [10.059999, 4.73, 0.09199998, 0.0]
      3531 - entry: 4294967295 | exit: 3532       | 193        - [inf, inf, inf, 0.0] [-inf, -inf, -inf, 0.0]
      3532 - entry: 3533       | exit: 3543       | 4294967295 - [5.42, 0.19, 1.4120001, 0.0] [8.639999, 4.5099998, 5.9480004, 0.0]
      3533 - entry: 3534       | exit: 3538       | 4294967295 - [5.42, 0.19, 1.4120001, 0.0] [8.639999, 3.83, 2.852, 0.0]
      3534 - entry: 3535       | exit: 3536       | 4294967295 - [5.42, 0.19, 1.852, 0.0] [6.42, 1.19, 2.852, 0.0]
      3535 - entry: 4294967295 | exit: 3536       | 259        - [inf, inf, inf, 0.0] [-inf, -inf, -inf, 0.0]
      3536 - entry: 3537       | exit: 3538       | 4294967295 - [7.6399994, 2.83, 1.4120001, 0.0] [8.639999, 3.83, 2.4120002, 0.0]
      3537 - entry: 4294967295 | exit: 3538       | 40         - [inf, inf, inf, 0.0] [-inf, -inf, -inf, 0.0]
      3538 - entry: 3539       | exit: 3543       | 4294967295 - [5.8799996, 0.73, 3.4280002, 0.0] [7.44, 4.5099998, 5.9480004, 0.0]
      3539 - entry: 3540       | exit: 3541       | 4294967295 - [5.8799996, 0.73, 4.9480004, 0.0] [6.8799996, 1.73, 5.9480004, 0.0]
      3540 - entry: 4294967295 | exit: 3541       | 57         - [inf, inf, inf, 0.0] [-inf, -inf, -inf, 0.0]
      3541 - entry: 3542       | exit: 3543       | 4294967295 - [6.44, 3.5099998, 3.4280002, 0.0] [7.44, 4.5099998, 4.4280005, 0.0]
      3542 - entry: 4294967295 | exit: 3543       | 253        - [inf, inf, inf, 0.0] [-inf, -inf, -inf, 0.0]
      3543 - entry: 3544       | exit: 3557       | 4294967295 - [5.3599997, 2.21, 6.0360003, 0.0] [9.969999, 5.37, 8.196001, 0.0]
      3544 - entry: 3545       | exit: 3549       | 4294967295 - [5.3599997, 2.21, 6.0360003, 0.0] [7.7999997, 4.12, 8.196001, 0.0]
      3545 - entry: 3546       | exit: 3547       | 4294967295 - [5.3599997, 3.12, 6.0360003, 0.0] [6.3599997, 4.12, 7.0360003, 0.0]
      3546 - entry: 4294967295 | exit: 3547       | 53         - [inf, inf, inf, 0.0] [-inf, -inf, -inf, 0.0]
      3547 - entry: 3548       | exit: 3549       | 4294967295 - [6.7999997, 2.21, 7.1960006, 0.0] [7.7999997, 3.21, 8.196001, 0.0]
      3548 - entry: 4294967295 | exit: 3549       | 169        - [inf, inf, inf, 0.0] [-inf, -inf, -inf, 0.0]
      3549 - entry: 3550       | exit: 3557       | 4294967295 - [7.19, 3.47, 6.1320004, 0.0] [9.969999, 5.37, 7.8040004, 0.0]
      3550 - entry: 3551       | exit: 3555       | 4294967295 - [7.19, 4.17, 6.668, 0.0] [9.67, 5.37, 7.8040004, 0.0]
      3551 - entry: 3552       | exit: 3553       | 4294967295 - [7.19, 4.17, 6.668, 0.0] [8.190001, 5.17, 7.668, 0.0]
      3552 - entry: 4294967295 | exit: 3553       | 83         - [inf, inf, inf, 0.0] [-inf, -inf, -inf, 0.0]
      3553 - entry: 3554       | exit: 3555       | 4294967295 - [8.67, 4.37, 6.8040004, 0.0] [9.67, 5.37, 7.8040004, 0.0]
      3554 - entry: 4294967295 | exit: 3555       | 155        - [inf, inf, inf, 0.0] [-inf, -inf, -inf, 0.0]
      3555 - entry: 3556       | exit: 3557       | 4294967295 - [8.969999, 3.47, 6.1320004, 0.0] [9.969999, 4.4700003, 7.1320004, 0.0]
      3556 - entry: 4294967295 | exit: 3557       | 217        - [inf, inf, inf, 0.0] [-inf, -inf, -inf, 0.0]
      3557 - entry: 3558       | exit: 3598       | 4294967295 - [4.56, 5.17, -0.86800003, 0.0] [10.33, 10.469999, 7.5800004, 0.0]
      3558 - entry: 3559       | exit: 3569       | 4294967295 - [5.7599998, 6.47, -0.86800003, 0.0] [10.33, 10.36, 1.8920001, 0.0]
      3559 - entry: 3560       | exit: 3564       | 4294967295 - [5.7599998, 6.47, 0.18800002, 0.0] [6.8599997, 10.36, 1.284, 0.0]
      3560 - entry: 3561       | exit: 3562       | 4294967295 - [5.7599998, 6.47, 0.28400004, 0.0] [6.7599998, 7.47, 1.284, 0.0]
      3561 - entry: 4294967295 | exit: 3562       | 289        - [inf, inf, inf, 0.0] [-inf, -inf, -inf, 0.0]
      3562 - entry: 3563       | exit: 3564       | 4294967295 - [5.8599997, 9.36, 0.18800002, 0.0] [6.8599997, 10.36, 1.188, 0.0]
      3563 - entry: 4294967295 | exit: 3564       | 37         - [inf, inf, inf, 0.0] [-inf, -inf, -inf, 0.0]
      3564 - entry: 3565       | exit: 3569       | 4294967295 - [7.51, 7.47, -0.86800003, 0.0] [10.33, 9.94, 1.8920001, 0.0]
      3565 - entry: 3566       | exit: 3567       | 4294967295 - [7.51, 7.47, 0.8920001, 0.0] [8.51, 8.469999, 1.8920001, 0.0]
      3566 - entry: 4294967295 | exit: 3567       | 198        - [inf, inf, inf, 0.0] [-inf, -inf, -inf, 0.0]
      3567 - entry: 3568       | exit: 3569       | 4294967295 - [9.33, 8.94, -0.86800003, 0.0] [10.33, 9.94, 0.13199997, 0.0]
      3568 - entry: 4294967295 | exit: 3569       | 139        - [inf, inf, inf, 0.0] [-inf, -inf, -inf, 0.0]
      3569 - entry: 3570       | exit: 3598       | 4294967295 - [4.56, 5.17, 2.348, 0.0] [10.28, 10.469999, 7.5800004, 0.0]
      3570 - entry: 3571       | exit: 3584       | 4294967295 - [4.56, 5.43, 2.348, 0.0] [7.5699997, 10.469999, 5.196, 0.0]
      3571 - entry: 3572       | exit: 3579       | 4294967295 - [4.56, 5.43, 2.348, 0.0] [7.5699997, 6.58, 5.196, 0.0]
      3572 - entry: 3573       | exit: 3577       | 4294967295 - [4.56, 5.43, 2.348, 0.0] [5.71, 6.44, 5.196, 0.0]
      3573 - entry: 3574       | exit: 3575       | 4294967295 - [4.71, 5.43, 2.348, 0.0] [5.71, 6.43, 3.348, 0.0]
      3574 - entry: 4294967295 | exit: 3575       | 167        - [inf, inf, inf, 0.0] [-inf, -inf, -inf, 0.0]
      3575 - entry: 3576       | exit: 3577       | 4294967295 - [4.56, 5.44, 4.196, 0.0] [5.56, 6.44, 5.196, 0.0]
      3576 - entry: 4294967295 | exit: 3577       | 90         - [inf, inf, inf, 0.0] [-inf, -inf, -inf, 0.0]
      3577 - entry: 3578       | exit: 3579       | 4294967295 - [6.5699997, 5.58, 3.2920003, 0.0] [7.5699997, 6.58, 4.2920003, 0.0]
      3578 - entry: 4294967295 | exit: 3579       | 72         - [inf, inf, inf, 0.0] [-inf, -inf, -inf, 0.0]
      3579 - entry: 3580       | exit: 3584       | 4294967295 - [5.97, 9.2, 3.0440001, 0.0] [7.0699997, 10.469999, 4.94, 0.0]
      3580 - entry: 3581       | exit: 3582       | 4294967295 - [5.97, 9.2, 3.0440001, 0.0] [6.97, 10.2, 4.044, 0.0]
      3581 - entry: 4294967295 | exit: 3582       | 51         - [inf, inf, inf, 0.0] [-inf, -inf, -inf, 0.0]
      3582 - entry: 3583       | exit: 3584       | 4294967295 - [6.0699997, 9.469999, 3.94, 0.0] [7.0699997, 10.469999, 4.94, 0.0]
      3583 - entry: 4294967295 | exit: 3584       | 85         - [inf, inf, inf, 0.0] [-inf, -inf, -inf, 0.0]
      3584 - entry: 3585       | exit: 3598       | 4294967295 - [7.44, 5.17, 4.42, 0.0] [10.28, 10.03, 7.5800004, 0.0]
      3585 - entry: 3586       | exit: 3593       | 4294967295 - [7.44, 5.17, 4.42, 0.0] [8.679999, 8.889999, 6.6200004, 0.0]
      3586 - entry: 3587       | exit: 3588       | 4294967295 - [7.6799994, 5.17, 5.6200004, 0.0] [8.679999, 6.17, 6.6200004, 0.0]
      3587 - entry: 4294967295 | exit: 3588       | 96         - [inf, inf, inf, 0.0] [-inf, -inf, -inf, 0.0]
      3588 - entry: 3589       | exit: 3593       | 4294967295 - [7.44, 7.6899996, 4.42, 0.0] [8.599999, 8.889999, 5.556, 0.0]
      3589 - entry: 3590       | exit: 3591       | 4294967295 - [7.44, 7.6899996, 4.556, 0.0] [8.440001, 8.69, 5.556, 0.0]
      3590 - entry: 4294967295 | exit: 3591       | 151        - [inf, inf, inf, 0.0] [-inf, -inf, -inf, 0.0]
      3591 - entry: 3592       | exit: 3593       | 4294967295 - [7.5999994, 7.8899994, 4.42, 0.0] [8.599999, 8.889999, 5.42, 0.0]
      3592 - entry: 4294967295 | exit: 3593       | 150        - [inf, inf, inf, 0.0] [-inf, -inf, -inf, 0.0]
      3593 - entry: 3594       | exit: 3598       | 4294967295 - [8.57, 8.71, 6.3960004, 0.0] [10.28, 10.03, 7.5800004, 0.0]
      3594 - entry: 3595       | exit: 3596       | 4294967295 - [8.57, 8.71, 6.3960004, 0.0] [9.57, 9.71, 7.3960004, 0.0]
      3595 - entry: 4294967295 | exit: 3596       | 122        - [inf, inf, inf, 0.0] [-inf, -inf, -inf, 0.0]
      3596 - entry: 3597       | exit: 3598       | 4294967295 - [9.28, 9.03, 6.5800004, 0.0] [10.28, 10.03, 7.5800004, 0.0]
      3597 - entry: 4294967295 | exit: 3598       | 119        - [inf, inf, inf, 0.0] [-inf, -inf, -inf, 0.0]
FPS: 43
